#
# There is insufficient memory for the Java Runtime Environment to continue.
# Native memory allocation (malloc) failed to allocate 1290448 bytes. Error detail: Chunk::new
# Possible reasons:
#   The system is out of physical RAM or swap space
#   This process is running with CompressedOops enabled, and the Java Heap may be blocking the growth of the native heap
# Possible solutions:
#   Reduce memory load on the system
#   Increase physical memory or swap space
#   Check if swap backing store is full
#   Decrease Java heap size (-Xmx/-Xms)
#   Decrease number of Java threads
#   Decrease Java thread stack sizes (-Xss)
#   Set larger code cache with -XX:ReservedCodeCacheSize=
#   JVM is running with Unscaled Compressed Oops mode in which the Java heap is
#     placed in the first 4GB address space. The Java Heap base address is the
#     maximum limit for the native heap growth. Please use -XX:HeapBaseMinAddress
#     to set the Java Heap base and to place the Java Heap above 4GB virtual address.
# This output file may be truncated or incomplete.
#
#  Out of Memory Error (arena.cpp:168), pid=7988, tid=11864
#
# JRE version: OpenJDK Runtime Environment Temurin-21.0.7+6 (21.0.7+6) (build 21.0.7+6-LTS)
# Java VM: OpenJDK 64-Bit Server VM Temurin-21.0.7+6 (21.0.7+6-LTS, mixed mode, sharing, tiered, compressed oops, compressed class ptrs, g1 gc, windows-amd64)
# No core dump will be written. Minidumps are not enabled by default on client versions of Windows
#

---------------  S U M M A R Y ------------

Command Line: --add-opens=java.base/java.lang=ALL-UNNAMED --add-opens=java.base/java.lang.invoke=ALL-UNNAMED --add-opens=java.base/java.util=ALL-UNNAMED --add-opens=java.prefs/java.util.prefs=ALL-UNNAMED --add-exports=jdk.compiler/com.sun.tools.javac.api=ALL-UNNAMED --add-exports=jdk.compiler/com.sun.tools.javac.util=ALL-UNNAMED --add-opens=java.base/java.util=ALL-UNNAMED --add-opens=java.prefs/java.util.prefs=ALL-UNNAMED --add-opens=java.base/java.nio.charset=ALL-UNNAMED --add-opens=java.base/java.net=ALL-UNNAMED --add-opens=java.base/java.util.concurrent.atomic=ALL-UNNAMED --add-opens=java.xml/javax.xml.namespace=ALL-UNNAMED -Xmx2048m -Dfile.encoding=UTF-8 -Duser.country=US -Duser.language=en -Duser.variant -javaagent:D:\Gradle\wrapper\dists\gradle-8.13-bin\5xuhj0ry160q40clulazy9h7d\gradle-8.13\lib\agents\gradle-instrumentation-agent-8.13.jar org.gradle.launcher.daemon.bootstrap.GradleDaemon 8.13

Host: Intel(R) Core(TM) i5-6300U CPU @ 2.40GHz, 4 cores, 7G,  Windows 10 , 64 bit Build 19041 (10.0.19041.5915)
Time: Sat Oct 18 22:01:02 2025 Pakistan Standard Time elapsed time: 157.286591 seconds (0d 0h 2m 37s)

---------------  T H R E A D  ---------------

Current thread (0x000001c23e96baf0):  JavaThread "C2 CompilerThread0" daemon [_thread_in_native, id=11864, stack(0x0000008fc3200000,0x0000008fc3300000) (1024K)]


Current CompileTask:
C2:157286 21609       4       com.android.tools.r8.ir.optimize.f0::a (510 bytes)

Stack: [0x0000008fc3200000,0x0000008fc3300000]
Native frames: (J=compiled Java code, j=interpreted, Vv=VM code, C=native code)
V  [jvm.dll+0x6ce119]
V  [jvm.dll+0x8a84a1]
V  [jvm.dll+0x8aa9ce]
V  [jvm.dll+0x8ab0b3]
V  [jvm.dll+0x27f8a6]
V  [jvm.dll+0xc507d]
V  [jvm.dll+0xc55b3]
V  [jvm.dll+0x3b692c]
V  [jvm.dll+0x382aa5]
V  [jvm.dll+0x381f0a]
V  [jvm.dll+0x247af0]
V  [jvm.dll+0x2470cf]
V  [jvm.dll+0x1c760e]
V  [jvm.dll+0x25695a]
V  [jvm.dll+0x254efa]
V  [jvm.dll+0x3f03f6]
V  [jvm.dll+0x851f6b]
V  [jvm.dll+0x6cc7dd]
C  [ucrtbase.dll+0x21bb2]
C  [KERNEL32.DLL+0x17374]
C  [ntdll.dll+0x4cc91]


---------------  P R O C E S S  ---------------

Threads class SMR info:
_java_thread_list=0x000001c28a1bba80, length=91, elements={
0x000001c2225a3a00, 0x000001c23e960c10, 0x000001c23e961860, 0x000001c23e965b70,
0x000001c23e966d60, 0x000001c23e96faa0, 0x000001c23e9704f0, 0x000001c23e96baf0,
0x000001c23e979b20, 0x000001c23e937020, 0x000001c23ec02e30, 0x000001c284bb3d30,
0x000001c2855be8a0, 0x000001c284d55fb0, 0x000001c284b67060, 0x000001c284b676c0,
0x000001c284ba7fa0, 0x000001c284ba8600, 0x000001c23eaa1180, 0x000001c23ea9fdd0,
0x000001c23eaa1ea0, 0x000001c23eaa0460, 0x000001c23eaa1810, 0x000001c23eaa2530,
0x000001c23eaa3250, 0x000001c23eaa2bc0, 0x000001c287f39b30, 0x000001c287f394a0,
0x000001c287f380f0, 0x000001c287f3b570, 0x000001c287f3a1c0, 0x000001c287f38780,
0x000001c288bc06f0, 0x000001c288bc6960, 0x000001c288bc0d80, 0x000001c288bc34e0,
0x000001c288bc1410, 0x000001c288bc1aa0, 0x000001c288bc4890, 0x000001c288bc3b70,
0x000001c288bc4200, 0x000001c288bc2130, 0x000001c288bc62d0, 0x000001c288bc7680,
0x000001c285ed34d0, 0x000001c285ed3b60, 0x000001c285ed0d70, 0x000001c285ed4f10,
0x000001c285ed6fe0, 0x000001c285ed62c0, 0x000001c285ed6950, 0x000001c28f0e1fd0,
0x000001c28f0dd110, 0x000001c28f0dde30, 0x000001c28ad55e50, 0x000001c28ad50f90,
0x000001c28ad52340, 0x000001c28ad4fbe0, 0x000001c28ad54aa0, 0x000001c28ad557c0,
0x000001c28ad4f550, 0x000001c28ad50270, 0x000001c28ad54410, 0x000001c28ad50900,
0x000001c28ad55130, 0x000001c28ad564e0, 0x000001c28ad53060, 0x000001c28ad536f0,
0x000001c28ad53d80, 0x000001c28f0dc3f0, 0x000001c28f0deb50, 0x000001c28f0e0c20,
0x000001c28f0e2660, 0x000001c28f0df1e0, 0x000001c28a2e8bf0, 0x000001c28a2e9280,
0x000001c28a2e8560, 0x000001c28a2e7ed0, 0x000001c28a2e3d30, 0x000001c28a2e4a50,
0x000001c287301cb0, 0x000001c2873057c0, 0x000001c287307890, 0x000001c287305e50,
0x000001c287307200, 0x000001c287307f20, 0x000001c2873085b0, 0x000001c287305130,
0x000001c287301620, 0x000001c287302340, 0x000001c287304410
}

Java Threads: ( => current thread )
  0x000001c2225a3a00 JavaThread "main"                              [_thread_blocked, id=12760, stack(0x0000008fc2400000,0x0000008fc2500000) (1024K)]
  0x000001c23e960c10 JavaThread "Reference Handler"          daemon [_thread_blocked, id=1976, stack(0x0000008fc2c00000,0x0000008fc2d00000) (1024K)]
  0x000001c23e961860 JavaThread "Finalizer"                  daemon [_thread_blocked, id=14952, stack(0x0000008fc2d00000,0x0000008fc2e00000) (1024K)]
  0x000001c23e965b70 JavaThread "Signal Dispatcher"          daemon [_thread_blocked, id=13236, stack(0x0000008fc2e00000,0x0000008fc2f00000) (1024K)]
  0x000001c23e966d60 JavaThread "Attach Listener"            daemon [_thread_blocked, id=3160, stack(0x0000008fc2f00000,0x0000008fc3000000) (1024K)]
  0x000001c23e96faa0 JavaThread "Service Thread"             daemon [_thread_blocked, id=11492, stack(0x0000008fc3000000,0x0000008fc3100000) (1024K)]
  0x000001c23e9704f0 JavaThread "Monitor Deflation Thread"   daemon [_thread_blocked, id=9028, stack(0x0000008fc3100000,0x0000008fc3200000) (1024K)]
=>0x000001c23e96baf0 JavaThread "C2 CompilerThread0"         daemon [_thread_in_native, id=11864, stack(0x0000008fc3200000,0x0000008fc3300000) (1024K)]
  0x000001c23e979b20 JavaThread "C1 CompilerThread0"         daemon [_thread_blocked, id=5436, stack(0x0000008fc3300000,0x0000008fc3400000) (1024K)]
  0x000001c23e937020 JavaThread "Common-Cleaner"             daemon [_thread_blocked, id=2156, stack(0x0000008fc3400000,0x0000008fc3500000) (1024K)]
  0x000001c23ec02e30 JavaThread "Notification Thread"        daemon [_thread_blocked, id=3616, stack(0x0000008fc3500000,0x0000008fc3600000) (1024K)]
  0x000001c284bb3d30 JavaThread "Daemon health stats"               [_thread_blocked, id=7464, stack(0x0000008fc3900000,0x0000008fc3a00000) (1024K)]
  0x000001c2855be8a0 JavaThread "Incoming local TCP Connector on port 51847"        [_thread_in_native, id=7724, stack(0x0000008fc3a00000,0x0000008fc3b00000) (1024K)]
  0x000001c284d55fb0 JavaThread "Daemon periodic checks"            [_thread_blocked, id=9328, stack(0x0000008fc3b00000,0x0000008fc3c00000) (1024K)]
  0x000001c284b67060 JavaThread "Daemon"                            [_thread_blocked, id=14984, stack(0x0000008fc3c00000,0x0000008fc3d00000) (1024K)]
  0x000001c284b676c0 JavaThread "Handler for socket connection from /127.0.0.1:51847 to /127.0.0.1:51848"        [_thread_in_native, id=8120, stack(0x0000008fc3d00000,0x0000008fc3e00000) (1024K)]
  0x000001c284ba7fa0 JavaThread "Cancel handler"                    [_thread_blocked, id=11380, stack(0x0000008fc3e00000,0x0000008fc3f00000) (1024K)]
  0x000001c284ba8600 JavaThread "Daemon worker"                     [_thread_blocked, id=9008, stack(0x0000008fc3f00000,0x0000008fc4000000) (1024K)]
  0x000001c23eaa1180 JavaThread "Asynchronous log dispatcher for DefaultDaemonConnection: socket connection from /127.0.0.1:51847 to /127.0.0.1:51848"        [_thread_blocked, id=8820, stack(0x0000008fc4000000,0x0000008fc4100000) (1024K)]
  0x000001c23ea9fdd0 JavaThread "Stdin handler"                     [_thread_blocked, id=10716, stack(0x0000008fc4100000,0x0000008fc4200000) (1024K)]
  0x000001c23eaa1ea0 JavaThread "Daemon client event forwarder"        [_thread_blocked, id=312, stack(0x0000008fc4200000,0x0000008fc4300000) (1024K)]
  0x000001c23eaa0460 JavaThread "Cache worker for journal cache (D:\Gradle\caches\journal-1)"        [_thread_blocked, id=14740, stack(0x0000008fc4300000,0x0000008fc4400000) (1024K)]
  0x000001c23eaa1810 JavaThread "File lock request listener"        [_thread_in_native, id=8336, stack(0x0000008fc4400000,0x0000008fc4500000) (1024K)]
  0x000001c23eaa2530 JavaThread "Cache worker for file hash cache (D:\Gradle\caches\8.13\fileHashes)"        [_thread_blocked, id=3668, stack(0x0000008fc4600000,0x0000008fc4700000) (1024K)]
  0x000001c23eaa3250 JavaThread "Cache worker for file hash cache (D:\SEMESTER 7\SMD_Assignment\Assignment_2\.gradle\8.13\fileHashes)"        [_thread_blocked, id=3872, stack(0x0000008fc4700000,0x0000008fc4800000) (1024K)]
  0x000001c23eaa2bc0 JavaThread "Cache worker for Build Output Cleanup Cache (D:\SEMESTER 7\SMD_Assignment\Assignment_2\.gradle\buildOutputCleanup)"        [_thread_blocked, id=13844, stack(0x0000008fc4800000,0x0000008fc4900000) (1024K)]
  0x000001c287f39b30 JavaThread "File watcher server"        daemon [_thread_in_native, id=12088, stack(0x0000008fc4900000,0x0000008fc4a00000) (1024K)]
  0x000001c287f394a0 JavaThread "File watcher consumer"      daemon [_thread_blocked, id=5532, stack(0x0000008fc4a00000,0x0000008fc4b00000) (1024K)]
  0x000001c287f380f0 JavaThread "Cache worker for checksums cache (D:\SEMESTER 7\SMD_Assignment\Assignment_2\.gradle\8.13\checksums)"        [_thread_blocked, id=2448, stack(0x0000008fc4500000,0x0000008fc4600000) (1024K)]
  0x000001c287f3b570 JavaThread "Cache worker for file content cache (D:\Gradle\caches\8.13\fileContent)"        [_thread_blocked, id=3144, stack(0x0000008fc4b00000,0x0000008fc4c00000) (1024K)]
  0x000001c287f3a1c0 JavaThread "Cache worker for cache directory md-supplier (D:\Gradle\caches\8.13\md-supplier)"        [_thread_blocked, id=14540, stack(0x0000008fc4c00000,0x0000008fc4d00000) (1024K)]
  0x000001c287f38780 JavaThread "Cache worker for cache directory md-rule (D:\Gradle\caches\8.13\md-rule)"        [_thread_blocked, id=6548, stack(0x0000008fc4d00000,0x0000008fc4e00000) (1024K)]
  0x000001c288bc06f0 JavaThread "Unconstrained build operations"        [_thread_blocked, id=13628, stack(0x0000008fc2200000,0x0000008fc2300000) (1024K)]
  0x000001c288bc6960 JavaThread "Unconstrained build operations Thread 2"        [_thread_blocked, id=10016, stack(0x0000008fc4e00000,0x0000008fc4f00000) (1024K)]
  0x000001c288bc0d80 JavaThread "Unconstrained build operations Thread 3"        [_thread_blocked, id=8464, stack(0x0000008fc4f00000,0x0000008fc5000000) (1024K)]
  0x000001c288bc34e0 JavaThread "Unconstrained build operations Thread 4"        [_thread_blocked, id=13404, stack(0x0000008fc5000000,0x0000008fc5100000) (1024K)]
  0x000001c288bc1410 JavaThread "Unconstrained build operations Thread 5"        [_thread_blocked, id=7308, stack(0x0000008fc5100000,0x0000008fc5200000) (1024K)]
  0x000001c288bc1aa0 JavaThread "Unconstrained build operations Thread 6"        [_thread_blocked, id=10152, stack(0x0000008fc5200000,0x0000008fc5300000) (1024K)]
  0x000001c288bc4890 JavaThread "Unconstrained build operations Thread 7"        [_thread_blocked, id=14072, stack(0x0000008fc5300000,0x0000008fc5400000) (1024K)]
  0x000001c288bc3b70 JavaThread "Unconstrained build operations Thread 8"        [_thread_blocked, id=12160, stack(0x0000008fc5400000,0x0000008fc5500000) (1024K)]
  0x000001c288bc4200 JavaThread "Unconstrained build operations Thread 9"        [_thread_blocked, id=11080, stack(0x0000008fc5500000,0x0000008fc5600000) (1024K)]
  0x000001c288bc2130 JavaThread "Memory manager"                    [_thread_blocked, id=15060, stack(0x0000008fc5700000,0x0000008fc5800000) (1024K)]
  0x000001c288bc62d0 JavaThread "build event listener"              [_thread_blocked, id=13876, stack(0x0000008fc5800000,0x0000008fc5900000) (1024K)]
  0x000001c288bc7680 JavaThread "included builds"                   [_thread_blocked, id=11276, stack(0x0000008fc5900000,0x0000008fc5a00000) (1024K)]
  0x000001c285ed34d0 JavaThread "Execution worker"                  [_thread_blocked, id=7772, stack(0x0000008fc5a00000,0x0000008fc5b00000) (1024K)]
  0x000001c285ed3b60 JavaThread "Execution worker Thread 2"         [_thread_blocked, id=9864, stack(0x0000008fc5b00000,0x0000008fc5c00000) (1024K)]
  0x000001c285ed0d70 JavaThread "Execution worker Thread 3"         [_thread_blocked, id=11128, stack(0x0000008fc5c00000,0x0000008fc5d00000) (1024K)]
  0x000001c285ed4f10 JavaThread "Cache worker for execution history cache (D:\SEMESTER 7\SMD_Assignment\Assignment_2\.gradle\8.13\executionHistory)"        [_thread_blocked, id=2840, stack(0x0000008fc5d00000,0x0000008fc5e00000) (1024K)]
  0x000001c285ed6fe0 JavaThread "Unconstrained build operations Thread 10"        [_thread_blocked, id=1204, stack(0x0000008fc5e00000,0x0000008fc5f00000) (1024K)]
  0x000001c285ed62c0 JavaThread "Unconstrained build operations Thread 11"        [_thread_blocked, id=3216, stack(0x0000008fc5f00000,0x0000008fc6000000) (1024K)]
  0x000001c285ed6950 JavaThread "Unconstrained build operations Thread 12"        [_thread_blocked, id=2880, stack(0x0000008fc6000000,0x0000008fc6100000) (1024K)]
  0x000001c28f0e1fd0 JavaThread "Unconstrained build operations Thread 13"        [_thread_blocked, id=10792, stack(0x0000008fc6100000,0x0000008fc6200000) (1024K)]
  0x000001c28f0dd110 JavaThread "Unconstrained build operations Thread 14"        [_thread_blocked, id=8264, stack(0x0000008fc6200000,0x0000008fc6300000) (1024K)]
  0x000001c28f0dde30 JavaThread "Unconstrained build operations Thread 15"        [_thread_blocked, id=15240, stack(0x0000008fc6300000,0x0000008fc6400000) (1024K)]
  0x000001c28ad55e50 JavaThread "WorkerExecutor Queue"              [_thread_in_native, id=3264, stack(0x0000008fc6500000,0x0000008fc6600000) (1024K)]
  0x000001c28ad50f90 JavaThread "WorkerExecutor Queue Thread 2"        [_thread_in_native, id=9628, stack(0x0000008fc6600000,0x0000008fc6700000) (1024K)]
  0x000001c28ad52340 JavaThread "WorkerExecutor Queue Thread 3"        [_thread_blocked, id=3452, stack(0x0000008fc6700000,0x0000008fc6800000) (1024K)]
  0x000001c28ad4fbe0 JavaThread "Unconstrained build operations Thread 16"        [_thread_blocked, id=7612, stack(0x0000008fc5600000,0x0000008fc5700000) (1024K)]
  0x000001c28ad54aa0 JavaThread "WorkerExecutor Queue Thread 4"        [_thread_blocked, id=14828, stack(0x0000008fc6800000,0x0000008fc6900000) (1024K)]
  0x000001c28ad557c0 JavaThread "Unconstrained build operations Thread 17"        [_thread_blocked, id=8936, stack(0x0000008fc6900000,0x0000008fc6a00000) (1024K)]
  0x000001c28ad4f550 JavaThread "Unconstrained build operations Thread 18"        [_thread_blocked, id=14704, stack(0x0000008fc6a00000,0x0000008fc6b00000) (1024K)]
  0x000001c28ad50270 JavaThread "Unconstrained build operations Thread 19"        [_thread_blocked, id=11036, stack(0x0000008fc6b00000,0x0000008fc6c00000) (1024K)]
  0x000001c28ad54410 JavaThread "Unconstrained build operations Thread 20"        [_thread_blocked, id=11476, stack(0x0000008fc6d00000,0x0000008fc6e00000) (1024K)]
  0x000001c28ad50900 JavaThread "Unconstrained build operations Thread 21"        [_thread_blocked, id=8856, stack(0x0000008fc6e00000,0x0000008fc6f00000) (1024K)]
  0x000001c28ad55130 JavaThread "Unconstrained build operations Thread 22"        [_thread_blocked, id=2204, stack(0x0000008fc6f00000,0x0000008fc7000000) (1024K)]
  0x000001c28ad564e0 JavaThread "Unconstrained build operations Thread 23"        [_thread_blocked, id=1456, stack(0x0000008fc2300000,0x0000008fc2400000) (1024K)]
  0x000001c28ad53060 JavaThread "Unconstrained build operations Thread 24"        [_thread_blocked, id=13376, stack(0x0000008fc6c00000,0x0000008fc6d00000) (1024K)]
  0x000001c28ad536f0 JavaThread "Unconstrained build operations Thread 25"        [_thread_blocked, id=13452, stack(0x0000008fc7000000,0x0000008fc7100000) (1024K)]
  0x000001c28ad53d80 JavaThread "Unconstrained build operations Thread 26"        [_thread_blocked, id=13860, stack(0x0000008fc7200000,0x0000008fc7300000) (1024K)]
  0x000001c28f0dc3f0 JavaThread "Unconstrained build operations Thread 27"        [_thread_blocked, id=12820, stack(0x0000008fc7300000,0x0000008fc7400000) (1024K)]
  0x000001c28f0deb50 JavaThread "Unconstrained build operations Thread 28"        [_thread_blocked, id=2808, stack(0x0000008fc7400000,0x0000008fc7500000) (1024K)]
  0x000001c28f0e0c20 JavaThread "Unconstrained build operations Thread 29"        [_thread_blocked, id=1300, stack(0x0000008fc7500000,0x0000008fc7600000) (1024K)]
  0x000001c28f0e2660 JavaThread "Unconstrained build operations Thread 30"        [_thread_blocked, id=13316, stack(0x0000008fc7600000,0x0000008fc7700000) (1024K)]
  0x000001c28f0df1e0 JavaThread "Unconstrained build operations Thread 31"        [_thread_blocked, id=13516, stack(0x0000008fc7700000,0x0000008fc7800000) (1024K)]
  0x000001c28a2e8bf0 JavaThread "Unconstrained build operations Thread 32"        [_thread_blocked, id=13716, stack(0x0000008fc7800000,0x0000008fc7900000) (1024K)]
  0x000001c28a2e9280 JavaThread "Unconstrained build operations Thread 33"        [_thread_blocked, id=14616, stack(0x0000008fc7900000,0x0000008fc7a00000) (1024K)]
  0x000001c28a2e8560 JavaThread "Unconstrained build operations Thread 34"        [_thread_blocked, id=128, stack(0x0000008fc7a00000,0x0000008fc7b00000) (1024K)]
  0x000001c28a2e7ed0 JavaThread "Unconstrained build operations Thread 35"        [_thread_blocked, id=14672, stack(0x0000008fc7100000,0x0000008fc7200000) (1024K)]
  0x000001c28a2e3d30 JavaThread "Unconstrained build operations Thread 36"        [_thread_blocked, id=13720, stack(0x0000008fc7b00000,0x0000008fc7c00000) (1024K)]
  0x000001c28a2e4a50 JavaThread "Unconstrained build operations Thread 37"        [_thread_blocked, id=10284, stack(0x0000008fc7c00000,0x0000008fc7d00000) (1024K)]
  0x000001c287301cb0 JavaThread "Unconstrained build operations Thread 38"        [_thread_blocked, id=14876, stack(0x0000008fc7d00000,0x0000008fc7e00000) (1024K)]
  0x000001c2873057c0 JavaThread "Unconstrained build operations Thread 39"        [_thread_blocked, id=7392, stack(0x0000008fc7f00000,0x0000008fc8000000) (1024K)]
  0x000001c287307890 JavaThread "Unconstrained build operations Thread 40"        [_thread_blocked, id=13136, stack(0x0000008fc8000000,0x0000008fc8100000) (1024K)]
  0x000001c287305e50 JavaThread "pool-3-thread-1"                   [_thread_blocked, id=3152, stack(0x0000008fc8100000,0x0000008fc8200000) (1024K)]
  0x000001c287307200 JavaThread "stderr"                            [_thread_in_native, id=14468, stack(0x0000008fc7e00000,0x0000008fc7f00000) (1024K)]
  0x000001c287307f20 JavaThread "stdout"                            [_thread_in_native, id=12232, stack(0x0000008fc8200000,0x0000008fc8300000) (1024K)]
  0x000001c2873085b0 JavaThread "RMI Scheduler(0)"           daemon [_thread_blocked, id=12936, stack(0x0000008fc8300000,0x0000008fc8400000) (1024K)]
  0x000001c287305130 JavaThread "RMI GC Daemon"              daemon [_thread_blocked, id=2492, stack(0x0000008fc8500000,0x0000008fc8600000) (1024K)]
  0x000001c287301620 JavaThread "RMI TCP Accept-0"           daemon [_thread_in_native, id=12836, stack(0x0000008fc8600000,0x0000008fc8700000) (1024K)]
  0x000001c287302340 JavaThread "RMI Reaper"                        [_thread_blocked, id=1464, stack(0x0000008fc8700000,0x0000008fc8800000) (1024K)]
  0x000001c287304410 JavaThread "RMI TCP Connection(2)-127.0.0.1" daemon [_thread_in_native, id=12832, stack(0x0000008fc8800000,0x0000008fc8900000) (1024K)]
Total: 91

Other Threads:
  0x000001c23e9453f0 VMThread "VM Thread"                           [id=720, stack(0x0000008fc2b00000,0x0000008fc2c00000) (1024K)]
  0x000001c23e933f70 WatcherThread "VM Periodic Task Thread"        [id=9036, stack(0x0000008fc2a00000,0x0000008fc2b00000) (1024K)]
  0x000001c2225f9700 WorkerThread "GC Thread#0"                     [id=7156, stack(0x0000008fc2500000,0x0000008fc2600000) (1024K)]
  0x000001c23ed2ddf0 WorkerThread "GC Thread#1"                     [id=1808, stack(0x0000008fc3600000,0x0000008fc3700000) (1024K)]
  0x000001c23ec6b960 WorkerThread "GC Thread#2"                     [id=14992, stack(0x0000008fc3700000,0x0000008fc3800000) (1024K)]
  0x000001c284838910 WorkerThread "GC Thread#3"                     [id=14592, stack(0x0000008fc3800000,0x0000008fc3900000) (1024K)]
  0x000001c22260a580 ConcurrentGCThread "G1 Main Marker"            [id=2288, stack(0x0000008fc2600000,0x0000008fc2700000) (1024K)]
  0x000001c22260c740 WorkerThread "G1 Conc#0"                       [id=14640, stack(0x0000008fc2700000,0x0000008fc2800000) (1024K)]
  0x000001c23e7f64e0 ConcurrentGCThread "G1 Refine#0"               [id=1672, stack(0x0000008fc2800000,0x0000008fc2900000) (1024K)]
  0x000001c23e7f6ef0 ConcurrentGCThread "G1 Service"                [id=2552, stack(0x0000008fc2900000,0x0000008fc2a00000) (1024K)]
Total: 10

Threads with active compile tasks:
C2 CompilerThread0  157387 21609       4       com.android.tools.r8.ir.optimize.f0::a (510 bytes)
Total: 1

VM state: not at safepoint (normal execution)

VM Mutex/Monitor currently owned by a thread: None

Heap address: 0x0000000080000000, size: 2048 MB, Compressed Oops mode: 32-bit

CDS archive(s) mapped at: [0x000001c23f000000-0x000001c23fc80000-0x000001c23fc80000), size 13107200, SharedBaseAddress: 0x000001c23f000000, ArchiveRelocationMode: 1.
Compressed class space mapped at: 0x000001c240000000-0x000001c280000000, reserved size: 1073741824
Narrow klass base: 0x000001c23f000000, Narrow klass shift: 0, Narrow klass range: 0x100000000

GC Precious Log:
 CardTable entry size: 512
 Card Set container configuration: InlinePtr #cards 5 size 8 Array Of Cards #cards 12 size 40 Howl #buckets 4 coarsen threshold 1843 Howl Bitmap #cards 512 size 80 coarsen threshold 460 Card regions per heap region 1 cards per card region 2048
 CPUs: 4 total, 4 available
 Memory: 8072M
 Large Page Support: Disabled
 NUMA Support: Disabled
 Compressed Oops: Enabled (32-bit)
 Heap Region Size: 1M
 Heap Min Capacity: 8M
 Heap Initial Capacity: 128M
 Heap Max Capacity: 2G
 Pre-touch: Disabled
 Parallel Workers: 4
 Concurrent Workers: 1
 Concurrent Refinement Workers: 4
 Periodic GC: Disabled

Heap:
 garbage-first heap   total 275456K, used 145453K [0x0000000080000000, 0x0000000100000000)
  region size 1024K, 9 young (9216K), 7 survivors (7168K)
 Metaspace       used 131056K, committed 133568K, reserved 1179648K
  class space    used 17870K, committed 19136K, reserved 1048576K

Heap Regions: E=young(eden), S=young(survivor), O=old, HS=humongous(starts), HC=humongous(continues), CS=collection set, F=free, TAMS=top-at-mark-start, PB=parsable bottom
|   0|0x0000000080000000, 0x0000000080100000, 0x0000000080100000|100%|HS|  |TAMS 0x0000000080000000| PB 0x0000000080000000| Complete 
|   1|0x0000000080100000, 0x0000000080200000, 0x0000000080200000|100%|HC|  |TAMS 0x0000000080100000| PB 0x0000000080100000| Complete 
|   2|0x0000000080200000, 0x0000000080300000, 0x0000000080300000|100%|HC|  |TAMS 0x0000000080200000| PB 0x0000000080200000| Complete 
|   3|0x0000000080300000, 0x0000000080400000, 0x0000000080400000|100%| O|  |TAMS 0x0000000080300000| PB 0x0000000080300000| Untracked 
|   4|0x0000000080400000, 0x0000000080500000, 0x0000000080500000|100%| O|  |TAMS 0x0000000080400000| PB 0x0000000080400000| Untracked 
|   5|0x0000000080500000, 0x0000000080600000, 0x0000000080600000|100%| O|  |TAMS 0x0000000080500000| PB 0x0000000080500000| Untracked 
|   6|0x0000000080600000, 0x0000000080700000, 0x0000000080700000|100%| O|  |TAMS 0x0000000080600000| PB 0x0000000080600000| Untracked 
|   7|0x0000000080700000, 0x0000000080800000, 0x0000000080800000|100%|HS|  |TAMS 0x0000000080700000| PB 0x0000000080700000| Complete 
|   8|0x0000000080800000, 0x0000000080900000, 0x0000000080900000|100%| O|  |TAMS 0x0000000080800000| PB 0x0000000080800000| Untracked 
|   9|0x0000000080900000, 0x0000000080a00000, 0x0000000080a00000|100%| O|  |TAMS 0x0000000080900000| PB 0x0000000080900000| Untracked 
|  10|0x0000000080a00000, 0x0000000080b00000, 0x0000000080b00000|100%| O|  |TAMS 0x0000000080a00000| PB 0x0000000080a00000| Untracked 
|  11|0x0000000080b00000, 0x0000000080c00000, 0x0000000080c00000|100%| O|  |TAMS 0x0000000080b00000| PB 0x0000000080b00000| Untracked 
|  12|0x0000000080c00000, 0x0000000080d00000, 0x0000000080d00000|100%| O|  |TAMS 0x0000000080c00000| PB 0x0000000080c00000| Untracked 
|  13|0x0000000080d00000, 0x0000000080e00000, 0x0000000080e00000|100%| O|  |TAMS 0x0000000080d00000| PB 0x0000000080d00000| Untracked 
|  14|0x0000000080e00000, 0x0000000080f00000, 0x0000000080f00000|100%| O|  |TAMS 0x0000000080e00000| PB 0x0000000080e00000| Untracked 
|  15|0x0000000080f00000, 0x0000000081000000, 0x0000000081000000|100%| O|  |TAMS 0x0000000080f00000| PB 0x0000000080f00000| Untracked 
|  16|0x0000000081000000, 0x0000000081100000, 0x0000000081100000|100%| O|  |TAMS 0x0000000081000000| PB 0x0000000081000000| Untracked 
|  17|0x0000000081100000, 0x0000000081200000, 0x0000000081200000|100%| O|  |TAMS 0x0000000081100000| PB 0x0000000081100000| Untracked 
|  18|0x0000000081200000, 0x0000000081300000, 0x0000000081300000|100%| O|  |TAMS 0x0000000081200000| PB 0x0000000081200000| Untracked 
|  19|0x0000000081300000, 0x0000000081400000, 0x0000000081400000|100%| O|  |TAMS 0x0000000081300000| PB 0x0000000081300000| Untracked 
|  20|0x0000000081400000, 0x0000000081500000, 0x0000000081500000|100%| O|  |TAMS 0x0000000081400000| PB 0x0000000081400000| Untracked 
|  21|0x0000000081500000, 0x0000000081600000, 0x0000000081600000|100%| O|  |TAMS 0x0000000081500000| PB 0x0000000081500000| Untracked 
|  22|0x0000000081600000, 0x0000000081700000, 0x0000000081700000|100%| O|  |TAMS 0x0000000081600000| PB 0x0000000081600000| Untracked 
|  23|0x0000000081700000, 0x0000000081800000, 0x0000000081800000|100%| O|  |TAMS 0x0000000081700000| PB 0x0000000081700000| Untracked 
|  24|0x0000000081800000, 0x0000000081900000, 0x0000000081900000|100%| O|  |TAMS 0x0000000081800000| PB 0x0000000081800000| Untracked 
|  25|0x0000000081900000, 0x0000000081a00000, 0x0000000081a00000|100%| O|  |TAMS 0x0000000081900000| PB 0x0000000081900000| Untracked 
|  26|0x0000000081a00000, 0x0000000081b00000, 0x0000000081b00000|100%| O|  |TAMS 0x0000000081a00000| PB 0x0000000081a00000| Untracked 
|  27|0x0000000081b00000, 0x0000000081c00000, 0x0000000081c00000|100%| O|  |TAMS 0x0000000081b00000| PB 0x0000000081b00000| Untracked 
|  28|0x0000000081c00000, 0x0000000081d00000, 0x0000000081d00000|100%| O|  |TAMS 0x0000000081c00000| PB 0x0000000081c00000| Untracked 
|  29|0x0000000081d00000, 0x0000000081e00000, 0x0000000081e00000|100%| O|  |TAMS 0x0000000081d00000| PB 0x0000000081d00000| Untracked 
|  30|0x0000000081e00000, 0x0000000081f00000, 0x0000000081f00000|100%| O|  |TAMS 0x0000000081e00000| PB 0x0000000081e00000| Untracked 
|  31|0x0000000081f00000, 0x0000000082000000, 0x0000000082000000|100%| O|  |TAMS 0x0000000081f00000| PB 0x0000000081f00000| Untracked 
|  32|0x0000000082000000, 0x0000000082100000, 0x0000000082100000|100%| O|  |TAMS 0x0000000082000000| PB 0x0000000082000000| Untracked 
|  33|0x0000000082100000, 0x0000000082200000, 0x0000000082200000|100%| O|  |TAMS 0x0000000082100000| PB 0x0000000082100000| Untracked 
|  34|0x0000000082200000, 0x0000000082300000, 0x0000000082300000|100%| O|  |TAMS 0x0000000082200000| PB 0x0000000082200000| Untracked 
|  35|0x0000000082300000, 0x0000000082400000, 0x0000000082400000|100%| O|  |TAMS 0x0000000082300000| PB 0x0000000082300000| Untracked 
|  36|0x0000000082400000, 0x0000000082500000, 0x0000000082500000|100%|HS|  |TAMS 0x0000000082400000| PB 0x0000000082400000| Complete 
|  37|0x0000000082500000, 0x0000000082600000, 0x0000000082600000|100%| O|  |TAMS 0x0000000082500000| PB 0x0000000082500000| Untracked 
|  38|0x0000000082600000, 0x0000000082700000, 0x0000000082700000|100%| O|  |TAMS 0x0000000082600000| PB 0x0000000082600000| Untracked 
|  39|0x0000000082700000, 0x0000000082800000, 0x0000000082800000|100%| O|  |TAMS 0x0000000082700000| PB 0x0000000082700000| Untracked 
|  40|0x0000000082800000, 0x0000000082900000, 0x0000000082900000|100%| O|  |TAMS 0x0000000082800000| PB 0x0000000082800000| Untracked 
|  41|0x0000000082900000, 0x0000000082a00000, 0x0000000082a00000|100%| O|  |TAMS 0x0000000082900000| PB 0x0000000082900000| Untracked 
|  42|0x0000000082a00000, 0x0000000082b00000, 0x0000000082b00000|100%| O|  |TAMS 0x0000000082a00000| PB 0x0000000082a00000| Untracked 
|  43|0x0000000082b00000, 0x0000000082c00000, 0x0000000082c00000|100%| O|  |TAMS 0x0000000082b00000| PB 0x0000000082b00000| Untracked 
|  44|0x0000000082c00000, 0x0000000082d00000, 0x0000000082d00000|100%| O|  |TAMS 0x0000000082c00000| PB 0x0000000082c00000| Untracked 
|  45|0x0000000082d00000, 0x0000000082e00000, 0x0000000082e00000|100%| O|  |TAMS 0x0000000082d00000| PB 0x0000000082d00000| Untracked 
|  46|0x0000000082e00000, 0x0000000082f00000, 0x0000000082f00000|100%| O|  |TAMS 0x0000000082e00000| PB 0x0000000082e00000| Untracked 
|  47|0x0000000082f00000, 0x0000000083000000, 0x0000000083000000|100%| O|  |TAMS 0x0000000082f00000| PB 0x0000000082f00000| Untracked 
|  48|0x0000000083000000, 0x0000000083000000, 0x0000000083100000|  0%| F|  |TAMS 0x0000000083000000| PB 0x0000000083000000| Untracked 
|  49|0x0000000083100000, 0x0000000083200000, 0x0000000083200000|100%|HS|  |TAMS 0x0000000083100000| PB 0x0000000083100000| Complete 
|  50|0x0000000083200000, 0x0000000083300000, 0x0000000083300000|100%|HS|  |TAMS 0x0000000083200000| PB 0x0000000083200000| Complete 
|  51|0x0000000083300000, 0x0000000083400000, 0x0000000083400000|100%|HC|  |TAMS 0x0000000083300000| PB 0x0000000083300000| Complete 
|  52|0x0000000083400000, 0x0000000083500000, 0x0000000083500000|100%|HS|  |TAMS 0x0000000083400000| PB 0x0000000083400000| Complete 
|  53|0x0000000083500000, 0x0000000083600000, 0x0000000083600000|100%|HC|  |TAMS 0x0000000083500000| PB 0x0000000083500000| Complete 
|  54|0x0000000083600000, 0x0000000083700000, 0x0000000083700000|100%|HS|  |TAMS 0x0000000083600000| PB 0x0000000083600000| Complete 
|  55|0x0000000083700000, 0x0000000083800000, 0x0000000083800000|100%|HC|  |TAMS 0x0000000083700000| PB 0x0000000083700000| Complete 
|  56|0x0000000083800000, 0x0000000083900000, 0x0000000083900000|100%|HC|  |TAMS 0x0000000083800000| PB 0x0000000083800000| Complete 
|  57|0x0000000083900000, 0x0000000083a00000, 0x0000000083a00000|100%|HS|  |TAMS 0x0000000083900000| PB 0x0000000083900000| Complete 
|  58|0x0000000083a00000, 0x0000000083b00000, 0x0000000083b00000|100%|HS|  |TAMS 0x0000000083a00000| PB 0x0000000083a00000| Complete 
|  59|0x0000000083b00000, 0x0000000083c00000, 0x0000000083c00000|100%| O|  |TAMS 0x0000000083b00000| PB 0x0000000083b00000| Untracked 
|  60|0x0000000083c00000, 0x0000000083d00000, 0x0000000083d00000|100%|HS|  |TAMS 0x0000000083c00000| PB 0x0000000083c00000| Complete 
|  61|0x0000000083d00000, 0x0000000083e00000, 0x0000000083e00000|100%|HS|  |TAMS 0x0000000083d00000| PB 0x0000000083d00000| Complete 
|  62|0x0000000083e00000, 0x0000000083f00000, 0x0000000083f00000|100%| O|  |TAMS 0x0000000083e00000| PB 0x0000000083e00000| Untracked 
|  63|0x0000000083f00000, 0x0000000084000000, 0x0000000084000000|100%| O|  |TAMS 0x0000000083f00000| PB 0x0000000083f00000| Untracked 
|  64|0x0000000084000000, 0x0000000084100000, 0x0000000084100000|100%| O|  |TAMS 0x0000000084000000| PB 0x0000000084000000| Untracked 
|  65|0x0000000084100000, 0x0000000084200000, 0x0000000084200000|100%| O|  |TAMS 0x0000000084100000| PB 0x0000000084100000| Untracked 
|  66|0x0000000084200000, 0x0000000084300000, 0x0000000084300000|100%| O|  |TAMS 0x0000000084200000| PB 0x0000000084200000| Untracked 
|  67|0x0000000084300000, 0x0000000084400000, 0x0000000084400000|100%| O|  |TAMS 0x0000000084300000| PB 0x0000000084300000| Untracked 
|  68|0x0000000084400000, 0x0000000084500000, 0x0000000084500000|100%| O|  |TAMS 0x0000000084400000| PB 0x0000000084400000| Untracked 
|  69|0x0000000084500000, 0x0000000084600000, 0x0000000084600000|100%|HS|  |TAMS 0x0000000084500000| PB 0x0000000084500000| Complete 
|  70|0x0000000084600000, 0x0000000084700000, 0x0000000084700000|100%| O|  |TAMS 0x0000000084600000| PB 0x0000000084600000| Untracked 
|  71|0x0000000084700000, 0x0000000084800000, 0x0000000084800000|100%| O|  |TAMS 0x0000000084700000| PB 0x0000000084700000| Untracked 
|  72|0x0000000084800000, 0x0000000084900000, 0x0000000084900000|100%|HS|  |TAMS 0x0000000084800000| PB 0x0000000084800000| Complete 
|  73|0x0000000084900000, 0x0000000084a00000, 0x0000000084a00000|100%|HC|  |TAMS 0x0000000084900000| PB 0x0000000084900000| Complete 
|  74|0x0000000084a00000, 0x0000000084b00000, 0x0000000084b00000|100%|HC|  |TAMS 0x0000000084a00000| PB 0x0000000084a00000| Complete 
|  75|0x0000000084b00000, 0x0000000084c00000, 0x0000000084c00000|100%| O|  |TAMS 0x0000000084b00000| PB 0x0000000084b00000| Untracked 
|  76|0x0000000084c00000, 0x0000000084d00000, 0x0000000084d00000|100%| O|  |TAMS 0x0000000084c00000| PB 0x0000000084c00000| Untracked 
|  77|0x0000000084d00000, 0x0000000084e00000, 0x0000000084e00000|100%| O|  |TAMS 0x0000000084d00000| PB 0x0000000084d00000| Untracked 
|  78|0x0000000084e00000, 0x0000000084f00000, 0x0000000084f00000|100%| O|  |TAMS 0x0000000084e00000| PB 0x0000000084e00000| Untracked 
|  79|0x0000000084f00000, 0x0000000085000000, 0x0000000085000000|100%| O|  |TAMS 0x0000000084f00000| PB 0x0000000084f00000| Untracked 
|  80|0x0000000085000000, 0x0000000085100000, 0x0000000085100000|100%| O|  |TAMS 0x0000000085000000| PB 0x0000000085000000| Untracked 
|  81|0x0000000085100000, 0x0000000085200000, 0x0000000085200000|100%| O|  |TAMS 0x0000000085100000| PB 0x0000000085100000| Untracked 
|  82|0x0000000085200000, 0x0000000085300000, 0x0000000085300000|100%| O|  |TAMS 0x0000000085200000| PB 0x0000000085200000| Untracked 
|  83|0x0000000085300000, 0x0000000085400000, 0x0000000085400000|100%| O|  |TAMS 0x0000000085300000| PB 0x0000000085300000| Untracked 
|  84|0x0000000085400000, 0x0000000085500000, 0x0000000085500000|100%| O|  |TAMS 0x0000000085400000| PB 0x0000000085400000| Untracked 
|  85|0x0000000085500000, 0x0000000085600000, 0x0000000085600000|100%| O|  |TAMS 0x0000000085500000| PB 0x0000000085500000| Untracked 
|  86|0x0000000085600000, 0x0000000085700000, 0x0000000085700000|100%| O|  |TAMS 0x0000000085600000| PB 0x0000000085600000| Untracked 
|  87|0x0000000085700000, 0x0000000085800000, 0x0000000085800000|100%| O|  |TAMS 0x0000000085700000| PB 0x0000000085700000| Untracked 
|  88|0x0000000085800000, 0x0000000085900000, 0x0000000085900000|100%| O|  |TAMS 0x0000000085800000| PB 0x0000000085800000| Untracked 
|  89|0x0000000085900000, 0x0000000085a00000, 0x0000000085a00000|100%| O|  |TAMS 0x0000000085900000| PB 0x0000000085900000| Untracked 
|  90|0x0000000085a00000, 0x0000000085b00000, 0x0000000085b00000|100%| O|  |TAMS 0x0000000085a00000| PB 0x0000000085a00000| Untracked 
|  91|0x0000000085b00000, 0x0000000085c00000, 0x0000000085c00000|100%| O|  |TAMS 0x0000000085b00000| PB 0x0000000085b00000| Untracked 
|  92|0x0000000085c00000, 0x0000000085d00000, 0x0000000085d00000|100%| O|  |TAMS 0x0000000085c00000| PB 0x0000000085c00000| Untracked 
|  93|0x0000000085d00000, 0x0000000085e00000, 0x0000000085e00000|100%| O|  |TAMS 0x0000000085d00000| PB 0x0000000085d00000| Untracked 
|  94|0x0000000085e00000, 0x0000000085f00000, 0x0000000085f00000|100%| O|  |TAMS 0x0000000085e00000| PB 0x0000000085e00000| Untracked 
|  95|0x0000000085f00000, 0x0000000086000000, 0x0000000086000000|100%| O|  |TAMS 0x0000000085f00000| PB 0x0000000085f00000| Untracked 
|  96|0x0000000086000000, 0x0000000086100000, 0x0000000086100000|100%| O|  |TAMS 0x0000000086000000| PB 0x0000000086000000| Untracked 
|  97|0x0000000086100000, 0x0000000086200000, 0x0000000086200000|100%| O|  |TAMS 0x0000000086100000| PB 0x0000000086100000| Untracked 
|  98|0x0000000086200000, 0x0000000086300000, 0x0000000086300000|100%| O|  |TAMS 0x0000000086200000| PB 0x0000000086200000| Untracked 
|  99|0x0000000086300000, 0x0000000086400000, 0x0000000086400000|100%| O|  |TAMS 0x0000000086300000| PB 0x0000000086300000| Untracked 
| 100|0x0000000086400000, 0x0000000086500000, 0x0000000086500000|100%| O|  |TAMS 0x0000000086400000| PB 0x0000000086400000| Untracked 
| 101|0x0000000086500000, 0x0000000086500000, 0x0000000086600000|  0%| F|  |TAMS 0x0000000086500000| PB 0x0000000086500000| Untracked 
| 102|0x0000000086600000, 0x0000000086600000, 0x0000000086700000|  0%| F|  |TAMS 0x0000000086600000| PB 0x0000000086600000| Untracked 
| 103|0x0000000086700000, 0x0000000086800000, 0x0000000086800000|100%| O|  |TAMS 0x0000000086700000| PB 0x0000000086700000| Untracked 
| 104|0x0000000086800000, 0x0000000086900000, 0x0000000086900000|100%| O|  |TAMS 0x0000000086800000| PB 0x0000000086800000| Untracked 
| 105|0x0000000086900000, 0x0000000086a00000, 0x0000000086a00000|100%| O|  |TAMS 0x0000000086900000| PB 0x0000000086900000| Untracked 
| 106|0x0000000086a00000, 0x0000000086b00000, 0x0000000086b00000|100%| O|  |TAMS 0x0000000086a00000| PB 0x0000000086a00000| Untracked 
| 107|0x0000000086b00000, 0x0000000086c00000, 0x0000000086c00000|100%| O|  |TAMS 0x0000000086b00000| PB 0x0000000086b00000| Untracked 
| 108|0x0000000086c00000, 0x0000000086d00000, 0x0000000086d00000|100%| O|  |TAMS 0x0000000086c00000| PB 0x0000000086c00000| Untracked 
| 109|0x0000000086d00000, 0x0000000086e00000, 0x0000000086e00000|100%| O|  |TAMS 0x0000000086d00000| PB 0x0000000086d00000| Untracked 
| 110|0x0000000086e00000, 0x0000000086f00000, 0x0000000086f00000|100%| O|  |TAMS 0x0000000086e00000| PB 0x0000000086e00000| Untracked 
| 111|0x0000000086f00000, 0x0000000086f46d20, 0x0000000087000000| 27%| O|  |TAMS 0x0000000086f00000| PB 0x0000000086f00000| Untracked 
| 112|0x0000000087000000, 0x0000000087100000, 0x0000000087100000|100%| O|  |TAMS 0x0000000087000000| PB 0x0000000087000000| Untracked 
| 113|0x0000000087100000, 0x0000000087200000, 0x0000000087200000|100%| O|  |TAMS 0x0000000087100000| PB 0x0000000087100000| Untracked 
| 114|0x0000000087200000, 0x0000000087300000, 0x0000000087300000|100%| O|  |TAMS 0x0000000087200000| PB 0x0000000087200000| Untracked 
| 115|0x0000000087300000, 0x0000000087300000, 0x0000000087400000|  0%| F|  |TAMS 0x0000000087300000| PB 0x0000000087300000| Untracked 
| 116|0x0000000087400000, 0x0000000087500000, 0x0000000087500000|100%| O|  |TAMS 0x0000000087400000| PB 0x0000000087400000| Untracked 
| 117|0x0000000087500000, 0x0000000087600000, 0x0000000087600000|100%| O|  |TAMS 0x0000000087500000| PB 0x0000000087500000| Untracked 
| 118|0x0000000087600000, 0x0000000087700000, 0x0000000087700000|100%| O|  |TAMS 0x0000000087600000| PB 0x0000000087600000| Untracked 
| 119|0x0000000087700000, 0x0000000087800000, 0x0000000087800000|100%| O|  |TAMS 0x0000000087700000| PB 0x0000000087700000| Untracked 
| 120|0x0000000087800000, 0x0000000087800000, 0x0000000087900000|  0%| F|  |TAMS 0x0000000087800000| PB 0x0000000087800000| Untracked 
| 121|0x0000000087900000, 0x0000000087900000, 0x0000000087a00000|  0%| F|  |TAMS 0x0000000087900000| PB 0x0000000087900000| Untracked 
| 122|0x0000000087a00000, 0x0000000087b00000, 0x0000000087b00000|100%| O|  |TAMS 0x0000000087a00000| PB 0x0000000087a00000| Untracked 
| 123|0x0000000087b00000, 0x0000000087b00000, 0x0000000087c00000|  0%| F|  |TAMS 0x0000000087b00000| PB 0x0000000087b00000| Untracked 
| 124|0x0000000087c00000, 0x0000000087d00000, 0x0000000087d00000|100%| O|  |TAMS 0x0000000087c00000| PB 0x0000000087c00000| Untracked 
| 125|0x0000000087d00000, 0x0000000087e00000, 0x0000000087e00000|100%| O|  |TAMS 0x0000000087d00000| PB 0x0000000087d00000| Untracked 
| 126|0x0000000087e00000, 0x0000000087f00000, 0x0000000087f00000|100%| O|  |TAMS 0x0000000087e00000| PB 0x0000000087e00000| Untracked 
| 127|0x0000000087f00000, 0x0000000088000000, 0x0000000088000000|100%| O|  |TAMS 0x0000000087f00000| PB 0x0000000087f00000| Untracked 
| 128|0x0000000088000000, 0x0000000088100000, 0x0000000088100000|100%| O|  |TAMS 0x0000000088000000| PB 0x0000000088000000| Untracked 
| 129|0x0000000088100000, 0x0000000088200000, 0x0000000088200000|100%| O|  |TAMS 0x0000000088100000| PB 0x0000000088100000| Untracked 
| 130|0x0000000088200000, 0x0000000088200000, 0x0000000088300000|  0%| F|  |TAMS 0x0000000088200000| PB 0x0000000088200000| Untracked 
| 131|0x0000000088300000, 0x0000000088400000, 0x0000000088400000|100%| O|  |TAMS 0x0000000088300000| PB 0x0000000088300000| Untracked 
| 132|0x0000000088400000, 0x0000000088500000, 0x0000000088500000|100%| O|  |TAMS 0x0000000088400000| PB 0x0000000088400000| Untracked 
| 133|0x0000000088500000, 0x0000000088600000, 0x0000000088600000|100%| O|  |TAMS 0x0000000088500000| PB 0x0000000088500000| Untracked 
| 134|0x0000000088600000, 0x0000000088700000, 0x0000000088700000|100%| O|  |TAMS 0x0000000088600000| PB 0x0000000088600000| Untracked 
| 135|0x0000000088700000, 0x0000000088800000, 0x0000000088800000|100%| O|  |TAMS 0x0000000088700000| PB 0x0000000088700000| Untracked 
| 136|0x0000000088800000, 0x0000000088900000, 0x0000000088900000|100%| O|  |TAMS 0x0000000088800000| PB 0x0000000088800000| Untracked 
| 137|0x0000000088900000, 0x0000000088a00000, 0x0000000088a00000|100%| O|  |TAMS 0x0000000088900000| PB 0x0000000088900000| Untracked 
| 138|0x0000000088a00000, 0x0000000088b00000, 0x0000000088b00000|100%| O|  |TAMS 0x0000000088a00000| PB 0x0000000088a00000| Untracked 
| 139|0x0000000088b00000, 0x0000000088b00000, 0x0000000088c00000|  0%| F|  |TAMS 0x0000000088b00000| PB 0x0000000088b00000| Untracked 
| 140|0x0000000088c00000, 0x0000000088c00000, 0x0000000088d00000|  0%| F|  |TAMS 0x0000000088c00000| PB 0x0000000088c00000| Untracked 
| 141|0x0000000088d00000, 0x0000000088d00000, 0x0000000088e00000|  0%| F|  |TAMS 0x0000000088d00000| PB 0x0000000088d00000| Untracked 
| 142|0x0000000088e00000, 0x0000000088f00000, 0x0000000088f00000|100%| O|  |TAMS 0x0000000088e00000| PB 0x0000000088e00000| Untracked 
| 143|0x0000000088f00000, 0x0000000088f00000, 0x0000000089000000|  0%| F|  |TAMS 0x0000000088f00000| PB 0x0000000088f00000| Untracked 
| 144|0x0000000089000000, 0x0000000089000000, 0x0000000089100000|  0%| F|  |TAMS 0x0000000089000000| PB 0x0000000089000000| Untracked 
| 145|0x0000000089100000, 0x0000000089100000, 0x0000000089200000|  0%| F|  |TAMS 0x0000000089100000| PB 0x0000000089100000| Untracked 
| 146|0x0000000089200000, 0x0000000089200000, 0x0000000089300000|  0%| F|  |TAMS 0x0000000089200000| PB 0x0000000089200000| Untracked 
| 147|0x0000000089300000, 0x0000000089300000, 0x0000000089400000|  0%| F|  |TAMS 0x0000000089300000| PB 0x0000000089300000| Untracked 
| 148|0x0000000089400000, 0x0000000089400000, 0x0000000089500000|  0%| F|  |TAMS 0x0000000089400000| PB 0x0000000089400000| Untracked 
| 149|0x0000000089500000, 0x0000000089500000, 0x0000000089600000|  0%| F|  |TAMS 0x0000000089500000| PB 0x0000000089500000| Untracked 
| 150|0x0000000089600000, 0x0000000089600000, 0x0000000089700000|  0%| F|  |TAMS 0x0000000089600000| PB 0x0000000089600000| Untracked 
| 151|0x0000000089700000, 0x00000000897c47e0, 0x0000000089800000| 76%| S|CS|TAMS 0x0000000089700000| PB 0x0000000089700000| Complete 
| 152|0x0000000089800000, 0x0000000089900000, 0x0000000089900000|100%| S|CS|TAMS 0x0000000089800000| PB 0x0000000089800000| Complete 
| 153|0x0000000089900000, 0x0000000089a00000, 0x0000000089a00000|100%| S|CS|TAMS 0x0000000089900000| PB 0x0000000089900000| Complete 
| 154|0x0000000089a00000, 0x0000000089b00000, 0x0000000089b00000|100%| S|CS|TAMS 0x0000000089a00000| PB 0x0000000089a00000| Complete 
| 155|0x0000000089b00000, 0x0000000089c00000, 0x0000000089c00000|100%| S|CS|TAMS 0x0000000089b00000| PB 0x0000000089b00000| Complete 
| 156|0x0000000089c00000, 0x0000000089d00000, 0x0000000089d00000|100%| S|CS|TAMS 0x0000000089c00000| PB 0x0000000089c00000| Complete 
| 157|0x0000000089d00000, 0x0000000089e00000, 0x0000000089e00000|100%| S|CS|TAMS 0x0000000089d00000| PB 0x0000000089d00000| Complete 
| 158|0x0000000089e00000, 0x0000000089e00000, 0x0000000089f00000|  0%| F|  |TAMS 0x0000000089e00000| PB 0x0000000089e00000| Untracked 
| 159|0x0000000089f00000, 0x0000000089f00000, 0x000000008a000000|  0%| F|  |TAMS 0x0000000089f00000| PB 0x0000000089f00000| Untracked 
| 160|0x000000008a000000, 0x000000008a000000, 0x000000008a100000|  0%| F|  |TAMS 0x000000008a000000| PB 0x000000008a000000| Untracked 
| 161|0x000000008a100000, 0x000000008a100000, 0x000000008a200000|  0%| F|  |TAMS 0x000000008a100000| PB 0x000000008a100000| Untracked 
| 162|0x000000008a200000, 0x000000008a200000, 0x000000008a300000|  0%| F|  |TAMS 0x000000008a200000| PB 0x000000008a200000| Untracked 
| 163|0x000000008a300000, 0x000000008a300000, 0x000000008a400000|  0%| F|  |TAMS 0x000000008a300000| PB 0x000000008a300000| Untracked 
| 164|0x000000008a400000, 0x000000008a400000, 0x000000008a500000|  0%| F|  |TAMS 0x000000008a400000| PB 0x000000008a400000| Untracked 
| 165|0x000000008a500000, 0x000000008a500000, 0x000000008a600000|  0%| F|  |TAMS 0x000000008a500000| PB 0x000000008a500000| Untracked 
| 166|0x000000008a600000, 0x000000008a600000, 0x000000008a700000|  0%| F|  |TAMS 0x000000008a600000| PB 0x000000008a600000| Untracked 
| 167|0x000000008a700000, 0x000000008a700000, 0x000000008a800000|  0%| F|  |TAMS 0x000000008a700000| PB 0x000000008a700000| Untracked 
| 168|0x000000008a800000, 0x000000008a800000, 0x000000008a900000|  0%| F|  |TAMS 0x000000008a800000| PB 0x000000008a800000| Untracked 
| 169|0x000000008a900000, 0x000000008a900000, 0x000000008aa00000|  0%| F|  |TAMS 0x000000008a900000| PB 0x000000008a900000| Untracked 
| 170|0x000000008aa00000, 0x000000008aa00000, 0x000000008ab00000|  0%| F|  |TAMS 0x000000008aa00000| PB 0x000000008aa00000| Untracked 
| 171|0x000000008ab00000, 0x000000008ab00000, 0x000000008ac00000|  0%| F|  |TAMS 0x000000008ab00000| PB 0x000000008ab00000| Untracked 
| 172|0x000000008ac00000, 0x000000008ac00000, 0x000000008ad00000|  0%| F|  |TAMS 0x000000008ac00000| PB 0x000000008ac00000| Untracked 
| 173|0x000000008ad00000, 0x000000008ad00000, 0x000000008ae00000|  0%| F|  |TAMS 0x000000008ad00000| PB 0x000000008ad00000| Untracked 
| 174|0x000000008ae00000, 0x000000008ae00000, 0x000000008af00000|  0%| F|  |TAMS 0x000000008ae00000| PB 0x000000008ae00000| Untracked 
| 175|0x000000008af00000, 0x000000008af00000, 0x000000008b000000|  0%| F|  |TAMS 0x000000008af00000| PB 0x000000008af00000| Untracked 
| 176|0x000000008b000000, 0x000000008b000000, 0x000000008b100000|  0%| F|  |TAMS 0x000000008b000000| PB 0x000000008b000000| Untracked 
| 177|0x000000008b100000, 0x000000008b100000, 0x000000008b200000|  0%| F|  |TAMS 0x000000008b100000| PB 0x000000008b100000| Untracked 
| 178|0x000000008b200000, 0x000000008b200000, 0x000000008b300000|  0%| F|  |TAMS 0x000000008b200000| PB 0x000000008b200000| Untracked 
| 179|0x000000008b300000, 0x000000008b300000, 0x000000008b400000|  0%| F|  |TAMS 0x000000008b300000| PB 0x000000008b300000| Untracked 
| 180|0x000000008b400000, 0x000000008b400000, 0x000000008b500000|  0%| F|  |TAMS 0x000000008b400000| PB 0x000000008b400000| Untracked 
| 181|0x000000008b500000, 0x000000008b500000, 0x000000008b600000|  0%| F|  |TAMS 0x000000008b500000| PB 0x000000008b500000| Untracked 
| 182|0x000000008b600000, 0x000000008b600000, 0x000000008b700000|  0%| F|  |TAMS 0x000000008b600000| PB 0x000000008b600000| Untracked 
| 183|0x000000008b700000, 0x000000008b700000, 0x000000008b800000|  0%| F|  |TAMS 0x000000008b700000| PB 0x000000008b700000| Untracked 
| 184|0x000000008b800000, 0x000000008b800000, 0x000000008b900000|  0%| F|  |TAMS 0x000000008b800000| PB 0x000000008b800000| Untracked 
| 185|0x000000008b900000, 0x000000008b900000, 0x000000008ba00000|  0%| F|  |TAMS 0x000000008b900000| PB 0x000000008b900000| Untracked 
| 186|0x000000008ba00000, 0x000000008ba00000, 0x000000008bb00000|  0%| F|  |TAMS 0x000000008ba00000| PB 0x000000008ba00000| Untracked 
| 187|0x000000008bb00000, 0x000000008bb00000, 0x000000008bc00000|  0%| F|  |TAMS 0x000000008bb00000| PB 0x000000008bb00000| Untracked 
| 188|0x000000008bc00000, 0x000000008bc00000, 0x000000008bd00000|  0%| F|  |TAMS 0x000000008bc00000| PB 0x000000008bc00000| Untracked 
| 189|0x000000008bd00000, 0x000000008bd00000, 0x000000008be00000|  0%| F|  |TAMS 0x000000008bd00000| PB 0x000000008bd00000| Untracked 
| 190|0x000000008be00000, 0x000000008be00000, 0x000000008bf00000|  0%| F|  |TAMS 0x000000008be00000| PB 0x000000008be00000| Untracked 
| 191|0x000000008bf00000, 0x000000008bf00000, 0x000000008c000000|  0%| F|  |TAMS 0x000000008bf00000| PB 0x000000008bf00000| Untracked 
| 192|0x000000008c000000, 0x000000008c000000, 0x000000008c100000|  0%| F|  |TAMS 0x000000008c000000| PB 0x000000008c000000| Untracked 
| 193|0x000000008c100000, 0x000000008c100000, 0x000000008c200000|  0%| F|  |TAMS 0x000000008c100000| PB 0x000000008c100000| Untracked 
| 194|0x000000008c200000, 0x000000008c200000, 0x000000008c300000|  0%| F|  |TAMS 0x000000008c200000| PB 0x000000008c200000| Untracked 
| 195|0x000000008c300000, 0x000000008c300000, 0x000000008c400000|  0%| F|  |TAMS 0x000000008c300000| PB 0x000000008c300000| Untracked 
| 196|0x000000008c400000, 0x000000008c400000, 0x000000008c500000|  0%| F|  |TAMS 0x000000008c400000| PB 0x000000008c400000| Untracked 
| 197|0x000000008c500000, 0x000000008c500000, 0x000000008c600000|  0%| F|  |TAMS 0x000000008c500000| PB 0x000000008c500000| Untracked 
| 198|0x000000008c600000, 0x000000008c600000, 0x000000008c700000|  0%| F|  |TAMS 0x000000008c600000| PB 0x000000008c600000| Untracked 
| 199|0x000000008c700000, 0x000000008c700000, 0x000000008c800000|  0%| F|  |TAMS 0x000000008c700000| PB 0x000000008c700000| Untracked 
| 200|0x000000008c800000, 0x000000008c800000, 0x000000008c900000|  0%| F|  |TAMS 0x000000008c800000| PB 0x000000008c800000| Untracked 
| 201|0x000000008c900000, 0x000000008c900000, 0x000000008ca00000|  0%| F|  |TAMS 0x000000008c900000| PB 0x000000008c900000| Untracked 
| 202|0x000000008ca00000, 0x000000008ca00000, 0x000000008cb00000|  0%| F|  |TAMS 0x000000008ca00000| PB 0x000000008ca00000| Untracked 
| 203|0x000000008cb00000, 0x000000008cb00000, 0x000000008cc00000|  0%| F|  |TAMS 0x000000008cb00000| PB 0x000000008cb00000| Untracked 
| 204|0x000000008cc00000, 0x000000008cc00000, 0x000000008cd00000|  0%| F|  |TAMS 0x000000008cc00000| PB 0x000000008cc00000| Untracked 
| 205|0x000000008cd00000, 0x000000008cd00000, 0x000000008ce00000|  0%| F|  |TAMS 0x000000008cd00000| PB 0x000000008cd00000| Untracked 
| 206|0x000000008ce00000, 0x000000008ce00000, 0x000000008cf00000|  0%| F|  |TAMS 0x000000008ce00000| PB 0x000000008ce00000| Untracked 
| 207|0x000000008cf00000, 0x000000008cf00000, 0x000000008d000000|  0%| F|  |TAMS 0x000000008cf00000| PB 0x000000008cf00000| Untracked 
| 208|0x000000008d000000, 0x000000008d000000, 0x000000008d100000|  0%| F|  |TAMS 0x000000008d000000| PB 0x000000008d000000| Untracked 
| 209|0x000000008d100000, 0x000000008d100000, 0x000000008d200000|  0%| F|  |TAMS 0x000000008d100000| PB 0x000000008d100000| Untracked 
| 210|0x000000008d200000, 0x000000008d200000, 0x000000008d300000|  0%| F|  |TAMS 0x000000008d200000| PB 0x000000008d200000| Untracked 
| 211|0x000000008d300000, 0x000000008d300000, 0x000000008d400000|  0%| F|  |TAMS 0x000000008d300000| PB 0x000000008d300000| Untracked 
| 212|0x000000008d400000, 0x000000008d400000, 0x000000008d500000|  0%| F|  |TAMS 0x000000008d400000| PB 0x000000008d400000| Untracked 
| 213|0x000000008d500000, 0x000000008d500000, 0x000000008d600000|  0%| F|  |TAMS 0x000000008d500000| PB 0x000000008d500000| Untracked 
| 214|0x000000008d600000, 0x000000008d600000, 0x000000008d700000|  0%| F|  |TAMS 0x000000008d600000| PB 0x000000008d600000| Untracked 
| 215|0x000000008d700000, 0x000000008d700000, 0x000000008d800000|  0%| F|  |TAMS 0x000000008d700000| PB 0x000000008d700000| Untracked 
| 216|0x000000008d800000, 0x000000008d800000, 0x000000008d900000|  0%| F|  |TAMS 0x000000008d800000| PB 0x000000008d800000| Untracked 
| 217|0x000000008d900000, 0x000000008d900000, 0x000000008da00000|  0%| F|  |TAMS 0x000000008d900000| PB 0x000000008d900000| Untracked 
| 218|0x000000008da00000, 0x000000008da00000, 0x000000008db00000|  0%| F|  |TAMS 0x000000008da00000| PB 0x000000008da00000| Untracked 
| 219|0x000000008db00000, 0x000000008db00000, 0x000000008dc00000|  0%| F|  |TAMS 0x000000008db00000| PB 0x000000008db00000| Untracked 
| 220|0x000000008dc00000, 0x000000008dc00000, 0x000000008dd00000|  0%| F|  |TAMS 0x000000008dc00000| PB 0x000000008dc00000| Untracked 
| 221|0x000000008dd00000, 0x000000008dd00000, 0x000000008de00000|  0%| F|  |TAMS 0x000000008dd00000| PB 0x000000008dd00000| Untracked 
| 222|0x000000008de00000, 0x000000008de00000, 0x000000008df00000|  0%| F|  |TAMS 0x000000008de00000| PB 0x000000008de00000| Untracked 
| 223|0x000000008df00000, 0x000000008df00000, 0x000000008e000000|  0%| F|  |TAMS 0x000000008df00000| PB 0x000000008df00000| Untracked 
| 224|0x000000008e000000, 0x000000008e000000, 0x000000008e100000|  0%| F|  |TAMS 0x000000008e000000| PB 0x000000008e000000| Untracked 
| 225|0x000000008e100000, 0x000000008e100000, 0x000000008e200000|  0%| F|  |TAMS 0x000000008e100000| PB 0x000000008e100000| Untracked 
| 226|0x000000008e200000, 0x000000008e200000, 0x000000008e300000|  0%| F|  |TAMS 0x000000008e200000| PB 0x000000008e200000| Untracked 
| 227|0x000000008e300000, 0x000000008e300000, 0x000000008e400000|  0%| F|  |TAMS 0x000000008e300000| PB 0x000000008e300000| Untracked 
| 228|0x000000008e400000, 0x000000008e400000, 0x000000008e500000|  0%| F|  |TAMS 0x000000008e400000| PB 0x000000008e400000| Untracked 
| 229|0x000000008e500000, 0x000000008e500000, 0x000000008e600000|  0%| F|  |TAMS 0x000000008e500000| PB 0x000000008e500000| Untracked 
| 230|0x000000008e600000, 0x000000008e600000, 0x000000008e700000|  0%| F|  |TAMS 0x000000008e600000| PB 0x000000008e600000| Untracked 
| 231|0x000000008e700000, 0x000000008e700000, 0x000000008e800000|  0%| F|  |TAMS 0x000000008e700000| PB 0x000000008e700000| Untracked 
| 232|0x000000008e800000, 0x000000008e800000, 0x000000008e900000|  0%| F|  |TAMS 0x000000008e800000| PB 0x000000008e800000| Untracked 
| 233|0x000000008e900000, 0x000000008e900000, 0x000000008ea00000|  0%| F|  |TAMS 0x000000008e900000| PB 0x000000008e900000| Untracked 
| 234|0x000000008ea00000, 0x000000008ea00000, 0x000000008eb00000|  0%| F|  |TAMS 0x000000008ea00000| PB 0x000000008ea00000| Untracked 
| 235|0x000000008eb00000, 0x000000008eb00000, 0x000000008ec00000|  0%| F|  |TAMS 0x000000008eb00000| PB 0x000000008eb00000| Untracked 
| 236|0x000000008ec00000, 0x000000008ec00000, 0x000000008ed00000|  0%| F|  |TAMS 0x000000008ec00000| PB 0x000000008ec00000| Untracked 
| 237|0x000000008ed00000, 0x000000008ed00000, 0x000000008ee00000|  0%| F|  |TAMS 0x000000008ed00000| PB 0x000000008ed00000| Untracked 
| 238|0x000000008ee00000, 0x000000008ee00000, 0x000000008ef00000|  0%| F|  |TAMS 0x000000008ee00000| PB 0x000000008ee00000| Untracked 
| 239|0x000000008ef00000, 0x000000008ef00000, 0x000000008f000000|  0%| F|  |TAMS 0x000000008ef00000| PB 0x000000008ef00000| Untracked 
| 240|0x000000008f000000, 0x000000008f000000, 0x000000008f100000|  0%| F|  |TAMS 0x000000008f000000| PB 0x000000008f000000| Untracked 
| 241|0x000000008f100000, 0x000000008f100000, 0x000000008f200000|  0%| F|  |TAMS 0x000000008f100000| PB 0x000000008f100000| Untracked 
| 242|0x000000008f200000, 0x000000008f200000, 0x000000008f300000|  0%| F|  |TAMS 0x000000008f200000| PB 0x000000008f200000| Untracked 
| 243|0x000000008f300000, 0x000000008f300000, 0x000000008f400000|  0%| F|  |TAMS 0x000000008f300000| PB 0x000000008f300000| Untracked 
| 244|0x000000008f400000, 0x000000008f400000, 0x000000008f500000|  0%| F|  |TAMS 0x000000008f400000| PB 0x000000008f400000| Untracked 
| 245|0x000000008f500000, 0x000000008f500000, 0x000000008f600000|  0%| F|  |TAMS 0x000000008f500000| PB 0x000000008f500000| Untracked 
| 246|0x000000008f600000, 0x000000008f600000, 0x000000008f700000|  0%| F|  |TAMS 0x000000008f600000| PB 0x000000008f600000| Untracked 
| 247|0x000000008f700000, 0x000000008f700000, 0x000000008f800000|  0%| F|  |TAMS 0x000000008f700000| PB 0x000000008f700000| Untracked 
| 248|0x000000008f800000, 0x000000008f800000, 0x000000008f900000|  0%| F|  |TAMS 0x000000008f800000| PB 0x000000008f800000| Untracked 
| 249|0x000000008f900000, 0x000000008f900000, 0x000000008fa00000|  0%| F|  |TAMS 0x000000008f900000| PB 0x000000008f900000| Untracked 
| 250|0x000000008fa00000, 0x000000008fa00000, 0x000000008fb00000|  0%| F|  |TAMS 0x000000008fa00000| PB 0x000000008fa00000| Untracked 
|2030|0x00000000fee00000, 0x00000000fee00000, 0x00000000fef00000|  0%| F|  |TAMS 0x00000000fee00000| PB 0x00000000fee00000| Untracked 
|2031|0x00000000fef00000, 0x00000000fef00000, 0x00000000ff000000|  0%| F|  |TAMS 0x00000000fef00000| PB 0x00000000fef00000| Untracked 
|2032|0x00000000ff000000, 0x00000000ff000000, 0x00000000ff100000|  0%| F|  |TAMS 0x00000000ff000000| PB 0x00000000ff000000| Untracked 
|2033|0x00000000ff100000, 0x00000000ff100000, 0x00000000ff200000|  0%| F|  |TAMS 0x00000000ff100000| PB 0x00000000ff100000| Untracked 
|2034|0x00000000ff200000, 0x00000000ff200000, 0x00000000ff300000|  0%| F|  |TAMS 0x00000000ff200000| PB 0x00000000ff200000| Untracked 
|2035|0x00000000ff300000, 0x00000000ff300000, 0x00000000ff400000|  0%| F|  |TAMS 0x00000000ff300000| PB 0x00000000ff300000| Untracked 
|2036|0x00000000ff400000, 0x00000000ff400000, 0x00000000ff500000|  0%| F|  |TAMS 0x00000000ff400000| PB 0x00000000ff400000| Untracked 
|2037|0x00000000ff500000, 0x00000000ff500000, 0x00000000ff600000|  0%| F|  |TAMS 0x00000000ff500000| PB 0x00000000ff500000| Untracked 
|2038|0x00000000ff600000, 0x00000000ff600000, 0x00000000ff700000|  0%| F|  |TAMS 0x00000000ff600000| PB 0x00000000ff600000| Untracked 
|2039|0x00000000ff700000, 0x00000000ff700000, 0x00000000ff800000|  0%| F|  |TAMS 0x00000000ff700000| PB 0x00000000ff700000| Untracked 
|2040|0x00000000ff800000, 0x00000000ff800000, 0x00000000ff900000|  0%| F|  |TAMS 0x00000000ff800000| PB 0x00000000ff800000| Untracked 
|2041|0x00000000ff900000, 0x00000000ff900000, 0x00000000ffa00000|  0%| F|  |TAMS 0x00000000ff900000| PB 0x00000000ff900000| Untracked 
|2042|0x00000000ffa00000, 0x00000000ffa00000, 0x00000000ffb00000|  0%| F|  |TAMS 0x00000000ffa00000| PB 0x00000000ffa00000| Untracked 
|2043|0x00000000ffb00000, 0x00000000ffb075b8, 0x00000000ffc00000|  2%| E|  |TAMS 0x00000000ffb00000| PB 0x00000000ffb00000| Complete 
|2044|0x00000000ffc00000, 0x00000000ffd00000, 0x00000000ffd00000|100%| E|CS|TAMS 0x00000000ffc00000| PB 0x00000000ffc00000| Complete 
|2045|0x00000000ffd00000, 0x00000000ffe00000, 0x00000000ffe00000|100%| O|  |TAMS 0x00000000ffd00000| PB 0x00000000ffd00000| Untracked 
|2046|0x00000000ffe00000, 0x00000000fff00000, 0x00000000fff00000|100%| O|  |TAMS 0x00000000ffe00000| PB 0x00000000ffe00000| Untracked 
|2047|0x00000000fff00000, 0x0000000100000000, 0x0000000100000000|100%| O|  |TAMS 0x00000000fff00000| PB 0x00000000fff00000| Untracked 

Card table byte_map: [0x000001c23a0a0000,0x000001c23a4a0000] _byte_map_base: 0x000001c239ca0000

Marking Bits: (CMBitMap*) 0x000001c2225f9ca0
 Bits: [0x000001c23a4a0000, 0x000001c23c4a0000)

Polling page: 0x000001c220490000

Metaspace:

Usage:
  Non-class:    110.53 MB used.
      Class:     17.45 MB used.
       Both:    127.98 MB used.

Virtual space:
  Non-class space:      128.00 MB reserved,     111.75 MB ( 87%) committed,  2 nodes.
      Class space:        1.00 GB reserved,      18.69 MB (  2%) committed,  1 nodes.
             Both:        1.12 GB reserved,     130.44 MB ( 11%) committed. 

Chunk freelists:
   Non-Class:  32.00 KB
       Class:  13.27 MB
        Both:  13.30 MB

MaxMetaspaceSize: unlimited
CompressedClassSpaceSize: 1.00 GB
Initial GC threshold: 21.00 MB
Current GC threshold: 215.88 MB
CDS: on
 - commit_granule_bytes: 65536.
 - commit_granule_words: 8192.
 - virtual_space_node_default_size: 8388608.
 - enlarge_chunks_in_place: 1.
 - use_allocation_guard: 0.


Internal statistics:

num_allocs_failed_limit: 6.
num_arena_births: 4646.
num_arena_deaths: 6.
num_vsnodes_births: 3.
num_vsnodes_deaths: 0.
num_space_committed: 2086.
num_space_uncommitted: 0.
num_chunks_returned_to_freelist: 15.
num_chunks_taken_from_freelist: 10550.
num_chunk_merges: 9.
num_chunk_splits: 6928.
num_chunks_enlarged: 4437.
num_inconsistent_stats: 0.

CodeHeap 'non-profiled nmethods': size=120000Kb used=10136Kb max_used=10525Kb free=109863Kb
 bounds [0x000001c232770000, 0x000001c2331c0000, 0x000001c239ca0000]
CodeHeap 'profiled nmethods': size=120000Kb used=37147Kb max_used=37147Kb free=82852Kb
 bounds [0x000001c22aca0000, 0x000001c22d0f0000, 0x000001c2321d0000]
CodeHeap 'non-nmethods': size=5760Kb used=2270Kb max_used=2344Kb free=3489Kb
 bounds [0x000001c2321d0000, 0x000001c232440000, 0x000001c232770000]
 total_blobs=17941 nmethods=16991 adapters=853
 compilation: enabled
              stopped_count=0, restarted_count=0
 full_count=0

Compilation events (20 events):
Event: 157.060 Thread 0x000001c23e979b20 21965       2       com.android.tools.r8.dex.L$$Lambda/0x000001c24129ce98::accept (12 bytes)
Event: 157.060 Thread 0x000001c23e979b20 nmethod 21965 0x000001c22d0e4110 code [0x000001c22d0e42c0, 0x000001c22d0e4420]
Event: 157.197 Thread 0x000001c23e979b20 21966       1       com.android.tools.r8.dex.q0::b (5 bytes)
Event: 157.197 Thread 0x000001c23e979b20 nmethod 21966 0x000001c232b2d810 code [0x000001c232b2d9a0, 0x000001c232b2da68]
Event: 157.232 Thread 0x000001c23e979b20 21967       2       com.android.tools.r8.internal.Zp::a (44 bytes)
Event: 157.234 Thread 0x000001c23e979b20 nmethod 21967 0x000001c22d0e4510 code [0x000001c22d0e4700, 0x000001c22d0e49d8]
Event: 157.234 Thread 0x000001c23e979b20 21968       3       com.android.tools.r8.dex.J::b (42 bytes)
Event: 157.235 Thread 0x000001c23e979b20 nmethod 21968 0x000001c22d0e4c10 code [0x000001c22d0e4dc0, 0x000001c22d0e4fe0]
Event: 157.235 Thread 0x000001c23e979b20 21969       3       com.android.tools.r8.dex.u::a (50 bytes)
Event: 157.235 Thread 0x000001c23e979b20 nmethod 21969 0x000001c22d0e5090 code [0x000001c22d0e52a0, 0x000001c22d0e58a8]
Event: 157.235 Thread 0x000001c23e979b20 21973       1       com.android.tools.r8.internal.co::C (2 bytes)
Event: 157.235 Thread 0x000001c23e979b20 nmethod 21973 0x000001c232b2d410 code [0x000001c232b2d5a0, 0x000001c232b2d668]
Event: 157.236 Thread 0x000001c23e979b20 21970       1       com.android.tools.r8.graph.X0$a::b (5 bytes)
Event: 157.236 Thread 0x000001c23e979b20 nmethod 21970 0x000001c2329a6d10 code [0x000001c2329a6ea0, 0x000001c2329a6f50]
Event: 157.236 Thread 0x000001c23e979b20 21971       1       com.android.tools.r8.graph.X0$a::c (5 bytes)
Event: 157.236 Thread 0x000001c23e979b20 nmethod 21971 0x000001c2329a6a10 code [0x000001c2329a6ba0, 0x000001c2329a6c50]
Event: 157.236 Thread 0x000001c23e979b20 21972       1       com.android.tools.r8.graph.P0$b::r0 (3 bytes)
Event: 157.236 Thread 0x000001c23e979b20 nmethod 21972 0x000001c2329a6710 code [0x000001c2329a68a0, 0x000001c2329a6968]
Event: 157.236 Thread 0x000001c23e979b20 21974       2       com.android.tools.r8.dex.J::a (36 bytes)
Event: 157.237 Thread 0x000001c23e979b20 nmethod 21974 0x000001c22d0e5b10 code [0x000001c22d0e5ce0, 0x000001c22d0e5ec8]

GC Heap History (20 events):
Event: 61.562 GC heap before
{Heap before GC invocations=51 (full 0):
 garbage-first heap   total 275456K, used 201798K [0x0000000080000000, 0x0000000100000000)
  region size 1024K, 64 young (65536K), 2 survivors (2048K)
 Metaspace       used 105718K, committed 108096K, reserved 1179648K
  class space    used 14487K, committed 15680K, reserved 1048576K
}
Event: 61.585 GC heap after
{Heap after GC invocations=52 (full 0):
 garbage-first heap   total 275456K, used 140591K [0x0000000080000000, 0x0000000100000000)
  region size 1024K, 4 young (4096K), 4 survivors (4096K)
 Metaspace       used 105718K, committed 108096K, reserved 1179648K
  class space    used 14487K, committed 15680K, reserved 1048576K
}
Event: 63.854 GC heap before
{Heap before GC invocations=52 (full 0):
 garbage-first heap   total 275456K, used 210223K [0x0000000080000000, 0x0000000100000000)
  region size 1024K, 73 young (74752K), 4 survivors (4096K)
 Metaspace       used 106282K, committed 108672K, reserved 1179648K
  class space    used 14549K, committed 15744K, reserved 1048576K
}
Event: 63.869 GC heap after
{Heap after GC invocations=53 (full 0):
 garbage-first heap   total 275456K, used 147220K [0x0000000080000000, 0x0000000100000000)
  region size 1024K, 10 young (10240K), 10 survivors (10240K)
 Metaspace       used 106282K, committed 108672K, reserved 1179648K
  class space    used 14549K, committed 15744K, reserved 1048576K
}
Event: 65.793 GC heap before
{Heap before GC invocations=54 (full 0):
 garbage-first heap   total 275456K, used 216852K [0x0000000080000000, 0x0000000100000000)
  region size 1024K, 81 young (82944K), 10 survivors (10240K)
 Metaspace       used 106375K, committed 108736K, reserved 1179648K
  class space    used 14557K, committed 15744K, reserved 1048576K
}
Event: 65.811 GC heap after
{Heap after GC invocations=55 (full 0):
 garbage-first heap   total 275456K, used 147456K [0x0000000080000000, 0x0000000100000000)
  region size 1024K, 6 young (6144K), 6 survivors (6144K)
 Metaspace       used 106375K, committed 108736K, reserved 1179648K
  class space    used 14557K, committed 15744K, reserved 1048576K
}
Event: 74.182 GC heap before
{Heap before GC invocations=55 (full 0):
 garbage-first heap   total 275456K, used 224256K [0x0000000080000000, 0x0000000100000000)
  region size 1024K, 82 young (83968K), 6 survivors (6144K)
 Metaspace       used 107663K, committed 110016K, reserved 1179648K
  class space    used 14684K, committed 15872K, reserved 1048576K
}
Event: 74.200 GC heap after
{Heap after GC invocations=56 (full 0):
 garbage-first heap   total 275456K, used 139717K [0x0000000080000000, 0x0000000100000000)
  region size 1024K, 9 young (9216K), 9 survivors (9216K)
 Metaspace       used 107663K, committed 110016K, reserved 1179648K
  class space    used 14684K, committed 15872K, reserved 1048576K
}
Event: 144.485 GC heap before
{Heap before GC invocations=56 (full 0):
 garbage-first heap   total 275456K, used 226757K [0x0000000080000000, 0x0000000100000000)
  region size 1024K, 96 young (98304K), 9 survivors (9216K)
 Metaspace       used 111938K, committed 114432K, reserved 1179648K
  class space    used 15203K, committed 16448K, reserved 1048576K
}
Event: 144.509 GC heap after
{Heap after GC invocations=57 (full 0):
 garbage-first heap   total 275456K, used 145165K [0x0000000080000000, 0x0000000100000000)
  region size 1024K, 8 young (8192K), 8 survivors (8192K)
 Metaspace       used 111938K, committed 114432K, reserved 1179648K
  class space    used 15203K, committed 16448K, reserved 1048576K
}
Event: 147.555 GC heap before
{Heap before GC invocations=58 (full 0):
 garbage-first heap   total 275456K, used 228109K [0x0000000080000000, 0x0000000100000000)
  region size 1024K, 96 young (98304K), 8 survivors (8192K)
 Metaspace       used 120078K, committed 122624K, reserved 1179648K
  class space    used 16360K, committed 17664K, reserved 1048576K
}
Event: 147.581 GC heap after
{Heap after GC invocations=59 (full 0):
 garbage-first heap   total 275456K, used 148243K [0x0000000080000000, 0x0000000100000000)
  region size 1024K, 11 young (11264K), 11 survivors (11264K)
 Metaspace       used 120078K, committed 122624K, reserved 1179648K
  class space    used 16360K, committed 17664K, reserved 1048576K
}
Event: 150.762 GC heap before
{Heap before GC invocations=59 (full 0):
 garbage-first heap   total 275456K, used 235283K [0x0000000080000000, 0x0000000100000000)
  region size 1024K, 97 young (99328K), 11 survivors (11264K)
 Metaspace       used 127479K, committed 129984K, reserved 1179648K
  class space    used 17418K, committed 18688K, reserved 1048576K
}
Event: 150.790 GC heap after
{Heap after GC invocations=60 (full 0):
 garbage-first heap   total 275456K, used 147351K [0x0000000080000000, 0x0000000100000000)
  region size 1024K, 5 young (5120K), 5 survivors (5120K)
 Metaspace       used 127479K, committed 129984K, reserved 1179648K
  class space    used 17418K, committed 18688K, reserved 1048576K
}
Event: 152.643 GC heap before
{Heap before GC invocations=60 (full 0):
 garbage-first heap   total 275456K, used 233367K [0x0000000080000000, 0x0000000100000000)
  region size 1024K, 91 young (93184K), 5 survivors (5120K)
 Metaspace       used 129921K, committed 132480K, reserved 1179648K
  class space    used 17738K, committed 19008K, reserved 1048576K
}
Event: 152.655 GC heap after
{Heap after GC invocations=61 (full 0):
 garbage-first heap   total 275456K, used 148319K [0x0000000080000000, 0x0000000100000000)
  region size 1024K, 6 young (6144K), 6 survivors (6144K)
 Metaspace       used 129921K, committed 132480K, reserved 1179648K
  class space    used 17738K, committed 19008K, reserved 1048576K
}
Event: 155.289 GC heap before
{Heap before GC invocations=62 (full 0):
 garbage-first heap   total 275456K, used 246623K [0x0000000080000000, 0x0000000100000000)
  region size 1024K, 102 young (104448K), 6 survivors (6144K)
 Metaspace       used 130245K, committed 132800K, reserved 1179648K
  class space    used 17767K, committed 19072K, reserved 1048576K
}
Event: 155.307 GC heap after
{Heap after GC invocations=63 (full 0):
 garbage-first heap   total 275456K, used 146432K [0x0000000080000000, 0x0000000100000000)
  region size 1024K, 4 young (4096K), 4 survivors (4096K)
 Metaspace       used 130245K, committed 132800K, reserved 1179648K
  class space    used 17767K, committed 19072K, reserved 1048576K
}
Event: 157.198 GC heap before
{Heap before GC invocations=63 (full 0):
 garbage-first heap   total 275456K, used 251904K [0x0000000080000000, 0x0000000100000000)
  region size 1024K, 108 young (110592K), 4 survivors (4096K)
 Metaspace       used 131054K, committed 133568K, reserved 1179648K
  class space    used 17870K, committed 19136K, reserved 1048576K
}
Event: 157.232 GC heap after
{Heap after GC invocations=64 (full 0):
 garbage-first heap   total 275456K, used 144429K [0x0000000080000000, 0x0000000100000000)
  region size 1024K, 7 young (7168K), 7 survivors (7168K)
 Metaspace       used 131054K, committed 133568K, reserved 1179648K
  class space    used 17870K, committed 19136K, reserved 1048576K
}

Dll operation events (16 events):
Event: 0.020 Loaded shared library D:\SEMESTER 6\AI\Project code\OpenJDK21U-jdk_x64_windows_hotspot_21.0.7_6\jdk-21.0.7+6\bin\java.dll
Event: 0.087 Loaded shared library D:\SEMESTER 6\AI\Project code\OpenJDK21U-jdk_x64_windows_hotspot_21.0.7_6\jdk-21.0.7+6\bin\jsvml.dll
Event: 0.205 Loaded shared library D:\SEMESTER 6\AI\Project code\OpenJDK21U-jdk_x64_windows_hotspot_21.0.7_6\jdk-21.0.7+6\bin\zip.dll
Event: 0.213 Loaded shared library D:\SEMESTER 6\AI\Project code\OpenJDK21U-jdk_x64_windows_hotspot_21.0.7_6\jdk-21.0.7+6\bin\instrument.dll
Event: 0.223 Loaded shared library D:\SEMESTER 6\AI\Project code\OpenJDK21U-jdk_x64_windows_hotspot_21.0.7_6\jdk-21.0.7+6\bin\net.dll
Event: 0.226 Loaded shared library D:\SEMESTER 6\AI\Project code\OpenJDK21U-jdk_x64_windows_hotspot_21.0.7_6\jdk-21.0.7+6\bin\nio.dll
Event: 0.232 Loaded shared library D:\SEMESTER 6\AI\Project code\OpenJDK21U-jdk_x64_windows_hotspot_21.0.7_6\jdk-21.0.7+6\bin\zip.dll
Event: 1.288 Loaded shared library D:\SEMESTER 6\AI\Project code\OpenJDK21U-jdk_x64_windows_hotspot_21.0.7_6\jdk-21.0.7+6\bin\jimage.dll
Event: 1.842 Loaded shared library D:\SEMESTER 6\AI\Project code\OpenJDK21U-jdk_x64_windows_hotspot_21.0.7_6\jdk-21.0.7+6\bin\verify.dll
Event: 2.047 Loaded shared library D:\Gradle\native\1def1411415f61bf3af743bc5b6707747c0891f09f0c88961ee8f79bc544acac\windows-amd64\native-platform.dll
Event: 2.101 Loaded shared library D:\Gradle\native\0.2.7\x86_64-windows-gnu\gradle-fileevents.dll
Event: 5.918 Loaded shared library D:\SEMESTER 6\AI\Project code\OpenJDK21U-jdk_x64_windows_hotspot_21.0.7_6\jdk-21.0.7+6\bin\management.dll
Event: 5.927 Loaded shared library D:\SEMESTER 6\AI\Project code\OpenJDK21U-jdk_x64_windows_hotspot_21.0.7_6\jdk-21.0.7+6\bin\management_ext.dll
Event: 6.415 Loaded shared library D:\SEMESTER 6\AI\Project code\OpenJDK21U-jdk_x64_windows_hotspot_21.0.7_6\jdk-21.0.7+6\bin\extnet.dll
Event: 6.975 Loaded shared library D:\SEMESTER 6\AI\Project code\OpenJDK21U-jdk_x64_windows_hotspot_21.0.7_6\jdk-21.0.7+6\bin\sunmscapi.dll
Event: 76.086 Loaded shared library D:\SEMESTER 6\AI\Project code\OpenJDK21U-jdk_x64_windows_hotspot_21.0.7_6\jdk-21.0.7+6\bin\rmi.dll

Deoptimization events (20 events):
Event: 156.694 Thread 0x000001c28ad55e50 Uncommon trap: trap_request=0xffffffc6 fr.pc=0x000001c2327ea8d0 relative=0x00000000000001f0
Event: 156.694 Thread 0x000001c28ad55e50 Uncommon trap: reason=bimorphic_or_optimized_type_check action=maybe_recompile pc=0x000001c2327ea8d0 method=com.android.tools.r8.internal.rs0.a(Lcom/android/tools/r8/internal/rs0;Lcom/android/tools/r8/internal/Gf;)I @ 2 c2
Event: 156.694 Thread 0x000001c28ad55e50 DEOPT PACKING pc=0x000001c2327ea8d0 sp=0x0000008fc65fdb30
Event: 156.694 Thread 0x000001c28ad55e50 DEOPT UNPACKING pc=0x000001c2322246a2 sp=0x0000008fc65fdac0 mode 2
Event: 156.699 Thread 0x000001c28ad55e50 Uncommon trap: trap_request=0xffffffc6 fr.pc=0x000001c2327ea8d0 relative=0x00000000000001f0
Event: 156.699 Thread 0x000001c28ad55e50 Uncommon trap: reason=bimorphic_or_optimized_type_check action=maybe_recompile pc=0x000001c2327ea8d0 method=com.android.tools.r8.internal.rs0.a(Lcom/android/tools/r8/internal/rs0;Lcom/android/tools/r8/internal/Gf;)I @ 2 c2
Event: 156.699 Thread 0x000001c28ad55e50 DEOPT PACKING pc=0x000001c2327ea8d0 sp=0x0000008fc65fdb30
Event: 156.699 Thread 0x000001c28ad55e50 DEOPT UNPACKING pc=0x000001c2322246a2 sp=0x0000008fc65fdac0 mode 2
Event: 156.723 Thread 0x000001c28ad55e50 Uncommon trap: trap_request=0xffffff45 fr.pc=0x000001c233169120 relative=0x0000000000000340
Event: 156.723 Thread 0x000001c28ad55e50 Uncommon trap: reason=unstable_if action=reinterpret pc=0x000001c233169120 method=com.android.tools.r8.graph.J2.a(Lcom/android/tools/r8/graph/J2;)I @ 60 c2
Event: 156.723 Thread 0x000001c28ad55e50 DEOPT PACKING pc=0x000001c233169120 sp=0x0000008fc65fd460
Event: 156.723 Thread 0x000001c28ad55e50 DEOPT UNPACKING pc=0x000001c2322246a2 sp=0x0000008fc65fd368 mode 2
Event: 156.723 Thread 0x000001c28ad55e50 Uncommon trap: trap_request=0xffffff45 fr.pc=0x000001c2328376f0 relative=0x0000000000000330
Event: 156.723 Thread 0x000001c28ad55e50 Uncommon trap: reason=unstable_if action=reinterpret pc=0x000001c2328376f0 method=com.android.tools.r8.graph.J2.a(Lcom/android/tools/r8/graph/J2;)I @ 60 c2
Event: 156.723 Thread 0x000001c28ad55e50 DEOPT PACKING pc=0x000001c2328376f0 sp=0x0000008fc65fd3c0
Event: 156.723 Thread 0x000001c28ad55e50 DEOPT UNPACKING pc=0x000001c2322246a2 sp=0x0000008fc65fd358 mode 2
Event: 156.828 Thread 0x000001c28ad55e50 DEOPT PACKING pc=0x000001c22ce7ee8c sp=0x0000008fc65fd310
Event: 156.828 Thread 0x000001c28ad55e50 DEOPT UNPACKING pc=0x000001c232224e42 sp=0x0000008fc65fc7c8 mode 0
Event: 156.828 Thread 0x000001c28ad55e50 DEOPT PACKING pc=0x000001c22ce9053c sp=0x0000008fc65fd390
Event: 156.828 Thread 0x000001c28ad55e50 DEOPT UNPACKING pc=0x000001c232224e42 sp=0x0000008fc65fc848 mode 0

Classes loaded (20 events):
Event: 148.860 Loading class java/util/PriorityQueue
Event: 148.862 Loading class java/util/PriorityQueue done
Event: 151.003 Loading class java/util/IdentityHashMap$ValueIterator
Event: 151.004 Loading class java/util/IdentityHashMap$ValueIterator done
Event: 152.121 Loading class java/nio/ShortBuffer
Event: 152.123 Loading class java/nio/ShortBuffer done
Event: 152.587 Loading class java/nio/ByteBufferAsShortBufferL
Event: 152.588 Loading class java/nio/ByteBufferAsShortBufferL done
Event: 152.864 Loading class java/util/zip/Adler32
Event: 152.865 Loading class java/util/zip/Adler32 done
Event: 153.616 Loading class java/util/zip/Deflater
Event: 153.620 Loading class java/util/zip/Deflater done
Event: 153.627 Loading class java/util/zip/Deflater$DeflaterZStreamRef
Event: 153.646 Loading class java/util/zip/Deflater$DeflaterZStreamRef done
Event: 153.690 Loading class java/util/zip/ZipOutputStream$XEntry
Event: 153.691 Loading class java/util/zip/ZipOutputStream$XEntry done
Event: 154.133 Loading class java/util/Vector$Itr
Event: 154.270 Loading class java/util/Vector$Itr done
Event: 156.841 Loading class java/nio/file/Path$1
Event: 156.848 Loading class java/nio/file/Path$1 done

Classes unloaded (3 events):
Event: 153.078 Thread 0x000001c23e9453f0 Unloading class 0x000001c2410fcc00 'java/lang/invoke/LambdaForm$DMH+0x000001c2410fcc00'
Event: 153.078 Thread 0x000001c23e9453f0 Unloading class 0x000001c2410fc800 'java/lang/invoke/LambdaForm$DMH+0x000001c2410fc800'
Event: 153.078 Thread 0x000001c23e9453f0 Unloading class 0x000001c2410fc400 'java/lang/invoke/LambdaForm$DMH+0x000001c2410fc400'

Classes redefined (0 events):
No events

Internal exceptions (20 events):
Event: 156.922 Thread 0x000001c28ad50f90 Exception <a 'sun/nio/fs/WindowsException'{0x000000008a862ed0}> (0x000000008a862ed0) 
thrown [s\src\hotspot\share\prims\jni.cpp, line 520]
Event: 156.931 Thread 0x000001c28ad50f90 Exception <a 'sun/nio/fs/WindowsException'{0x000000008a86a158}> (0x000000008a86a158) 
thrown [s\src\hotspot\share\prims\jni.cpp, line 520]
Event: 156.939 Thread 0x000001c28ad55e50 Exception <a 'sun/nio/fs/WindowsException'{0x000000008a787c30}> (0x000000008a787c30) 
thrown [s\src\hotspot\share\prims\jni.cpp, line 520]
Event: 156.953 Thread 0x000001c28ad55e50 Exception <a 'sun/nio/fs/WindowsException'{0x000000008a7d55f8}> (0x000000008a7d55f8) 
thrown [s\src\hotspot\share\prims\jni.cpp, line 520]
Event: 156.959 Thread 0x000001c28ad50f90 Exception <a 'sun/nio/fs/WindowsException'{0x000000008a884a10}> (0x000000008a884a10) 
thrown [s\src\hotspot\share\prims\jni.cpp, line 520]
Event: 156.975 Thread 0x000001c28ad50f90 Exception <a 'sun/nio/fs/WindowsException'{0x000000008a6844a8}> (0x000000008a6844a8) 
thrown [s\src\hotspot\share\prims\jni.cpp, line 520]
Event: 156.977 Thread 0x000001c28ad55e50 Exception <a 'sun/nio/fs/WindowsException'{0x000000008a7dc358}> (0x000000008a7dc358) 
thrown [s\src\hotspot\share\prims\jni.cpp, line 520]
Event: 156.988 Thread 0x000001c28ad55e50 Exception <a 'sun/nio/fs/WindowsException'{0x000000008a7ec020}> (0x000000008a7ec020) 
thrown [s\src\hotspot\share\prims\jni.cpp, line 520]
Event: 156.991 Thread 0x000001c28ad50f90 Exception <a 'sun/nio/fs/WindowsException'{0x000000008a6cb180}> (0x000000008a6cb180) 
thrown [s\src\hotspot\share\prims\jni.cpp, line 520]
Event: 157.001 Thread 0x000001c28ad55e50 Exception <a 'sun/nio/fs/WindowsException'{0x000000008a7f4488}> (0x000000008a7f4488) 
thrown [s\src\hotspot\share\prims\jni.cpp, line 520]
Event: 157.001 Thread 0x000001c28ad50f90 Exception <a 'sun/nio/fs/WindowsException'{0x000000008a6d2330}> (0x000000008a6d2330) 
thrown [s\src\hotspot\share\prims\jni.cpp, line 520]
Event: 157.015 Thread 0x000001c28ad55e50 Exception <a 'sun/nio/fs/WindowsException'{0x000000008a7fbc00}> (0x000000008a7fbc00) 
thrown [s\src\hotspot\share\prims\jni.cpp, line 520]
Event: 157.021 Thread 0x000001c28ad50f90 Exception <a 'sun/nio/fs/WindowsException'{0x000000008a6e2588}> (0x000000008a6e2588) 
thrown [s\src\hotspot\share\prims\jni.cpp, line 520]
Event: 157.037 Thread 0x000001c28ad55e50 Exception <a 'sun/nio/fs/WindowsException'{0x000000008a4c2238}> (0x000000008a4c2238) 
thrown [s\src\hotspot\share\prims\jni.cpp, line 520]
Event: 157.042 Thread 0x000001c28ad55e50 Exception <a 'sun/nio/fs/WindowsException'{0x000000008a4cce48}> (0x000000008a4cce48) 
thrown [s\src\hotspot\share\prims\jni.cpp, line 520]
Event: 157.045 Thread 0x000001c28ad55e50 Exception <a 'sun/nio/fs/WindowsException'{0x000000008a4da000}> (0x000000008a4da000) 
thrown [s\src\hotspot\share\prims\jni.cpp, line 520]
Event: 157.060 Thread 0x000001c28ad50f90 Exception <a 'sun/nio/fs/WindowsException'{0x000000008a6f7020}> (0x000000008a6f7020) 
thrown [s\src\hotspot\share\prims\jni.cpp, line 520]
Event: 157.064 Thread 0x000001c28ad55e50 Exception <a 'sun/nio/fs/WindowsException'{0x000000008a4e4c30}> (0x000000008a4e4c30) 
thrown [s\src\hotspot\share\prims\jni.cpp, line 520]
Event: 157.237 Thread 0x000001c28ad50f90 Exception <a 'sun/nio/fs/WindowsException'{0x00000000ffccdde0}> (0x00000000ffccdde0) 
thrown [s\src\hotspot\share\prims\jni.cpp, line 520]
Event: 157.238 Thread 0x000001c28ad55e50 Exception <a 'sun/nio/fs/WindowsException'{0x00000000ffc45448}> (0x00000000ffc45448) 
thrown [s\src\hotspot\share\prims\jni.cpp, line 520]

ZGC Phase Switch (0 events):
No events

VM Operations (20 events):
Event: 155.692 Executing VM operation: ICBufferFull
Event: 155.693 Executing VM operation: ICBufferFull done
Event: 155.936 Executing VM operation: ICBufferFull
Event: 155.936 Executing VM operation: ICBufferFull done
Event: 156.060 Executing VM operation: HandshakeAllThreads (Deoptimize)
Event: 156.073 Executing VM operation: HandshakeAllThreads (Deoptimize) done
Event: 156.275 Executing VM operation: ICBufferFull
Event: 156.276 Executing VM operation: ICBufferFull done
Event: 156.276 Executing VM operation: HandshakeAllThreads (Deoptimize)
Event: 156.276 Executing VM operation: HandshakeAllThreads (Deoptimize) done
Event: 156.497 Executing VM operation: HandshakeAllThreads (Deoptimize)
Event: 156.498 Executing VM operation: HandshakeAllThreads (Deoptimize) done
Event: 156.504 Executing VM operation: HandshakeAllThreads (Deoptimize)
Event: 156.505 Executing VM operation: HandshakeAllThreads (Deoptimize) done
Event: 156.798 Executing VM operation: ICBufferFull
Event: 156.807 Executing VM operation: ICBufferFull done
Event: 156.828 Executing VM operation: HandshakeAllThreads (Deoptimize)
Event: 156.828 Executing VM operation: HandshakeAllThreads (Deoptimize) done
Event: 157.197 Executing VM operation: G1CollectForAllocation (G1 Evacuation Pause)
Event: 157.232 Executing VM operation: G1CollectForAllocation (G1 Evacuation Pause) done

Memory protections (0 events):
No events

Nmethod flushes (20 events):
Event: 153.382 Thread 0x000001c23e9453f0 flushing  nmethod 0x000001c22bf4b210
Event: 153.382 Thread 0x000001c23e9453f0 flushing  nmethod 0x000001c22bf4eb10
Event: 153.382 Thread 0x000001c23e9453f0 flushing  nmethod 0x000001c22c02f690
Event: 153.382 Thread 0x000001c23e9453f0 flushing  nmethod 0x000001c22c097090
Event: 153.382 Thread 0x000001c23e9453f0 flushing  nmethod 0x000001c22c097a10
Event: 153.382 Thread 0x000001c23e9453f0 flushing  nmethod 0x000001c22c0ef710
Event: 153.382 Thread 0x000001c23e9453f0 flushing  nmethod 0x000001c22c0f1190
Event: 153.382 Thread 0x000001c23e9453f0 flushing  nmethod 0x000001c22c15b210
Event: 153.382 Thread 0x000001c23e9453f0 flushing  nmethod 0x000001c22c22f010
Event: 153.382 Thread 0x000001c23e9453f0 flushing  nmethod 0x000001c22c22f410
Event: 153.382 Thread 0x000001c23e9453f0 flushing  nmethod 0x000001c22c25fc90
Event: 153.382 Thread 0x000001c23e9453f0 flushing  nmethod 0x000001c22c3e5b10
Event: 153.382 Thread 0x000001c23e9453f0 flushing  nmethod 0x000001c22c3e9e10
Event: 153.382 Thread 0x000001c23e9453f0 flushing  nmethod 0x000001c22c55b210
Event: 153.382 Thread 0x000001c23e9453f0 flushing  nmethod 0x000001c22c587990
Event: 153.382 Thread 0x000001c23e9453f0 flushing  nmethod 0x000001c22c691e10
Event: 153.382 Thread 0x000001c23e9453f0 flushing  nmethod 0x000001c22c696690
Event: 153.382 Thread 0x000001c23e9453f0 flushing  nmethod 0x000001c22c6c5f90
Event: 153.382 Thread 0x000001c23e9453f0 flushing  nmethod 0x000001c22c6c6390
Event: 153.382 Thread 0x000001c23e9453f0 flushing  nmethod 0x000001c22c6e2690

Events (20 events):
Event: 66.619 Thread 0x000001c28ad52340 Thread added: 0x000001c287305e50
Event: 66.636 Thread 0x000001c289663fe0 Thread exited: 0x000001c289663fe0
Event: 66.648 Thread 0x000001c28ad52340 Thread added: 0x000001c287307200
Event: 66.648 Thread 0x000001c28ad52340 Thread added: 0x000001c287307f20
Event: 72.225 Thread 0x000001c23e979b20 Thread added: 0x000001c28965e080
Event: 73.759 Thread 0x000001c28965e080 Thread exited: 0x000001c28965e080
Event: 74.727 Thread 0x000001c23e979b20 Thread added: 0x000001c289663fe0
Event: 75.221 Thread 0x000001c289663fe0 Thread exited: 0x000001c289663fe0
Event: 76.025 Thread 0x000001c28ad54aa0 Thread added: 0x000001c2873085b0
Event: 76.080 Thread 0x000001c28ad54aa0 Thread added: 0x000001c2873036f0
Event: 76.088 Thread 0x000001c28ad54aa0 Thread added: 0x000001c287305130
Event: 76.343 Thread 0x000001c28ad54aa0 Thread added: 0x000001c287301620
Event: 76.343 Thread 0x000001c28ad54aa0 Thread added: 0x000001c287302340
Event: 76.392 Thread 0x000001c287301620 Thread added: 0x000001c287304410
Event: 76.629 Thread 0x000001c23e979b20 Thread added: 0x000001c289660960
Event: 76.880 Thread 0x000001c289660960 Thread exited: 0x000001c289660960
Event: 133.504 Thread 0x000001c28f0e0590 Thread exited: 0x000001c28f0e0590
Event: 144.529 Thread 0x000001c2873036f0 Thread exited: 0x000001c2873036f0
Event: 145.126 Thread 0x000001c285ed3b60 Thread added: 0x000001c28999c5e0
Event: 147.179 Thread 0x000001c28999c5e0 Thread exited: 0x000001c28999c5e0


Dynamic libraries:
0x00007ff65b5c0000 - 0x00007ff65b5ce000 	D:\SEMESTER 6\AI\Project code\OpenJDK21U-jdk_x64_windows_hotspot_21.0.7_6\jdk-21.0.7+6\bin\java.exe
0x00007ffa2ef90000 - 0x00007ffa2f188000 	C:\Windows\SYSTEM32\ntdll.dll
0x00007ffa2d920000 - 0x00007ffa2d9e2000 	C:\Windows\System32\KERNEL32.DLL
0x00007ffa2c900000 - 0x00007ffa2cbf6000 	C:\Windows\System32\KERNELBASE.dll
0x00007ffa2c800000 - 0x00007ffa2c900000 	C:\Windows\System32\ucrtbase.dll
0x00007ffa09e30000 - 0x00007ffa09e48000 	D:\SEMESTER 6\AI\Project code\OpenJDK21U-jdk_x64_windows_hotspot_21.0.7_6\jdk-21.0.7+6\bin\jli.dll
0x00007ffa2e6d0000 - 0x00007ffa2e871000 	C:\Windows\System32\USER32.dll
0x00007ffa2ccd0000 - 0x00007ffa2ccf2000 	C:\Windows\System32\win32u.dll
0x00007ffa2e640000 - 0x00007ffa2e66b000 	C:\Windows\System32\GDI32.dll
0x00007ffa14020000 - 0x00007ffa1403e000 	D:\SEMESTER 6\AI\Project code\OpenJDK21U-jdk_x64_windows_hotspot_21.0.7_6\jdk-21.0.7+6\bin\VCRUNTIME140.dll
0x00007ffa2c6e0000 - 0x00007ffa2c7f9000 	C:\Windows\System32\gdi32full.dll
0x00007ffa16b20000 - 0x00007ffa16dbb000 	C:\Windows\WinSxS\amd64_microsoft.windows.common-controls_6595b64144ccf1df_6.0.19041.6456_none_60b8a6cb71f64256\COMCTL32.dll
0x00007ffa2cf10000 - 0x00007ffa2cfad000 	C:\Windows\System32\msvcp_win.dll
0x00007ffa2ed70000 - 0x00007ffa2ee0e000 	C:\Windows\System32\msvcrt.dll
0x00007ffa2d090000 - 0x00007ffa2d0bf000 	C:\Windows\System32\IMM32.DLL
0x00007ffa164f0000 - 0x00007ffa164fc000 	D:\SEMESTER 6\AI\Project code\OpenJDK21U-jdk_x64_windows_hotspot_21.0.7_6\jdk-21.0.7+6\bin\vcruntime140_1.dll
0x00007ff9ff470000 - 0x00007ff9ff4fd000 	D:\SEMESTER 6\AI\Project code\OpenJDK21U-jdk_x64_windows_hotspot_21.0.7_6\jdk-21.0.7+6\bin\msvcp140.dll
0x00007ff9a22a0000 - 0x00007ff9a3030000 	D:\SEMESTER 6\AI\Project code\OpenJDK21U-jdk_x64_windows_hotspot_21.0.7_6\jdk-21.0.7+6\bin\server\jvm.dll
0x00007ffa2dfa0000 - 0x00007ffa2e051000 	C:\Windows\System32\ADVAPI32.dll
0x00007ffa2ec70000 - 0x00007ffa2ed0f000 	C:\Windows\System32\sechost.dll
0x00007ffa2e470000 - 0x00007ffa2e590000 	C:\Windows\System32\RPCRT4.dll
0x00007ffa2c6b0000 - 0x00007ffa2c6d7000 	C:\Windows\System32\bcrypt.dll
0x00007ffa2d890000 - 0x00007ffa2d8fb000 	C:\Windows\System32\WS2_32.dll
0x00007ffa2c480000 - 0x00007ffa2c4cb000 	C:\Windows\SYSTEM32\POWRPROF.dll
0x00007ffa16e70000 - 0x00007ffa16e97000 	C:\Windows\SYSTEM32\WINMM.dll
0x00007ffa20730000 - 0x00007ffa2073a000 	C:\Windows\SYSTEM32\VERSION.dll
0x00007ffa2c460000 - 0x00007ffa2c472000 	C:\Windows\SYSTEM32\UMPDC.dll
0x00007ffa2adf0000 - 0x00007ffa2ae02000 	C:\Windows\SYSTEM32\kernel.appcore.dll
0x00007ffa138f0000 - 0x00007ffa138fa000 	D:\SEMESTER 6\AI\Project code\OpenJDK21U-jdk_x64_windows_hotspot_21.0.7_6\jdk-21.0.7+6\bin\jimage.dll
0x00007ffa262f0000 - 0x00007ffa264f1000 	C:\Windows\SYSTEM32\DBGHELP.DLL
0x00007ffa10e30000 - 0x00007ffa10e64000 	C:\Windows\SYSTEM32\dbgcore.DLL
0x00007ffa2c620000 - 0x00007ffa2c6a2000 	C:\Windows\System32\bcryptPrimitives.dll
0x00007ffa03f70000 - 0x00007ffa03f7f000 	D:\SEMESTER 6\AI\Project code\OpenJDK21U-jdk_x64_windows_hotspot_21.0.7_6\jdk-21.0.7+6\bin\instrument.dll
0x00007ffa09e10000 - 0x00007ffa09e2f000 	D:\SEMESTER 6\AI\Project code\OpenJDK21U-jdk_x64_windows_hotspot_21.0.7_6\jdk-21.0.7+6\bin\java.dll
0x00007ffa2d0c0000 - 0x00007ffa2d830000 	C:\Windows\System32\SHELL32.dll
0x00007ffa2a5e0000 - 0x00007ffa2ad85000 	C:\Windows\SYSTEM32\windows.storage.dll
0x00007ffa2e880000 - 0x00007ffa2ebd4000 	C:\Windows\System32\combase.dll
0x00007ffa2be90000 - 0x00007ffa2bebb000 	C:\Windows\SYSTEM32\Wldp.dll
0x00007ffa2d9f0000 - 0x00007ffa2dabd000 	C:\Windows\System32\OLEAUT32.dll
0x00007ffa2e2a0000 - 0x00007ffa2e34d000 	C:\Windows\System32\SHCORE.dll
0x00007ffa2dac0000 - 0x00007ffa2db1b000 	C:\Windows\System32\shlwapi.dll
0x00007ffa2c550000 - 0x00007ffa2c574000 	C:\Windows\SYSTEM32\profapi.dll
0x00007ff9f4120000 - 0x00007ff9f41f7000 	D:\SEMESTER 6\AI\Project code\OpenJDK21U-jdk_x64_windows_hotspot_21.0.7_6\jdk-21.0.7+6\bin\jsvml.dll
0x00007ffa04e70000 - 0x00007ffa04e88000 	D:\SEMESTER 6\AI\Project code\OpenJDK21U-jdk_x64_windows_hotspot_21.0.7_6\jdk-21.0.7+6\bin\zip.dll
0x00007ffa11500000 - 0x00007ffa11510000 	D:\SEMESTER 6\AI\Project code\OpenJDK21U-jdk_x64_windows_hotspot_21.0.7_6\jdk-21.0.7+6\bin\net.dll
0x00007ffa1e4c0000 - 0x00007ffa1e5ca000 	C:\Windows\SYSTEM32\WINHTTP.dll
0x00007ffa2bc70000 - 0x00007ffa2bcda000 	C:\Windows\system32\mswsock.dll
0x00007ffa04e90000 - 0x00007ffa04ea6000 	D:\SEMESTER 6\AI\Project code\OpenJDK21U-jdk_x64_windows_hotspot_21.0.7_6\jdk-21.0.7+6\bin\nio.dll
0x00007ffa10f90000 - 0x00007ffa10fa0000 	D:\SEMESTER 6\AI\Project code\OpenJDK21U-jdk_x64_windows_hotspot_21.0.7_6\jdk-21.0.7+6\bin\verify.dll
0x00007ffa11510000 - 0x00007ffa11537000 	D:\Gradle\native\1def1411415f61bf3af743bc5b6707747c0891f09f0c88961ee8f79bc544acac\windows-amd64\native-platform.dll
0x00007ff9f1520000 - 0x00007ff9f1598000 	D:\Gradle\native\0.2.7\x86_64-windows-gnu\gradle-fileevents.dll
0x00007ffa0fe70000 - 0x00007ffa0fe7a000 	D:\SEMESTER 6\AI\Project code\OpenJDK21U-jdk_x64_windows_hotspot_21.0.7_6\jdk-21.0.7+6\bin\management.dll
0x00007ffa09e00000 - 0x00007ffa09e0b000 	D:\SEMESTER 6\AI\Project code\OpenJDK21U-jdk_x64_windows_hotspot_21.0.7_6\jdk-21.0.7+6\bin\management_ext.dll
0x00007ffa2e290000 - 0x00007ffa2e298000 	C:\Windows\System32\PSAPI.DLL
0x00007ffa2b970000 - 0x00007ffa2b9ab000 	C:\Windows\SYSTEM32\IPHLPAPI.DLL
0x00007ffa2ef40000 - 0x00007ffa2ef48000 	C:\Windows\System32\NSI.dll
0x00007ffa03f80000 - 0x00007ffa03f89000 	D:\SEMESTER 6\AI\Project code\OpenJDK21U-jdk_x64_windows_hotspot_21.0.7_6\jdk-21.0.7+6\bin\extnet.dll
0x00007ffa2bed0000 - 0x00007ffa2bee8000 	C:\Windows\SYSTEM32\CRYPTSP.dll
0x00007ffa2b5b0000 - 0x00007ffa2b5e8000 	C:\Windows\system32\rsaenh.dll
0x00007ffa2c510000 - 0x00007ffa2c53e000 	C:\Windows\SYSTEM32\USERENV.dll
0x00007ffa2be00000 - 0x00007ffa2be0c000 	C:\Windows\SYSTEM32\CRYPTBASE.dll
0x00007ffa03f60000 - 0x00007ffa03f6e000 	D:\SEMESTER 6\AI\Project code\OpenJDK21U-jdk_x64_windows_hotspot_21.0.7_6\jdk-21.0.7+6\bin\sunmscapi.dll
0x00007ffa2cdb0000 - 0x00007ffa2cf0d000 	C:\Windows\System32\CRYPT32.dll
0x00007ffa2bfe0000 - 0x00007ffa2c007000 	C:\Windows\SYSTEM32\ncrypt.dll
0x00007ffa2bfa0000 - 0x00007ffa2bfdb000 	C:\Windows\SYSTEM32\NTASN1.dll
0x00007ffa23040000 - 0x00007ffa23047000 	C:\Windows\system32\wshunix.dll
0x00007ff9edbb0000 - 0x00007ff9edbc7000 	C:\Windows\system32\napinsp.dll
0x00007ff9faf40000 - 0x00007ff9faf5b000 	C:\Windows\system32\pnrpnsp.dll
0x00007ffa170f0000 - 0x00007ffa1710d000 	C:\Windows\system32\wshbth.dll
0x00007ffa235c0000 - 0x00007ffa235dd000 	C:\Windows\system32\NLAapi.dll
0x00007ffa2b9b0000 - 0x00007ffa2ba7a000 	C:\Windows\SYSTEM32\DNSAPI.dll
0x00007ff9ff8f0000 - 0x00007ff9ff902000 	C:\Windows\System32\winrnr.dll
0x000000005d3d0000 - 0x000000005d3f6000 	C:\Program Files\Bonjour\mdnsNSP.dll
0x00007ffa19ce0000 - 0x00007ffa19cea000 	C:\Windows\System32\rasadhlp.dll
0x00007ffa19d70000 - 0x00007ffa19df0000 	C:\Windows\System32\fwpuclnt.dll
0x00007ffa2b800000 - 0x00007ffa2b833000 	C:\Windows\SYSTEM32\ntmarta.dll
0x00007ffa23f00000 - 0x00007ffa23f07000 	D:\SEMESTER 6\AI\Project code\OpenJDK21U-jdk_x64_windows_hotspot_21.0.7_6\jdk-21.0.7+6\bin\rmi.dll

dbghelp: loaded successfully - version: 4.0.5 - missing functions: none
symbol engine: initialized successfully - sym options: 0x614 - pdb path: .;D:\SEMESTER 6\AI\Project code\OpenJDK21U-jdk_x64_windows_hotspot_21.0.7_6\jdk-21.0.7+6\bin;C:\Windows\SYSTEM32;C:\Windows\WinSxS\amd64_microsoft.windows.common-controls_6595b64144ccf1df_6.0.19041.6456_none_60b8a6cb71f64256;D:\SEMESTER 6\AI\Project code\OpenJDK21U-jdk_x64_windows_hotspot_21.0.7_6\jdk-21.0.7+6\bin\server;D:\Gradle\native\1def1411415f61bf3af743bc5b6707747c0891f09f0c88961ee8f79bc544acac\windows-amd64;D:\Gradle\native\0.2.7\x86_64-windows-gnu;C:\Program Files\Bonjour

VM Arguments:
jvm_args: --add-opens=java.base/java.lang=ALL-UNNAMED --add-opens=java.base/java.lang.invoke=ALL-UNNAMED --add-opens=java.base/java.util=ALL-UNNAMED --add-opens=java.prefs/java.util.prefs=ALL-UNNAMED --add-exports=jdk.compiler/com.sun.tools.javac.api=ALL-UNNAMED --add-exports=jdk.compiler/com.sun.tools.javac.util=ALL-UNNAMED --add-opens=java.base/java.util=ALL-UNNAMED --add-opens=java.prefs/java.util.prefs=ALL-UNNAMED --add-opens=java.base/java.nio.charset=ALL-UNNAMED --add-opens=java.base/java.net=ALL-UNNAMED --add-opens=java.base/java.util.concurrent.atomic=ALL-UNNAMED --add-opens=java.xml/javax.xml.namespace=ALL-UNNAMED -Xmx2048m -Dfile.encoding=UTF-8 -Duser.country=US -Duser.language=en -Duser.variant -javaagent:D:\Gradle\wrapper\dists\gradle-8.13-bin\5xuhj0ry160q40clulazy9h7d\gradle-8.13\lib\agents\gradle-instrumentation-agent-8.13.jar 
java_command: org.gradle.launcher.daemon.bootstrap.GradleDaemon 8.13
java_class_path (initial): D:\Gradle\wrapper\dists\gradle-8.13-bin\5xuhj0ry160q40clulazy9h7d\gradle-8.13\lib\gradle-daemon-main-8.13.jar
Launcher Type: SUN_STANDARD

[Global flags]
     intx CICompilerCount                          = 3                                         {product} {ergonomic}
     uint ConcGCThreads                            = 1                                         {product} {ergonomic}
     uint G1ConcRefinementThreads                  = 4                                         {product} {ergonomic}
   size_t G1HeapRegionSize                         = 1048576                                   {product} {ergonomic}
    uintx GCDrainStackTargetSize                   = 64                                        {product} {ergonomic}
   size_t InitialHeapSize                          = 134217728                                 {product} {ergonomic}
   size_t MarkStackSize                            = 4194304                                   {product} {ergonomic}
   size_t MaxHeapSize                              = 2147483648                                {product} {command line}
   size_t MaxNewSize                               = 1287651328                                {product} {ergonomic}
   size_t MinHeapDeltaBytes                        = 1048576                                   {product} {ergonomic}
   size_t MinHeapSize                              = 8388608                                   {product} {ergonomic}
    uintx NonNMethodCodeHeapSize                   = 5832780                                {pd product} {ergonomic}
    uintx NonProfiledCodeHeapSize                  = 122912730                              {pd product} {ergonomic}
    uintx ProfiledCodeHeapSize                     = 122912730                              {pd product} {ergonomic}
    uintx ReservedCodeCacheSize                    = 251658240                              {pd product} {ergonomic}
     bool SegmentedCodeCache                       = true                                      {product} {ergonomic}
   size_t SoftMaxHeapSize                          = 2147483648                             {manageable} {ergonomic}
     bool UseCompressedOops                        = true                           {product lp64_product} {ergonomic}
     bool UseG1GC                                  = true                                      {product} {ergonomic}
     bool UseLargePagesIndividualAllocation        = false                                  {pd product} {ergonomic}

Logging:
Log output configuration:
 #0: stdout all=warning uptime,level,tags foldmultilines=false
 #1: stderr all=off uptime,level,tags foldmultilines=false

Environment Variables:
CLASSPATH=D:\SEMESTER 7\SMD_Assignment\Assignment_2\\gradle\wrapper\gradle-wrapper.jar
PATH=D:\Python\Scripts\;D:\Python\;"D:\opencv\build\x64\vc16\bin;C:\Program Files (x86)\Common Files\Oracle\Java\javapath";C:\Windows\system32;C:\Windows;C:\Windows\System32\Wbem;C:\Windows\System32\WindowsPowerShell\v1.0\;C:\Windows\System32\OpenSSH\;C:\Program Files (x86)\Microsoft SQL Server\160\Tools\Binn\;C:\Program Files\Microsoft SQL Server\160\Tools\Binn\;C:\Program Files\Microsoft SQL Server\Client SDK\ODBC\170\Tools\Binn\;C:\Program Files\Microsoft SQL Server\160\DTS\Binn\;C:\Program Files\Microsoft SQL Server\150\Tools\Binn\;D:\SEMESTER 6\GC\bin\;D:\Node js\;D:\SEMESTER 6\PDC\w_opencl_runtime_p_2025.1.0.972\bin;D:\SEMESTER 6\AI\Project code\OpenJDK21U-jdk_x64_windows_hotspot_21.0.7_6\jdk-21.0.7+6\bin;D:\Cursor\cursor\resources\app\bin;D:\SEMESTER 5\SDA\SDA FINAL PROJECT\Gitbash\Git\cmd;C:\Users\HP\AppData\Local\Programs\Python\Python310\Scripts\;C:\Users\HP\AppData\Local\Programs\Python\Python310\;C:\Users\HP\AppData\Local\Microsoft\WindowsApps;D:\Microsoft VS Code\bin;C:\Users\HP\AppData\Roaming\npm;D:\Cursor\cursor\resources\app\bin;D:\Windsurf\bin
USERNAME=HP
LANG=en_US.UTF-8
OS=Windows_NT
PROCESSOR_IDENTIFIER=Intel64 Family 6 Model 78 Stepping 3, GenuineIntel
TMP=C:\Users\HP\AppData\Local\Temp
TEMP=C:\Users\HP\AppData\Local\Temp




Periodic native trim disabled

---------------  S Y S T E M  ---------------

OS:
 Windows 10 , 64 bit Build 19041 (10.0.19041.5915)
OS uptime: 0 days 4:31 hours
Hyper-V role detected

CPU: total 4 (initial active 4) (2 cores per cpu, 2 threads per core) family 6 model 78 stepping 3 microcode 0xea, cx8, cmov, fxsr, ht, mmx, 3dnowpref, sse, sse2, sse3, ssse3, sse4.1, sse4.2, popcnt, lzcnt, tsc, tscinvbit, avx, avx2, aes, erms, clmul, bmi1, bmi2, rtm, adx, fma, vzeroupper, clflush, clflushopt, hv, rdtscp, f16c
Processor Information for the first 4 processors :
  Max Mhz: 2496, Current Mhz: 2396, Mhz Limit: 2396

Memory: 4k page, system-wide physical 8072M (336M free)
TotalPageFile size 12168M (AvailPageFile size 3M)
current process WorkingSet (physical memory assigned to process): 446M, peak: 581M
current process commit charge ("private bytes"): 649M, peak: 650M

vm_info: OpenJDK 64-Bit Server VM (21.0.7+6-LTS) for windows-amd64 JRE (21.0.7+6-LTS), built on 2025-04-15T00:00:00Z by "admin" with MS VC++ 17.7 (VS2022)

END.
