#
# There is insufficient memory for the Java Runtime Environment to continue.
# Native memory allocation (malloc) failed to allocate 1079696 bytes. Error detail: Chunk::new
# Possible reasons:
#   The system is out of physical RAM or swap space
#   This process is running with CompressedOops enabled, and the Java Heap may be blocking the growth of the native heap
# Possible solutions:
#   Reduce memory load on the system
#   Increase physical memory or swap space
#   Check if swap backing store is full
#   Decrease Java heap size (-Xmx/-Xms)
#   Decrease number of Java threads
#   Decrease Java thread stack sizes (-Xss)
#   Set larger code cache with -XX:ReservedCodeCacheSize=
#   JVM is running with Unscaled Compressed Oops mode in which the Java heap is
#     placed in the first 4GB address space. The Java Heap base address is the
#     maximum limit for the native heap growth. Please use -XX:HeapBaseMinAddress
#     to set the Java Heap base and to place the Java Heap above 4GB virtual address.
# This output file may be truncated or incomplete.
#
#  Out of Memory Error (arena.cpp:168), pid=10340, tid=5068
#
# JRE version: OpenJDK Runtime Environment (21.0.6) (build 21.0.6+-13391695-b895.109)
# Java VM: OpenJDK 64-Bit Server VM (21.0.6+-13391695-b895.109, mixed mode, tiered, compressed oops, compressed class ptrs, g1 gc, windows-amd64)
# No core dump will be written. Minidumps are not enabled by default on client versions of Windows
#

---------------  S U M M A R Y ------------

Command Line: org.jetbrains.kotlin.cli.jvm.K2JVMCompiler @D:\SEMESTER 7\SMD_Assignment\Assignment_2\app\build\20251018_1670199596020168299.compiler.options

Host: Intel(R) Core(TM) i5-6300U CPU @ 2.40GHz, 4 cores, 7G,  Windows 10 , 64 bit Build 19041 (10.0.19041.5915)
Time: Sat Oct 18 22:01:02 2025 Pakistan Standard Time elapsed time: 66.328657 seconds (0d 0h 1m 6s)

---------------  T H R E A D  ---------------

Current thread (0x0000022c1f454940):  JavaThread "C2 CompilerThread0" daemon [_thread_in_native, id=5068, stack(0x000000ad47e00000,0x000000ad47f00000) (1024K)]


Current CompileTask:
C2:66328 12592       4       org.jetbrains.kotlin.ir.interpreter.transformer.IrConstAnnotationTransformer::transformAnnotations (68 bytes)

Stack: [0x000000ad47e00000,0x000000ad47f00000]
Native frames: (J=compiled Java code, j=interpreted, Vv=VM code, C=native code)
V  [jvm.dll+0x6d0639]
V  [jvm.dll+0x85eb03]
V  [jvm.dll+0x86105e]
V  [jvm.dll+0x861743]
V  [jvm.dll+0x27e6e6]
V  [jvm.dll+0xbff6d]
V  [jvm.dll+0xc04a3]
V  [jvm.dll+0x3b6171]
V  [jvm.dll+0x3820c7]
V  [jvm.dll+0x38153a]
V  [jvm.dll+0x247c82]
V  [jvm.dll+0x247251]
V  [jvm.dll+0x1c5f04]
V  [jvm.dll+0x2569ac]
V  [jvm.dll+0x254ef6]
V  [jvm.dll+0x3f0e96]
V  [jvm.dll+0x806ed8]
V  [jvm.dll+0x6cef0d]
C  [ucrtbase.dll+0x21bb2]
C  [KERNEL32.DLL+0x17374]
C  [ntdll.dll+0x4cc91]


---------------  P R O C E S S  ---------------

Threads class SMR info:
_java_thread_list=0x0000022c26503ae0, length=11, elements={
0x0000022c084cd350, 0x0000022c1f4733c0, 0x0000022c1f44dd00, 0x0000022c1f451cd0,
0x0000022c1f452720, 0x0000022c1f453170, 0x0000022c1f453bc0, 0x0000022c1f454940,
0x0000022c1f45c600, 0x0000022c1f56c1a0, 0x0000022c1f576800
}

Java Threads: ( => current thread )
  0x0000022c084cd350 JavaThread "main"                              [_thread_in_Java, id=14680, stack(0x000000ad47000000,0x000000ad47100000) (1024K)]
  0x0000022c1f4733c0 JavaThread "Reference Handler"          daemon [_thread_blocked, id=14728, stack(0x000000ad47800000,0x000000ad47900000) (1024K)]
  0x0000022c1f44dd00 JavaThread "Finalizer"                  daemon [_thread_blocked, id=12952, stack(0x000000ad47900000,0x000000ad47a00000) (1024K)]
  0x0000022c1f451cd0 JavaThread "Signal Dispatcher"          daemon [_thread_blocked, id=7664, stack(0x000000ad47a00000,0x000000ad47b00000) (1024K)]
  0x0000022c1f452720 JavaThread "Attach Listener"            daemon [_thread_blocked, id=14636, stack(0x000000ad47b00000,0x000000ad47c00000) (1024K)]
  0x0000022c1f453170 JavaThread "Service Thread"             daemon [_thread_blocked, id=2980, stack(0x000000ad47c00000,0x000000ad47d00000) (1024K)]
  0x0000022c1f453bc0 JavaThread "Monitor Deflation Thread"   daemon [_thread_blocked, id=12376, stack(0x000000ad47d00000,0x000000ad47e00000) (1024K)]
=>0x0000022c1f454940 JavaThread "C2 CompilerThread0"         daemon [_thread_in_native, id=5068, stack(0x000000ad47e00000,0x000000ad47f00000) (1024K)]
  0x0000022c1f45c600 JavaThread "C1 CompilerThread0"         daemon [_thread_in_native, id=10672, stack(0x000000ad47f00000,0x000000ad48000000) (1024K)]
  0x0000022c1f56c1a0 JavaThread "Notification Thread"        daemon [_thread_blocked, id=12208, stack(0x000000ad48000000,0x000000ad48100000) (1024K)]
  0x0000022c1f576800 JavaThread "Common-Cleaner"             daemon [_thread_blocked, id=3212, stack(0x000000ad48100000,0x000000ad48200000) (1024K)]
Total: 11

Other Threads:
  0x0000022c06290850 VMThread "VM Thread"                           [id=12508, stack(0x000000ad47700000,0x000000ad47800000) (1024K)]
  0x0000022c1f249c20 WatcherThread "VM Periodic Task Thread"        [id=13380, stack(0x000000ad47600000,0x000000ad47700000) (1024K)]
  0x0000022c0628f9d0 WorkerThread "GC Thread#0"                     [id=10036, stack(0x000000ad47100000,0x000000ad47200000) (1024K)]
  0x0000022c0628fd70 WorkerThread "GC Thread#1"                     [id=1172, stack(0x000000ad48200000,0x000000ad48300000) (1024K)]
  0x0000022c2435e140 WorkerThread "GC Thread#2"                     [id=14100, stack(0x000000ad48300000,0x000000ad48400000) (1024K)]
  0x0000022c2435cf20 WorkerThread "GC Thread#3"                     [id=6744, stack(0x000000ad48400000,0x000000ad48500000) (1024K)]
  0x0000022c08533860 ConcurrentGCThread "G1 Main Marker"            [id=9260, stack(0x000000ad47200000,0x000000ad47300000) (1024K)]
  0x0000022c0628f290 WorkerThread "G1 Conc#0"                       [id=14612, stack(0x000000ad47300000,0x000000ad47400000) (1024K)]
  0x0000022c08598430 ConcurrentGCThread "G1 Refine#0"               [id=11996, stack(0x000000ad47400000,0x000000ad47500000) (1024K)]
  0x0000022c1f1120b0 ConcurrentGCThread "G1 Service"                [id=14452, stack(0x000000ad47500000,0x000000ad47600000) (1024K)]
Total: 10

Threads with active compile tasks:
C2 CompilerThread0  66385 12592       4       org.jetbrains.kotlin.ir.interpreter.transformer.IrConstAnnotationTransformer::transformAnnotations (68 bytes)
Total: 1

VM state: not at safepoint (normal execution)

VM Mutex/Monitor currently owned by a thread: None

Heap address: 0x0000000081c00000, size: 2020 MB, Compressed Oops mode: 32-bit

CDS archive(s) not mapped
Compressed class space mapped at: 0x0000000100000000-0x0000000140000000, reserved size: 1073741824
Narrow klass base: 0x0000000000000000, Narrow klass shift: 3, Narrow klass range: 0x140000000

GC Precious Log:
 CardTable entry size: 512
 Card Set container configuration: InlinePtr #cards 5 size 8 Array Of Cards #cards 12 size 40 Howl #buckets 4 coarsen threshold 1843 Howl Bitmap #cards 512 size 80 coarsen threshold 460 Card regions per heap region 1 cards per card region 2048
 CPUs: 4 total, 4 available
 Memory: 8072M
 Large Page Support: Disabled
 NUMA Support: Disabled
 Compressed Oops: Enabled (32-bit)
 Heap Region Size: 1M
 Heap Min Capacity: 8M
 Heap Initial Capacity: 128M
 Heap Max Capacity: 2020M
 Pre-touch: Disabled
 Parallel Workers: 4
 Concurrent Workers: 1
 Concurrent Refinement Workers: 4
 Periodic GC: Disabled

Heap:
 garbage-first heap   total 188416K, used 131072K [0x0000000081c00000, 0x0000000100000000)
  region size 1024K, 17 young (17408K), 4 survivors (4096K)
 Metaspace       used 72329K, committed 72640K, reserved 1114112K
  class space    used 7413K, committed 7552K, reserved 1048576K

Heap Regions: E=young(eden), S=young(survivor), O=old, HS=humongous(starts), HC=humongous(continues), CS=collection set, F=free, TAMS=top-at-mark-start, PB=parsable bottom
|   0|0x0000000081c00000, 0x0000000081d00000, 0x0000000081d00000|100%|HS|  |TAMS 0x0000000081c00000| PB 0x0000000081c00000| Complete 
|   1|0x0000000081d00000, 0x0000000081e00000, 0x0000000081e00000|100%|HC|  |TAMS 0x0000000081d00000| PB 0x0000000081d00000| Complete 
|   2|0x0000000081e00000, 0x0000000081f00000, 0x0000000081f00000|100%|HC|  |TAMS 0x0000000081e00000| PB 0x0000000081e00000| Complete 
|   3|0x0000000081f00000, 0x0000000082000000, 0x0000000082000000|100%| O|  |TAMS 0x0000000081f00000| PB 0x0000000081f00000| Untracked 
|   4|0x0000000082000000, 0x0000000082100000, 0x0000000082100000|100%| O|  |TAMS 0x0000000082000000| PB 0x0000000082000000| Untracked 
|   5|0x0000000082100000, 0x0000000082200000, 0x0000000082200000|100%| O|  |TAMS 0x0000000082100000| PB 0x0000000082100000| Untracked 
|   6|0x0000000082200000, 0x0000000082300000, 0x0000000082300000|100%| O|  |TAMS 0x0000000082200000| PB 0x0000000082200000| Untracked 
|   7|0x0000000082300000, 0x0000000082400000, 0x0000000082400000|100%| O|  |TAMS 0x0000000082300000| PB 0x0000000082300000| Untracked 
|   8|0x0000000082400000, 0x0000000082500000, 0x0000000082500000|100%| O|  |TAMS 0x0000000082400000| PB 0x0000000082400000| Untracked 
|   9|0x0000000082500000, 0x0000000082600000, 0x0000000082600000|100%| O|  |TAMS 0x0000000082500000| PB 0x0000000082500000| Untracked 
|  10|0x0000000082600000, 0x0000000082700000, 0x0000000082700000|100%| O|  |TAMS 0x0000000082600000| PB 0x0000000082600000| Untracked 
|  11|0x0000000082700000, 0x0000000082800000, 0x0000000082800000|100%| O|  |TAMS 0x0000000082700000| PB 0x0000000082700000| Untracked 
|  12|0x0000000082800000, 0x0000000082900000, 0x0000000082900000|100%| O|  |TAMS 0x0000000082800000| PB 0x0000000082800000| Untracked 
|  13|0x0000000082900000, 0x0000000082a00000, 0x0000000082a00000|100%| O|  |TAMS 0x0000000082900000| PB 0x0000000082900000| Untracked 
|  14|0x0000000082a00000, 0x0000000082b00000, 0x0000000082b00000|100%| O|  |TAMS 0x0000000082a00000| PB 0x0000000082a00000| Untracked 
|  15|0x0000000082b00000, 0x0000000082c00000, 0x0000000082c00000|100%| O|  |TAMS 0x0000000082b00000| PB 0x0000000082b00000| Untracked 
|  16|0x0000000082c00000, 0x0000000082d00000, 0x0000000082d00000|100%| O|  |TAMS 0x0000000082c00000| PB 0x0000000082c00000| Untracked 
|  17|0x0000000082d00000, 0x0000000082e00000, 0x0000000082e00000|100%| O|  |TAMS 0x0000000082d00000| PB 0x0000000082d00000| Untracked 
|  18|0x0000000082e00000, 0x0000000082f00000, 0x0000000082f00000|100%| O|  |TAMS 0x0000000082e00000| PB 0x0000000082e00000| Untracked 
|  19|0x0000000082f00000, 0x0000000083000000, 0x0000000083000000|100%| O|  |TAMS 0x0000000082f00000| PB 0x0000000082f00000| Untracked 
|  20|0x0000000083000000, 0x0000000083100000, 0x0000000083100000|100%| O|  |TAMS 0x0000000083000000| PB 0x0000000083000000| Untracked 
|  21|0x0000000083100000, 0x0000000083200000, 0x0000000083200000|100%| O|  |TAMS 0x0000000083100000| PB 0x0000000083100000| Untracked 
|  22|0x0000000083200000, 0x0000000083300000, 0x0000000083300000|100%| O|  |TAMS 0x0000000083200000| PB 0x0000000083200000| Untracked 
|  23|0x0000000083300000, 0x0000000083400000, 0x0000000083400000|100%| O|  |TAMS 0x0000000083300000| PB 0x0000000083300000| Untracked 
|  24|0x0000000083400000, 0x0000000083500000, 0x0000000083500000|100%| O|  |TAMS 0x0000000083400000| PB 0x0000000083400000| Untracked 
|  25|0x0000000083500000, 0x0000000083600000, 0x0000000083600000|100%| O|  |TAMS 0x0000000083500000| PB 0x0000000083500000| Untracked 
|  26|0x0000000083600000, 0x0000000083700000, 0x0000000083700000|100%| O|  |TAMS 0x0000000083600000| PB 0x0000000083600000| Untracked 
|  27|0x0000000083700000, 0x0000000083800000, 0x0000000083800000|100%| O|  |TAMS 0x0000000083700000| PB 0x0000000083700000| Untracked 
|  28|0x0000000083800000, 0x0000000083900000, 0x0000000083900000|100%| O|  |TAMS 0x0000000083800000| PB 0x0000000083800000| Untracked 
|  29|0x0000000083900000, 0x0000000083a00000, 0x0000000083a00000|100%| O|  |TAMS 0x0000000083900000| PB 0x0000000083900000| Untracked 
|  30|0x0000000083a00000, 0x0000000083b00000, 0x0000000083b00000|100%| O|  |TAMS 0x0000000083a00000| PB 0x0000000083a00000| Untracked 
|  31|0x0000000083b00000, 0x0000000083c00000, 0x0000000083c00000|100%| O|  |TAMS 0x0000000083b00000| PB 0x0000000083b00000| Untracked 
|  32|0x0000000083c00000, 0x0000000083d00000, 0x0000000083d00000|100%| O|  |TAMS 0x0000000083c00000| PB 0x0000000083c00000| Untracked 
|  33|0x0000000083d00000, 0x0000000083e00000, 0x0000000083e00000|100%| O|  |TAMS 0x0000000083d00000| PB 0x0000000083d00000| Untracked 
|  34|0x0000000083e00000, 0x0000000083f00000, 0x0000000083f00000|100%| O|  |TAMS 0x0000000083e00000| PB 0x0000000083e00000| Untracked 
|  35|0x0000000083f00000, 0x0000000084000000, 0x0000000084000000|100%| O|  |TAMS 0x0000000083f00000| PB 0x0000000083f00000| Untracked 
|  36|0x0000000084000000, 0x0000000084100000, 0x0000000084100000|100%| O|  |TAMS 0x0000000084000000| PB 0x0000000084000000| Untracked 
|  37|0x0000000084100000, 0x0000000084200000, 0x0000000084200000|100%| O|  |TAMS 0x0000000084100000| PB 0x0000000084100000| Untracked 
|  38|0x0000000084200000, 0x0000000084300000, 0x0000000084300000|100%| O|  |TAMS 0x0000000084200000| PB 0x0000000084200000| Untracked 
|  39|0x0000000084300000, 0x0000000084400000, 0x0000000084400000|100%| O|  |TAMS 0x0000000084300000| PB 0x0000000084300000| Untracked 
|  40|0x0000000084400000, 0x0000000084500000, 0x0000000084500000|100%| O|  |TAMS 0x0000000084400000| PB 0x0000000084400000| Untracked 
|  41|0x0000000084500000, 0x0000000084600000, 0x0000000084600000|100%| O|  |TAMS 0x0000000084500000| PB 0x0000000084500000| Untracked 
|  42|0x0000000084600000, 0x0000000084700000, 0x0000000084700000|100%| O|  |TAMS 0x0000000084600000| PB 0x0000000084600000| Untracked 
|  43|0x0000000084700000, 0x0000000084800000, 0x0000000084800000|100%| O|  |TAMS 0x0000000084700000| PB 0x0000000084700000| Untracked 
|  44|0x0000000084800000, 0x0000000084900000, 0x0000000084900000|100%| O|  |TAMS 0x0000000084800000| PB 0x0000000084800000| Untracked 
|  45|0x0000000084900000, 0x0000000084a00000, 0x0000000084a00000|100%| O|Cm|TAMS 0x0000000084900000| PB 0x0000000084900000| Complete 
|  46|0x0000000084a00000, 0x0000000084b00000, 0x0000000084b00000|100%| O|  |TAMS 0x0000000084a00000| PB 0x0000000084a00000| Untracked 
|  47|0x0000000084b00000, 0x0000000084c00000, 0x0000000084c00000|100%| O|  |TAMS 0x0000000084b00000| PB 0x0000000084b00000| Untracked 
|  48|0x0000000084c00000, 0x0000000084d00000, 0x0000000084d00000|100%| O|  |TAMS 0x0000000084c00000| PB 0x0000000084c00000| Untracked 
|  49|0x0000000084d00000, 0x0000000084e00000, 0x0000000084e00000|100%| O|  |TAMS 0x0000000084d00000| PB 0x0000000084d00000| Untracked 
|  50|0x0000000084e00000, 0x0000000084f00000, 0x0000000084f00000|100%| O|  |TAMS 0x0000000084e00000| PB 0x0000000084e00000| Untracked 
|  51|0x0000000084f00000, 0x0000000085000000, 0x0000000085000000|100%| O|  |TAMS 0x0000000084f00000| PB 0x0000000084f00000| Untracked 
|  52|0x0000000085000000, 0x0000000085100000, 0x0000000085100000|100%| O|  |TAMS 0x0000000085000000| PB 0x0000000085000000| Untracked 
|  53|0x0000000085100000, 0x0000000085200000, 0x0000000085200000|100%| O|  |TAMS 0x0000000085100000| PB 0x0000000085100000| Untracked 
|  54|0x0000000085200000, 0x0000000085300000, 0x0000000085300000|100%| O|  |TAMS 0x0000000085200000| PB 0x0000000085200000| Untracked 
|  55|0x0000000085300000, 0x0000000085400000, 0x0000000085400000|100%| O|  |TAMS 0x0000000085300000| PB 0x0000000085300000| Untracked 
|  56|0x0000000085400000, 0x0000000085500000, 0x0000000085500000|100%| O|  |TAMS 0x0000000085400000| PB 0x0000000085400000| Untracked 
|  57|0x0000000085500000, 0x0000000085600000, 0x0000000085600000|100%| O|  |TAMS 0x0000000085500000| PB 0x0000000085500000| Untracked 
|  58|0x0000000085600000, 0x0000000085700000, 0x0000000085700000|100%| O|  |TAMS 0x0000000085600000| PB 0x0000000085600000| Untracked 
|  59|0x0000000085700000, 0x0000000085800000, 0x0000000085800000|100%| O|  |TAMS 0x0000000085700000| PB 0x0000000085700000| Untracked 
|  60|0x0000000085800000, 0x0000000085900000, 0x0000000085900000|100%| O|  |TAMS 0x0000000085800000| PB 0x0000000085800000| Untracked 
|  61|0x0000000085900000, 0x0000000085a00000, 0x0000000085a00000|100%| O|  |TAMS 0x0000000085900000| PB 0x0000000085900000| Untracked 
|  62|0x0000000085a00000, 0x0000000085b00000, 0x0000000085b00000|100%| O|  |TAMS 0x0000000085a00000| PB 0x0000000085a00000| Untracked 
|  63|0x0000000085b00000, 0x0000000085c00000, 0x0000000085c00000|100%| O|  |TAMS 0x0000000085b00000| PB 0x0000000085b00000| Untracked 
|  64|0x0000000085c00000, 0x0000000085d00000, 0x0000000085d00000|100%| O|  |TAMS 0x0000000085c00000| PB 0x0000000085c00000| Untracked 
|  65|0x0000000085d00000, 0x0000000085e00000, 0x0000000085e00000|100%| O|  |TAMS 0x0000000085d00000| PB 0x0000000085d00000| Untracked 
|  66|0x0000000085e00000, 0x0000000085f00000, 0x0000000085f00000|100%| O|Cm|TAMS 0x0000000085e00000| PB 0x0000000085e00000| Complete 
|  67|0x0000000085f00000, 0x0000000086000000, 0x0000000086000000|100%| O|  |TAMS 0x0000000085f00000| PB 0x0000000085f00000| Untracked 
|  68|0x0000000086000000, 0x0000000086100000, 0x0000000086100000|100%| O|  |TAMS 0x0000000086000000| PB 0x0000000086000000| Untracked 
|  69|0x0000000086100000, 0x0000000086200000, 0x0000000086200000|100%| O|  |TAMS 0x0000000086100000| PB 0x0000000086100000| Untracked 
|  70|0x0000000086200000, 0x0000000086300000, 0x0000000086300000|100%| O|  |TAMS 0x0000000086200000| PB 0x0000000086200000| Untracked 
|  71|0x0000000086300000, 0x0000000086400000, 0x0000000086400000|100%| O|  |TAMS 0x0000000086300000| PB 0x0000000086300000| Untracked 
|  72|0x0000000086400000, 0x0000000086500000, 0x0000000086500000|100%| O|  |TAMS 0x0000000086400000| PB 0x0000000086400000| Untracked 
|  73|0x0000000086500000, 0x0000000086600000, 0x0000000086600000|100%| O|  |TAMS 0x0000000086500000| PB 0x0000000086500000| Untracked 
|  74|0x0000000086600000, 0x0000000086700000, 0x0000000086700000|100%| O|  |TAMS 0x0000000086600000| PB 0x0000000086600000| Untracked 
|  75|0x0000000086700000, 0x0000000086800000, 0x0000000086800000|100%| O|  |TAMS 0x0000000086700000| PB 0x0000000086700000| Untracked 
|  76|0x0000000086800000, 0x0000000086900000, 0x0000000086900000|100%| O|  |TAMS 0x0000000086800000| PB 0x0000000086800000| Untracked 
|  77|0x0000000086900000, 0x0000000086a00000, 0x0000000086a00000|100%| O|  |TAMS 0x0000000086900000| PB 0x0000000086900000| Untracked 
|  78|0x0000000086a00000, 0x0000000086b00000, 0x0000000086b00000|100%| O|  |TAMS 0x0000000086a00000| PB 0x0000000086a00000| Untracked 
|  79|0x0000000086b00000, 0x0000000086c00000, 0x0000000086c00000|100%| O|  |TAMS 0x0000000086b00000| PB 0x0000000086b00000| Untracked 
|  80|0x0000000086c00000, 0x0000000086d00000, 0x0000000086d00000|100%| O|  |TAMS 0x0000000086c00000| PB 0x0000000086c00000| Untracked 
|  81|0x0000000086d00000, 0x0000000086e00000, 0x0000000086e00000|100%| O|  |TAMS 0x0000000086d00000| PB 0x0000000086d00000| Untracked 
|  82|0x0000000086e00000, 0x0000000086f00000, 0x0000000086f00000|100%| O|  |TAMS 0x0000000086e00000| PB 0x0000000086e00000| Untracked 
|  83|0x0000000086f00000, 0x0000000087000000, 0x0000000087000000|100%| O|  |TAMS 0x0000000086f00000| PB 0x0000000086f00000| Untracked 
|  84|0x0000000087000000, 0x0000000087100000, 0x0000000087100000|100%| O|  |TAMS 0x0000000087000000| PB 0x0000000087000000| Untracked 
|  85|0x0000000087100000, 0x0000000087200000, 0x0000000087200000|100%| O|  |TAMS 0x0000000087100000| PB 0x0000000087100000| Untracked 
|  86|0x0000000087200000, 0x0000000087300000, 0x0000000087300000|100%| O|  |TAMS 0x0000000087200000| PB 0x0000000087200000| Untracked 
|  87|0x0000000087300000, 0x0000000087400000, 0x0000000087400000|100%| O|  |TAMS 0x0000000087300000| PB 0x0000000087300000| Untracked 
|  88|0x0000000087400000, 0x0000000087500000, 0x0000000087500000|100%| O|  |TAMS 0x0000000087400000| PB 0x0000000087400000| Untracked 
|  89|0x0000000087500000, 0x0000000087600000, 0x0000000087600000|100%| O|  |TAMS 0x0000000087500000| PB 0x0000000087500000| Untracked 
|  90|0x0000000087600000, 0x0000000087700000, 0x0000000087700000|100%| O|  |TAMS 0x0000000087600000| PB 0x0000000087600000| Untracked 
|  91|0x0000000087700000, 0x0000000087800000, 0x0000000087800000|100%| O|  |TAMS 0x0000000087700000| PB 0x0000000087700000| Untracked 
|  92|0x0000000087800000, 0x0000000087900000, 0x0000000087900000|100%| O|  |TAMS 0x0000000087800000| PB 0x0000000087800000| Untracked 
|  93|0x0000000087900000, 0x0000000087a00000, 0x0000000087a00000|100%| O|  |TAMS 0x0000000087900000| PB 0x0000000087900000| Untracked 
|  94|0x0000000087a00000, 0x0000000087b00000, 0x0000000087b00000|100%| O|  |TAMS 0x0000000087a00000| PB 0x0000000087a00000| Untracked 
|  95|0x0000000087b00000, 0x0000000087c00000, 0x0000000087c00000|100%| O|Cm|TAMS 0x0000000087b00000| PB 0x0000000087b00000| Complete 
|  96|0x0000000087c00000, 0x0000000087d00000, 0x0000000087d00000|100%| O|  |TAMS 0x0000000087c00000| PB 0x0000000087c00000| Untracked 
|  97|0x0000000087d00000, 0x0000000087e00000, 0x0000000087e00000|100%|HS|  |TAMS 0x0000000087d00000| PB 0x0000000087d00000| Complete 
|  98|0x0000000087e00000, 0x0000000087f00000, 0x0000000087f00000|100%| O|  |TAMS 0x0000000087e00000| PB 0x0000000087e00000| Untracked 
|  99|0x0000000087f00000, 0x0000000088000000, 0x0000000088000000|100%| O|  |TAMS 0x0000000087f00000| PB 0x0000000087f00000| Untracked 
| 100|0x0000000088000000, 0x0000000088100000, 0x0000000088100000|100%| O|  |TAMS 0x0000000088000000| PB 0x0000000088000000| Untracked 
| 101|0x0000000088100000, 0x0000000088200000, 0x0000000088200000|100%| O|  |TAMS 0x0000000088100000| PB 0x0000000088100000| Untracked 
| 102|0x0000000088200000, 0x0000000088300000, 0x0000000088300000|100%| O|  |TAMS 0x0000000088200000| PB 0x0000000088200000| Untracked 
| 103|0x0000000088300000, 0x0000000088400000, 0x0000000088400000|100%| O|  |TAMS 0x0000000088300000| PB 0x0000000088300000| Untracked 
| 104|0x0000000088400000, 0x0000000088500000, 0x0000000088500000|100%| O|  |TAMS 0x0000000088400000| PB 0x0000000088400000| Untracked 
| 105|0x0000000088500000, 0x0000000088600000, 0x0000000088600000|100%| O|  |TAMS 0x0000000088500000| PB 0x0000000088500000| Untracked 
| 106|0x0000000088600000, 0x0000000088700000, 0x0000000088700000|100%| O|  |TAMS 0x0000000088600000| PB 0x0000000088600000| Untracked 
| 107|0x0000000088700000, 0x0000000088800000, 0x0000000088800000|100%| O|  |TAMS 0x0000000088700000| PB 0x0000000088700000| Untracked 
| 108|0x0000000088800000, 0x0000000088900000, 0x0000000088900000|100%| O|  |TAMS 0x0000000088800000| PB 0x0000000088800000| Untracked 
| 109|0x0000000088900000, 0x0000000088a00000, 0x0000000088a00000|100%| O|  |TAMS 0x0000000088900000| PB 0x0000000088900000| Untracked 
| 110|0x0000000088a00000, 0x0000000088a00000, 0x0000000088b00000|  0%| F|  |TAMS 0x0000000088a00000| PB 0x0000000088a00000| Untracked 
| 111|0x0000000088b00000, 0x0000000088b00000, 0x0000000088c00000|  0%| F|  |TAMS 0x0000000088b00000| PB 0x0000000088b00000| Untracked 
| 112|0x0000000088c00000, 0x0000000088c00000, 0x0000000088d00000|  0%| F|  |TAMS 0x0000000088c00000| PB 0x0000000088c00000| Untracked 
| 113|0x0000000088d00000, 0x0000000088d00000, 0x0000000088e00000|  0%| F|  |TAMS 0x0000000088d00000| PB 0x0000000088d00000| Untracked 
| 114|0x0000000088e00000, 0x0000000088e00000, 0x0000000088f00000|  0%| F|  |TAMS 0x0000000088e00000| PB 0x0000000088e00000| Untracked 
| 115|0x0000000088f00000, 0x0000000088f00000, 0x0000000089000000|  0%| F|  |TAMS 0x0000000088f00000| PB 0x0000000088f00000| Untracked 
| 116|0x0000000089000000, 0x0000000089000000, 0x0000000089100000|  0%| F|  |TAMS 0x0000000089000000| PB 0x0000000089000000| Untracked 
| 117|0x0000000089100000, 0x0000000089100000, 0x0000000089200000|  0%| F|  |TAMS 0x0000000089100000| PB 0x0000000089100000| Untracked 
| 118|0x0000000089200000, 0x0000000089200000, 0x0000000089300000|  0%| F|  |TAMS 0x0000000089200000| PB 0x0000000089200000| Untracked 
| 119|0x0000000089300000, 0x0000000089300000, 0x0000000089400000|  0%| F|  |TAMS 0x0000000089300000| PB 0x0000000089300000| Untracked 
| 120|0x0000000089400000, 0x0000000089400000, 0x0000000089500000|  0%| F|  |TAMS 0x0000000089400000| PB 0x0000000089400000| Untracked 
| 121|0x0000000089500000, 0x0000000089500000, 0x0000000089600000|  0%| F|  |TAMS 0x0000000089500000| PB 0x0000000089500000| Untracked 
| 122|0x0000000089600000, 0x0000000089600000, 0x0000000089700000|  0%| F|  |TAMS 0x0000000089600000| PB 0x0000000089600000| Untracked 
| 123|0x0000000089700000, 0x0000000089700000, 0x0000000089800000|  0%| F|  |TAMS 0x0000000089700000| PB 0x0000000089700000| Untracked 
| 124|0x0000000089800000, 0x0000000089800000, 0x0000000089900000|  0%| F|  |TAMS 0x0000000089800000| PB 0x0000000089800000| Untracked 
| 125|0x0000000089900000, 0x0000000089900000, 0x0000000089a00000|  0%| F|  |TAMS 0x0000000089900000| PB 0x0000000089900000| Untracked 
| 126|0x0000000089a00000, 0x0000000089a00000, 0x0000000089b00000|  0%| F|  |TAMS 0x0000000089a00000| PB 0x0000000089a00000| Untracked 
| 127|0x0000000089b00000, 0x0000000089b00000, 0x0000000089c00000|  0%| F|  |TAMS 0x0000000089b00000| PB 0x0000000089b00000| Untracked 
| 128|0x0000000089c00000, 0x0000000089c00000, 0x0000000089d00000|  0%| F|  |TAMS 0x0000000089c00000| PB 0x0000000089c00000| Untracked 
| 129|0x0000000089d00000, 0x0000000089d00000, 0x0000000089e00000|  0%| F|  |TAMS 0x0000000089d00000| PB 0x0000000089d00000| Untracked 
| 130|0x0000000089e00000, 0x0000000089e00000, 0x0000000089f00000|  0%| F|  |TAMS 0x0000000089e00000| PB 0x0000000089e00000| Untracked 
| 131|0x0000000089f00000, 0x0000000089f00000, 0x000000008a000000|  0%| F|  |TAMS 0x0000000089f00000| PB 0x0000000089f00000| Untracked 
| 132|0x000000008a000000, 0x000000008a000000, 0x000000008a100000|  0%| F|  |TAMS 0x000000008a000000| PB 0x000000008a000000| Untracked 
| 133|0x000000008a100000, 0x000000008a100000, 0x000000008a200000|  0%| F|  |TAMS 0x000000008a100000| PB 0x000000008a100000| Untracked 
| 134|0x000000008a200000, 0x000000008a200000, 0x000000008a300000|  0%| F|  |TAMS 0x000000008a200000| PB 0x000000008a200000| Untracked 
| 135|0x000000008a300000, 0x000000008a300000, 0x000000008a400000|  0%| F|  |TAMS 0x000000008a300000| PB 0x000000008a300000| Untracked 
| 136|0x000000008a400000, 0x000000008a400000, 0x000000008a500000|  0%| F|  |TAMS 0x000000008a400000| PB 0x000000008a400000| Untracked 
| 137|0x000000008a500000, 0x000000008a500000, 0x000000008a600000|  0%| F|  |TAMS 0x000000008a500000| PB 0x000000008a500000| Untracked 
| 138|0x000000008a600000, 0x000000008a600000, 0x000000008a700000|  0%| F|  |TAMS 0x000000008a600000| PB 0x000000008a600000| Untracked 
| 139|0x000000008a700000, 0x000000008a700000, 0x000000008a800000|  0%| F|  |TAMS 0x000000008a700000| PB 0x000000008a700000| Untracked 
| 140|0x000000008a800000, 0x000000008a800000, 0x000000008a900000|  0%| F|  |TAMS 0x000000008a800000| PB 0x000000008a800000| Untracked 
| 141|0x000000008a900000, 0x000000008a900000, 0x000000008aa00000|  0%| F|  |TAMS 0x000000008a900000| PB 0x000000008a900000| Untracked 
| 142|0x000000008aa00000, 0x000000008aa00000, 0x000000008ab00000|  0%| F|  |TAMS 0x000000008aa00000| PB 0x000000008aa00000| Untracked 
| 143|0x000000008ab00000, 0x000000008ab00000, 0x000000008ac00000|  0%| F|  |TAMS 0x000000008ab00000| PB 0x000000008ab00000| Untracked 
| 144|0x000000008ac00000, 0x000000008ac00000, 0x000000008ad00000|  0%| F|  |TAMS 0x000000008ac00000| PB 0x000000008ac00000| Untracked 
| 145|0x000000008ad00000, 0x000000008ad00000, 0x000000008ae00000|  0%| F|  |TAMS 0x000000008ad00000| PB 0x000000008ad00000| Untracked 
| 146|0x000000008ae00000, 0x000000008ae00000, 0x000000008af00000|  0%| F|  |TAMS 0x000000008ae00000| PB 0x000000008ae00000| Untracked 
| 147|0x000000008af00000, 0x000000008af00000, 0x000000008b000000|  0%| F|  |TAMS 0x000000008af00000| PB 0x000000008af00000| Untracked 
| 148|0x000000008b000000, 0x000000008b000000, 0x000000008b100000|  0%| F|  |TAMS 0x000000008b000000| PB 0x000000008b000000| Untracked 
| 149|0x000000008b100000, 0x000000008b100000, 0x000000008b200000|  0%| F|  |TAMS 0x000000008b100000| PB 0x000000008b100000| Untracked 
| 150|0x000000008b200000, 0x000000008b200000, 0x000000008b300000|  0%| F|  |TAMS 0x000000008b200000| PB 0x000000008b200000| Untracked 
| 151|0x000000008b300000, 0x000000008b300000, 0x000000008b400000|  0%| F|  |TAMS 0x000000008b300000| PB 0x000000008b300000| Untracked 
| 152|0x000000008b400000, 0x000000008b400000, 0x000000008b500000|  0%| F|  |TAMS 0x000000008b400000| PB 0x000000008b400000| Untracked 
| 153|0x000000008b500000, 0x000000008b500000, 0x000000008b600000|  0%| F|  |TAMS 0x000000008b500000| PB 0x000000008b500000| Untracked 
| 154|0x000000008b600000, 0x000000008b600000, 0x000000008b700000|  0%| F|  |TAMS 0x000000008b600000| PB 0x000000008b600000| Untracked 
| 155|0x000000008b700000, 0x000000008b700000, 0x000000008b800000|  0%| F|  |TAMS 0x000000008b700000| PB 0x000000008b700000| Untracked 
| 156|0x000000008b800000, 0x000000008b800000, 0x000000008b900000|  0%| F|  |TAMS 0x000000008b800000| PB 0x000000008b800000| Untracked 
| 157|0x000000008b900000, 0x000000008b900000, 0x000000008ba00000|  0%| F|  |TAMS 0x000000008b900000| PB 0x000000008b900000| Untracked 
| 158|0x000000008ba00000, 0x000000008ba00000, 0x000000008bb00000|  0%| F|  |TAMS 0x000000008ba00000| PB 0x000000008ba00000| Untracked 
| 159|0x000000008bb00000, 0x000000008bb00000, 0x000000008bc00000|  0%| F|  |TAMS 0x000000008bb00000| PB 0x000000008bb00000| Untracked 
| 160|0x000000008bc00000, 0x000000008bc00000, 0x000000008bd00000|  0%| F|  |TAMS 0x000000008bc00000| PB 0x000000008bc00000| Untracked 
| 161|0x000000008bd00000, 0x000000008bd00000, 0x000000008be00000|  0%| F|  |TAMS 0x000000008bd00000| PB 0x000000008bd00000| Untracked 
| 162|0x000000008be00000, 0x000000008be00000, 0x000000008bf00000|  0%| F|  |TAMS 0x000000008be00000| PB 0x000000008be00000| Untracked 
| 163|0x000000008bf00000, 0x000000008c000000, 0x000000008c000000|100%| S|CS|TAMS 0x000000008bf00000| PB 0x000000008bf00000| Complete 
| 164|0x000000008c000000, 0x000000008c100000, 0x000000008c100000|100%| S|CS|TAMS 0x000000008c000000| PB 0x000000008c000000| Complete 
| 165|0x000000008c100000, 0x000000008c200000, 0x000000008c200000|100%| S|CS|TAMS 0x000000008c100000| PB 0x000000008c100000| Complete 
| 166|0x000000008c200000, 0x000000008c300000, 0x000000008c300000|100%| S|CS|TAMS 0x000000008c200000| PB 0x000000008c200000| Complete 
| 167|0x000000008c300000, 0x000000008c300000, 0x000000008c400000|  0%| F|  |TAMS 0x000000008c300000| PB 0x000000008c300000| Untracked 
| 168|0x000000008c400000, 0x000000008c400000, 0x000000008c500000|  0%| F|  |TAMS 0x000000008c400000| PB 0x000000008c400000| Untracked 
| 169|0x000000008c500000, 0x000000008c57fb68, 0x000000008c600000| 49%| E|  |TAMS 0x000000008c500000| PB 0x000000008c500000| Complete 
| 170|0x000000008c600000, 0x000000008c700000, 0x000000008c700000|100%| E|CS|TAMS 0x000000008c600000| PB 0x000000008c600000| Complete 
| 171|0x000000008c700000, 0x000000008c800000, 0x000000008c800000|100%| E|CS|TAMS 0x000000008c700000| PB 0x000000008c700000| Complete 
| 172|0x000000008c800000, 0x000000008c900000, 0x000000008c900000|100%| E|CS|TAMS 0x000000008c800000| PB 0x000000008c800000| Complete 
| 173|0x000000008c900000, 0x000000008ca00000, 0x000000008ca00000|100%| E|CS|TAMS 0x000000008c900000| PB 0x000000008c900000| Complete 
| 174|0x000000008ca00000, 0x000000008cb00000, 0x000000008cb00000|100%| E|CS|TAMS 0x000000008ca00000| PB 0x000000008ca00000| Complete 
| 175|0x000000008cb00000, 0x000000008cc00000, 0x000000008cc00000|100%| E|CS|TAMS 0x000000008cb00000| PB 0x000000008cb00000| Complete 
| 176|0x000000008cc00000, 0x000000008cd00000, 0x000000008cd00000|100%| E|CS|TAMS 0x000000008cc00000| PB 0x000000008cc00000| Complete 
| 177|0x000000008cd00000, 0x000000008ce00000, 0x000000008ce00000|100%| E|CS|TAMS 0x000000008cd00000| PB 0x000000008cd00000| Complete 
| 178|0x000000008ce00000, 0x000000008cf00000, 0x000000008cf00000|100%| E|CS|TAMS 0x000000008ce00000| PB 0x000000008ce00000| Complete 
| 179|0x000000008cf00000, 0x000000008d000000, 0x000000008d000000|100%| E|CS|TAMS 0x000000008cf00000| PB 0x000000008cf00000| Complete 
| 180|0x000000008d000000, 0x000000008d100000, 0x000000008d100000|100%| E|CS|TAMS 0x000000008d000000| PB 0x000000008d000000| Complete 
| 181|0x000000008d100000, 0x000000008d200000, 0x000000008d200000|100%| E|CS|TAMS 0x000000008d100000| PB 0x000000008d100000| Complete 
|2018|0x00000000ffe00000, 0x00000000fff00000, 0x00000000fff00000|100%| O|  |TAMS 0x00000000ffe00000| PB 0x00000000ffe00000| Untracked 
|2019|0x00000000fff00000, 0x0000000100000000, 0x0000000100000000|100%| O|  |TAMS 0x00000000fff00000| PB 0x00000000fff00000| Untracked 

Card table byte_map: [0x0000022c1aa30000,0x0000022c1ae30000] _byte_map_base: 0x0000022c1a622000

Marking Bits: (CMBitMap*) 0x0000022c08523300
 Bits: [0x0000022c1ae30000, 0x0000022c1cdc0000)

Polling page: 0x0000022c063c0000

Metaspace:

Usage:
  Non-class:     63.39 MB used.
      Class:      7.24 MB used.
       Both:     70.63 MB used.

Virtual space:
  Non-class space:       64.00 MB reserved,      63.56 MB (>99%) committed,  1 nodes.
      Class space:        1.00 GB reserved,       7.38 MB ( <1%) committed,  1 nodes.
             Both:        1.06 GB reserved,      70.94 MB (  7%) committed. 

Chunk freelists:
   Non-Class:  336.00 KB
       Class:  8.58 MB
        Both:  8.91 MB

MaxMetaspaceSize: unlimited
CompressedClassSpaceSize: 1.00 GB
Initial GC threshold: 21.00 MB
Current GC threshold: 116.19 MB
CDS: off
 - commit_granule_bytes: 65536.
 - commit_granule_words: 8192.
 - virtual_space_node_default_size: 8388608.
 - enlarge_chunks_in_place: 1.
 - use_allocation_guard: 0.


Internal statistics:

num_allocs_failed_limit: 6.
num_arena_births: 362.
num_arena_deaths: 0.
num_vsnodes_births: 2.
num_vsnodes_deaths: 0.
num_space_committed: 1133.
num_space_uncommitted: 0.
num_chunks_returned_to_freelist: 6.
num_chunks_taken_from_freelist: 2600.
num_chunk_merges: 6.
num_chunk_splits: 2153.
num_chunks_enlarged: 1959.
num_inconsistent_stats: 0.

CodeHeap 'non-profiled nmethods': size=120000Kb used=6642Kb max_used=6642Kb free=113357Kb
 bounds [0x0000022c13100000, 0x0000022c13780000, 0x0000022c1a630000]
CodeHeap 'profiled nmethods': size=120000Kb used=38835Kb max_used=39985Kb free=81164Kb
 bounds [0x0000022c0b630000, 0x0000022c0dd40000, 0x0000022c12b60000]
CodeHeap 'non-nmethods': size=5760Kb used=1760Kb max_used=1837Kb free=3999Kb
 bounds [0x0000022c12b60000, 0x0000022c12dd0000, 0x0000022c13100000]
 total_blobs=11846 nmethods=11068 adapters=679
 compilation: enabled
              stopped_count=0, restarted_count=0
 full_count=0

Compilation events (20 events):
Event: 66.278 Thread 0x0000022c1f45c600 12697   !   2       org.jetbrains.kotlin.ir.interpreter.transformer.IrConstTransformer::interpret (122 bytes)
Event: 66.279 Thread 0x0000022c1f45c600 nmethod 12697 0x0000022c0d219810 code [0x0000022c0d219ae0, 0x0000022c0d21a2f0]
Event: 66.281 Thread 0x0000022c1f45c600 12698       2       org.jetbrains.kotlin.ir.interpreter.checker.IrInterpreterCheckerData::<init> (38 bytes)
Event: 66.282 Thread 0x0000022c1f45c600 nmethod 12698 0x0000022c0bf7b810 code [0x0000022c0bf7ba80, 0x0000022c0bf7c130]
Event: 66.282 Thread 0x0000022c1f45c600 12699       2       org.jetbrains.kotlin.ir.interpreter.transformer.IrConstAnnotationTransformer::convertToConstIfPossible (103 bytes)
Event: 66.284 Thread 0x0000022c1f45c600 nmethod 12699 0x0000022c0bf7a610 code [0x0000022c0bf7a920, 0x0000022c0bf7b230]
Event: 66.300 Thread 0x0000022c1f45c600 12700       2       org.jetbrains.kotlin.ir.declarations.impl.IrFunctionImpl::setReturnType (12 bytes)
Event: 66.301 Thread 0x0000022c1f45c600 nmethod 12700 0x0000022c0d219110 code [0x0000022c0d219300, 0x0000022c0d219620]
Event: 66.301 Thread 0x0000022c1f45c600 12701       2       org.jetbrains.kotlin.ir.expressions.impl.IrGetValueImpl::setType (12 bytes)
Event: 66.302 Thread 0x0000022c1f45c600 nmethod 12701 0x0000022c0bf79f10 code [0x0000022c0bf7a100, 0x0000022c0bf7a420]
Event: 66.302 Thread 0x0000022c1f45c600 12702       1       org.jetbrains.kotlin.ir.expressions.impl.IrReturnImpl::getType (5 bytes)
Event: 66.302 Thread 0x0000022c1f45c600 nmethod 12702 0x0000022c13540890 code [0x0000022c13540a20, 0x0000022c13540ae8]
Event: 66.303 Thread 0x0000022c1f45c600 12703       1       org.jetbrains.kotlin.ir.expressions.impl.IrWhenImpl::getType (5 bytes)
Event: 66.303 Thread 0x0000022c1f45c600 nmethod 12703 0x0000022c1377be90 code [0x0000022c1377c020, 0x0000022c1377c0e8]
Event: 66.303 Thread 0x0000022c1f45c600 12704       2       org.jetbrains.kotlin.ir.interpreter.transformer.IrConstTypeAnnotationTransformer::visitConst (13 bytes)
Event: 66.304 Thread 0x0000022c1f45c600 nmethod 12704 0x0000022c0bf79510 code [0x0000022c0bf79740, 0x0000022c0bf79ba8]
Event: 66.304 Thread 0x0000022c1f45c600 12705       2       org.jetbrains.kotlin.ir.expressions.impl.IrConstImpl::setType (12 bytes)
Event: 66.304 Thread 0x0000022c1f45c600 nmethod 12705 0x0000022c0bf78e10 code [0x0000022c0bf79000, 0x0000022c0bf79320]
Event: 66.318 Thread 0x0000022c1f45c600 12706       2       org.jetbrains.kotlin.ir.interpreter.transformer.IrConstExpressionTransformer::visitConst (10 bytes)
Event: 66.318 Thread 0x0000022c1f45c600 nmethod 12706 0x0000022c0bf78690 code [0x0000022c0bf78880, 0x0000022c0bf78bb8]

GC Heap History (20 events):
Event: 46.780 GC heap before
{Heap before GC invocations=24 (full 0):
 garbage-first heap   total 119808K, used 99513K [0x0000000081c00000, 0x0000000100000000)
  region size 1024K, 36 young (36864K), 3 survivors (3072K)
 Metaspace       used 58711K, committed 59072K, reserved 1114112K
  class space    used 6367K, committed 6528K, reserved 1048576K
}
Event: 46.796 GC heap after
{Heap after GC invocations=25 (full 0):
 garbage-first heap   total 119808K, used 68072K [0x0000000081c00000, 0x0000000100000000)
  region size 1024K, 5 young (5120K), 5 survivors (5120K)
 Metaspace       used 58711K, committed 59072K, reserved 1114112K
  class space    used 6367K, committed 6528K, reserved 1048576K
}
Event: 48.634 GC heap before
{Heap before GC invocations=25 (full 0):
 garbage-first heap   total 119808K, used 102888K [0x0000000081c00000, 0x0000000100000000)
  region size 1024K, 39 young (39936K), 5 survivors (5120K)
 Metaspace       used 60369K, committed 60736K, reserved 1114112K
  class space    used 6482K, committed 6656K, reserved 1048576K
}
Event: 48.668 GC heap after
{Heap after GC invocations=26 (full 0):
 garbage-first heap   total 119808K, used 70865K [0x0000000081c00000, 0x0000000100000000)
  region size 1024K, 4 young (4096K), 4 survivors (4096K)
 Metaspace       used 60369K, committed 60736K, reserved 1114112K
  class space    used 6482K, committed 6656K, reserved 1048576K
}
Event: 51.827 GC heap before
{Heap before GC invocations=26 (full 0):
 garbage-first heap   total 119808K, used 104657K [0x0000000081c00000, 0x0000000100000000)
  region size 1024K, 37 young (37888K), 4 survivors (4096K)
 Metaspace       used 63071K, committed 63360K, reserved 1114112K
  class space    used 6694K, committed 6848K, reserved 1048576K
}
Event: 51.849 GC heap after
{Heap after GC invocations=27 (full 0):
 garbage-first heap   total 119808K, used 73915K [0x0000000081c00000, 0x0000000100000000)
  region size 1024K, 3 young (3072K), 3 survivors (3072K)
 Metaspace       used 63071K, committed 63360K, reserved 1114112K
  class space    used 6694K, committed 6848K, reserved 1048576K
}
Event: 53.021 GC heap before
{Heap before GC invocations=28 (full 0):
 garbage-first heap   total 124928K, used 105659K [0x0000000081c00000, 0x0000000100000000)
  region size 1024K, 34 young (34816K), 3 survivors (3072K)
 Metaspace       used 63237K, committed 63552K, reserved 1114112K
  class space    used 6697K, committed 6848K, reserved 1048576K
}
Event: 53.055 GC heap after
{Heap after GC invocations=29 (full 0):
 garbage-first heap   total 124928K, used 81661K [0x0000000081c00000, 0x0000000100000000)
  region size 1024K, 5 young (5120K), 5 survivors (5120K)
 Metaspace       used 63237K, committed 63552K, reserved 1114112K
  class space    used 6697K, committed 6848K, reserved 1048576K
}
Event: 54.022 GC heap before
{Heap before GC invocations=29 (full 0):
 garbage-first heap   total 124928K, used 110333K [0x0000000081c00000, 0x0000000100000000)
  region size 1024K, 33 young (33792K), 5 survivors (5120K)
 Metaspace       used 63358K, committed 63680K, reserved 1114112K
  class space    used 6704K, committed 6848K, reserved 1048576K
}
Event: 54.058 GC heap after
{Heap after GC invocations=30 (full 0):
 garbage-first heap   total 124928K, used 86470K [0x0000000081c00000, 0x0000000100000000)
  region size 1024K, 5 young (5120K), 5 survivors (5120K)
 Metaspace       used 63358K, committed 63680K, reserved 1114112K
  class space    used 6704K, committed 6848K, reserved 1048576K
}
Event: 54.571 GC heap before
{Heap before GC invocations=30 (full 0):
 garbage-first heap   total 124928K, used 112070K [0x0000000081c00000, 0x0000000100000000)
  region size 1024K, 30 young (30720K), 5 survivors (5120K)
 Metaspace       used 64462K, committed 64768K, reserved 1114112K
  class space    used 6807K, committed 6976K, reserved 1048576K
}
Event: 54.594 GC heap after
{Heap after GC invocations=31 (full 0):
 garbage-first heap   total 152576K, used 90066K [0x0000000081c00000, 0x0000000100000000)
  region size 1024K, 4 young (4096K), 4 survivors (4096K)
 Metaspace       used 64462K, committed 64768K, reserved 1114112K
  class space    used 6807K, committed 6976K, reserved 1048576K
}
Event: 61.124 GC heap before
{Heap before GC invocations=32 (full 0):
 garbage-first heap   total 152576K, used 132050K [0x0000000081c00000, 0x0000000100000000)
  region size 1024K, 46 young (47104K), 4 survivors (4096K)
 Metaspace       used 70239K, committed 70592K, reserved 1114112K
  class space    used 7319K, committed 7488K, reserved 1048576K
}
Event: 61.146 GC heap after
{Heap after GC invocations=33 (full 0):
 garbage-first heap   total 152576K, used 97258K [0x0000000081c00000, 0x0000000100000000)
  region size 1024K, 6 young (6144K), 6 survivors (6144K)
 Metaspace       used 70239K, committed 70592K, reserved 1114112K
  class space    used 7319K, committed 7488K, reserved 1048576K
}
Event: 64.308 GC heap before
{Heap before GC invocations=33 (full 0):
 garbage-first heap   total 152576K, used 136170K [0x0000000081c00000, 0x0000000100000000)
  region size 1024K, 44 young (45056K), 6 survivors (6144K)
 Metaspace       used 70763K, committed 71104K, reserved 1114112K
  class space    used 7341K, committed 7488K, reserved 1048576K
}
Event: 64.338 GC heap after
{Heap after GC invocations=34 (full 0):
 garbage-first heap   total 152576K, used 104960K [0x0000000081c00000, 0x0000000100000000)
  region size 1024K, 6 young (6144K), 6 survivors (6144K)
 Metaspace       used 70763K, committed 71104K, reserved 1114112K
  class space    used 7341K, committed 7488K, reserved 1048576K
}
Event: 65.049 GC heap before
{Heap before GC invocations=34 (full 0):
 garbage-first heap   total 152576K, used 135680K [0x0000000081c00000, 0x0000000100000000)
  region size 1024K, 36 young (36864K), 6 survivors (6144K)
 Metaspace       used 71027K, committed 71360K, reserved 1114112K
  class space    used 7356K, committed 7488K, reserved 1048576K
}
Event: 65.074 GC heap after
{Heap after GC invocations=35 (full 0):
 garbage-first heap   total 152576K, used 112640K [0x0000000081c00000, 0x0000000100000000)
  region size 1024K, 5 young (5120K), 5 survivors (5120K)
 Metaspace       used 71027K, committed 71360K, reserved 1114112K
  class space    used 7356K, committed 7488K, reserved 1048576K
}
Event: 65.972 GC heap before
{Heap before GC invocations=36 (full 0):
 garbage-first heap   total 188416K, used 138240K [0x0000000081c00000, 0x0000000100000000)
  region size 1024K, 29 young (29696K), 5 survivors (5120K)
 Metaspace       used 72112K, committed 72448K, reserved 1114112K
  class space    used 7413K, committed 7552K, reserved 1048576K
}
Event: 65.994 GC heap after
{Heap after GC invocations=37 (full 0):
 garbage-first heap   total 188416K, used 118784K [0x0000000081c00000, 0x0000000100000000)
  region size 1024K, 4 young (4096K), 4 survivors (4096K)
 Metaspace       used 72112K, committed 72448K, reserved 1114112K
  class space    used 7413K, committed 7552K, reserved 1048576K
}

Dll operation events (3 events):
Event: 0.019 Loaded shared library D:\SEMESTER 7\SMDD\Android_Studio\jbr\bin\java.dll
Event: 0.339 Loaded shared library D:\SEMESTER 7\SMDD\Android_Studio\jbr\bin\zip.dll
Event: 24.476 Loaded shared library D:\SEMESTER 7\SMDD\Android_Studio\jbr\bin\verify.dll

Deoptimization events (20 events):
Event: 66.305 Thread 0x0000022c084cd350 DEOPT PACKING pc=0x0000022c0b958721 sp=0x000000ad470fd1a0
Event: 66.305 Thread 0x0000022c084cd350 DEOPT UNPACKING pc=0x0000022c12bb4e42 sp=0x000000ad470fc6a0 mode 0
Event: 66.311 Thread 0x0000022c084cd350 DEOPT PACKING pc=0x0000022c0b958721 sp=0x000000ad470fd1a0
Event: 66.311 Thread 0x0000022c084cd350 DEOPT UNPACKING pc=0x0000022c12bb4e42 sp=0x000000ad470fc6a0 mode 0
Event: 66.312 Thread 0x0000022c084cd350 DEOPT PACKING pc=0x0000022c0b958721 sp=0x000000ad470fd1a0
Event: 66.312 Thread 0x0000022c084cd350 DEOPT UNPACKING pc=0x0000022c12bb4e42 sp=0x000000ad470fc6a0 mode 0
Event: 66.314 Thread 0x0000022c084cd350 DEOPT PACKING pc=0x0000022c0b958721 sp=0x000000ad470fd1a0
Event: 66.314 Thread 0x0000022c084cd350 DEOPT UNPACKING pc=0x0000022c12bb4e42 sp=0x000000ad470fc6a0 mode 0
Event: 66.315 Thread 0x0000022c084cd350 DEOPT PACKING pc=0x0000022c0b958721 sp=0x000000ad470fd530
Event: 66.315 Thread 0x0000022c084cd350 DEOPT UNPACKING pc=0x0000022c12bb4e42 sp=0x000000ad470fca30 mode 0
Event: 66.316 Thread 0x0000022c084cd350 DEOPT PACKING pc=0x0000022c0b958721 sp=0x000000ad470fd1a0
Event: 66.316 Thread 0x0000022c084cd350 DEOPT UNPACKING pc=0x0000022c12bb4e42 sp=0x000000ad470fc6a0 mode 0
Event: 66.316 Thread 0x0000022c084cd350 DEOPT PACKING pc=0x0000022c0b958721 sp=0x000000ad470fd530
Event: 66.316 Thread 0x0000022c084cd350 DEOPT UNPACKING pc=0x0000022c12bb4e42 sp=0x000000ad470fca30 mode 0
Event: 66.322 Thread 0x0000022c084cd350 DEOPT PACKING pc=0x0000022c0b958721 sp=0x000000ad470fd580
Event: 66.322 Thread 0x0000022c084cd350 DEOPT UNPACKING pc=0x0000022c12bb4e42 sp=0x000000ad470fca80 mode 0
Event: 66.324 Thread 0x0000022c084cd350 DEOPT PACKING pc=0x0000022c0b958721 sp=0x000000ad470fd5a0
Event: 66.324 Thread 0x0000022c084cd350 DEOPT UNPACKING pc=0x0000022c12bb4e42 sp=0x000000ad470fcaa0 mode 0
Event: 66.325 Thread 0x0000022c084cd350 DEOPT PACKING pc=0x0000022c0b958721 sp=0x000000ad470fd5a0
Event: 66.325 Thread 0x0000022c084cd350 DEOPT UNPACKING pc=0x0000022c12bb4e42 sp=0x000000ad470fcaa0 mode 0

Classes loaded (20 events):
Event: 54.502 Loading class java/util/ServiceLoader$2
Event: 54.502 Loading class java/util/ServiceLoader$2 done
Event: 54.502 Loading class java/util/ServiceLoader$3
Event: 54.502 Loading class java/util/ServiceLoader$3 done
Event: 54.503 Loading class java/util/Collections$EmptyEnumeration
Event: 54.503 Loading class java/util/Collections$EmptyEnumeration done
Event: 54.503 Loading class jdk/internal/loader/BuiltinClassLoader$1
Event: 54.503 Loading class jdk/internal/loader/BuiltinClassLoader$1 done
Event: 54.503 Loading class java/lang/CompoundEnumeration
Event: 54.503 Loading class java/lang/CompoundEnumeration done
Event: 54.503 Loading class jdk/internal/loader/URLClassPath$1
Event: 54.504 Loading class jdk/internal/loader/URLClassPath$1 done
Event: 54.506 Loading class java/util/ServiceLoader$1
Event: 54.506 Loading class java/util/ServiceLoader$1 done
Event: 54.506 Loading class java/util/ServiceLoader$ProviderImpl
Event: 54.507 Loading class java/util/ServiceLoader$Provider
Event: 54.507 Loading class java/util/ServiceLoader$Provider done
Event: 54.507 Loading class java/util/ServiceLoader$ProviderImpl done
Event: 55.223 Loading class java/util/regex/Pattern$StartS
Event: 55.253 Loading class java/util/regex/Pattern$StartS done

Classes unloaded (0 events):
No events

Classes redefined (0 events):
No events

Internal exceptions (20 events):
Event: 49.013 Thread 0x0000022c084cd350 Implicit null exception at 0x0000022c13106660 to 0x0000022c13106774
Event: 49.079 Thread 0x0000022c084cd350 Implicit null exception at 0x0000022c133fcde9 to 0x0000022c133fcf64
Event: 51.601 Thread 0x0000022c084cd350 Exception <a 'java/lang/NoSuchMethodError'{0x000000008722cdf0}: 'java.lang.Object java.lang.invoke.DirectMethodHandle$Holder.newInvokeSpecial(java.lang.Object, java.lang.Object, int, java.lang.Object, java.lang.Object, java.lang.Object)'> (0x000000008722cdf0) 
thrown [s\src\hotspot\share\interpreter\linkResolver.cpp, line 784]
Event: 51.601 Thread 0x0000022c084cd350 Exception <a 'java/lang/NoSuchMethodError'{0x0000000087230f00}: 'java.lang.Object java.lang.invoke.DirectMethodHandle$Holder.invokeSpecial(java.lang.Object, java.lang.Object, java.lang.Object, int, java.lang.Object, java.lang.Object, java.lang.Object)'> (0x0000000087230f00) 
thrown [s\src\hotspot\share\interpreter\linkResolver.cpp, line 784]
Event: 51.601 Thread 0x0000022c084cd350 Exception <a 'java/lang/NoSuchMethodError'{0x0000000087234578}: 'java.lang.Object java.lang.invoke.Invokers$Holder.linkToTargetMethod(java.lang.Object, int, java.lang.Object, java.lang.Object, java.lang.Object, java.lang.Object)'> (0x0000000087234578) 
thrown [s\src\hotspot\share\interpreter\linkResolver.cpp, line 784]
Event: 53.116 Thread 0x0000022c084cd350 Exception <a 'java/lang/NoSuchMethodError'{0x0000000089059858}: 'java.lang.Object java.lang.invoke.DirectMethodHandle$Holder.newInvokeSpecial(java.lang.Object, java.lang.Object, java.lang.Object, java.lang.Object, java.lang.Object, java.lang.Object, int)'> (0x0000000089059858) 
thrown [s\src\hotspot\share\interpreter\linkResolver.cpp, line 784]
Event: 53.117 Thread 0x0000022c084cd350 Exception <a 'java/lang/NoSuchMethodError'{0x000000008905de48}: 'java.lang.Object java.lang.invoke.DirectMethodHandle$Holder.invokeSpecial(java.lang.Object, java.lang.Object, java.lang.Object, java.lang.Object, java.lang.Object, java.lang.Object, java.lang.Object, int)'> (0x000000008905de48) 
thrown [s\src\hotspot\share\interpreter\linkResolver.cpp, line 784]
Event: 54.740 Thread 0x0000022c084cd350 Implicit null exception at 0x0000022c131342a0 to 0x0000022c13134868
Event: 54.746 Thread 0x0000022c084cd350 Implicit null exception at 0x0000022c13134ea0 to 0x0000022c13135458
Event: 55.586 Thread 0x0000022c084cd350 Exception <a 'java/lang/NoSuchMethodError'{0x000000008a064618}: 'java.lang.Object java.lang.invoke.DirectMethodHandle$Holder.newInvokeSpecial(java.lang.Object, java.lang.Object, java.lang.Object, java.lang.Object, java.lang.Object, java.lang.Object, java.lang.Object, java.lang.Object, int)'> (0x000000008a064618) 
thrown [s\src\hotspot\share\interpreter\linkResolver.cpp, line 784]
Event: 55.587 Thread 0x0000022c084cd350 Exception <a 'java/lang/NoSuchMethodError'{0x000000008a069398}: 'java.lang.Object java.lang.invoke.DirectMethodHandle$Holder.invokeSpecial(java.lang.Object, java.lang.Object, java.lang.Object, java.lang.Object, java.lang.Object, java.lang.Object, java.lang.Object, java.lang.Object, java.lang.Object, int)'> (0x000000008a069398) 
thrown [s\src\hotspot\share\interpreter\linkResolver.cpp, line 784]
Event: 55.678 Thread 0x0000022c084cd350 Exception <a 'java/lang/NoSuchMethodError'{0x0000000089f7afa0}: 'java.lang.Object java.lang.invoke.DirectMethodHandle$Holder.newInvokeSpecial(java.lang.Object, java.lang.Object, java.lang.Object, java.lang.Object, java.lang.Object, java.lang.Object, java.lang.Object, int)'> (0x0000000089f7afa0) 
thrown [s\src\hotspot\share\interpreter\linkResolver.cpp, line 784]
Event: 55.679 Thread 0x0000022c084cd350 Exception <a 'java/lang/NoSuchMethodError'{0x0000000089f7f638}: 'java.lang.Object java.lang.invoke.DirectMethodHandle$Holder.invokeSpecial(java.lang.Object, java.lang.Object, java.lang.Object, java.lang.Object, java.lang.Object, java.lang.Object, java.lang.Object, java.lang.Object, int)'> (0x0000000089f7f638) 
thrown [s\src\hotspot\share\interpreter\linkResolver.cpp, line 784]
Event: 55.679 Thread 0x0000022c084cd350 Exception <a 'java/lang/NoSuchMethodError'{0x0000000089f83848}: 'java.lang.Object java.lang.invoke.Invokers$Holder.linkToTargetMethod(java.lang.Object, java.lang.Object, java.lang.Object, java.lang.Object, java.lang.Object, java.lang.Object, int, java.lang.Object)'> (0x0000000089f83848) 
thrown [s\src\hotspot\share\interpreter\linkResolver.cpp, line 784]
Event: 55.728 Thread 0x0000022c084cd350 Exception <a 'java/lang/NoSuchMethodError'{0x0000000089e27830}: 'java.lang.Object java.lang.invoke.DirectMethodHandle$Holder.invokeStatic(java.lang.Object, java.lang.Object, int, int)'> (0x0000000089e27830) 
thrown [s\src\hotspot\share\interpreter\linkResolver.cpp, line 784]
Event: 55.729 Thread 0x0000022c084cd350 Exception <a 'java/lang/NoSuchMethodError'{0x0000000089e2e558}: 'java.lang.Object java.lang.invoke.DirectMethodHandle$Holder.newInvokeSpecial(java.lang.Object, java.lang.Object, int, int)'> (0x0000000089e2e558) 
thrown [s\src\hotspot\share\interpreter\linkResolver.cpp, line 784]
Event: 55.729 Thread 0x0000022c084cd350 Exception <a 'java/lang/NoSuchMethodError'{0x0000000089e32820}: 'java.lang.Object java.lang.invoke.DirectMethodHandle$Holder.invokeSpecial(java.lang.Object, java.lang.Object, java.lang.Object, int, int)'> (0x0000000089e32820) 
thrown [s\src\hotspot\share\interpreter\linkResolver.cpp, line 784]
Event: 55.733 Thread 0x0000022c084cd350 Exception <a 'java/lang/NoSuchMethodError'{0x0000000089e36440}: 'java.lang.Object java.lang.invoke.Invokers$Holder.linkToTargetMethod(java.lang.Object, int, int, java.lang.Object)'> (0x0000000089e36440) 
thrown [s\src\hotspot\share\interpreter\linkResolver.cpp, line 784]
Event: 57.213 Thread 0x0000022c084cd350 Exception <a 'java/lang/NoSuchMethodError'{0x0000000089ae0070}: 'java.lang.Object java.lang.invoke.DirectMethodHandle$Holder.invokeStatic(java.lang.Object, java.lang.Object, java.lang.Object, int, int)'> (0x0000000089ae0070) 
thrown [s\src\hotspot\share\interpreter\linkResolver.cpp, line 784]
Event: 64.789 Thread 0x0000022c084cd350 Implicit null exception at 0x0000022c1370a569 to 0x0000022c1370a838

ZGC Phase Switch (0 events):
No events

VM Operations (20 events):
Event: 63.233 Executing VM operation: Cleanup
Event: 63.249 Executing VM operation: Cleanup done
Event: 63.824 Executing VM operation: ICBufferFull
Event: 63.825 Executing VM operation: ICBufferFull done
Event: 64.308 Executing VM operation: G1CollectForAllocation (G1 Evacuation Pause)
Event: 64.338 Executing VM operation: G1CollectForAllocation (G1 Evacuation Pause) done
Event: 64.909 Executing VM operation: HandshakeAllThreads (Deoptimize)
Event: 64.909 Executing VM operation: HandshakeAllThreads (Deoptimize) done
Event: 64.919 Executing VM operation: HandshakeAllThreads (Deoptimize)
Event: 64.919 Executing VM operation: HandshakeAllThreads (Deoptimize) done
Event: 64.948 Executing VM operation: ICBufferFull
Event: 64.948 Executing VM operation: ICBufferFull done
Event: 65.049 Executing VM operation: G1CollectForAllocation (G1 Evacuation Pause)
Event: 65.074 Executing VM operation: G1CollectForAllocation (G1 Evacuation Pause) done
Event: 65.456 Executing VM operation: G1PauseRemark
Event: 65.473 Executing VM operation: G1PauseRemark done
Event: 65.641 Executing VM operation: G1PauseCleanup
Event: 65.641 Executing VM operation: G1PauseCleanup done
Event: 65.972 Executing VM operation: G1CollectForAllocation (G1 Evacuation Pause)
Event: 65.994 Executing VM operation: G1CollectForAllocation (G1 Evacuation Pause) done

Memory protections (0 events):
No events

Nmethod flushes (20 events):
Event: 65.471 Thread 0x0000022c06290850 flushing  nmethod 0x0000022c0d196410
Event: 65.471 Thread 0x0000022c06290850 flushing  nmethod 0x0000022c0d19be90
Event: 65.471 Thread 0x0000022c06290850 flushing  nmethod 0x0000022c0d1c7590
Event: 65.471 Thread 0x0000022c06290850 flushing  nmethod 0x0000022c0d1f4a10
Event: 65.471 Thread 0x0000022c06290850 flushing  nmethod 0x0000022c0d1fc190
Event: 65.471 Thread 0x0000022c06290850 flushing  nmethod 0x0000022c0d1ffe10
Event: 65.471 Thread 0x0000022c06290850 flushing  nmethod 0x0000022c0d207990
Event: 65.471 Thread 0x0000022c06290850 flushing  nmethod 0x0000022c0d2cf710
Event: 65.471 Thread 0x0000022c06290850 flushing  nmethod 0x0000022c0d2db510
Event: 65.471 Thread 0x0000022c06290850 flushing  nmethod 0x0000022c0d55c110
Event: 65.471 Thread 0x0000022c06290850 flushing  nmethod 0x0000022c0d562c90
Event: 65.471 Thread 0x0000022c06290850 flushing  nmethod 0x0000022c0d631610
Event: 65.471 Thread 0x0000022c06290850 flushing  nmethod 0x0000022c0d6c2810
Event: 65.471 Thread 0x0000022c06290850 flushing  nmethod 0x0000022c0d81d910
Event: 65.471 Thread 0x0000022c06290850 flushing  nmethod 0x0000022c0d822790
Event: 65.471 Thread 0x0000022c06290850 flushing  nmethod 0x0000022c0d824110
Event: 65.471 Thread 0x0000022c06290850 flushing  nmethod 0x0000022c0d826090
Event: 65.471 Thread 0x0000022c06290850 flushing  nmethod 0x0000022c0d829410
Event: 65.471 Thread 0x0000022c06290850 flushing  nmethod 0x0000022c0d83b910
Event: 65.471 Thread 0x0000022c06290850 flushing  nmethod 0x0000022c0d843f10

Events (20 events):
Event: 5.460 Thread 0x0000022c084cd350 Thread added: 0x0000022c1f4733c0
Event: 5.461 Thread 0x0000022c084cd350 Thread added: 0x0000022c1f44dd00
Event: 5.463 Thread 0x0000022c084cd350 Thread added: 0x0000022c1f451cd0
Event: 5.463 Thread 0x0000022c084cd350 Thread added: 0x0000022c1f452720
Event: 5.463 Thread 0x0000022c084cd350 Thread added: 0x0000022c1f453170
Event: 5.463 Thread 0x0000022c084cd350 Thread added: 0x0000022c1f453bc0
Event: 5.463 Thread 0x0000022c084cd350 Thread added: 0x0000022c1f454940
Event: 5.491 Thread 0x0000022c084cd350 Thread added: 0x0000022c1f45c600
Event: 7.611 Thread 0x0000022c084cd350 Thread added: 0x0000022c1f56c1a0
Event: 7.634 Thread 0x0000022c084cd350 Thread added: 0x0000022c1f576800
Event: 12.136 Loaded shared library D:\SEMESTER 7\SMDD\Android_Studio\jbr\bin\net.dll
Event: 12.143 Loaded shared library D:\SEMESTER 7\SMDD\Android_Studio\jbr\bin\nio.dll
Event: 14.317 Loaded shared library D:\SEMESTER 7\SMDD\Android_Studio\jbr\bin\zip.dll
Event: 16.779 Loaded shared library D:\SEMESTER 7\SMDD\Android_Studio\jbr\bin\jimage.dll
Event: 31.979 Thread 0x0000022c1f45c600 Thread added: 0x0000022c25019280
Event: 33.971 Thread 0x0000022c25019280 Thread exited: 0x0000022c25019280
Event: 37.556 Thread 0x0000022c1f45c600 Thread added: 0x0000022c24399030
Event: 38.137 Thread 0x0000022c24399030 Thread exited: 0x0000022c24399030
Event: 38.289 Thread 0x0000022c1f45c600 Thread added: 0x0000022c25f82510
Event: 38.853 Thread 0x0000022c25f82510 Thread exited: 0x0000022c25f82510


Dynamic libraries:
0x00007ff691ef0000 - 0x00007ff691efa000 	D:\SEMESTER 7\SMDD\Android_Studio\jbr\bin\java.exe
0x00007ffa2ef90000 - 0x00007ffa2f188000 	C:\Windows\SYSTEM32\ntdll.dll
0x00007ffa2d920000 - 0x00007ffa2d9e2000 	C:\Windows\System32\KERNEL32.DLL
0x00007ffa2c900000 - 0x00007ffa2cbf6000 	C:\Windows\System32\KERNELBASE.dll
0x00007ffa2c800000 - 0x00007ffa2c900000 	C:\Windows\System32\ucrtbase.dll
0x00007ffa0fe80000 - 0x00007ffa0fe98000 	D:\SEMESTER 7\SMDD\Android_Studio\jbr\bin\jli.dll
0x00007ffa2e6d0000 - 0x00007ffa2e871000 	C:\Windows\System32\USER32.dll
0x00007ffa2ccd0000 - 0x00007ffa2ccf2000 	C:\Windows\System32\win32u.dll
0x00007ffa2e640000 - 0x00007ffa2e66b000 	C:\Windows\System32\GDI32.dll
0x00007ffa2c6e0000 - 0x00007ffa2c7f9000 	C:\Windows\System32\gdi32full.dll
0x00007ffa2cf10000 - 0x00007ffa2cfad000 	C:\Windows\System32\msvcp_win.dll
0x00007ffa110a0000 - 0x00007ffa110bb000 	D:\SEMESTER 7\SMDD\Android_Studio\jbr\bin\VCRUNTIME140.dll
0x00007ffa16b20000 - 0x00007ffa16dbb000 	C:\Windows\WinSxS\amd64_microsoft.windows.common-controls_6595b64144ccf1df_6.0.19041.6456_none_60b8a6cb71f64256\COMCTL32.dll
0x00007ffa2ed70000 - 0x00007ffa2ee0e000 	C:\Windows\System32\msvcrt.dll
0x00007ffa2d090000 - 0x00007ffa2d0bf000 	C:\Windows\System32\IMM32.DLL
0x00007ffa13540000 - 0x00007ffa1354c000 	D:\SEMESTER 7\SMDD\Android_Studio\jbr\bin\vcruntime140_1.dll
0x00007ff9ff500000 - 0x00007ff9ff58d000 	D:\SEMESTER 7\SMDD\Android_Studio\jbr\bin\msvcp140.dll
0x00007ff9a12f0000 - 0x00007ff9a1f7b000 	D:\SEMESTER 7\SMDD\Android_Studio\jbr\bin\server\jvm.dll
0x00007ffa2dfa0000 - 0x00007ffa2e051000 	C:\Windows\System32\ADVAPI32.dll
0x00007ffa2ec70000 - 0x00007ffa2ed0f000 	C:\Windows\System32\sechost.dll
0x00007ffa2e470000 - 0x00007ffa2e590000 	C:\Windows\System32\RPCRT4.dll
0x00007ffa2c6b0000 - 0x00007ffa2c6d7000 	C:\Windows\System32\bcrypt.dll
0x00007ffa2d890000 - 0x00007ffa2d8fb000 	C:\Windows\System32\WS2_32.dll
0x00007ffa2c480000 - 0x00007ffa2c4cb000 	C:\Windows\SYSTEM32\POWRPROF.dll
0x00007ffa16e70000 - 0x00007ffa16e97000 	C:\Windows\SYSTEM32\WINMM.dll
0x00007ffa20730000 - 0x00007ffa2073a000 	C:\Windows\SYSTEM32\VERSION.dll
0x00007ffa2c460000 - 0x00007ffa2c472000 	C:\Windows\SYSTEM32\UMPDC.dll
0x00007ffa2adf0000 - 0x00007ffa2ae02000 	C:\Windows\SYSTEM32\kernel.appcore.dll
0x00007ffa10af0000 - 0x00007ffa10afa000 	D:\SEMESTER 7\SMDD\Android_Studio\jbr\bin\jimage.dll
0x00007ffa262f0000 - 0x00007ffa264f1000 	C:\Windows\SYSTEM32\DBGHELP.DLL
0x00007ffa10e30000 - 0x00007ffa10e64000 	C:\Windows\SYSTEM32\dbgcore.DLL
0x00007ffa2c620000 - 0x00007ffa2c6a2000 	C:\Windows\System32\bcryptPrimitives.dll
0x00007ffa08330000 - 0x00007ffa08350000 	D:\SEMESTER 7\SMDD\Android_Studio\jbr\bin\java.dll
0x00007ffa04db0000 - 0x00007ffa04dc8000 	D:\SEMESTER 7\SMDD\Android_Studio\jbr\bin\zip.dll
0x00007ffa2d0c0000 - 0x00007ffa2d830000 	C:\Windows\System32\SHELL32.dll
0x00007ffa2a5e0000 - 0x00007ffa2ad85000 	C:\Windows\SYSTEM32\windows.storage.dll
0x00007ffa2e880000 - 0x00007ffa2ebd4000 	C:\Windows\System32\combase.dll
0x00007ffa2be90000 - 0x00007ffa2bebb000 	C:\Windows\SYSTEM32\Wldp.dll
0x00007ffa2d9f0000 - 0x00007ffa2dabd000 	C:\Windows\System32\OLEAUT32.dll
0x00007ffa2e2a0000 - 0x00007ffa2e34d000 	C:\Windows\System32\SHCORE.dll
0x00007ffa2dac0000 - 0x00007ffa2db1b000 	C:\Windows\System32\shlwapi.dll
0x00007ffa2c550000 - 0x00007ffa2c574000 	C:\Windows\SYSTEM32\profapi.dll
0x00007ffa10960000 - 0x00007ffa10970000 	D:\SEMESTER 7\SMDD\Android_Studio\jbr\bin\net.dll
0x00007ffa1e4c0000 - 0x00007ffa1e5ca000 	C:\Windows\SYSTEM32\WINHTTP.dll
0x00007ffa2bc70000 - 0x00007ffa2bcda000 	C:\Windows\system32\mswsock.dll
0x00007ffa02640000 - 0x00007ffa02656000 	D:\SEMESTER 7\SMDD\Android_Studio\jbr\bin\nio.dll
0x00007ffa049d0000 - 0x00007ffa049e0000 	D:\SEMESTER 7\SMDD\Android_Studio\jbr\bin\verify.dll

dbghelp: loaded successfully - version: 4.0.5 - missing functions: none
symbol engine: initialized successfully - sym options: 0x614 - pdb path: .;D:\SEMESTER 7\SMDD\Android_Studio\jbr\bin;C:\Windows\SYSTEM32;C:\Windows\WinSxS\amd64_microsoft.windows.common-controls_6595b64144ccf1df_6.0.19041.6456_none_60b8a6cb71f64256;D:\SEMESTER 7\SMDD\Android_Studio\jbr\bin\server

VM Arguments:
java_command: org.jetbrains.kotlin.cli.jvm.K2JVMCompiler @D:\SEMESTER 7\SMD_Assignment\Assignment_2\app\build\20251018_1670199596020168299.compiler.options
java_class_path (initial): D:\Gradle\caches\modules-2\files-2.1\org.jetbrains.kotlin\kotlin-compiler-embeddable\2.0.21\79346ed53db48b18312a472602eb5c057070c54d\kotlin-compiler-embeddable-2.0.21.jar;D:\Gradle\caches\modules-2\files-2.1\org.jetbrains.kotlin\kotlin-stdlib\2.0.21\618b539767b4899b4660a83006e052b63f1db551\kotlin-stdlib-2.0.21.jar;D:\Gradle\caches\modules-2\files-2.1\org.jetbrains.kotlin\kotlin-script-runtime\2.0.21\c9b044380ad41f89aa89aa896c2d32a8c0b2129d\kotlin-script-runtime-2.0.21.jar;D:\Gradle\caches\modules-2\files-2.1\org.jetbrains.kotlin\kotlin-reflect\1.6.10\1cbe9c92c12a94eea200d23c2bbaedaf3daf5132\kotlin-reflect-1.6.10.jar;D:\Gradle\caches\modules-2\files-2.1\org.jetbrains.kotlin\kotlin-daemon-embeddable\2.0.21\c9e933b23287de9b5a17e2116b4657bb91aea72c\kotlin-daemon-embeddable-2.0.21.jar;D:\Gradle\caches\modules-2\files-2.1\org.jetbrains.intellij.deps\trove4j\1.0.20200330\3afb14d5f9ceb459d724e907a21145e8ff394f02\trove4j-1.0.20200330.jar;D:\Gradle\caches\modules-2\files-2.1\org.jetbrains.kotlinx\kotlinx-coroutines-core-jvm\1.6.4\2c997cd1c0ef33f3e751d3831929aeff1390cb30\kotlinx-coroutines-core-jvm-1.6.4.jar;D:\Gradle\caches\modules-2\files-2.1\org.jetbrains\annotations\13.0\919f0dfe192fb4e063e7dacadee7f8bb9a2672a9\annotations-13.0.jar
Launcher Type: SUN_STANDARD

[Global flags]
     intx CICompilerCount                          = 3                                         {product} {ergonomic}
     uint ConcGCThreads                            = 1                                         {product} {ergonomic}
     uint G1ConcRefinementThreads                  = 4                                         {product} {ergonomic}
   size_t G1HeapRegionSize                         = 1048576                                   {product} {ergonomic}
    uintx GCDrainStackTargetSize                   = 64                                        {product} {ergonomic}
   size_t InitialHeapSize                          = 134217728                                 {product} {ergonomic}
   size_t MarkStackSize                            = 4194304                                   {product} {ergonomic}
   size_t MaxHeapSize                              = 2118123520                                {product} {ergonomic}
   size_t MaxNewSize                               = 1270874112                                {product} {ergonomic}
   size_t MinHeapDeltaBytes                        = 1048576                                   {product} {ergonomic}
   size_t MinHeapSize                              = 8388608                                   {product} {ergonomic}
    uintx NonNMethodCodeHeapSize                   = 5832780                                {pd product} {ergonomic}
    uintx NonProfiledCodeHeapSize                  = 122912730                              {pd product} {ergonomic}
    uintx ProfiledCodeHeapSize                     = 122912730                              {pd product} {ergonomic}
    uintx ReservedCodeCacheSize                    = 251658240                              {pd product} {ergonomic}
     bool SegmentedCodeCache                       = true                                      {product} {ergonomic}
   size_t SoftMaxHeapSize                          = 2118123520                             {manageable} {ergonomic}
     bool UseCompressedOops                        = true                           {product lp64_product} {ergonomic}
     bool UseG1GC                                  = true                                      {product} {ergonomic}
     bool UseLargePagesIndividualAllocation        = false                                  {pd product} {ergonomic}

Logging:
Log output configuration:
 #0: stdout all=warning uptime,level,tags foldmultilines=false
 #1: stderr all=off uptime,level,tags foldmultilines=false

Environment Variables:
PATH=D:\Python\Scripts\;D:\Python\;"D:\opencv\build\x64\vc16\bin;C:\Program Files (x86)\Common Files\Oracle\Java\javapath";C:\Windows\system32;C:\Windows;C:\Windows\System32\Wbem;C:\Windows\System32\WindowsPowerShell\v1.0\;C:\Windows\System32\OpenSSH\;C:\Program Files (x86)\Microsoft SQL Server\160\Tools\Binn\;C:\Program Files\Microsoft SQL Server\160\Tools\Binn\;C:\Program Files\Microsoft SQL Server\Client SDK\ODBC\170\Tools\Binn\;C:\Program Files\Microsoft SQL Server\160\DTS\Binn\;C:\Program Files\Microsoft SQL Server\150\Tools\Binn\;D:\SEMESTER 6\GC\bin\;D:\Node js\;D:\SEMESTER 6\PDC\w_opencl_runtime_p_2025.1.0.972\bin;D:\SEMESTER 6\AI\Project code\OpenJDK21U-jdk_x64_windows_hotspot_21.0.7_6\jdk-21.0.7+6\bin;D:\Cursor\cursor\resources\app\bin;D:\SEMESTER 5\SDA\SDA FINAL PROJECT\Gitbash\Git\cmd;C:\Users\HP\AppData\Local\Programs\Python\Python310\Scripts\;C:\Users\HP\AppData\Local\Programs\Python\Python310\;C:\Users\HP\AppData\Local\Microsoft\WindowsApps;D:\Microsoft VS Code\bin;C:\Users\HP\AppData\Roaming\npm;D:\Cursor\cursor\resources\app\bin;D:\Windsurf\bin
USERNAME=HP
OS=Windows_NT
PROCESSOR_IDENTIFIER=Intel64 Family 6 Model 78 Stepping 3, GenuineIntel
TMP=C:\Users\HP\AppData\Local\Temp
TEMP=C:\Users\HP\AppData\Local\Temp




Periodic native trim disabled

JNI global refs:
JNI global refs: 10, weak refs: 13

JNI global refs memory usage: 835, weak refs: 833

Process memory usage:
Resident Set Size: 399216K (4% of 8266340K total physical memory with 336296K free physical memory)

OOME stack traces (most recent first):
Classloader memory used:
Loader jdk.internal.loader.ClassLoaders$AppClassLoader                                 : 61399K
Loader bootstrap                                                                       : 10930K

---------------  S Y S T E M  ---------------

OS:
 Windows 10 , 64 bit Build 19041 (10.0.19041.5915)
OS uptime: 0 days 4:31 hours
Hyper-V role detected

CPU: total 4 (initial active 4) (2 cores per cpu, 2 threads per core) family 6 model 78 stepping 3 microcode 0xea, cx8, cmov, fxsr, ht, mmx, 3dnowpref, sse, sse2, sse3, ssse3, sse4.1, sse4.2, popcnt, lzcnt, tsc, tscinvbit, avx, avx2, aes, erms, clmul, bmi1, bmi2, rtm, adx, fma, vzeroupper, clflush, clflushopt, hv, rdtscp, f16c
Processor Information for the first 4 processors :
  Max Mhz: 2496, Current Mhz: 2396, Mhz Limit: 2396

Memory: 4k page, system-wide physical 8072M (324M free)
TotalPageFile size 12168M (AvailPageFile size 2M)
current process WorkingSet (physical memory assigned to process): 389M, peak: 389M
current process commit charge ("private bytes"): 427M, peak: 430M

vm_info: OpenJDK 64-Bit Server VM (21.0.6+-13391695-b895.109) for windows-amd64 JRE (21.0.6+-13391695-b895.109), built on 2025-04-22T21:19:17Z by "builder" with MS VC++ 16.10 / 16.11 (VS2019)

END.
