#
# There is insufficient memory for the Java Runtime Environment to continue.
# Native memory allocation (mmap) failed to map 65536 bytes. Error detail: Failed to commit metaspace.
# Possible reasons:
#   The system is out of physical RAM or swap space
#   This process is running with CompressedOops enabled, and the Java Heap may be blocking the growth of the native heap
# Possible solutions:
#   Reduce memory load on the system
#   Increase physical memory or swap space
#   Check if swap backing store is full
#   Decrease Java heap size (-Xmx/-Xms)
#   Decrease number of Java threads
#   Decrease Java thread stack sizes (-Xss)
#   Set larger code cache with -XX:ReservedCodeCacheSize=
#   JVM is running with Unscaled Compressed Oops mode in which the Java heap is
#     placed in the first 4GB address space. The Java Heap base address is the
#     maximum limit for the native heap growth. Please use -XX:HeapBaseMinAddress
#     to set the Java Heap base and to place the Java Heap above 4GB virtual address.
# This output file may be truncated or incomplete.
#
#  Out of Memory Error (virtualSpaceNode.cpp:113), pid=13176, tid=8280
#
# JRE version: OpenJDK Runtime Environment Temurin-21.0.8+9 (21.0.8+9) (build 21.0.8+9-LTS)
# Java VM: OpenJDK 64-Bit Server VM Temurin-21.0.8+9 (21.0.8+9-LTS, mixed mode, sharing, tiered, compressed oops, compressed class ptrs, parallel gc, windows-amd64)
# No core dump will be written. Minidumps are not enabled by default on client versions of Windows
#

---------------  S U M M A R Y ------------

Command Line: --add-modules=ALL-SYSTEM --add-opens=java.base/java.util=ALL-UNNAMED --add-opens=java.base/java.lang=ALL-UNNAMED --add-opens=java.base/sun.nio.fs=ALL-UNNAMED -Declipse.application=org.eclipse.jdt.ls.core.id1 -Dosgi.bundles.defaultStartLevel=4 -Declipse.product=org.eclipse.jdt.ls.core.product -Djava.import.generatesMetadataFilesAtProjectRoot=false -DDetectVMInstallationsJob.disabled=true -Dfile.encoding=utf8 -XX:+UseParallelGC -XX:GCTimeRatio=4 -XX:AdaptiveSizePolicyWeight=90 -Dsun.zip.disableMemoryMapping=true -Xmx2G -Xms100m -Xlog:disable -javaagent:c:\Users\HP\.cursor\extensions\redhat.java-1.47.0-win32-x64\lombok\lombok-1.18.39-4050.jar -XX:+HeapDumpOnOutOfMemoryError -XX:HeapDumpPath=c:\Users\HP\AppData\Roaming\Cursor\User\workspaceStorage\13b526afc1915e23801d6bfb845da41f\redhat.java -Daether.dependencyCollector.impl=bf c:\Users\HP\.cursor\extensions\redhat.java-1.47.0-win32-x64\server\plugins\org.eclipse.equinox.launcher_1.7.100.v20251014-1222.jar -configuration c:\Users\HP\AppData\Roaming\Cursor\User\globalStorage\redhat.java\1.47.0\config_win -data c:\Users\HP\AppData\Roaming\Cursor\User\workspaceStorage\13b526afc1915e23801d6bfb845da41f\redhat.java\jdt_ws --pipe=\\.\pipe\lsp-f120d9128df56f2ca1dd4bd8b7830b1d-sock

Host: Intel(R) Core(TM) i5-6300U CPU @ 2.40GHz, 4 cores, 7G,  Windows 10 , 64 bit Build 19041 (10.0.19041.5915)
Time: Sun Nov  9 22:43:02 2025 Pakistan Standard Time elapsed time: 4.933885 seconds (0d 0h 0m 4s)

---------------  T H R E A D  ---------------

Current thread (0x0000023bc2f811f0):  JavaThread "main"             [_thread_in_vm, id=8280, stack(0x0000008fc1300000,0x0000008fc1400000) (1024K)]

Stack: [0x0000008fc1300000,0x0000008fc1400000]
Native frames: (J=compiled Java code, j=interpreted, Vv=VM code, C=native code)
V  [jvm.dll+0x6d2449]
V  [jvm.dll+0x8ae341]
V  [jvm.dll+0x8b08be]
V  [jvm.dll+0x8b0fa3]
V  [jvm.dll+0x280c96]
V  [jvm.dll+0x8aa07e]
V  [jvm.dll+0x6745b5]
V  [jvm.dll+0x1e5b2c]
V  [jvm.dll+0x1e58fe]
V  [jvm.dll+0x676eb2]
V  [jvm.dll+0x676cd2]
V  [jvm.dll+0x674f8e]
V  [jvm.dll+0x3c155f]
V  [jvm.dll+0x20eaab]
V  [jvm.dll+0x5b1a06]
V  [jvm.dll+0x827606]
V  [jvm.dll+0x4741b6]
V  [jvm.dll+0x47a088]
C  [java.dll+0x17ec]

Java frames: (J=compiled Java code, j=interpreted, Vv=VM code)
j  java.lang.ClassLoader.defineClass1(Ljava/lang/ClassLoader;Ljava/lang/String;[BIILjava/security/ProtectionDomain;Ljava/lang/String;)Ljava/lang/Class;+0 java.base@21.0.8
j  java.lang.ClassLoader.defineClass(Ljava/lang/String;[BIILjava/security/ProtectionDomain;)Ljava/lang/Class;+27 java.base@21.0.8
j  java.lang.ClassLoader.defineClass(Ljava/lang/String;[BII)Ljava/lang/Class;+7 java.base@21.0.8
j  lombok.launch.ShadowClassLoader.urlToDefineClass(Ljava/lang/String;Ljava/net/URL;Z)Ljava/lang/Class;+155
j  lombok.launch.ShadowClassLoader.loadClass(Ljava/lang/String;Z)Ljava/lang/Class;+238
j  java.lang.ClassLoader.loadClass(Ljava/lang/String;)Ljava/lang/Class;+3 java.base@21.0.8
v  ~StubRoutines::call_stub 0x0000023bcd6b100d
j  lombok.eclipse.agent.EclipseLoaderPatcher.patchEquinoxLoaders(Llombok/patcher/ScriptManager;Ljava/lang/Class;)V+322
j  lombok.eclipse.agent.EclipsePatcher.registerPatchScripts(Ljava/lang/instrument/Instrumentation;ZLjava/lang/Class;)V+44
j  lombok.eclipse.agent.EclipsePatcher.runAgent(Ljava/lang/String;Ljava/lang/instrument/Instrumentation;ZLjava/lang/Class;)V+4
j  lombok.core.AgentLauncher.runAgents(Ljava/lang/String;Ljava/lang/instrument/Instrumentation;ZLjava/lang/Class;)V+62
j  java.lang.invoke.LambdaForm$DMH+0x0000023bdb004800.invokeStatic(Ljava/lang/Object;Ljava/lang/Object;Ljava/lang/Object;ILjava/lang/Object;)V+16 java.base@21.0.8
j  java.lang.invoke.LambdaForm$MH+0x0000023bdb008c00.invoke(Ljava/lang/Object;Ljava/lang/Object;Ljava/lang/Object;)Ljava/lang/Object;+124 java.base@21.0.8
j  java.lang.invoke.Invokers$Holder.invokeExact_MT(Ljava/lang/Object;Ljava/lang/Object;Ljava/lang/Object;Ljava/lang/Object;)Ljava/lang/Object;+20 java.base@21.0.8
j  jdk.internal.reflect.DirectMethodHandleAccessor.invokeImpl(Ljava/lang/Object;[Ljava/lang/Object;)Ljava/lang/Object;+104 java.base@21.0.8
j  jdk.internal.reflect.DirectMethodHandleAccessor.invoke(Ljava/lang/Object;[Ljava/lang/Object;)Ljava/lang/Object;+23 java.base@21.0.8
j  java.lang.reflect.Method.invoke(Ljava/lang/Object;[Ljava/lang/Object;)Ljava/lang/Object;+102 java.base@21.0.8
j  lombok.launch.Agent.runLauncher(Ljava/lang/String;Ljava/lang/instrument/Instrumentation;Z)V+73
j  lombok.launch.Agent.premain(Ljava/lang/String;Ljava/lang/instrument/Instrumentation;)V+3
j  java.lang.invoke.LambdaForm$DMH+0x0000023bdb000c00.invokeStatic(Ljava/lang/Object;Ljava/lang/Object;Ljava/lang/Object;)V+11 java.base@21.0.8
j  java.lang.invoke.LambdaForm$MH+0x0000023bdb002800.invoke(Ljava/lang/Object;Ljava/lang/Object;Ljava/lang/Object;Ljava/lang/Object;)Ljava/lang/Object;+54 java.base@21.0.8
j  java.lang.invoke.LambdaForm$MH+0x0000023bdb002c00.invokeExact_MT(Ljava/lang/Object;Ljava/lang/Object;Ljava/lang/Object;Ljava/lang/Object;Ljava/lang/Object;)Ljava/lang/Object;+22 java.base@21.0.8
j  jdk.internal.reflect.DirectMethodHandleAccessor.invokeImpl(Ljava/lang/Object;[Ljava/lang/Object;)Ljava/lang/Object;+72 java.base@21.0.8
j  jdk.internal.reflect.DirectMethodHandleAccessor.invoke(Ljava/lang/Object;[Ljava/lang/Object;)Ljava/lang/Object;+23 java.base@21.0.8
j  java.lang.reflect.Method.invoke(Ljava/lang/Object;[Ljava/lang/Object;)Ljava/lang/Object;+102 java.base@21.0.8
j  sun.instrument.InstrumentationImpl.loadClassAndStartAgent(Ljava/lang/String;Ljava/lang/String;Ljava/lang/String;)V+165 java.instrument@21.0.8
j  sun.instrument.InstrumentationImpl.loadClassAndCallPremain(Ljava/lang/String;Ljava/lang/String;)V+6 java.instrument@21.0.8
v  ~StubRoutines::call_stub 0x0000023bcd6b100d

---------------  P R O C E S S  ---------------

Threads class SMR info:
_java_thread_list=0x0000023c1b690a70, length=10, elements={
0x0000023bc2f811f0, 0x0000023bd995b460, 0x0000023bd995ed80, 0x0000023bd9960680,
0x0000023bd9961590, 0x0000023bd99624a0, 0x0000023bd9965f10, 0x0000023bd9966d40,
0x0000023bd99d8420, 0x0000023c1b692090
}

Java Threads: ( => current thread )
=>0x0000023bc2f811f0 JavaThread "main"                              [_thread_in_vm, id=8280, stack(0x0000008fc1300000,0x0000008fc1400000) (1024K)]
  0x0000023bd995b460 JavaThread "Reference Handler"          daemon [_thread_blocked, id=7256, stack(0x0000008fc1700000,0x0000008fc1800000) (1024K)]
  0x0000023bd995ed80 JavaThread "Finalizer"                  daemon [_thread_blocked, id=1844, stack(0x0000008fc1800000,0x0000008fc1900000) (1024K)]
  0x0000023bd9960680 JavaThread "Signal Dispatcher"          daemon [_thread_blocked, id=12776, stack(0x0000008fc1900000,0x0000008fc1a00000) (1024K)]
  0x0000023bd9961590 JavaThread "Attach Listener"            daemon [_thread_blocked, id=8084, stack(0x0000008fc1a00000,0x0000008fc1b00000) (1024K)]
  0x0000023bd99624a0 JavaThread "Service Thread"             daemon [_thread_blocked, id=4844, stack(0x0000008fc1b00000,0x0000008fc1c00000) (1024K)]
  0x0000023bd9965f10 JavaThread "Monitor Deflation Thread"   daemon [_thread_blocked, id=9600, stack(0x0000008fc1c00000,0x0000008fc1d00000) (1024K)]
  0x0000023bd9966d40 JavaThread "C2 CompilerThread0"         daemon [_thread_blocked, id=11616, stack(0x0000008fc1d00000,0x0000008fc1e00000) (1024K)]
  0x0000023bd99d8420 JavaThread "C1 CompilerThread0"         daemon [_thread_blocked, id=12348, stack(0x0000008fc1e00000,0x0000008fc1f00000) (1024K)]
  0x0000023c1b692090 JavaThread "Common-Cleaner"             daemon [_thread_blocked, id=8736, stack(0x0000008fc1f00000,0x0000008fc2000000) (1024K)]
Total: 10

Other Threads:
  0x0000023bc303f9c0 VMThread "VM Thread"                           [id=8796, stack(0x0000008fc1600000,0x0000008fc1700000) (1024K)] _threads_hazard_ptr=0x0000023c1b690a70
  0x0000023bc2fee1d0 WatcherThread "VM Periodic Task Thread"        [id=7224, stack(0x0000008fc1500000,0x0000008fc1600000) (1024K)]
  0x0000023bc2fa0790 WorkerThread "GC Thread#0"                     [id=10164, stack(0x0000008fc1400000,0x0000008fc1500000) (1024K)]
Total: 3

Threads with active compile tasks:
Total: 0

VM state: synchronizing (normal execution)

VM Mutex/Monitor currently owned by a thread:  ([mutex/lock_event])
[0x00007ffe280f3458] Metaspace_lock - owner thread: 0x0000023bc2f811f0
[0x00007ffe280f5458] Threads_lock - owner thread: 0x0000023bc303f9c0

Heap address: 0x0000000080000000, size: 2048 MB, Compressed Oops mode: 32-bit

CDS archive(s) mapped at: [0x0000023bda000000-0x0000023bdaba0000-0x0000023bdaba0000), size 12189696, SharedBaseAddress: 0x0000023bda000000, ArchiveRelocationMode: 1.
Compressed class space mapped at: 0x0000023bdb000000-0x0000023c1b000000, reserved size: 1073741824
Narrow klass base: 0x0000023bda000000, Narrow klass shift: 0, Narrow klass range: 0x100000000

GC Precious Log:
 CardTable entry size: 512
 CPUs: 4 total, 4 available
 Memory: 8072M
 Large Page Support: Disabled
 NUMA Support: Disabled
 Compressed Oops: Enabled (32-bit)
 Alignments: Space 512K, Generation 512K, Heap 2M
 Heap Min Capacity: 100M
 Heap Initial Capacity: 100M
 Heap Max Capacity: 2G
 Pre-touch: Disabled
 Parallel Workers: 4

Heap:
 PSYoungGen      total 29696K, used 8520K [0x00000000d5580000, 0x00000000d7680000, 0x0000000100000000)
  eden space 25600K, 33% used [0x00000000d5580000,0x00000000d5dd2128,0x00000000d6e80000)
  from space 4096K, 0% used [0x00000000d7280000,0x00000000d7280000,0x00000000d7680000)
  to   space 4096K, 0% used [0x00000000d6e80000,0x00000000d6e80000,0x00000000d7280000)
 ParOldGen       total 68608K, used 0K [0x0000000080000000, 0x0000000084300000, 0x00000000d5580000)
  object space 68608K, 0% used [0x0000000080000000,0x0000000080000000,0x0000000084300000)
 Metaspace       used 1046K, committed 1152K, reserved 1114112K
  class space    used 93K, committed 128K, reserved 1048576K

Card table byte_map: [0x0000023bc2950000,0x0000023bc2d60000] _byte_map_base: 0x0000023bc2550000

Marking Bits: (ParMarkBitMap*) 0x00007ffe280fa340
 Begin Bits: [0x0000023bd5430000, 0x0000023bd7430000)
 End Bits:   [0x0000023bd7430000, 0x0000023bd9430000)

Polling page: 0x0000023bc0f90000

Metaspace:

Usage:
  Non-class:    952.93 KB used.
      Class:     93.88 KB used.
       Both:      1.02 MB used.

Virtual space:
  Non-class space:       64.00 MB reserved,       1.00 MB (  2%) committed,  1 nodes.
      Class space:        1.00 GB reserved,     128.00 KB ( <1%) committed,  1 nodes.
             Both:        1.06 GB reserved,       1.12 MB ( <1%) committed. 

Chunk freelists:
   Non-Class:  11.69 MB
       Class:  15.67 MB
        Both:  27.36 MB

MaxMetaspaceSize: unlimited
CompressedClassSpaceSize: 1.00 GB
Initial GC threshold: 21.00 MB
Current GC threshold: 21.00 MB
CDS: on
 - commit_granule_bytes: 65536.
 - commit_granule_words: 8192.
 - virtual_space_node_default_size: 8388608.
 - enlarge_chunks_in_place: 1.
 - use_allocation_guard: 0.


Internal statistics:

num_allocs_failed_limit: 0.
num_arena_births: 74.
num_arena_deaths: 0.
num_vsnodes_births: 2.
num_vsnodes_deaths: 0.
num_space_committed: 18.
num_space_uncommitted: 0.
num_chunks_returned_to_freelist: 0.
num_chunks_taken_from_freelist: 94.
num_chunk_merges: 0.
num_chunk_splits: 66.
num_chunks_enlarged: 42.
num_inconsistent_stats: 0.

CodeHeap 'non-profiled nmethods': size=120000Kb used=167Kb max_used=167Kb free=119832Kb
 bounds [0x0000023bcdc50000, 0x0000023bcdec0000, 0x0000023bd5180000]
CodeHeap 'profiled nmethods': size=120000Kb used=678Kb max_used=678Kb free=119321Kb
 bounds [0x0000023bc6180000, 0x0000023bc63f0000, 0x0000023bcd6b0000]
CodeHeap 'non-nmethods': size=5760Kb used=1148Kb max_used=1163Kb free=4611Kb
 bounds [0x0000023bcd6b0000, 0x0000023bcd920000, 0x0000023bcdc50000]
CodeCache: size=245760Kb, used=1993Kb, max_used=2008Kb, free=243764Kb
 total_blobs=897, nmethods=501, adapters=303, full_count=0
Compilation: enabled, stopped_count=0, restarted_count=0

Compilation events (20 events):
Event: 4.791 Thread 0x0000023bd99d8420  493       3       java.lang.Character::isLetterOrDigit (19 bytes)
Event: 4.791 Thread 0x0000023bd99d8420 nmethod 493 0x0000023bc6224490 code [0x0000023bc6224660, 0x0000023bc6224908]
Event: 4.797 Thread 0x0000023bd99d8420  494       3       java.net.URI$Parser::scan (41 bytes)
Event: 4.799 Thread 0x0000023bd99d8420 nmethod 494 0x0000023bc6224a10 code [0x0000023bc6224c40, 0x0000023bc6225380]
Event: 4.805 Thread 0x0000023bd99d8420  495       3       java.lang.String::regionMatches (150 bytes)
Event: 4.807 Thread 0x0000023bd99d8420 nmethod 495 0x0000023bc6225710 code [0x0000023bc6225960, 0x0000023bc6226128]
Event: 4.807 Thread 0x0000023bd99d8420  496       3       java.lang.StringLatin1::regionMatchesCI (45 bytes)
Event: 4.808 Thread 0x0000023bd99d8420 nmethod 496 0x0000023bc6226410 code [0x0000023bc62265e0, 0x0000023bc6226898]
Event: 4.836 Thread 0x0000023bd99d8420  497       3       java.net.URL::lowerCaseProtocol (46 bytes)
Event: 4.838 Thread 0x0000023bd99d8420 nmethod 497 0x0000023bc6226a10 code [0x0000023bc6226c40, 0x0000023bc6227130]
Event: 4.856 Thread 0x0000023bd99d8420  498       3       java.lang.StringLatin1::indexOf (121 bytes)
Event: 4.857 Thread 0x0000023bd99d8420 nmethod 498 0x0000023bc6227290 code [0x0000023bc6227480, 0x0000023bc6227938]
Event: 4.857 Thread 0x0000023bd99d8420  499   !   3       java.lang.ref.ReferenceQueue::poll (40 bytes)
Event: 4.859 Thread 0x0000023bd99d8420 nmethod 499 0x0000023bc6227b90 code [0x0000023bc6227e00, 0x0000023bc6228850]
Event: 4.859 Thread 0x0000023bd99d8420  500       3       java.util.ArrayList::add (25 bytes)
Event: 4.860 Thread 0x0000023bd99d8420 nmethod 500 0x0000023bc6228c10 code [0x0000023bc6228de0, 0x0000023bc62291c0]
Event: 4.860 Thread 0x0000023bd99d8420  501       3       java.util.ArrayList::add (23 bytes)
Event: 4.860 Thread 0x0000023bd99d8420 nmethod 501 0x0000023bc6229390 code [0x0000023bc6229560, 0x0000023bc62298d0]
Event: 4.863 Thread 0x0000023bd9966d40  502 %     4       java.lang.StringLatin1::replace @ 79 (198 bytes)
Event: 4.883 Thread 0x0000023bd9966d40 nmethod 502% 0x0000023bcdc79710 code [0x0000023bcdc798c0, 0x0000023bcdc79c80]

GC Heap History (0 events):
No events

Dll operation events (8 events):
Event: 0.206 Loaded shared library c:\Users\HP\.cursor\extensions\redhat.java-1.47.0-win32-x64\jre\21.0.8-win32-x86_64\bin\java.dll
Event: 1.323 Loaded shared library c:\Users\HP\.cursor\extensions\redhat.java-1.47.0-win32-x64\jre\21.0.8-win32-x86_64\bin\zip.dll
Event: 2.254 Loaded shared library C:\Users\HP\.cursor\extensions\redhat.java-1.47.0-win32-x64\jre\21.0.8-win32-x86_64\bin\instrument.dll
Event: 2.277 Loaded shared library C:\Users\HP\.cursor\extensions\redhat.java-1.47.0-win32-x64\jre\21.0.8-win32-x86_64\bin\net.dll
Event: 2.341 Loaded shared library C:\Users\HP\.cursor\extensions\redhat.java-1.47.0-win32-x64\jre\21.0.8-win32-x86_64\bin\nio.dll
Event: 2.523 Loaded shared library C:\Users\HP\.cursor\extensions\redhat.java-1.47.0-win32-x64\jre\21.0.8-win32-x86_64\bin\zip.dll
Event: 2.786 Loaded shared library C:\Users\HP\.cursor\extensions\redhat.java-1.47.0-win32-x64\jre\21.0.8-win32-x86_64\bin\jimage.dll
Event: 3.933 Loaded shared library c:\Users\HP\.cursor\extensions\redhat.java-1.47.0-win32-x64\jre\21.0.8-win32-x86_64\bin\verify.dll

Deoptimization events (2 events):
Event: 2.834 Thread 0x0000023bc2f811f0 DEOPT PACKING pc=0x0000023bc61b7b49 sp=0x0000008fc13fe280
Event: 2.834 Thread 0x0000023bc2f811f0 DEOPT UNPACKING pc=0x0000023bcd704242 sp=0x0000008fc13fd708 mode 0

Classes loaded (20 events):
Event: 3.426 Loading class java/lang/invoke/BoundMethodHandle$Species_LI
Event: 3.426 Loading class java/lang/invoke/BoundMethodHandle$Species_LI done
Event: 3.952 Loading class java/lang/IllegalAccessException
Event: 3.952 Loading class java/lang/IllegalAccessException done
Event: 3.997 Loading class java/lang/IllegalStateException
Event: 3.997 Loading class java/lang/IllegalStateException done
Event: 4.080 Loading class java/lang/UnsupportedOperationException
Event: 4.081 Loading class java/lang/UnsupportedOperationException done
Event: 4.089 Loading class java/lang/instrument/ClassFileTransformer
Event: 4.089 Loading class java/lang/instrument/ClassFileTransformer done
Event: 4.183 Loading class java/lang/instrument/UnmodifiableClassException
Event: 4.184 Loading class java/lang/instrument/UnmodifiableClassException done
Event: 4.184 Loading class java/lang/instrument/ClassDefinition
Event: 4.184 Loading class java/lang/instrument/ClassDefinition done
Event: 4.238 Loading class java/lang/invoke/WrongMethodTypeException
Event: 4.239 Loading class java/lang/invoke/WrongMethodTypeException done
Event: 4.656 Loading class java/util/regex/Pattern$Loop
Event: 4.656 Loading class java/util/regex/Pattern$Loop done
Event: 4.656 Loading class java/util/regex/Pattern$Prolog
Event: 4.656 Loading class java/util/regex/Pattern$Prolog done

Classes unloaded (0 events):
No events

Classes redefined (0 events):
No events

Internal exceptions (11 events):
Event: 1.295 Thread 0x0000023bc2f811f0 Exception <a 'java/lang/NoSuchMethodError'{0x00000000d57aa188}: 'void java.lang.invoke.DirectMethodHandle$Holder.invokeStatic(java.lang.Object, java.lang.Object, java.lang.Object)'> (0x00000000d57aa188) 
thrown [s\src\hotspot\share\interpreter\linkResolver.cpp, line 773]
Event: 2.722 Thread 0x0000023bc2f811f0 Exception <a 'java/lang/NoSuchMethodError'{0x00000000d5912fb0}: 'java.lang.Object java.lang.invoke.Invokers$Holder.invokeExact_MT(java.lang.Object, java.lang.Object, java.lang.Object, java.lang.Object, java.lang.Object)'> (0x00000000d5912fb0) 
thrown [s\src\hotspot\share\interpreter\linkResolver.cpp, line 773]
Event: 3.425 Thread 0x0000023bc2f811f0 Exception <a 'java/lang/NoSuchMethodError'{0x00000000d59cba98}: 'int java.lang.invoke.DirectMethodHandle$Holder.invokeSpecial(java.lang.Object, java.lang.Object, java.lang.Object, int)'> (0x00000000d59cba98) 
thrown [s\src\hotspot\share\interpreter\linkResolver.cpp, line 773]
Event: 3.430 Thread 0x0000023bc2f811f0 Exception <a 'java/lang/NoSuchMethodError'{0x00000000d59de480}: 'java.lang.Object java.lang.invoke.DirectMethodHandle$Holder.invokeStatic(java.lang.Object, java.lang.Object, java.lang.Object, java.lang.Object, int)'> (0x00000000d59de480) 
thrown [s\src\hotspot\share\interpreter\linkResolver.cpp, line 773]
Event: 3.473 Thread 0x0000023bc2f811f0 Exception <a 'java/lang/NoSuchMethodError'{0x00000000d59e98c0}: 'void java.lang.invoke.DelegatingMethodHandle$Holder.reinvoke_L(java.lang.Object, java.lang.Object, java.lang.Object, int, java.lang.Object)'> (0x00000000d59e98c0) 
thrown [s\src\hotspot\share\interpreter\linkResolver.cpp, line 773]
Event: 3.504 Thread 0x0000023bc2f811f0 Exception <a 'java/lang/NoSuchMethodError'{0x00000000d59fa210}: 'int java.lang.invoke.DirectMethodHandle$Holder.invokeSpecial(java.lang.Object, java.lang.Object, java.lang.Object)'> (0x00000000d59fa210) 
thrown [s\src\hotspot\share\interpreter\linkResolver.cpp, line 773]
Event: 3.519 Thread 0x0000023bc2f811f0 Exception <a 'java/lang/NoSuchMethodError'{0x00000000d5a05ed0}: 'java.lang.Object java.lang.invoke.DirectMethodHandle$Holder.invokeStatic(java.lang.Object, java.lang.Object, int)'> (0x00000000d5a05ed0) 
thrown [s\src\hotspot\share\interpreter\linkResolver.cpp, line 773]
Event: 3.522 Thread 0x0000023bc2f811f0 Exception <a 'java/lang/NoSuchMethodError'{0x00000000d5a0a820}: 'void java.lang.invoke.DirectMethodHandle$Holder.invokeStatic(java.lang.Object, java.lang.Object, int, java.lang.Object)'> (0x00000000d5a0a820) 
thrown [s\src\hotspot\share\interpreter\linkResolver.cpp, line 773]
Event: 3.523 Thread 0x0000023bc2f811f0 Exception <a 'java/lang/NoSuchMethodError'{0x00000000d5a0e3b0}: 'void java.lang.invoke.DirectMethodHandle$Holder.invokeSpecial(java.lang.Object, java.lang.Object, java.lang.Object, int, java.lang.Object)'> (0x00000000d5a0e3b0) 
thrown [s\src\hotspot\share\interpreter\linkResolver.cpp, line 773]
Event: 3.524 Thread 0x0000023bc2f811f0 Exception <a 'java/lang/NoSuchMethodError'{0x00000000d5a11820}: 'void java.lang.invoke.DelegatingMethodHandle$Holder.delegate(java.lang.Object, java.lang.Object, int, java.lang.Object)'> (0x00000000d5a11820) 
thrown [s\src\hotspot\share\interpreter\linkResolver.cpp, line 773]
Event: 4.224 Thread 0x0000023bc2f811f0 Exception <a 'java/lang/NoSuchMethodError'{0x00000000d5bd05c0}: 'void java.lang.invoke.DelegatingMethodHandle$Holder.reinvoke_L(java.lang.Object, java.lang.Object, java.lang.Object, int)'> (0x00000000d5bd05c0) 
thrown [s\src\hotspot\share\interpreter\linkResolver.cpp, line 773]

ZGC Phase Switch (0 events):
No events

VM Operations (8 events):
Event: 1.316 Executing VM operation: HandshakeAllThreads (Deoptimize)
Event: 1.316 Executing VM operation: HandshakeAllThreads (Deoptimize) done
Event: 2.329 Executing VM operation: Cleanup
Event: 2.329 Executing VM operation: Cleanup done
Event: 2.955 Executing VM operation: HandshakeAllThreads (Deoptimize)
Event: 2.955 Executing VM operation: HandshakeAllThreads (Deoptimize) done
Event: 3.966 Executing VM operation: Cleanup
Event: 3.982 Executing VM operation: Cleanup done

Memory protections (0 events):
No events

Nmethod flushes (0 events):
No events

Events (10 events):
Event: 0.521 Thread 0x0000023bc2f811f0 Thread added: 0x0000023bc2f811f0
Event: 0.759 Thread 0x0000023bc2f811f0 Thread added: 0x0000023bd995b460
Event: 0.760 Thread 0x0000023bc2f811f0 Thread added: 0x0000023bd995ed80
Event: 0.760 Thread 0x0000023bc2f811f0 Thread added: 0x0000023bd9960680
Event: 0.760 Thread 0x0000023bc2f811f0 Thread added: 0x0000023bd9961590
Event: 0.761 Thread 0x0000023bc2f811f0 Thread added: 0x0000023bd99624a0
Event: 0.761 Thread 0x0000023bc2f811f0 Thread added: 0x0000023bd9965f10
Event: 0.761 Thread 0x0000023bc2f811f0 Thread added: 0x0000023bd9966d40
Event: 0.802 Thread 0x0000023bc2f811f0 Thread added: 0x0000023bd99d8420
Event: 1.150 Thread 0x0000023bc2f811f0 Thread added: 0x0000023c1b692090


Dynamic libraries:
0x00007ff6a52a0000 - 0x00007ff6a52ae000 	c:\Users\HP\.cursor\extensions\redhat.java-1.47.0-win32-x64\jre\21.0.8-win32-x86_64\bin\java.exe
0x00007ffe8be10000 - 0x00007ffe8c008000 	C:\Windows\SYSTEM32\ntdll.dll
0x00007ffe89ff0000 - 0x00007ffe8a0b2000 	C:\Windows\System32\KERNEL32.DLL
0x00007ffe89870000 - 0x00007ffe89b66000 	C:\Windows\System32\KERNELBASE.dll
0x00007ffe89540000 - 0x00007ffe89640000 	C:\Windows\System32\ucrtbase.dll
0x00007ffe6ff80000 - 0x00007ffe6ff98000 	c:\Users\HP\.cursor\extensions\redhat.java-1.47.0-win32-x64\jre\21.0.8-win32-x86_64\bin\jli.dll
0x00007ffe8b380000 - 0x00007ffe8b521000 	C:\Windows\System32\USER32.dll
0x00007ffe89c20000 - 0x00007ffe89c42000 	C:\Windows\System32\win32u.dll
0x00007ffe8af70000 - 0x00007ffe8af9b000 	C:\Windows\System32\GDI32.dll
0x00007ffe89c50000 - 0x00007ffe89d69000 	C:\Windows\System32\gdi32full.dll
0x00007ffe894a0000 - 0x00007ffe8953d000 	C:\Windows\System32\msvcp_win.dll
0x00007ffe6ff60000 - 0x00007ffe6ff7e000 	c:\Users\HP\.cursor\extensions\redhat.java-1.47.0-win32-x64\jre\21.0.8-win32-x86_64\bin\VCRUNTIME140.dll
0x00007ffe73330000 - 0x00007ffe735cb000 	C:\Windows\WinSxS\amd64_microsoft.windows.common-controls_6595b64144ccf1df_6.0.19041.6456_none_60b8a6cb71f64256\COMCTL32.dll
0x00007ffe89e30000 - 0x00007ffe89ece000 	C:\Windows\System32\msvcrt.dll
0x00007ffe8a2d0000 - 0x00007ffe8a2ff000 	C:\Windows\System32\IMM32.DLL
0x00007ffe80b80000 - 0x00007ffe80b8c000 	c:\Users\HP\.cursor\extensions\redhat.java-1.47.0-win32-x64\jre\21.0.8-win32-x86_64\bin\vcruntime140_1.dll
0x00007ffe5c480000 - 0x00007ffe5c50d000 	c:\Users\HP\.cursor\extensions\redhat.java-1.47.0-win32-x64\jre\21.0.8-win32-x86_64\bin\msvcp140.dll
0x00007ffe27440000 - 0x00007ffe281d7000 	c:\Users\HP\.cursor\extensions\redhat.java-1.47.0-win32-x64\jre\21.0.8-win32-x86_64\bin\server\jvm.dll
0x00007ffe8bd00000 - 0x00007ffe8bdb1000 	C:\Windows\System32\ADVAPI32.dll
0x00007ffe89f50000 - 0x00007ffe89fef000 	C:\Windows\System32\sechost.dll
0x00007ffe8a300000 - 0x00007ffe8a420000 	C:\Windows\System32\RPCRT4.dll
0x00007ffe89e00000 - 0x00007ffe89e27000 	C:\Windows\System32\bcrypt.dll
0x00007ffe8ad40000 - 0x00007ffe8adab000 	C:\Windows\System32\WS2_32.dll
0x00007ffe89300000 - 0x00007ffe8934b000 	C:\Windows\SYSTEM32\POWRPROF.dll
0x00007ffe735e0000 - 0x00007ffe73607000 	C:\Windows\SYSTEM32\WINMM.dll
0x00007ffe7b180000 - 0x00007ffe7b18a000 	C:\Windows\SYSTEM32\VERSION.dll
0x00007ffe892e0000 - 0x00007ffe892f2000 	C:\Windows\SYSTEM32\UMPDC.dll
0x00007ffe87c70000 - 0x00007ffe87c82000 	C:\Windows\SYSTEM32\kernel.appcore.dll
0x00007ffe7ed40000 - 0x00007ffe7ed4a000 	c:\Users\HP\.cursor\extensions\redhat.java-1.47.0-win32-x64\jre\21.0.8-win32-x86_64\bin\jimage.dll
0x00007ffe83170000 - 0x00007ffe83371000 	C:\Windows\SYSTEM32\DBGHELP.DLL
0x00007ffe6d9e0000 - 0x00007ffe6da14000 	C:\Windows\SYSTEM32\dbgcore.DLL
0x00007ffe89d70000 - 0x00007ffe89df2000 	C:\Windows\System32\bcryptPrimitives.dll
0x00007ffe81250000 - 0x00007ffe8125f000 	c:\Users\HP\.cursor\extensions\redhat.java-1.47.0-win32-x64\jre\21.0.8-win32-x86_64\bin\instrument.dll
0x00007ffe6fed0000 - 0x00007ffe6feef000 	c:\Users\HP\.cursor\extensions\redhat.java-1.47.0-win32-x64\jre\21.0.8-win32-x86_64\bin\java.dll
0x00007ffe8a420000 - 0x00007ffe8ab90000 	C:\Windows\System32\SHELL32.dll
0x00007ffe86f20000 - 0x00007ffe876c5000 	C:\Windows\SYSTEM32\windows.storage.dll
0x00007ffe8b9a0000 - 0x00007ffe8bcf4000 	C:\Windows\System32\combase.dll
0x00007ffe88d10000 - 0x00007ffe88d3b000 	C:\Windows\SYSTEM32\Wldp.dll
0x00007ffe8a0c0000 - 0x00007ffe8a18d000 	C:\Windows\System32\OLEAUT32.dll
0x00007ffe8adb0000 - 0x00007ffe8ae5d000 	C:\Windows\System32\SHCORE.dll
0x00007ffe8b200000 - 0x00007ffe8b25b000 	C:\Windows\System32\shlwapi.dll
0x00007ffe893d0000 - 0x00007ffe893f4000 	C:\Windows\SYSTEM32\profapi.dll
0x00007ffe6e050000 - 0x00007ffe6e068000 	c:\Users\HP\.cursor\extensions\redhat.java-1.47.0-win32-x64\jre\21.0.8-win32-x86_64\bin\zip.dll
0x00007ffe6fe90000 - 0x00007ffe6fea0000 	C:\Users\HP\.cursor\extensions\redhat.java-1.47.0-win32-x64\jre\21.0.8-win32-x86_64\bin\net.dll
0x00007ffe7bb40000 - 0x00007ffe7bc4a000 	C:\Windows\SYSTEM32\WINHTTP.dll
0x00007ffe88af0000 - 0x00007ffe88b5a000 	C:\Windows\system32\mswsock.dll
0x00007ffe6e030000 - 0x00007ffe6e046000 	C:\Users\HP\.cursor\extensions\redhat.java-1.47.0-win32-x64\jre\21.0.8-win32-x86_64\bin\nio.dll
0x00007ffe6c9f0000 - 0x00007ffe6ca00000 	c:\Users\HP\.cursor\extensions\redhat.java-1.47.0-win32-x64\jre\21.0.8-win32-x86_64\bin\verify.dll

JVMTI agents:
c:\Users\HP\.cursor\extensions\redhat.java-1.47.0-win32-x64\lombok\lombok-1.18.39-4050.jar path:c:\Users\HP\.cursor\extensions\redhat.java-1.47.0-win32-x64\jre\21.0.8-win32-x86_64\bin\instrument.dll, loaded, initialized, instrumentlib options:none

dbghelp: loaded successfully - version: 4.0.5 - missing functions: none
symbol engine: initialized successfully - sym options: 0x614 - pdb path: .;c:\Users\HP\.cursor\extensions\redhat.java-1.47.0-win32-x64\jre\21.0.8-win32-x86_64\bin;C:\Windows\SYSTEM32;C:\Windows\WinSxS\amd64_microsoft.windows.common-controls_6595b64144ccf1df_6.0.19041.6456_none_60b8a6cb71f64256;c:\Users\HP\.cursor\extensions\redhat.java-1.47.0-win32-x64\jre\21.0.8-win32-x86_64\bin\server

VM Arguments:
jvm_args: --add-modules=ALL-SYSTEM --add-opens=java.base/java.util=ALL-UNNAMED --add-opens=java.base/java.lang=ALL-UNNAMED --add-opens=java.base/sun.nio.fs=ALL-UNNAMED -Declipse.application=org.eclipse.jdt.ls.core.id1 -Dosgi.bundles.defaultStartLevel=4 -Declipse.product=org.eclipse.jdt.ls.core.product -Djava.import.generatesMetadataFilesAtProjectRoot=false -DDetectVMInstallationsJob.disabled=true -Dfile.encoding=utf8 -XX:+UseParallelGC -XX:GCTimeRatio=4 -XX:AdaptiveSizePolicyWeight=90 -Dsun.zip.disableMemoryMapping=true -Xmx2G -Xms100m -Xlog:disable -javaagent:c:\Users\HP\.cursor\extensions\redhat.java-1.47.0-win32-x64\lombok\lombok-1.18.39-4050.jar -XX:+HeapDumpOnOutOfMemoryError -XX:HeapDumpPath=c:\Users\HP\AppData\Roaming\Cursor\User\workspaceStorage\13b526afc1915e23801d6bfb845da41f\redhat.java -Daether.dependencyCollector.impl=bf 
java_command: c:\Users\HP\.cursor\extensions\redhat.java-1.47.0-win32-x64\server\plugins\org.eclipse.equinox.launcher_1.7.100.v20251014-1222.jar -configuration c:\Users\HP\AppData\Roaming\Cursor\User\globalStorage\redhat.java\1.47.0\config_win -data c:\Users\HP\AppData\Roaming\Cursor\User\workspaceStorage\13b526afc1915e23801d6bfb845da41f\redhat.java\jdt_ws --pipe=\\.\pipe\lsp-f120d9128df56f2ca1dd4bd8b7830b1d-sock
java_class_path (initial): c:\Users\HP\.cursor\extensions\redhat.java-1.47.0-win32-x64\server\plugins\org.eclipse.equinox.launcher_1.7.100.v20251014-1222.jar
Launcher Type: SUN_STANDARD

[Global flags]
    uintx AdaptiveSizePolicyWeight                 = 90                                        {product} {command line}
     intx CICompilerCount                          = 3                                         {product} {ergonomic}
    uintx GCTimeRatio                              = 4                                         {product} {command line}
     bool HeapDumpOnOutOfMemoryError               = true                                   {manageable} {command line}
    ccstr HeapDumpPath                             = c:\Users\HP\AppData\Roaming\Cursor\User\workspaceStorage\13b526afc1915e23801d6bfb845da41f\redhat.java         {manageable} {command line}
   size_t InitialHeapSize                          = 104857600                                 {product} {command line}
   size_t MaxHeapSize                              = 2147483648                                {product} {command line}
   size_t MaxNewSize                               = 715653120                                 {product} {ergonomic}
   size_t MinHeapDeltaBytes                        = 524288                                    {product} {ergonomic}
   size_t MinHeapSize                              = 104857600                                 {product} {command line}
   size_t NewSize                                  = 34603008                                  {product} {ergonomic}
    uintx NonNMethodCodeHeapSize                   = 5832780                                {pd product} {ergonomic}
    uintx NonProfiledCodeHeapSize                  = 122912730                              {pd product} {ergonomic}
   size_t OldSize                                  = 70254592                                  {product} {ergonomic}
    uintx ProfiledCodeHeapSize                     = 122912730                              {pd product} {ergonomic}
    uintx ReservedCodeCacheSize                    = 251658240                              {pd product} {ergonomic}
     bool SegmentedCodeCache                       = true                                      {product} {ergonomic}
   size_t SoftMaxHeapSize                          = 2147483648                             {manageable} {ergonomic}
     bool UseCompressedOops                        = true                           {product lp64_product} {ergonomic}
     bool UseLargePagesIndividualAllocation        = false                                  {pd product} {ergonomic}
     bool UseParallelGC                            = true                                      {product} {command line}

Logging:
Log output configuration:
 #0: stdout all=off uptime,level,tags foldmultilines=false
 #1: stderr all=off uptime,level,tags foldmultilines=false

Environment Variables:
PATH=D:\Python\Scripts\;D:\Python\;"D:\opencv\build\x64\vc16\bin;C:\Program Files (x86)\Common Files\Oracle\Java\javapath";C:\Windows\system32;C:\Windows;C:\Windows\System32\Wbem;C:\Windows\System32\WindowsPowerShell\v1.0\;C:\Windows\System32\OpenSSH\;C:\Program Files (x86)\Microsoft SQL Server\160\Tools\Binn\;C:\Program Files\Microsoft SQL Server\160\Tools\Binn\;C:\Program Files\Microsoft SQL Server\Client SDK\ODBC\170\Tools\Binn\;C:\Program Files\Microsoft SQL Server\160\DTS\Binn\;C:\Program Files\Microsoft SQL Server\150\Tools\Binn\;D:\SEMESTER 6\GC\bin\;D:\Node js\;D:\SEMESTER 6\PDC\w_opencl_runtime_p_2025.1.0.972\bin;D:\SEMESTER 6\AI\Project code\OpenJDK21U-jdk_x64_windows_hotspot_21.0.7_6\jdk-21.0.7+6\bin;D:\Cursor\cursor\resources\app\bin;D:\SEMESTER 5\SDA\SDA FINAL PROJECT\Gitbash\Git\cmd;D:\Docker\resources\bin;C:\Users\HP\AppData\Local\Programs\Python\Python310\Scripts\;C:\Users\HP\AppData\Local\Programs\Python\Python310\;C:\Users\HP\AppData\Local\Microsoft\WindowsApps;D:\Microsoft VS Code\bin;C:\Users\HP\AppData\Roaming\npm;D:\Cursor\cursor\resources\app\bin;D:\Windsurf\bin
USERNAME=HP
OS=Windows_NT
PROCESSOR_IDENTIFIER=Intel64 Family 6 Model 78 Stepping 3, GenuineIntel
TMP=C:\Users\HP\AppData\Local\Temp
TEMP=C:\Users\HP\AppData\Local\Temp




Periodic native trim disabled

---------------  S Y S T E M  ---------------

OS:
 Windows 10 , 64 bit Build 19041 (10.0.19041.5915)
OS uptime: 0 days 7:00 hours
Hyper-V role detected

CPU: total 4 (initial active 4) (2 cores per cpu, 2 threads per core) family 6 model 78 stepping 3 microcode 0xea, cx8, cmov, fxsr, ht, mmx, 3dnowpref, sse, sse2, sse3, ssse3, sse4.1, sse4.2, popcnt, lzcnt, tsc, tscinvbit, avx, avx2, aes, erms, clmul, bmi1, bmi2, rtm, adx, fma, vzeroupper, clflush, clflushopt, hv, rdtscp, f16c
Processor Information for processor 0
  Max Mhz: 2496, Current Mhz: 2396, Mhz Limit: 2396
Processor Information for processor 1
  Max Mhz: 2496, Current Mhz: 2396, Mhz Limit: 2396
Processor Information for processor 2
  Max Mhz: 2496, Current Mhz: 1497, Mhz Limit: 2396
Processor Information for processor 3
  Max Mhz: 2496, Current Mhz: 2396, Mhz Limit: 2396

Memory: 4k page, system-wide physical 8072M (529M free)
TotalPageFile size 12168M (AvailPageFile size 15M)
current process WorkingSet (physical memory assigned to process): 43M, peak: 43M
current process commit charge ("private bytes"): 210M, peak: 211M

vm_info: OpenJDK 64-Bit Server VM (21.0.8+9-LTS) for windows-amd64 JRE (21.0.8+9-LTS), built on 2025-07-15T00:00:00Z by "admin" with MS VC++ 17.7 (VS2022)

END.
