#
# There is insufficient memory for the Java Runtime Environment to continue.
# Native memory allocation (malloc) failed to allocate 1032960 bytes. Error detail: Chunk::new
# Possible reasons:
#   The system is out of physical RAM or swap space
#   This process is running with CompressedOops enabled, and the Java Heap may be blocking the growth of the native heap
# Possible solutions:
#   Reduce memory load on the system
#   Increase physical memory or swap space
#   Check if swap backing store is full
#   Decrease Java heap size (-Xmx/-Xms)
#   Decrease number of Java threads
#   Decrease Java thread stack sizes (-Xss)
#   Set larger code cache with -XX:ReservedCodeCacheSize=
#   JVM is running with Unscaled Compressed Oops mode in which the Java heap is
#     placed in the first 4GB address space. The Java Heap base address is the
#     maximum limit for the native heap growth. Please use -XX:HeapBaseMinAddress
#     to set the Java Heap base and to place the Java Heap above 4GB virtual address.
# This output file may be truncated or incomplete.
#
#  Out of Memory Error (arena.cpp:168), pid=404, tid=6164
#
# JRE version: OpenJDK Runtime Environment Temurin-21.0.7+6 (21.0.7+6) (build 21.0.7+6-LTS)
# Java VM: OpenJDK 64-Bit Server VM Temurin-21.0.7+6 (21.0.7+6-LTS, mixed mode, sharing, tiered, compressed oops, compressed class ptrs, g1 gc, windows-amd64)
# No core dump will be written. Minidumps are not enabled by default on client versions of Windows
#

---------------  S U M M A R Y ------------

Command Line: --add-opens=java.base/java.lang=ALL-UNNAMED --add-opens=java.base/java.lang.invoke=ALL-UNNAMED --add-opens=java.base/java.util=ALL-UNNAMED --add-opens=java.prefs/java.util.prefs=ALL-UNNAMED --add-exports=jdk.compiler/com.sun.tools.javac.api=ALL-UNNAMED --add-exports=jdk.compiler/com.sun.tools.javac.util=ALL-UNNAMED --add-opens=java.base/java.util=ALL-UNNAMED --add-opens=java.prefs/java.util.prefs=ALL-UNNAMED --add-opens=java.base/java.nio.charset=ALL-UNNAMED --add-opens=java.base/java.net=ALL-UNNAMED --add-opens=java.base/java.util.concurrent.atomic=ALL-UNNAMED --add-opens=java.xml/javax.xml.namespace=ALL-UNNAMED -Xmx2048m -Dfile.encoding=UTF-8 -Duser.country=US -Duser.language=en -Duser.variant -javaagent:D:\Gradle\wrapper\dists\gradle-8.13-bin\5xuhj0ry160q40clulazy9h7d\gradle-8.13\lib\agents\gradle-instrumentation-agent-8.13.jar org.gradle.launcher.daemon.bootstrap.GradleDaemon 8.13

Host: Intel(R) Core(TM) i5-6300U CPU @ 2.40GHz, 4 cores, 7G,  Windows 10 , 64 bit Build 19041 (10.0.19041.5915)
Time: Sat Oct 18 17:26:21 2025 Pakistan Standard Time elapsed time: 81.946580 seconds (0d 0h 1m 21s)

---------------  T H R E A D  ---------------

Current thread (0x000002b84431dbc0):  JavaThread "C2 CompilerThread0" daemon [_thread_in_native, id=6164, stack(0x000000d0fe800000,0x000000d0fe900000) (1024K)]


Current CompileTask:
C2:81946 10719       4       org.gradle.internal.reflect.ClassInspector::inspectClass (179 bytes)

Stack: [0x000000d0fe800000,0x000000d0fe900000]
Native frames: (J=compiled Java code, j=interpreted, Vv=VM code, C=native code)
V  [jvm.dll+0x6ce119]
V  [jvm.dll+0x8a84a1]
V  [jvm.dll+0x8aa9ce]
V  [jvm.dll+0x8ab0b3]
V  [jvm.dll+0x27f8a6]
V  [jvm.dll+0xc507d]
V  [jvm.dll+0xc55b3]
V  [jvm.dll+0x3b692c]
V  [jvm.dll+0x1e0029]
V  [jvm.dll+0x247c42]
V  [jvm.dll+0x2470cf]
V  [jvm.dll+0x1c760e]
V  [jvm.dll+0x25695a]
V  [jvm.dll+0x254efa]
V  [jvm.dll+0x3f03f6]
V  [jvm.dll+0x851f6b]
V  [jvm.dll+0x6cc7dd]
C  [ucrtbase.dll+0x21bb2]
C  [KERNEL32.DLL+0x17374]
C  [ntdll.dll+0x4cc91]


---------------  P R O C E S S  ---------------

Threads class SMR info:
_java_thread_list=0x000002b88ccab1e0, length=43, elements={
0x000002b827f42ce0, 0x000002b844314ad0, 0x000002b8443154e0, 0x000002b844315ef0,
0x000002b844318560, 0x000002b844318bc0, 0x000002b84431d230, 0x000002b84431dbc0,
0x000002b84431f270, 0x000002b8442e5fd0, 0x000002b8445807e0, 0x000002b8445af490,
0x000002b88a6724c0, 0x000002b8448a98f0, 0x000002b88ad1a980, 0x000002b88a671910,
0x000002b8449c63a0, 0x000002b8444121f0, 0x000002b88a525010, 0x000002b88a5235d0,
0x000002b88a523c60, 0x000002b88a5242f0, 0x000002b88a524980, 0x000002b88a5228b0,
0x000002b88a522f40, 0x000002b88a522220, 0x000002b88cb9d670, 0x000002b88cb9dd00,
0x000002b88cb9bc30, 0x000002b88cb9f0b0, 0x000002b88cb9e390, 0x000002b88cb9c2c0,
0x000002b88c153b70, 0x000002b88c154200, 0x000002b88c14f9d0, 0x000002b88c14ecb0,
0x000002b88c1534e0, 0x000002b88c154f20, 0x000002b88c14f340, 0x000002b88c1506f0,
0x000002b88c150060, 0x000002b88c151410, 0x000002b88f03b390
}

Java Threads: ( => current thread )
  0x000002b827f42ce0 JavaThread "main"                              [_thread_blocked, id=272, stack(0x000000d0fda00000,0x000000d0fdb00000) (1024K)]
  0x000002b844314ad0 JavaThread "Reference Handler"          daemon [_thread_blocked, id=8432, stack(0x000000d0fe200000,0x000000d0fe300000) (1024K)]
  0x000002b8443154e0 JavaThread "Finalizer"                  daemon [_thread_blocked, id=6204, stack(0x000000d0fe300000,0x000000d0fe400000) (1024K)]
  0x000002b844315ef0 JavaThread "Signal Dispatcher"          daemon [_thread_blocked, id=7364, stack(0x000000d0fe400000,0x000000d0fe500000) (1024K)]
  0x000002b844318560 JavaThread "Attach Listener"            daemon [_thread_blocked, id=10276, stack(0x000000d0fe500000,0x000000d0fe600000) (1024K)]
  0x000002b844318bc0 JavaThread "Service Thread"             daemon [_thread_blocked, id=11784, stack(0x000000d0fe600000,0x000000d0fe700000) (1024K)]
  0x000002b84431d230 JavaThread "Monitor Deflation Thread"   daemon [_thread_blocked, id=10828, stack(0x000000d0fe700000,0x000000d0fe800000) (1024K)]
=>0x000002b84431dbc0 JavaThread "C2 CompilerThread0"         daemon [_thread_in_native, id=6164, stack(0x000000d0fe800000,0x000000d0fe900000) (1024K)]
  0x000002b84431f270 JavaThread "C1 CompilerThread0"         daemon [_thread_blocked, id=15956, stack(0x000000d0fe900000,0x000000d0fea00000) (1024K)]
  0x000002b8442e5fd0 JavaThread "Common-Cleaner"             daemon [_thread_blocked, id=7576, stack(0x000000d0fea00000,0x000000d0feb00000) (1024K)]
  0x000002b8445807e0 JavaThread "Notification Thread"        daemon [_thread_blocked, id=12744, stack(0x000000d0feb00000,0x000000d0fec00000) (1024K)]
  0x000002b8445af490 JavaThread "Daemon health stats"               [_thread_blocked, id=5544, stack(0x000000d0fef00000,0x000000d0ff000000) (1024K)]
  0x000002b88a6724c0 JavaThread "Incoming local TCP Connector on port 54932"        [_thread_in_native, id=16236, stack(0x000000d0ff000000,0x000000d0ff100000) (1024K)]
  0x000002b8448a98f0 JavaThread "Daemon periodic checks"            [_thread_blocked, id=15224, stack(0x000000d0ff100000,0x000000d0ff200000) (1024K)]
  0x000002b88ad1a980 JavaThread "Daemon"                            [_thread_blocked, id=10304, stack(0x000000d0ff200000,0x000000d0ff300000) (1024K)]
  0x000002b88a671910 JavaThread "Handler for socket connection from /127.0.0.1:54932 to /127.0.0.1:54933"        [_thread_in_native, id=15928, stack(0x000000d0ff300000,0x000000d0ff400000) (1024K)]
  0x000002b8449c63a0 JavaThread "Cancel handler"                    [_thread_blocked, id=15660, stack(0x000000d0ff400000,0x000000d0ff500000) (1024K)]
  0x000002b8444121f0 JavaThread "Daemon worker"                     [_thread_in_vm, id=2756, stack(0x000000d0ff500000,0x000000d0ff600000) (1024K)]
  0x000002b88a525010 JavaThread "Asynchronous log dispatcher for DefaultDaemonConnection: socket connection from /127.0.0.1:54932 to /127.0.0.1:54933"        [_thread_blocked, id=532, stack(0x000000d0ff600000,0x000000d0ff700000) (1024K)]
  0x000002b88a5235d0 JavaThread "Stdin handler"                     [_thread_blocked, id=2204, stack(0x000000d0ff700000,0x000000d0ff800000) (1024K)]
  0x000002b88a523c60 JavaThread "Daemon client event forwarder"        [_thread_blocked, id=1844, stack(0x000000d0ff800000,0x000000d0ff900000) (1024K)]
  0x000002b88a5242f0 JavaThread "Cache worker for journal cache (D:\Gradle\caches\journal-1)"        [_thread_blocked, id=14924, stack(0x000000d0ff900000,0x000000d0ffa00000) (1024K)]
  0x000002b88a524980 JavaThread "File lock request listener"        [_thread_in_native, id=15820, stack(0x000000d0ffa00000,0x000000d0ffb00000) (1024K)]
  0x000002b88a5228b0 JavaThread "Cache worker for file hash cache (D:\Gradle\caches\8.13\fileHashes)"        [_thread_blocked, id=9736, stack(0x000000d0ffb00000,0x000000d0ffc00000) (1024K)]
  0x000002b88a522f40 JavaThread "Cache worker for file hash cache (D:\SEMESTER 7\SMD_Assignment\Assignment_2\.gradle\8.13\fileHashes)"        [_thread_blocked, id=940, stack(0x000000d0ffc00000,0x000000d0ffd00000) (1024K)]
  0x000002b88a522220 JavaThread "Cache worker for Build Output Cleanup Cache (D:\SEMESTER 7\SMD_Assignment\Assignment_2\.gradle\buildOutputCleanup)"        [_thread_blocked, id=5876, stack(0x000000d0ffd00000,0x000000d0ffe00000) (1024K)]
  0x000002b88cb9d670 JavaThread "File watcher server"        daemon [_thread_in_native, id=5308, stack(0x000000d0ffe00000,0x000000d0fff00000) (1024K)]
  0x000002b88cb9dd00 JavaThread "File watcher consumer"      daemon [_thread_blocked, id=3392, stack(0x000000d0fff00000,0x000000d100000000) (1024K)]
  0x000002b88cb9bc30 JavaThread "Cache worker for checksums cache (D:\SEMESTER 7\SMD_Assignment\Assignment_2\.gradle\8.13\checksums)"        [_thread_blocked, id=13412, stack(0x000000d080100000,0x000000d080200000) (1024K)]
  0x000002b88cb9f0b0 JavaThread "Cache worker for file content cache (D:\Gradle\caches\8.13\fileContent)"        [_thread_blocked, id=2600, stack(0x000000d080200000,0x000000d080300000) (1024K)]
  0x000002b88cb9e390 JavaThread "Cache worker for cache directory md-supplier (D:\Gradle\caches\8.13\md-supplier)"        [_thread_blocked, id=5060, stack(0x000000d080000000,0x000000d080100000) (1024K)]
  0x000002b88cb9c2c0 JavaThread "Cache worker for cache directory md-rule (D:\Gradle\caches\8.13\md-rule)"        [_thread_blocked, id=11592, stack(0x000000d080300000,0x000000d080400000) (1024K)]
  0x000002b88c153b70 JavaThread "Unconstrained build operations"        [_thread_blocked, id=5380, stack(0x000000d080400000,0x000000d080500000) (1024K)]
  0x000002b88c154200 JavaThread "Unconstrained build operations Thread 2"        [_thread_blocked, id=12404, stack(0x000000d080500000,0x000000d080600000) (1024K)]
  0x000002b88c14f9d0 JavaThread "Unconstrained build operations Thread 3"        [_thread_blocked, id=4568, stack(0x000000d080600000,0x000000d080700000) (1024K)]
  0x000002b88c14ecb0 JavaThread "Unconstrained build operations Thread 4"        [_thread_blocked, id=7100, stack(0x000000d080700000,0x000000d080800000) (1024K)]
  0x000002b88c1534e0 JavaThread "Unconstrained build operations Thread 5"        [_thread_blocked, id=12452, stack(0x000000d080800000,0x000000d080900000) (1024K)]
  0x000002b88c154f20 JavaThread "Unconstrained build operations Thread 6"        [_thread_blocked, id=6512, stack(0x000000d080900000,0x000000d080a00000) (1024K)]
  0x000002b88c14f340 JavaThread "Unconstrained build operations Thread 7"        [_thread_blocked, id=14676, stack(0x000000d080a00000,0x000000d080b00000) (1024K)]
  0x000002b88c1506f0 JavaThread "Unconstrained build operations Thread 8"        [_thread_blocked, id=9976, stack(0x000000d080b00000,0x000000d080c00000) (1024K)]
  0x000002b88c150060 JavaThread "Unconstrained build operations Thread 9"        [_thread_blocked, id=6928, stack(0x000000d080c00000,0x000000d080d00000) (1024K)]
  0x000002b88c151410 JavaThread "Memory manager"                    [_thread_blocked, id=9648, stack(0x000000d080d00000,0x000000d080e00000) (1024K)]
  0x000002b88f03b390 JavaThread "build event listener"              [_thread_blocked, id=2952, stack(0x000000d080e00000,0x000000d080f00000) (1024K)]
Total: 43

Other Threads:
  0x000002b8442f4470 VMThread "VM Thread"                           [id=13480, stack(0x000000d0fe100000,0x000000d0fe200000) (1024K)]
  0x000002b8442e3380 WatcherThread "VM Periodic Task Thread"        [id=13740, stack(0x000000d0fe000000,0x000000d0fe100000) (1024K)]
  0x000002b827f98b70 WorkerThread "GC Thread#0"                     [id=15812, stack(0x000000d0fdb00000,0x000000d0fdc00000) (1024K)]
  0x000002b84461d3b0 WorkerThread "GC Thread#1"                     [id=8256, stack(0x000000d0fec00000,0x000000d0fed00000) (1024K)]
  0x000002b8446192c0 WorkerThread "GC Thread#2"                     [id=5788, stack(0x000000d0fed00000,0x000000d0fee00000) (1024K)]
  0x000002b88a091cc0 WorkerThread "GC Thread#3"                     [id=12592, stack(0x000000d0fee00000,0x000000d0fef00000) (1024K)]
  0x000002b827faa600 ConcurrentGCThread "G1 Main Marker"            [id=4636, stack(0x000000d0fdc00000,0x000000d0fdd00000) (1024K)]
  0x000002b827faafa0 WorkerThread "G1 Conc#0"                       [id=15120, stack(0x000000d0fdd00000,0x000000d0fde00000) (1024K)]
  0x000002b82800eaf0 ConcurrentGCThread "G1 Refine#0"               [id=6768, stack(0x000000d0fde00000,0x000000d0fdf00000) (1024K)]
  0x000002b8441a9730 ConcurrentGCThread "G1 Service"                [id=11396, stack(0x000000d0fdf00000,0x000000d0fe000000) (1024K)]
Total: 10

Threads with active compile tasks:
C2 CompilerThread0  82054 10719       4       org.gradle.internal.reflect.ClassInspector::inspectClass (179 bytes)
Total: 1

VM state: not at safepoint (normal execution)

VM Mutex/Monitor currently owned by a thread: None

Heap address: 0x0000000080000000, size: 2048 MB, Compressed Oops mode: 32-bit

CDS archive(s) mapped at: [0x000002b845000000-0x000002b845c80000-0x000002b845c80000), size 13107200, SharedBaseAddress: 0x000002b845000000, ArchiveRelocationMode: 1.
Compressed class space mapped at: 0x000002b846000000-0x000002b886000000, reserved size: 1073741824
Narrow klass base: 0x000002b845000000, Narrow klass shift: 0, Narrow klass range: 0x100000000

GC Precious Log:
 CardTable entry size: 512
 Card Set container configuration: InlinePtr #cards 5 size 8 Array Of Cards #cards 12 size 40 Howl #buckets 4 coarsen threshold 1843 Howl Bitmap #cards 512 size 80 coarsen threshold 460 Card regions per heap region 1 cards per card region 2048
 CPUs: 4 total, 4 available
 Memory: 8072M
 Large Page Support: Disabled
 NUMA Support: Disabled
 Compressed Oops: Enabled (32-bit)
 Heap Region Size: 1M
 Heap Min Capacity: 8M
 Heap Initial Capacity: 128M
 Heap Max Capacity: 2G
 Pre-touch: Disabled
 Parallel Workers: 4
 Concurrent Workers: 1
 Concurrent Refinement Workers: 4
 Periodic GC: Disabled

Heap:
 garbage-first heap   total 150528K, used 122200K [0x0000000080000000, 0x0000000100000000)
  region size 1024K, 34 young (34816K), 3 survivors (3072K)
 Metaspace       used 85454K, committed 87680K, reserved 1179648K
  class space    used 11868K, committed 12992K, reserved 1048576K

Heap Regions: E=young(eden), S=young(survivor), O=old, HS=humongous(starts), HC=humongous(continues), CS=collection set, F=free, TAMS=top-at-mark-start, PB=parsable bottom
|   0|0x0000000080000000, 0x0000000080100000, 0x0000000080100000|100%|HS|  |TAMS 0x0000000080000000| PB 0x0000000080000000| Complete 
|   1|0x0000000080100000, 0x0000000080200000, 0x0000000080200000|100%|HC|  |TAMS 0x0000000080100000| PB 0x0000000080100000| Complete 
|   2|0x0000000080200000, 0x0000000080300000, 0x0000000080300000|100%|HC|  |TAMS 0x0000000080200000| PB 0x0000000080200000| Complete 
|   3|0x0000000080300000, 0x0000000080400000, 0x0000000080400000|100%| O|  |TAMS 0x0000000080300000| PB 0x0000000080300000| Untracked 
|   4|0x0000000080400000, 0x0000000080500000, 0x0000000080500000|100%| O|  |TAMS 0x0000000080400000| PB 0x0000000080400000| Untracked 
|   5|0x0000000080500000, 0x0000000080600000, 0x0000000080600000|100%| O|  |TAMS 0x0000000080500000| PB 0x0000000080500000| Untracked 
|   6|0x0000000080600000, 0x0000000080700000, 0x0000000080700000|100%| O|  |TAMS 0x0000000080600000| PB 0x0000000080600000| Untracked 
|   7|0x0000000080700000, 0x0000000080800000, 0x0000000080800000|100%|HS|  |TAMS 0x0000000080700000| PB 0x0000000080700000| Complete 
|   8|0x0000000080800000, 0x0000000080900000, 0x0000000080900000|100%| O|  |TAMS 0x0000000080800000| PB 0x0000000080800000| Untracked 
|   9|0x0000000080900000, 0x0000000080a00000, 0x0000000080a00000|100%| O|  |TAMS 0x0000000080900000| PB 0x0000000080900000| Untracked 
|  10|0x0000000080a00000, 0x0000000080b00000, 0x0000000080b00000|100%| O|  |TAMS 0x0000000080a00000| PB 0x0000000080a00000| Untracked 
|  11|0x0000000080b00000, 0x0000000080c00000, 0x0000000080c00000|100%| O|  |TAMS 0x0000000080b00000| PB 0x0000000080b00000| Untracked 
|  12|0x0000000080c00000, 0x0000000080d00000, 0x0000000080d00000|100%| O|  |TAMS 0x0000000080c00000| PB 0x0000000080c00000| Untracked 
|  13|0x0000000080d00000, 0x0000000080e00000, 0x0000000080e00000|100%| O|  |TAMS 0x0000000080d00000| PB 0x0000000080d00000| Untracked 
|  14|0x0000000080e00000, 0x0000000080f00000, 0x0000000080f00000|100%| O|  |TAMS 0x0000000080e00000| PB 0x0000000080e00000| Untracked 
|  15|0x0000000080f00000, 0x0000000081000000, 0x0000000081000000|100%| O|  |TAMS 0x0000000080f00000| PB 0x0000000080f00000| Untracked 
|  16|0x0000000081000000, 0x0000000081100000, 0x0000000081100000|100%| O|  |TAMS 0x0000000081000000| PB 0x0000000081000000| Untracked 
|  17|0x0000000081100000, 0x0000000081200000, 0x0000000081200000|100%| O|  |TAMS 0x0000000081100000| PB 0x0000000081100000| Untracked 
|  18|0x0000000081200000, 0x0000000081300000, 0x0000000081300000|100%| O|  |TAMS 0x0000000081200000| PB 0x0000000081200000| Untracked 
|  19|0x0000000081300000, 0x0000000081400000, 0x0000000081400000|100%| O|  |TAMS 0x0000000081300000| PB 0x0000000081300000| Untracked 
|  20|0x0000000081400000, 0x0000000081500000, 0x0000000081500000|100%| O|  |TAMS 0x0000000081400000| PB 0x0000000081400000| Untracked 
|  21|0x0000000081500000, 0x0000000081600000, 0x0000000081600000|100%| O|  |TAMS 0x0000000081500000| PB 0x0000000081500000| Untracked 
|  22|0x0000000081600000, 0x0000000081700000, 0x0000000081700000|100%| O|  |TAMS 0x0000000081600000| PB 0x0000000081600000| Untracked 
|  23|0x0000000081700000, 0x0000000081800000, 0x0000000081800000|100%| O|  |TAMS 0x0000000081700000| PB 0x0000000081700000| Untracked 
|  24|0x0000000081800000, 0x0000000081900000, 0x0000000081900000|100%| O|  |TAMS 0x0000000081800000| PB 0x0000000081800000| Untracked 
|  25|0x0000000081900000, 0x0000000081a00000, 0x0000000081a00000|100%| O|  |TAMS 0x0000000081900000| PB 0x0000000081900000| Untracked 
|  26|0x0000000081a00000, 0x0000000081b00000, 0x0000000081b00000|100%| O|  |TAMS 0x0000000081a00000| PB 0x0000000081a00000| Untracked 
|  27|0x0000000081b00000, 0x0000000081c00000, 0x0000000081c00000|100%| O|  |TAMS 0x0000000081b00000| PB 0x0000000081b00000| Untracked 
|  28|0x0000000081c00000, 0x0000000081d00000, 0x0000000081d00000|100%| O|  |TAMS 0x0000000081c00000| PB 0x0000000081c00000| Untracked 
|  29|0x0000000081d00000, 0x0000000081e00000, 0x0000000081e00000|100%| O|  |TAMS 0x0000000081d00000| PB 0x0000000081d00000| Untracked 
|  30|0x0000000081e00000, 0x0000000081f00000, 0x0000000081f00000|100%| O|  |TAMS 0x0000000081e00000| PB 0x0000000081e00000| Untracked 
|  31|0x0000000081f00000, 0x0000000082000000, 0x0000000082000000|100%| O|  |TAMS 0x0000000081f00000| PB 0x0000000081f00000| Untracked 
|  32|0x0000000082000000, 0x0000000082100000, 0x0000000082100000|100%| O|  |TAMS 0x0000000082000000| PB 0x0000000082000000| Untracked 
|  33|0x0000000082100000, 0x0000000082200000, 0x0000000082200000|100%| O|  |TAMS 0x0000000082100000| PB 0x0000000082100000| Untracked 
|  34|0x0000000082200000, 0x0000000082300000, 0x0000000082300000|100%| O|  |TAMS 0x0000000082200000| PB 0x0000000082200000| Untracked 
|  35|0x0000000082300000, 0x0000000082400000, 0x0000000082400000|100%| O|  |TAMS 0x0000000082300000| PB 0x0000000082300000| Untracked 
|  36|0x0000000082400000, 0x0000000082500000, 0x0000000082500000|100%| O|  |TAMS 0x0000000082400000| PB 0x0000000082400000| Untracked 
|  37|0x0000000082500000, 0x0000000082600000, 0x0000000082600000|100%| O|  |TAMS 0x0000000082500000| PB 0x0000000082500000| Untracked 
|  38|0x0000000082600000, 0x0000000082700000, 0x0000000082700000|100%| O|  |TAMS 0x0000000082600000| PB 0x0000000082600000| Untracked 
|  39|0x0000000082700000, 0x0000000082800000, 0x0000000082800000|100%| O|  |TAMS 0x0000000082700000| PB 0x0000000082700000| Untracked 
|  40|0x0000000082800000, 0x0000000082900000, 0x0000000082900000|100%| O|  |TAMS 0x0000000082800000| PB 0x0000000082800000| Untracked 
|  41|0x0000000082900000, 0x0000000082a00000, 0x0000000082a00000|100%| O|  |TAMS 0x0000000082900000| PB 0x0000000082900000| Untracked 
|  42|0x0000000082a00000, 0x0000000082b00000, 0x0000000082b00000|100%| O|  |TAMS 0x0000000082a00000| PB 0x0000000082a00000| Untracked 
|  43|0x0000000082b00000, 0x0000000082c00000, 0x0000000082c00000|100%|HS|  |TAMS 0x0000000082b00000| PB 0x0000000082b00000| Complete 
|  44|0x0000000082c00000, 0x0000000082d00000, 0x0000000082d00000|100%| O|  |TAMS 0x0000000082c00000| PB 0x0000000082c00000| Untracked 
|  45|0x0000000082d00000, 0x0000000082e00000, 0x0000000082e00000|100%| O|  |TAMS 0x0000000082d00000| PB 0x0000000082d00000| Untracked 
|  46|0x0000000082e00000, 0x0000000082f00000, 0x0000000082f00000|100%|HS|  |TAMS 0x0000000082e00000| PB 0x0000000082e00000| Complete 
|  47|0x0000000082f00000, 0x0000000083000000, 0x0000000083000000|100%|HS|  |TAMS 0x0000000082f00000| PB 0x0000000082f00000| Complete 
|  48|0x0000000083000000, 0x0000000083100000, 0x0000000083100000|100%|HC|  |TAMS 0x0000000083000000| PB 0x0000000083000000| Complete 
|  49|0x0000000083100000, 0x0000000083200000, 0x0000000083200000|100%|HS|  |TAMS 0x0000000083100000| PB 0x0000000083100000| Complete 
|  50|0x0000000083200000, 0x0000000083300000, 0x0000000083300000|100%|HC|  |TAMS 0x0000000083200000| PB 0x0000000083200000| Complete 
|  51|0x0000000083300000, 0x0000000083400000, 0x0000000083400000|100%|HS|  |TAMS 0x0000000083300000| PB 0x0000000083300000| Complete 
|  52|0x0000000083400000, 0x0000000083500000, 0x0000000083500000|100%|HC|  |TAMS 0x0000000083400000| PB 0x0000000083400000| Complete 
|  53|0x0000000083500000, 0x0000000083600000, 0x0000000083600000|100%|HC|  |TAMS 0x0000000083500000| PB 0x0000000083500000| Complete 
|  54|0x0000000083600000, 0x0000000083700000, 0x0000000083700000|100%|HS|  |TAMS 0x0000000083600000| PB 0x0000000083600000| Complete 
|  55|0x0000000083700000, 0x0000000083800000, 0x0000000083800000|100%|HS|  |TAMS 0x0000000083700000| PB 0x0000000083700000| Complete 
|  56|0x0000000083800000, 0x0000000083900000, 0x0000000083900000|100%|HS|  |TAMS 0x0000000083800000| PB 0x0000000083800000| Complete 
|  57|0x0000000083900000, 0x0000000083a00000, 0x0000000083a00000|100%|HS|  |TAMS 0x0000000083900000| PB 0x0000000083900000| Complete 
|  58|0x0000000083a00000, 0x0000000083a00000, 0x0000000083b00000|  0%| F|  |TAMS 0x0000000083a00000| PB 0x0000000083a00000| Untracked 
|  59|0x0000000083b00000, 0x0000000083c00000, 0x0000000083c00000|100%| O|  |TAMS 0x0000000083b00000| PB 0x0000000083b00000| Untracked 
|  60|0x0000000083c00000, 0x0000000083d00000, 0x0000000083d00000|100%| O|  |TAMS 0x0000000083c00000| PB 0x0000000083c00000| Untracked 
|  61|0x0000000083d00000, 0x0000000083e00000, 0x0000000083e00000|100%| O|  |TAMS 0x0000000083d00000| PB 0x0000000083d00000| Untracked 
|  62|0x0000000083e00000, 0x0000000083f00000, 0x0000000083f00000|100%| O|  |TAMS 0x0000000083e00000| PB 0x0000000083e00000| Untracked 
|  63|0x0000000083f00000, 0x0000000084000000, 0x0000000084000000|100%| O|  |TAMS 0x0000000083f00000| PB 0x0000000083f00000| Untracked 
|  64|0x0000000084000000, 0x0000000084100000, 0x0000000084100000|100%| O|  |TAMS 0x0000000084000000| PB 0x0000000084000000| Untracked 
|  65|0x0000000084100000, 0x0000000084200000, 0x0000000084200000|100%| O|  |TAMS 0x0000000084100000| PB 0x0000000084100000| Untracked 
|  66|0x0000000084200000, 0x0000000084300000, 0x0000000084300000|100%| O|  |TAMS 0x0000000084200000| PB 0x0000000084200000| Untracked 
|  67|0x0000000084300000, 0x0000000084400000, 0x0000000084400000|100%| O|  |TAMS 0x0000000084300000| PB 0x0000000084300000| Untracked 
|  68|0x0000000084400000, 0x0000000084500000, 0x0000000084500000|100%|HS|  |TAMS 0x0000000084400000| PB 0x0000000084400000| Complete 
|  69|0x0000000084500000, 0x0000000084600000, 0x0000000084600000|100%| O|  |TAMS 0x0000000084500000| PB 0x0000000084500000| Untracked 
|  70|0x0000000084600000, 0x0000000084700000, 0x0000000084700000|100%| O|  |TAMS 0x0000000084600000| PB 0x0000000084600000| Untracked 
|  71|0x0000000084700000, 0x0000000084800000, 0x0000000084800000|100%| O|  |TAMS 0x0000000084700000| PB 0x0000000084700000| Untracked 
|  72|0x0000000084800000, 0x0000000084900000, 0x0000000084900000|100%| O|  |TAMS 0x0000000084800000| PB 0x0000000084800000| Untracked 
|  73|0x0000000084900000, 0x0000000084a00000, 0x0000000084a00000|100%|HS|  |TAMS 0x0000000084900000| PB 0x0000000084900000| Complete 
|  74|0x0000000084a00000, 0x0000000084b00000, 0x0000000084b00000|100%|HC|  |TAMS 0x0000000084a00000| PB 0x0000000084a00000| Complete 
|  75|0x0000000084b00000, 0x0000000084c00000, 0x0000000084c00000|100%|HC|  |TAMS 0x0000000084b00000| PB 0x0000000084b00000| Complete 
|  76|0x0000000084c00000, 0x0000000084d00000, 0x0000000084d00000|100%| O|  |TAMS 0x0000000084c00000| PB 0x0000000084c00000| Untracked 
|  77|0x0000000084d00000, 0x0000000084e00000, 0x0000000084e00000|100%| O|  |TAMS 0x0000000084d00000| PB 0x0000000084d00000| Untracked 
|  78|0x0000000084e00000, 0x0000000084f00000, 0x0000000084f00000|100%| O|  |TAMS 0x0000000084e00000| PB 0x0000000084e00000| Untracked 
|  79|0x0000000084f00000, 0x0000000085000000, 0x0000000085000000|100%| O|  |TAMS 0x0000000084f00000| PB 0x0000000084f00000| Untracked 
|  80|0x0000000085000000, 0x0000000085100000, 0x0000000085100000|100%| O|  |TAMS 0x0000000085000000| PB 0x0000000085000000| Untracked 
|  81|0x0000000085100000, 0x0000000085200000, 0x0000000085200000|100%| O|  |TAMS 0x0000000085100000| PB 0x0000000085100000| Untracked 
|  82|0x0000000085200000, 0x0000000085300000, 0x0000000085300000|100%| O|  |TAMS 0x0000000085200000| PB 0x0000000085200000| Untracked 
|  83|0x0000000085300000, 0x0000000085400000, 0x0000000085400000|100%| O|  |TAMS 0x0000000085300000| PB 0x0000000085300000| Untracked 
|  84|0x0000000085400000, 0x0000000085500000, 0x0000000085500000|100%| O|  |TAMS 0x0000000085400000| PB 0x0000000085400000| Untracked 
|  85|0x0000000085500000, 0x0000000085500000, 0x0000000085600000|  0%| F|  |TAMS 0x0000000085500000| PB 0x0000000085500000| Untracked 
|  86|0x0000000085600000, 0x000000008569ad40, 0x0000000085700000| 60%| O|  |TAMS 0x0000000085600000| PB 0x0000000085600000| Untracked 
|  87|0x0000000085700000, 0x0000000085700000, 0x0000000085800000|  0%| F|  |TAMS 0x0000000085700000| PB 0x0000000085700000| Untracked 
|  88|0x0000000085800000, 0x0000000085800000, 0x0000000085900000|  0%| F|  |TAMS 0x0000000085800000| PB 0x0000000085800000| Untracked 
|  89|0x0000000085900000, 0x0000000085900000, 0x0000000085a00000|  0%| F|  |TAMS 0x0000000085900000| PB 0x0000000085900000| Untracked 
|  90|0x0000000085a00000, 0x0000000085a00000, 0x0000000085b00000|  0%| F|  |TAMS 0x0000000085a00000| PB 0x0000000085a00000| Untracked 
|  91|0x0000000085b00000, 0x0000000085b00000, 0x0000000085c00000|  0%| F|  |TAMS 0x0000000085b00000| PB 0x0000000085b00000| Untracked 
|  92|0x0000000085c00000, 0x0000000085c00000, 0x0000000085d00000|  0%| F|  |TAMS 0x0000000085c00000| PB 0x0000000085c00000| Untracked 
|  93|0x0000000085d00000, 0x0000000085d00000, 0x0000000085e00000|  0%| F|  |TAMS 0x0000000085d00000| PB 0x0000000085d00000| Untracked 
|  94|0x0000000085e00000, 0x0000000085e00000, 0x0000000085f00000|  0%| F|  |TAMS 0x0000000085e00000| PB 0x0000000085e00000| Untracked 
|  95|0x0000000085f00000, 0x0000000085f00000, 0x0000000086000000|  0%| F|  |TAMS 0x0000000085f00000| PB 0x0000000085f00000| Untracked 
|  96|0x0000000086000000, 0x0000000086000000, 0x0000000086100000|  0%| F|  |TAMS 0x0000000086000000| PB 0x0000000086000000| Untracked 
|  97|0x0000000086100000, 0x00000000861bb518, 0x0000000086200000| 73%| S|CS|TAMS 0x0000000086100000| PB 0x0000000086100000| Complete 
|  98|0x0000000086200000, 0x0000000086300000, 0x0000000086300000|100%| S|CS|TAMS 0x0000000086200000| PB 0x0000000086200000| Complete 
|  99|0x0000000086300000, 0x0000000086400000, 0x0000000086400000|100%| S|CS|TAMS 0x0000000086300000| PB 0x0000000086300000| Complete 
| 100|0x0000000086400000, 0x0000000086400000, 0x0000000086500000|  0%| F|  |TAMS 0x0000000086400000| PB 0x0000000086400000| Untracked 
| 101|0x0000000086500000, 0x0000000086500000, 0x0000000086600000|  0%| F|  |TAMS 0x0000000086500000| PB 0x0000000086500000| Untracked 
| 102|0x0000000086600000, 0x0000000086600000, 0x0000000086700000|  0%| F|  |TAMS 0x0000000086600000| PB 0x0000000086600000| Untracked 
| 103|0x0000000086700000, 0x0000000086700000, 0x0000000086800000|  0%| F|  |TAMS 0x0000000086700000| PB 0x0000000086700000| Untracked 
| 104|0x0000000086800000, 0x0000000086800000, 0x0000000086900000|  0%| F|  |TAMS 0x0000000086800000| PB 0x0000000086800000| Untracked 
| 105|0x0000000086900000, 0x0000000086900000, 0x0000000086a00000|  0%| F|  |TAMS 0x0000000086900000| PB 0x0000000086900000| Untracked 
| 106|0x0000000086a00000, 0x0000000086a00000, 0x0000000086b00000|  0%| F|  |TAMS 0x0000000086a00000| PB 0x0000000086a00000| Untracked 
| 107|0x0000000086b00000, 0x0000000086b00000, 0x0000000086c00000|  0%| F|  |TAMS 0x0000000086b00000| PB 0x0000000086b00000| Untracked 
| 108|0x0000000086c00000, 0x0000000086c00000, 0x0000000086d00000|  0%| F|  |TAMS 0x0000000086c00000| PB 0x0000000086c00000| Untracked 
| 109|0x0000000086d00000, 0x0000000086d00000, 0x0000000086e00000|  0%| F|  |TAMS 0x0000000086d00000| PB 0x0000000086d00000| Untracked 
| 110|0x0000000086e00000, 0x0000000086e00000, 0x0000000086f00000|  0%| F|  |TAMS 0x0000000086e00000| PB 0x0000000086e00000| Untracked 
| 111|0x0000000086f00000, 0x0000000086f00000, 0x0000000087000000|  0%| F|  |TAMS 0x0000000086f00000| PB 0x0000000086f00000| Untracked 
| 112|0x0000000087000000, 0x0000000087000000, 0x0000000087100000|  0%| F|  |TAMS 0x0000000087000000| PB 0x0000000087000000| Untracked 
| 113|0x0000000087100000, 0x0000000087100000, 0x0000000087200000|  0%| F|  |TAMS 0x0000000087100000| PB 0x0000000087100000| Untracked 
| 114|0x0000000087200000, 0x0000000087280000, 0x0000000087300000| 50%| E|  |TAMS 0x0000000087200000| PB 0x0000000087200000| Complete 
| 115|0x0000000087300000, 0x0000000087400000, 0x0000000087400000|100%| E|CS|TAMS 0x0000000087300000| PB 0x0000000087300000| Complete 
| 116|0x0000000087400000, 0x0000000087500000, 0x0000000087500000|100%| E|CS|TAMS 0x0000000087400000| PB 0x0000000087400000| Complete 
| 117|0x0000000087500000, 0x0000000087600000, 0x0000000087600000|100%| E|CS|TAMS 0x0000000087500000| PB 0x0000000087500000| Complete 
| 118|0x0000000087600000, 0x0000000087700000, 0x0000000087700000|100%| E|CS|TAMS 0x0000000087600000| PB 0x0000000087600000| Complete 
| 119|0x0000000087700000, 0x0000000087800000, 0x0000000087800000|100%| E|CS|TAMS 0x0000000087700000| PB 0x0000000087700000| Complete 
| 120|0x0000000087800000, 0x0000000087900000, 0x0000000087900000|100%| E|CS|TAMS 0x0000000087800000| PB 0x0000000087800000| Complete 
| 121|0x0000000087900000, 0x0000000087a00000, 0x0000000087a00000|100%| E|CS|TAMS 0x0000000087900000| PB 0x0000000087900000| Complete 
| 122|0x0000000087a00000, 0x0000000087b00000, 0x0000000087b00000|100%| E|CS|TAMS 0x0000000087a00000| PB 0x0000000087a00000| Complete 
| 123|0x0000000087b00000, 0x0000000087c00000, 0x0000000087c00000|100%| E|CS|TAMS 0x0000000087b00000| PB 0x0000000087b00000| Complete 
| 124|0x0000000087c00000, 0x0000000087d00000, 0x0000000087d00000|100%| E|CS|TAMS 0x0000000087c00000| PB 0x0000000087c00000| Complete 
| 125|0x0000000087d00000, 0x0000000087e00000, 0x0000000087e00000|100%| E|CS|TAMS 0x0000000087d00000| PB 0x0000000087d00000| Complete 
| 126|0x0000000087e00000, 0x0000000087f00000, 0x0000000087f00000|100%| E|CS|TAMS 0x0000000087e00000| PB 0x0000000087e00000| Complete 
| 127|0x0000000087f00000, 0x0000000088000000, 0x0000000088000000|100%| E|CS|TAMS 0x0000000087f00000| PB 0x0000000087f00000| Complete 
| 128|0x0000000088000000, 0x0000000088100000, 0x0000000088100000|100%| E|CS|TAMS 0x0000000088000000| PB 0x0000000088000000| Complete 
| 129|0x0000000088100000, 0x0000000088200000, 0x0000000088200000|100%| E|CS|TAMS 0x0000000088100000| PB 0x0000000088100000| Complete 
| 130|0x0000000088200000, 0x0000000088300000, 0x0000000088300000|100%| E|CS|TAMS 0x0000000088200000| PB 0x0000000088200000| Complete 
| 131|0x0000000088300000, 0x0000000088400000, 0x0000000088400000|100%| E|CS|TAMS 0x0000000088300000| PB 0x0000000088300000| Complete 
| 132|0x0000000088400000, 0x0000000088500000, 0x0000000088500000|100%| E|CS|TAMS 0x0000000088400000| PB 0x0000000088400000| Complete 
| 133|0x0000000088500000, 0x0000000088600000, 0x0000000088600000|100%| E|CS|TAMS 0x0000000088500000| PB 0x0000000088500000| Complete 
| 134|0x0000000088600000, 0x0000000088700000, 0x0000000088700000|100%| E|CS|TAMS 0x0000000088600000| PB 0x0000000088600000| Complete 
| 135|0x0000000088700000, 0x0000000088800000, 0x0000000088800000|100%| E|CS|TAMS 0x0000000088700000| PB 0x0000000088700000| Complete 
| 136|0x0000000088800000, 0x0000000088900000, 0x0000000088900000|100%| E|CS|TAMS 0x0000000088800000| PB 0x0000000088800000| Complete 
| 137|0x0000000088900000, 0x0000000088a00000, 0x0000000088a00000|100%| E|CS|TAMS 0x0000000088900000| PB 0x0000000088900000| Complete 
| 138|0x0000000088a00000, 0x0000000088b00000, 0x0000000088b00000|100%| E|CS|TAMS 0x0000000088a00000| PB 0x0000000088a00000| Complete 
| 139|0x0000000088b00000, 0x0000000088c00000, 0x0000000088c00000|100%| E|CS|TAMS 0x0000000088b00000| PB 0x0000000088b00000| Complete 
| 140|0x0000000088c00000, 0x0000000088d00000, 0x0000000088d00000|100%| E|CS|TAMS 0x0000000088c00000| PB 0x0000000088c00000| Complete 
|2042|0x00000000ffa00000, 0x00000000ffb00000, 0x00000000ffb00000|100%| E|CS|TAMS 0x00000000ffa00000| PB 0x00000000ffa00000| Complete 
|2043|0x00000000ffb00000, 0x00000000ffc00000, 0x00000000ffc00000|100%| O|  |TAMS 0x00000000ffb00000| PB 0x00000000ffb00000| Untracked 
|2044|0x00000000ffc00000, 0x00000000ffd00000, 0x00000000ffd00000|100%| O|  |TAMS 0x00000000ffc00000| PB 0x00000000ffc00000| Untracked 
|2045|0x00000000ffd00000, 0x00000000ffe00000, 0x00000000ffe00000|100%| E|CS|TAMS 0x00000000ffd00000| PB 0x00000000ffd00000| Complete 
|2046|0x00000000ffe00000, 0x00000000fff00000, 0x00000000fff00000|100%| E|CS|TAMS 0x00000000ffe00000| PB 0x00000000ffe00000| Complete 
|2047|0x00000000fff00000, 0x0000000100000000, 0x0000000100000000|100%| E|CS|TAMS 0x00000000fff00000| PB 0x00000000fff00000| Complete 

Card table byte_map: [0x000002b83fa40000,0x000002b83fe40000] _byte_map_base: 0x000002b83f640000

Marking Bits: (CMBitMap*) 0x000002b827f99110
 Bits: [0x000002b83fe40000, 0x000002b841e40000)

Polling page: 0x000002b825e20000

Metaspace:

Usage:
  Non-class:     71.86 MB used.
      Class:     11.59 MB used.
       Both:     83.45 MB used.

Virtual space:
  Non-class space:      128.00 MB reserved,      72.94 MB ( 57%) committed,  2 nodes.
      Class space:        1.00 GB reserved,      12.69 MB (  1%) committed,  1 nodes.
             Both:        1.12 GB reserved,      85.62 MB (  7%) committed. 

Chunk freelists:
   Non-Class:  7.03 MB
       Class:  3.29 MB
        Both:  10.33 MB

MaxMetaspaceSize: unlimited
CompressedClassSpaceSize: 1.00 GB
Initial GC threshold: 21.00 MB
Current GC threshold: 129.69 MB
CDS: on
 - commit_granule_bytes: 65536.
 - commit_granule_words: 8192.
 - virtual_space_node_default_size: 8388608.
 - enlarge_chunks_in_place: 1.
 - use_allocation_guard: 0.


Internal statistics:

num_allocs_failed_limit: 6.
num_arena_births: 3950.
num_arena_deaths: 0.
num_vsnodes_births: 3.
num_vsnodes_deaths: 0.
num_space_committed: 1370.
num_space_uncommitted: 0.
num_chunks_returned_to_freelist: 6.
num_chunks_taken_from_freelist: 7928.
num_chunk_merges: 6.
num_chunk_splits: 5154.
num_chunks_enlarged: 3187.
num_inconsistent_stats: 0.

CodeHeap 'non-profiled nmethods': size=120000Kb used=5035Kb max_used=5035Kb free=114964Kb
 bounds [0x000002b838110000, 0x000002b838600000, 0x000002b83f640000]
CodeHeap 'profiled nmethods': size=120000Kb used=17008Kb max_used=17008Kb free=102991Kb
 bounds [0x000002b830640000, 0x000002b8316e0000, 0x000002b837b70000]
CodeHeap 'non-nmethods': size=5760Kb used=2127Kb max_used=2165Kb free=3632Kb
 bounds [0x000002b837b70000, 0x000002b837de0000, 0x000002b838110000]
 total_blobs=10045 nmethods=9193 adapters=756
 compilation: enabled
              stopped_count=0, restarted_count=0
 full_count=0

Compilation events (20 events):
Event: 81.607 Thread 0x000002b84431f270 10728       1       com.android.build.api.component.impl.ComponentImpl::getServices (5 bytes)
Event: 81.607 Thread 0x000002b84431f270 nmethod 10728 0x000002b8385f6390 code [0x000002b8385f6520, 0x000002b8385f65e8]
Event: 81.637 Thread 0x000002b84431f270 10729       3       org.gradle.internal.instantiation.generator.AsmBackedClassGenerator$ClassInspectionVisitorImpl::markPropertyAsIneligibleForConventionMapping (12 bytes)
Event: 81.637 Thread 0x000002b84431f270 nmethod 10729 0x000002b8316d4110 code [0x000002b8316d42c0, 0x000002b8316d4498]
Event: 81.691 Thread 0x000002b84431f270 10732       3       java.lang.invoke.LambdaForm$BasicType::basicType (8 bytes)
Event: 81.691 Thread 0x000002b84431f270 nmethod 10732 0x000002b8316d4590 code [0x000002b8316d4760, 0x000002b8316d49a0]
Event: 81.737 Thread 0x000002b84431f270 10747       3       java.lang.invoke.LambdaForm$BasicType::basicType (187 bytes)
Event: 81.738 Thread 0x000002b84431f270 nmethod 10747 0x000002b8316d4b10 code [0x000002b8316d4dc0, 0x000002b8316d5808]
Event: 81.906 Thread 0x000002b84431f270 10751       3       java.lang.invoke.MethodHandles::argumentsWithCombinerChecks (197 bytes)
Event: 81.908 Thread 0x000002b84431f270 nmethod 10751 0x000002b8316d5a90 code [0x000002b8316d5ec0, 0x000002b8316d7768]
Event: 81.908 Thread 0x000002b84431f270 10750       3       java.lang.invoke.MethodHandles::argumentsWithCombiner (130 bytes)
Event: 81.910 Thread 0x000002b84431f270 nmethod 10750 0x000002b8316d8210 code [0x000002b8316d84c0, 0x000002b8316d9368]
Event: 81.920 Thread 0x000002b84431f270 10758       3       java.util.concurrent.ScheduledThreadPoolExecutor::canRunInCurrentRunState (61 bytes)
Event: 81.921 Thread 0x000002b84431f270 nmethod 10758 0x000002b8316d9a10 code [0x000002b8316d9c20, 0x000002b8316da3d0]
Event: 81.925 Thread 0x000002b84431f270 10759       1       org.gradle.internal.reflect.annotations.impl.DefaultTypeAnnotationMetadataStore$PropertyAnnotationMetadataBuilder::getPropertyName (5 bytes)
Event: 81.925 Thread 0x000002b84431f270 nmethod 10759 0x000002b8385fa890 code [0x000002b8385faa20, 0x000002b8385faae8]
Event: 81.925 Thread 0x000002b84431f270 10760       3       com.google.common.collect.AbstractMapBasedMultimap$KeySet$1::hasNext (10 bytes)
Event: 81.925 Thread 0x000002b84431f270 nmethod 10760 0x000002b8316da610 code [0x000002b8316da7c0, 0x000002b8316da998]
Event: 81.939 Thread 0x000002b84431f270 10761       1       org.gradle.internal.properties.annotations.DefaultTypeMetadataStore$DefaultPropertyMetadata::getPropertyType (5 bytes)
Event: 81.939 Thread 0x000002b84431f270 nmethod 10761 0x000002b8385fab90 code [0x000002b8385fad20, 0x000002b8385fade8]

GC Heap History (20 events):
Event: 62.739 GC heap before
{Heap before GC invocations=30 (full 0):
 garbage-first heap   total 119808K, used 101960K [0x0000000080000000, 0x0000000100000000)
  region size 1024K, 32 young (32768K), 1 survivors (1024K)
 Metaspace       used 63524K, committed 65536K, reserved 1114112K
  class space    used 8816K, committed 9856K, reserved 1048576K
}
Event: 62.747 GC heap after
{Heap after GC invocations=31 (full 0):
 garbage-first heap   total 119808K, used 71818K [0x0000000080000000, 0x0000000100000000)
  region size 1024K, 3 young (3072K), 3 survivors (3072K)
 Metaspace       used 63524K, committed 65536K, reserved 1114112K
  class space    used 8816K, committed 9856K, reserved 1048576K
}
Event: 63.173 GC heap before
{Heap before GC invocations=31 (full 0):
 garbage-first heap   total 119808K, used 75914K [0x0000000080000000, 0x0000000100000000)
  region size 1024K, 8 young (8192K), 3 survivors (3072K)
 Metaspace       used 64773K, committed 66816K, reserved 1114112K
  class space    used 8937K, committed 9984K, reserved 1048576K
}
Event: 63.178 GC heap after
{Heap after GC invocations=32 (full 0):
 garbage-first heap   total 119808K, used 73675K [0x0000000080000000, 0x0000000100000000)
  region size 1024K, 4 young (4096K), 4 survivors (4096K)
 Metaspace       used 64773K, committed 66816K, reserved 1114112K
  class space    used 8937K, committed 9984K, reserved 1048576K
}
Event: 64.460 GC heap before
{Heap before GC invocations=33 (full 0):
 garbage-first heap   total 130048K, used 107467K [0x0000000080000000, 0x0000000100000000)
  region size 1024K, 32 young (32768K), 4 survivors (4096K)
 Metaspace       used 66012K, committed 68032K, reserved 1114112K
  class space    used 9117K, committed 10176K, reserved 1048576K
}
Event: 64.474 GC heap after
{Heap after GC invocations=34 (full 0):
 garbage-first heap   total 130048K, used 77241K [0x0000000080000000, 0x0000000100000000)
  region size 1024K, 4 young (4096K), 4 survivors (4096K)
 Metaspace       used 66012K, committed 68032K, reserved 1114112K
  class space    used 9117K, committed 10176K, reserved 1048576K
}
Event: 66.356 GC heap before
{Heap before GC invocations=34 (full 0):
 garbage-first heap   total 130048K, used 107961K [0x0000000080000000, 0x0000000100000000)
  region size 1024K, 35 young (35840K), 4 survivors (4096K)
 Metaspace       used 68255K, committed 70272K, reserved 1114112K
  class space    used 9404K, committed 10432K, reserved 1048576K
}
Event: 66.366 GC heap after
{Heap after GC invocations=35 (full 0):
 garbage-first heap   total 130048K, used 79101K [0x0000000080000000, 0x0000000100000000)
  region size 1024K, 3 young (3072K), 3 survivors (3072K)
 Metaspace       used 68255K, committed 70272K, reserved 1114112K
  class space    used 9404K, committed 10432K, reserved 1048576K
}
Event: 68.776 GC heap before
{Heap before GC invocations=35 (full 0):
 garbage-first heap   total 130048K, used 111869K [0x0000000080000000, 0x0000000100000000)
  region size 1024K, 35 young (35840K), 3 survivors (3072K)
 Metaspace       used 71990K, committed 74048K, reserved 1114112K
  class space    used 9853K, committed 10880K, reserved 1048576K
}
Event: 68.783 GC heap after
{Heap after GC invocations=36 (full 0):
 garbage-first heap   total 130048K, used 80218K [0x0000000080000000, 0x0000000100000000)
  region size 1024K, 4 young (4096K), 4 survivors (4096K)
 Metaspace       used 71990K, committed 74048K, reserved 1114112K
  class space    used 9853K, committed 10880K, reserved 1048576K
}
Event: 71.305 GC heap before
{Heap before GC invocations=37 (full 0):
 garbage-first heap   total 135168K, used 117082K [0x0000000080000000, 0x0000000100000000)
  region size 1024K, 37 young (37888K), 4 survivors (4096K)
 Metaspace       used 74608K, committed 76672K, reserved 1179648K
  class space    used 10215K, committed 11264K, reserved 1048576K
}
Event: 71.313 GC heap after
{Heap after GC invocations=38 (full 0):
 garbage-first heap   total 135168K, used 84880K [0x0000000080000000, 0x0000000100000000)
  region size 1024K, 4 young (4096K), 4 survivors (4096K)
 Metaspace       used 74608K, committed 76672K, reserved 1179648K
  class space    used 10215K, committed 11264K, reserved 1048576K
}
Event: 73.389 GC heap before
{Heap before GC invocations=38 (full 0):
 garbage-first heap   total 135168K, used 119696K [0x0000000080000000, 0x0000000100000000)
  region size 1024K, 38 young (38912K), 4 survivors (4096K)
 Metaspace       used 76747K, committed 78784K, reserved 1179648K
  class space    used 10543K, committed 11584K, reserved 1048576K
}
Event: 73.399 GC heap after
{Heap after GC invocations=39 (full 0):
 garbage-first heap   total 135168K, used 86664K [0x0000000080000000, 0x0000000100000000)
  region size 1024K, 4 young (4096K), 4 survivors (4096K)
 Metaspace       used 76747K, committed 78784K, reserved 1179648K
  class space    used 10543K, committed 11584K, reserved 1048576K
}
Event: 74.604 GC heap before
{Heap before GC invocations=39 (full 0):
 garbage-first heap   total 135168K, used 121480K [0x0000000080000000, 0x0000000100000000)
  region size 1024K, 38 young (38912K), 4 survivors (4096K)
 Metaspace       used 77379K, committed 79424K, reserved 1179648K
  class space    used 10615K, committed 11648K, reserved 1048576K
}
Event: 74.615 GC heap after
{Heap after GC invocations=40 (full 0):
 garbage-first heap   total 135168K, used 89996K [0x0000000080000000, 0x0000000100000000)
  region size 1024K, 5 young (5120K), 5 survivors (5120K)
 Metaspace       used 77379K, committed 79424K, reserved 1179648K
  class space    used 10615K, committed 11648K, reserved 1048576K
}
Event: 76.872 GC heap before
{Heap before GC invocations=41 (full 0):
 garbage-first heap   total 150528K, used 120716K [0x0000000080000000, 0x0000000100000000)
  region size 1024K, 36 young (36864K), 5 survivors (5120K)
 Metaspace       used 79658K, committed 81792K, reserved 1179648K
  class space    used 10943K, committed 12032K, reserved 1048576K
}
Event: 76.882 GC heap after
{Heap after GC invocations=42 (full 0):
 garbage-first heap   total 150528K, used 91918K [0x0000000080000000, 0x0000000100000000)
  region size 1024K, 2 young (2048K), 2 survivors (2048K)
 Metaspace       used 79658K, committed 81792K, reserved 1179648K
  class space    used 10943K, committed 12032K, reserved 1048576K
}
Event: 79.421 GC heap before
{Heap before GC invocations=42 (full 0):
 garbage-first heap   total 150528K, used 134926K [0x0000000080000000, 0x0000000100000000)
  region size 1024K, 44 young (45056K), 2 survivors (2048K)
 Metaspace       used 83052K, committed 85120K, reserved 1179648K
  class space    used 11498K, committed 12544K, reserved 1048576K
}
Event: 79.426 GC heap after
{Heap after GC invocations=43 (full 0):
 garbage-first heap   total 150528K, used 91480K [0x0000000080000000, 0x0000000100000000)
  region size 1024K, 3 young (3072K), 3 survivors (3072K)
 Metaspace       used 83052K, committed 85120K, reserved 1179648K
  class space    used 11498K, committed 12544K, reserved 1048576K
}

Dll operation events (15 events):
Event: 0.033 Loaded shared library D:\SEMESTER 6\AI\Project code\OpenJDK21U-jdk_x64_windows_hotspot_21.0.7_6\jdk-21.0.7+6\bin\java.dll
Event: 0.202 Loaded shared library D:\SEMESTER 6\AI\Project code\OpenJDK21U-jdk_x64_windows_hotspot_21.0.7_6\jdk-21.0.7+6\bin\jsvml.dll
Event: 0.434 Loaded shared library D:\SEMESTER 6\AI\Project code\OpenJDK21U-jdk_x64_windows_hotspot_21.0.7_6\jdk-21.0.7+6\bin\zip.dll
Event: 0.448 Loaded shared library D:\SEMESTER 6\AI\Project code\OpenJDK21U-jdk_x64_windows_hotspot_21.0.7_6\jdk-21.0.7+6\bin\instrument.dll
Event: 0.484 Loaded shared library D:\SEMESTER 6\AI\Project code\OpenJDK21U-jdk_x64_windows_hotspot_21.0.7_6\jdk-21.0.7+6\bin\net.dll
Event: 0.500 Loaded shared library D:\SEMESTER 6\AI\Project code\OpenJDK21U-jdk_x64_windows_hotspot_21.0.7_6\jdk-21.0.7+6\bin\nio.dll
Event: 0.517 Loaded shared library D:\SEMESTER 6\AI\Project code\OpenJDK21U-jdk_x64_windows_hotspot_21.0.7_6\jdk-21.0.7+6\bin\zip.dll
Event: 1.617 Loaded shared library D:\SEMESTER 6\AI\Project code\OpenJDK21U-jdk_x64_windows_hotspot_21.0.7_6\jdk-21.0.7+6\bin\jimage.dll
Event: 2.648 Loaded shared library D:\SEMESTER 6\AI\Project code\OpenJDK21U-jdk_x64_windows_hotspot_21.0.7_6\jdk-21.0.7+6\bin\verify.dll
Event: 3.082 Loaded shared library D:\Gradle\native\1def1411415f61bf3af743bc5b6707747c0891f09f0c88961ee8f79bc544acac\windows-amd64\native-platform.dll
Event: 3.140 Loaded shared library D:\Gradle\native\0.2.7\x86_64-windows-gnu\gradle-fileevents.dll
Event: 6.632 Loaded shared library D:\SEMESTER 6\AI\Project code\OpenJDK21U-jdk_x64_windows_hotspot_21.0.7_6\jdk-21.0.7+6\bin\management.dll
Event: 6.639 Loaded shared library D:\SEMESTER 6\AI\Project code\OpenJDK21U-jdk_x64_windows_hotspot_21.0.7_6\jdk-21.0.7+6\bin\management_ext.dll
Event: 7.349 Loaded shared library D:\SEMESTER 6\AI\Project code\OpenJDK21U-jdk_x64_windows_hotspot_21.0.7_6\jdk-21.0.7+6\bin\extnet.dll
Event: 9.017 Loaded shared library D:\SEMESTER 6\AI\Project code\OpenJDK21U-jdk_x64_windows_hotspot_21.0.7_6\jdk-21.0.7+6\bin\sunmscapi.dll

Deoptimization events (20 events):
Event: 80.189 Thread 0x000002b8444121f0 Uncommon trap: trap_request=0xffffffde fr.pc=0x000002b838593b14 relative=0x0000000000000074
Event: 80.189 Thread 0x000002b8444121f0 Uncommon trap: reason=class_check action=maybe_recompile pc=0x000002b838593b14 method=java.lang.invoke.Invokers$Holder.linkToTargetMethod(Ljava/lang/Object;Ljava/lang/Object;Ljava/lang/Object;Ljava/lang/Object;)Ljava/lang/Object; @ 1 c2
Event: 80.189 Thread 0x000002b8444121f0 DEOPT PACKING pc=0x000002b838593b14 sp=0x000000d0ff5f90a0
Event: 80.189 Thread 0x000002b8444121f0 DEOPT UNPACKING pc=0x000002b837bc46a2 sp=0x000000d0ff5f9030 mode 2
Event: 80.190 Thread 0x000002b8444121f0 Uncommon trap: trap_request=0xffffffde fr.pc=0x000002b838593b14 relative=0x0000000000000074
Event: 80.190 Thread 0x000002b8444121f0 Uncommon trap: reason=class_check action=maybe_recompile pc=0x000002b838593b14 method=java.lang.invoke.Invokers$Holder.linkToTargetMethod(Ljava/lang/Object;Ljava/lang/Object;Ljava/lang/Object;Ljava/lang/Object;)Ljava/lang/Object; @ 1 c2
Event: 80.190 Thread 0x000002b8444121f0 DEOPT PACKING pc=0x000002b838593b14 sp=0x000000d0ff5f90a0
Event: 80.190 Thread 0x000002b8444121f0 DEOPT UNPACKING pc=0x000002b837bc46a2 sp=0x000000d0ff5f9030 mode 2
Event: 80.191 Thread 0x000002b8444121f0 Uncommon trap: trap_request=0xffffffde fr.pc=0x000002b838593b14 relative=0x0000000000000074
Event: 80.191 Thread 0x000002b8444121f0 Uncommon trap: reason=class_check action=maybe_recompile pc=0x000002b838593b14 method=java.lang.invoke.Invokers$Holder.linkToTargetMethod(Ljava/lang/Object;Ljava/lang/Object;Ljava/lang/Object;Ljava/lang/Object;)Ljava/lang/Object; @ 1 c2
Event: 80.191 Thread 0x000002b8444121f0 DEOPT PACKING pc=0x000002b838593b14 sp=0x000000d0ff5f90a0
Event: 80.191 Thread 0x000002b8444121f0 DEOPT UNPACKING pc=0x000002b837bc46a2 sp=0x000000d0ff5f9030 mode 2
Event: 81.689 Thread 0x000002b8444121f0 Uncommon trap: trap_request=0xffffff45 fr.pc=0x000002b838233164 relative=0x00000000000000c4
Event: 81.689 Thread 0x000002b8444121f0 Uncommon trap: reason=unstable_if action=reinterpret pc=0x000002b838233164 method=java.lang.invoke.LambdaForm$BasicType.basicType(C)Ljava/lang/invoke/LambdaForm$BasicType; @ 1 c2
Event: 81.689 Thread 0x000002b8444121f0 DEOPT PACKING pc=0x000002b838233164 sp=0x000000d0ff5f7e50
Event: 81.689 Thread 0x000002b8444121f0 DEOPT UNPACKING pc=0x000002b837bc46a2 sp=0x000000d0ff5f7df0 mode 2
Event: 81.908 Thread 0x000002b8444121f0 Uncommon trap: trap_request=0xffffff45 fr.pc=0x000002b8385a3d08 relative=0x0000000000000068
Event: 81.908 Thread 0x000002b8444121f0 Uncommon trap: reason=unstable_if action=reinterpret pc=0x000002b8385a3d08 method=java.lang.StringConcatHelper.stringOf(Ljava/lang/Object;)Ljava/lang/String; @ 1 c2
Event: 81.908 Thread 0x000002b8444121f0 DEOPT PACKING pc=0x000002b8385a3d08 sp=0x000000d0ff5f8dc0
Event: 81.908 Thread 0x000002b8444121f0 DEOPT UNPACKING pc=0x000002b837bc46a2 sp=0x000000d0ff5f8d50 mode 2

Classes loaded (20 events):
Event: 72.364 Loading class com/sun/beans/finder/MethodFinder
Event: 72.366 Loading class com/sun/beans/finder/AbstractFinder
Event: 72.366 Loading class com/sun/beans/finder/AbstractFinder done
Event: 72.367 Loading class com/sun/beans/finder/MethodFinder done
Event: 72.367 Loading class com/sun/beans/finder/MethodFinder$1
Event: 72.367 Loading class com/sun/beans/finder/MethodFinder$1 done
Event: 72.367 Loading class com/sun/beans/finder/FinderUtils
Event: 72.367 Loading class com/sun/beans/finder/FinderUtils done
Event: 77.289 Loading class java/util/concurrent/atomic/AtomicIntegerArray
Event: 77.289 Loading class java/util/concurrent/atomic/AtomicIntegerArray done
Event: 77.292 Loading class java/util/Currency
Event: 77.296 Loading class java/util/Currency done
Event: 77.313 Loading class java/util/concurrent/atomic/AtomicLongArray
Event: 77.315 Loading class java/util/concurrent/atomic/AtomicLongArray done
Event: 77.406 Loading class sun/reflect/generics/repository/FieldRepository
Event: 77.407 Loading class sun/reflect/generics/repository/FieldRepository done
Event: 77.454 Loading class jdk/internal/vm/annotation/ForceInline
Event: 77.454 Loading class jdk/internal/vm/annotation/ForceInline done
Event: 77.707 Loading class java/util/regex/Pattern$Caret
Event: 77.708 Loading class java/util/regex/Pattern$Caret done

Classes unloaded (0 events):
No events

Classes redefined (0 events):
No events

Internal exceptions (20 events):
Event: 72.341 Thread 0x000002b8444121f0 Exception <a 'java/lang/ClassNotFoundException'{0x0000000086e06748}: groovy/lang/Closure$1BeanInfo> (0x0000000086e06748) 
thrown [s\src\hotspot\share\classfile\systemDictionary.cpp, line 312]
Event: 72.349 Thread 0x000002b8444121f0 Exception <a 'java/lang/ClassNotFoundException'{0x0000000086e1ddf0}: groovy/lang/ClosureBeanInfo> (0x0000000086e1ddf0) 
thrown [s\src\hotspot\share\classfile\systemDictionary.cpp, line 312]
Event: 72.354 Thread 0x000002b8444121f0 Exception <a 'java/lang/ClassNotFoundException'{0x0000000086e34c68}: groovy/lang/ClosureCustomizer> (0x0000000086e34c68) 
thrown [s\src\hotspot\share\classfile\systemDictionary.cpp, line 312]
Event: 72.364 Thread 0x000002b8444121f0 Exception <a 'java/lang/ClassNotFoundException'{0x0000000086e712b8}: groovy/lang/Closure$1Customizer> (0x0000000086e712b8) 
thrown [s\src\hotspot\share\classfile\systemDictionary.cpp, line 312]
Event: 72.390 Thread 0x000002b8444121f0 Exception <a 'java/lang/ClassNotFoundException'{0x0000000086ee60c0}: org/jetbrains/kotlin/gradle/targets/js/npm/DefaultNpmDependencyExtensionBeanInfo> (0x0000000086ee60c0) 
thrown [s\src\hotspot\share\classfile\systemDictionary.cpp, line 312]
Event: 72.391 Thread 0x000002b8444121f0 Exception <a 'java/lang/ClassNotFoundException'{0x0000000086ef4f80}: org/jetbrains/kotlin/gradle/targets/js/npm/DefaultNpmDependencyExtensionCustomizer> (0x0000000086ef4f80) 
thrown [s\src\hotspot\share\classfile\systemDictionary.cpp, line 312]
Event: 72.424 Thread 0x000002b8444121f0 Exception <a 'java/lang/ClassNotFoundException'{0x0000000086d91d30}: org/jetbrains/kotlin/gradle/targets/js/npm/NpmDependencyExtensionKt$defaultNpmDependencyDelegate$1BeanInfo> (0x0000000086d91d30) 
thrown [s\src\hotspot\share\classfile\systemDictionary.cpp, line 312]
Event: 72.425 Thread 0x000002b8444121f0 Exception <a 'java/lang/ClassNotFoundException'{0x0000000086da21b0}: org/jetbrains/kotlin/gradle/targets/js/npm/NpmDependencyExtensionDelegateBeanInfo> (0x0000000086da21b0) 
thrown [s\src\hotspot\share\classfile\systemDictionary.cpp, line 312]
Event: 72.431 Thread 0x000002b8444121f0 Exception <a 'java/lang/ClassNotFoundException'{0x0000000086db28d0}: org/jetbrains/kotlin/gradle/targets/js/npm/NpmDependencyExtensionDelegateCustomizer> (0x0000000086db28d0) 
thrown [s\src\hotspot\share\classfile\systemDictionary.cpp, line 312]
Event: 72.439 Thread 0x000002b8444121f0 Exception <a 'java/lang/ClassNotFoundException'{0x0000000086de3bf0}: org/jetbrains/kotlin/gradle/targets/js/npm/NpmDependencyExtensionKt$defaultNpmDependencyDelegate$1Customizer> (0x0000000086de3bf0) 
thrown [s\src\hotspot\share\classfile\systemDictionary.cpp, line 312]
Event: 72.451 Thread 0x000002b8444121f0 Exception <a 'java/lang/ClassNotFoundException'{0x0000000086c2b518}: org/jetbrains/kotlin/gradle/targets/js/npm/DefaultDevNpmDependencyExtensionBeanInfo> (0x0000000086c2b518) 
thrown [s\src\hotspot\share\classfile\systemDictionary.cpp, line 312]
Event: 72.454 Thread 0x000002b8444121f0 Exception <a 'java/lang/ClassNotFoundException'{0x0000000086c3a440}: org/jetbrains/kotlin/gradle/targets/js/npm/DefaultDevNpmDependencyExtensionCustomizer> (0x0000000086c3a440) 
thrown [s\src\hotspot\share\classfile\systemDictionary.cpp, line 312]
Event: 72.474 Thread 0x000002b8444121f0 Exception <a 'java/lang/ClassNotFoundException'{0x0000000086c8a2e0}: org/jetbrains/kotlin/gradle/targets/js/npm/DefaultPeerNpmDependencyExtensionBeanInfo> (0x0000000086c8a2e0) 
thrown [s\src\hotspot\share\classfile\systemDictionary.cpp, line 312]
Event: 72.475 Thread 0x000002b8444121f0 Exception <a 'java/lang/ClassNotFoundException'{0x0000000086c99270}: org/jetbrains/kotlin/gradle/targets/js/npm/DefaultPeerNpmDependencyExtensionCustomizer> (0x0000000086c99270) 
thrown [s\src\hotspot\share\classfile\systemDictionary.cpp, line 312]
Event: 72.505 Thread 0x000002b8444121f0 Exception <a 'java/lang/ClassNotFoundException'{0x0000000086cf7070}: org/jetbrains/kotlin/gradle/targets/js/npm/DefaultPeerNpmDependencyExtension$delegate$1BeanInfo> (0x0000000086cf7070) 
thrown [s\src\hotspot\share\classfile\systemDictionary.cpp, line 312]
Event: 72.506 Thread 0x000002b8444121f0 Exception <a 'java/lang/ClassNotFoundException'{0x0000000086b06a68}: org/jetbrains/kotlin/gradle/targets/js/npm/DefaultPeerNpmDependencyExtension$delegate$1Customizer> (0x0000000086b06a68) 
thrown [s\src\hotspot\share\classfile\systemDictionary.cpp, line 312]
Event: 72.543 Thread 0x000002b8444121f0 Exception <a 'java/lang/NoSuchMethodError'{0x0000000086bb3e68}: static Lorg/jetbrains/kotlin/gradle/plugin/internal/DefaultIdeaSyncDetector$createIdeaPropertiesEvaluator$1;.<clinit>()V> (0x0000000086bb3e68) 
thrown [s\src\hotspot\share\prims\jni.cpp, line 1111]
Event: 75.639 Thread 0x000002b8444121f0 Exception <a 'java/lang/NoSuchMethodError'{0x000000008802dae0}: 'java.lang.Object java.lang.invoke.DirectMethodHandle$Holder.newInvokeSpecial(java.lang.Object, java.lang.Object, java.lang.Object, java.lang.Object, java.lang.Object, java.lang.Object, java.lang.Object, java.lang.Object, java.lang.Object, java.lang.Object, java.lang.Object, java.lang.Object, java.lang.Object, java.lang.Object)'> (0x000000008802dae0) 
thrown [s\src\hotspot\share\interpreter\linkResolver.cpp, line 773]
Event: 77.456 Thread 0x000002b8444121f0 Exception <a 'java/lang/NoSuchMethodError'{0x000000008863a5a0}: 'void java.lang.invoke.Invokers$Holder.invokeExact_MT(java.lang.Object, java.lang.Object, java.lang.Object, java.lang.Object)'> (0x000000008863a5a0) 
thrown [s\src\hotspot\share\interpreter\linkResolver.cpp, line 773]
Event: 80.791 Thread 0x000002b8444121f0 Exception <a 'java/lang/NoSuchMethodError'{0x0000000087e538a8}: 'java.lang.Object java.lang.invoke.Invokers$Holder.invokeExact_MT(java.lang.Object, java.lang.Object, java.lang.Object, int, java.lang.Object, java.lang.Object)'> (0x0000000087e538a8) 
thrown [s\src\hotspot\share\interpreter\linkResolver.cpp, line 773]

ZGC Phase Switch (0 events):
No events

VM Operations (20 events):
Event: 74.604 Executing VM operation: G1CollectForAllocation (G1 Evacuation Pause)
Event: 74.615 Executing VM operation: G1CollectForAllocation (G1 Evacuation Pause) done
Event: 74.857 Executing VM operation: G1PauseRemark
Event: 74.871 Executing VM operation: G1PauseRemark done
Event: 74.973 Executing VM operation: G1PauseCleanup
Event: 74.973 Executing VM operation: G1PauseCleanup done
Event: 75.321 Executing VM operation: HandshakeAllThreads (Deoptimize)
Event: 75.321 Executing VM operation: HandshakeAllThreads (Deoptimize) done
Event: 76.336 Executing VM operation: Cleanup
Event: 76.336 Executing VM operation: Cleanup done
Event: 76.871 Executing VM operation: G1CollectForAllocation (G1 Evacuation Pause)
Event: 76.882 Executing VM operation: G1CollectForAllocation (G1 Evacuation Pause) done
Event: 77.882 Executing VM operation: Cleanup
Event: 77.882 Executing VM operation: Cleanup done
Event: 78.895 Executing VM operation: Cleanup
Event: 78.895 Executing VM operation: Cleanup done
Event: 79.421 Executing VM operation: G1CollectForAllocation (G1 Evacuation Pause)
Event: 79.426 Executing VM operation: G1CollectForAllocation (G1 Evacuation Pause) done
Event: 80.436 Executing VM operation: Cleanup
Event: 80.436 Executing VM operation: Cleanup done

Memory protections (0 events):
No events

Nmethod flushes (20 events):
Event: 74.869 Thread 0x000002b8442f4470 flushing  nmethod 0x000002b83108a390
Event: 74.869 Thread 0x000002b8442f4470 flushing  nmethod 0x000002b8314e1910
Event: 74.869 Thread 0x000002b8442f4470 flushing  nmethod 0x000002b8381c0310
Event: 74.869 Thread 0x000002b8442f4470 flushing  nmethod 0x000002b8383da910
Event: 74.869 Thread 0x000002b8442f4470 flushing  nmethod 0x000002b8383e1810
Event: 74.869 Thread 0x000002b8442f4470 flushing  nmethod 0x000002b83849cc10
Event: 74.869 Thread 0x000002b8442f4470 flushing  nmethod 0x000002b838517410
Event: 74.869 Thread 0x000002b8442f4470 flushing  nmethod 0x000002b8306a6790
Event: 74.869 Thread 0x000002b8442f4470 flushing  nmethod 0x000002b8306a8c90
Event: 74.869 Thread 0x000002b8442f4470 flushing  nmethod 0x000002b830946e90
Event: 74.869 Thread 0x000002b8442f4470 flushing  nmethod 0x000002b830952910
Event: 74.869 Thread 0x000002b8442f4470 flushing  nmethod 0x000002b830a14190
Event: 74.869 Thread 0x000002b8442f4470 flushing  nmethod 0x000002b830a69b10
Event: 74.869 Thread 0x000002b8442f4470 flushing  nmethod 0x000002b830c08e10
Event: 74.869 Thread 0x000002b8442f4470 flushing  nmethod 0x000002b830c23310
Event: 74.869 Thread 0x000002b8442f4470 flushing  nmethod 0x000002b830c63990
Event: 74.869 Thread 0x000002b8442f4470 flushing  nmethod 0x000002b830c65410
Event: 74.869 Thread 0x000002b8442f4470 flushing  nmethod 0x000002b830ccec10
Event: 74.869 Thread 0x000002b8442f4470 flushing  nmethod 0x000002b830fd7910
Event: 74.869 Thread 0x000002b8442f4470 flushing  nmethod 0x000002b831184e10

Events (20 events):
Event: 20.579 Thread 0x000002b8444121f0 Thread added: 0x000002b88cb9dd00
Event: 21.722 Thread 0x000002b84431dbc0 Thread added: 0x000002b88c1b3850
Event: 22.224 Thread 0x000002b88c1b3850 Thread exited: 0x000002b88c1b3850
Event: 23.763 Thread 0x000002b84431f270 Thread added: 0x000002b88b4aa560
Event: 26.411 Thread 0x000002b8444121f0 Thread added: 0x000002b88cb9bc30
Event: 26.678 Thread 0x000002b8444121f0 Thread added: 0x000002b88cb9f0b0
Event: 27.565 Thread 0x000002b88b4aa560 Thread exited: 0x000002b88b4aa560
Event: 27.978 Thread 0x000002b8444121f0 Thread added: 0x000002b88cb9e390
Event: 28.395 Thread 0x000002b8444121f0 Thread added: 0x000002b88cb9c2c0
Event: 39.327 Thread 0x000002b8444121f0 Thread added: 0x000002b88c153b70
Event: 39.328 Thread 0x000002b8444121f0 Thread added: 0x000002b88c154200
Event: 39.328 Thread 0x000002b8444121f0 Thread added: 0x000002b88c14f9d0
Event: 40.054 Thread 0x000002b8444121f0 Thread added: 0x000002b88c14ecb0
Event: 40.061 Thread 0x000002b8444121f0 Thread added: 0x000002b88c1534e0
Event: 40.095 Thread 0x000002b8444121f0 Thread added: 0x000002b88c154f20
Event: 42.213 Thread 0x000002b8444121f0 Thread added: 0x000002b88c14f340
Event: 42.218 Thread 0x000002b8444121f0 Thread added: 0x000002b88c1506f0
Event: 42.226 Thread 0x000002b8444121f0 Thread added: 0x000002b88c150060
Event: 62.225 Thread 0x000002b8444121f0 Thread added: 0x000002b88c151410
Event: 69.341 Thread 0x000002b8444121f0 Thread added: 0x000002b88f03b390


Dynamic libraries:
0x00007ff73ebe0000 - 0x00007ff73ebee000 	D:\SEMESTER 6\AI\Project code\OpenJDK21U-jdk_x64_windows_hotspot_21.0.7_6\jdk-21.0.7+6\bin\java.exe
0x00007ffff0f70000 - 0x00007ffff1168000 	C:\Windows\SYSTEM32\ntdll.dll
0x00007fffefd60000 - 0x00007fffefe22000 	C:\Windows\System32\KERNEL32.DLL
0x00007fffee8e0000 - 0x00007fffeebd6000 	C:\Windows\System32\KERNELBASE.dll
0x00007fffeebe0000 - 0x00007fffeece0000 	C:\Windows\System32\ucrtbase.dll
0x00007fffdd2c0000 - 0x00007fffdd2d8000 	D:\SEMESTER 6\AI\Project code\OpenJDK21U-jdk_x64_windows_hotspot_21.0.7_6\jdk-21.0.7+6\bin\jli.dll
0x00007ffff00a0000 - 0x00007ffff0241000 	C:\Windows\System32\USER32.dll
0x00007fffee8b0000 - 0x00007fffee8d2000 	C:\Windows\System32\win32u.dll
0x00007ffff0f00000 - 0x00007ffff0f2b000 	C:\Windows\System32\GDI32.dll
0x00007fffeed10000 - 0x00007fffeee29000 	C:\Windows\System32\gdi32full.dll
0x00007fffee780000 - 0x00007fffee81d000 	C:\Windows\System32\msvcp_win.dll
0x00007fffdc4e0000 - 0x00007fffdc4fe000 	D:\SEMESTER 6\AI\Project code\OpenJDK21U-jdk_x64_windows_hotspot_21.0.7_6\jdk-21.0.7+6\bin\VCRUNTIME140.dll
0x00007fffde5b0000 - 0x00007fffde84b000 	C:\Windows\WinSxS\amd64_microsoft.windows.common-controls_6595b64144ccf1df_6.0.19041.6456_none_60b8a6cb71f64256\COMCTL32.dll
0x00007fffefc10000 - 0x00007fffefcae000 	C:\Windows\System32\msvcrt.dll
0x00007fffef3f0000 - 0x00007fffef41f000 	C:\Windows\System32\IMM32.DLL
0x00007fffdf1e0000 - 0x00007fffdf1ec000 	D:\SEMESTER 6\AI\Project code\OpenJDK21U-jdk_x64_windows_hotspot_21.0.7_6\jdk-21.0.7+6\bin\vcruntime140_1.dll
0x00007fffcc920000 - 0x00007fffcc9ad000 	D:\SEMESTER 6\AI\Project code\OpenJDK21U-jdk_x64_windows_hotspot_21.0.7_6\jdk-21.0.7+6\bin\msvcp140.dll
0x00007fff69860000 - 0x00007fff6a5f0000 	D:\SEMESTER 6\AI\Project code\OpenJDK21U-jdk_x64_windows_hotspot_21.0.7_6\jdk-21.0.7+6\bin\server\jvm.dll
0x00007fffeffe0000 - 0x00007ffff0091000 	C:\Windows\System32\ADVAPI32.dll
0x00007fffefcb0000 - 0x00007fffefd4f000 	C:\Windows\System32\sechost.dll
0x00007fffef680000 - 0x00007fffef7a0000 	C:\Windows\System32\RPCRT4.dll
0x00007fffeece0000 - 0x00007fffeed07000 	C:\Windows\System32\bcrypt.dll
0x00007fffef130000 - 0x00007fffef19b000 	C:\Windows\System32\WS2_32.dll
0x00007fffee460000 - 0x00007fffee4ab000 	C:\Windows\SYSTEM32\POWRPROF.dll
0x00007fffde870000 - 0x00007fffde897000 	C:\Windows\SYSTEM32\WINMM.dll
0x00007fffe1220000 - 0x00007fffe122a000 	C:\Windows\SYSTEM32\VERSION.dll
0x00007fffee440000 - 0x00007fffee452000 	C:\Windows\SYSTEM32\UMPDC.dll
0x00007fffecdd0000 - 0x00007fffecde2000 	C:\Windows\SYSTEM32\kernel.appcore.dll
0x00007fffde060000 - 0x00007fffde06a000 	D:\SEMESTER 6\AI\Project code\OpenJDK21U-jdk_x64_windows_hotspot_21.0.7_6\jdk-21.0.7+6\bin\jimage.dll
0x00007fffe82e0000 - 0x00007fffe84e1000 	C:\Windows\SYSTEM32\DBGHELP.DLL
0x00007fffe4720000 - 0x00007fffe4754000 	C:\Windows\SYSTEM32\dbgcore.DLL
0x00007fffee820000 - 0x00007fffee8a2000 	C:\Windows\System32\bcryptPrimitives.dll
0x00007fffd1880000 - 0x00007fffd188f000 	D:\SEMESTER 6\AI\Project code\OpenJDK21U-jdk_x64_windows_hotspot_21.0.7_6\jdk-21.0.7+6\bin\instrument.dll
0x00007fffd1b90000 - 0x00007fffd1baf000 	D:\SEMESTER 6\AI\Project code\OpenJDK21U-jdk_x64_windows_hotspot_21.0.7_6\jdk-21.0.7+6\bin\java.dll
0x00007ffff0250000 - 0x00007ffff09c0000 	C:\Windows\System32\SHELL32.dll
0x00007fffec080000 - 0x00007fffec825000 	C:\Windows\SYSTEM32\windows.storage.dll
0x00007ffff0a20000 - 0x00007ffff0d74000 	C:\Windows\System32\combase.dll
0x00007fffede70000 - 0x00007fffede9b000 	C:\Windows\SYSTEM32\Wldp.dll
0x00007fffef250000 - 0x00007fffef31d000 	C:\Windows\System32\OLEAUT32.dll
0x00007fffef320000 - 0x00007fffef3cd000 	C:\Windows\System32\SHCORE.dll
0x00007fffef540000 - 0x00007fffef59b000 	C:\Windows\System32\shlwapi.dll
0x00007fffee530000 - 0x00007fffee554000 	C:\Windows\SYSTEM32\profapi.dll
0x00007fffc4500000 - 0x00007fffc45d7000 	D:\SEMESTER 6\AI\Project code\OpenJDK21U-jdk_x64_windows_hotspot_21.0.7_6\jdk-21.0.7+6\bin\jsvml.dll
0x00007fffd18b0000 - 0x00007fffd18c8000 	D:\SEMESTER 6\AI\Project code\OpenJDK21U-jdk_x64_windows_hotspot_21.0.7_6\jdk-21.0.7+6\bin\zip.dll
0x00007fffdd2b0000 - 0x00007fffdd2c0000 	D:\SEMESTER 6\AI\Project code\OpenJDK21U-jdk_x64_windows_hotspot_21.0.7_6\jdk-21.0.7+6\bin\net.dll
0x00007fffe1700000 - 0x00007fffe180a000 	C:\Windows\SYSTEM32\WINHTTP.dll
0x00007fffedc50000 - 0x00007fffedcba000 	C:\Windows\system32\mswsock.dll
0x00007fffd1960000 - 0x00007fffd1976000 	D:\SEMESTER 6\AI\Project code\OpenJDK21U-jdk_x64_windows_hotspot_21.0.7_6\jdk-21.0.7+6\bin\nio.dll
0x00007fffda590000 - 0x00007fffda5a0000 	D:\SEMESTER 6\AI\Project code\OpenJDK21U-jdk_x64_windows_hotspot_21.0.7_6\jdk-21.0.7+6\bin\verify.dll
0x00007fffcc490000 - 0x00007fffcc4b7000 	D:\Gradle\native\1def1411415f61bf3af743bc5b6707747c0891f09f0c88961ee8f79bc544acac\windows-amd64\native-platform.dll
0x00007fffcc8a0000 - 0x00007fffcc918000 	D:\Gradle\native\0.2.7\x86_64-windows-gnu\gradle-fileevents.dll
0x00007fffd1c60000 - 0x00007fffd1c6a000 	D:\SEMESTER 6\AI\Project code\OpenJDK21U-jdk_x64_windows_hotspot_21.0.7_6\jdk-21.0.7+6\bin\management.dll
0x00007fffd18a0000 - 0x00007fffd18ab000 	D:\SEMESTER 6\AI\Project code\OpenJDK21U-jdk_x64_windows_hotspot_21.0.7_6\jdk-21.0.7+6\bin\management_ext.dll
0x00007ffff0e60000 - 0x00007ffff0e68000 	C:\Windows\System32\PSAPI.DLL
0x00007fffed950000 - 0x00007fffed98b000 	C:\Windows\SYSTEM32\IPHLPAPI.DLL
0x00007fffeef90000 - 0x00007fffeef98000 	C:\Windows\System32\NSI.dll
0x00007fffd1890000 - 0x00007fffd1899000 	D:\SEMESTER 6\AI\Project code\OpenJDK21U-jdk_x64_windows_hotspot_21.0.7_6\jdk-21.0.7+6\bin\extnet.dll
0x00007fffedeb0000 - 0x00007fffedec8000 	C:\Windows\SYSTEM32\CRYPTSP.dll
0x00007fffed590000 - 0x00007fffed5c8000 	C:\Windows\system32\rsaenh.dll
0x00007fffee4f0000 - 0x00007fffee51e000 	C:\Windows\SYSTEM32\USERENV.dll
0x00007fffedde0000 - 0x00007fffeddec000 	C:\Windows\SYSTEM32\CRYPTBASE.dll
0x00007fffd0de0000 - 0x00007fffd0dee000 	D:\SEMESTER 6\AI\Project code\OpenJDK21U-jdk_x64_windows_hotspot_21.0.7_6\jdk-21.0.7+6\bin\sunmscapi.dll
0x00007fffeee30000 - 0x00007fffeef8d000 	C:\Windows\System32\CRYPT32.dll
0x00007fffedfc0000 - 0x00007fffedfe7000 	C:\Windows\SYSTEM32\ncrypt.dll
0x00007fffedf80000 - 0x00007fffedfbb000 	C:\Windows\SYSTEM32\NTASN1.dll
0x00007fffe2540000 - 0x00007fffe2547000 	C:\Windows\system32\wshunix.dll

dbghelp: loaded successfully - version: 4.0.5 - missing functions: none
symbol engine: initialized successfully - sym options: 0x614 - pdb path: .;D:\SEMESTER 6\AI\Project code\OpenJDK21U-jdk_x64_windows_hotspot_21.0.7_6\jdk-21.0.7+6\bin;C:\Windows\SYSTEM32;C:\Windows\WinSxS\amd64_microsoft.windows.common-controls_6595b64144ccf1df_6.0.19041.6456_none_60b8a6cb71f64256;D:\SEMESTER 6\AI\Project code\OpenJDK21U-jdk_x64_windows_hotspot_21.0.7_6\jdk-21.0.7+6\bin\server;D:\Gradle\native\1def1411415f61bf3af743bc5b6707747c0891f09f0c88961ee8f79bc544acac\windows-amd64;D:\Gradle\native\0.2.7\x86_64-windows-gnu

VM Arguments:
jvm_args: --add-opens=java.base/java.lang=ALL-UNNAMED --add-opens=java.base/java.lang.invoke=ALL-UNNAMED --add-opens=java.base/java.util=ALL-UNNAMED --add-opens=java.prefs/java.util.prefs=ALL-UNNAMED --add-exports=jdk.compiler/com.sun.tools.javac.api=ALL-UNNAMED --add-exports=jdk.compiler/com.sun.tools.javac.util=ALL-UNNAMED --add-opens=java.base/java.util=ALL-UNNAMED --add-opens=java.prefs/java.util.prefs=ALL-UNNAMED --add-opens=java.base/java.nio.charset=ALL-UNNAMED --add-opens=java.base/java.net=ALL-UNNAMED --add-opens=java.base/java.util.concurrent.atomic=ALL-UNNAMED --add-opens=java.xml/javax.xml.namespace=ALL-UNNAMED -Xmx2048m -Dfile.encoding=UTF-8 -Duser.country=US -Duser.language=en -Duser.variant -javaagent:D:\Gradle\wrapper\dists\gradle-8.13-bin\5xuhj0ry160q40clulazy9h7d\gradle-8.13\lib\agents\gradle-instrumentation-agent-8.13.jar 
java_command: org.gradle.launcher.daemon.bootstrap.GradleDaemon 8.13
java_class_path (initial): D:\Gradle\wrapper\dists\gradle-8.13-bin\5xuhj0ry160q40clulazy9h7d\gradle-8.13\lib\gradle-daemon-main-8.13.jar
Launcher Type: SUN_STANDARD

[Global flags]
     intx CICompilerCount                          = 3                                         {product} {ergonomic}
     uint ConcGCThreads                            = 1                                         {product} {ergonomic}
     uint G1ConcRefinementThreads                  = 4                                         {product} {ergonomic}
   size_t G1HeapRegionSize                         = 1048576                                   {product} {ergonomic}
    uintx GCDrainStackTargetSize                   = 64                                        {product} {ergonomic}
   size_t InitialHeapSize                          = 134217728                                 {product} {ergonomic}
   size_t MarkStackSize                            = 4194304                                   {product} {ergonomic}
   size_t MaxHeapSize                              = 2147483648                                {product} {command line}
   size_t MaxNewSize                               = 1287651328                                {product} {ergonomic}
   size_t MinHeapDeltaBytes                        = 1048576                                   {product} {ergonomic}
   size_t MinHeapSize                              = 8388608                                   {product} {ergonomic}
    uintx NonNMethodCodeHeapSize                   = 5832780                                {pd product} {ergonomic}
    uintx NonProfiledCodeHeapSize                  = 122912730                              {pd product} {ergonomic}
    uintx ProfiledCodeHeapSize                     = 122912730                              {pd product} {ergonomic}
    uintx ReservedCodeCacheSize                    = 251658240                              {pd product} {ergonomic}
     bool SegmentedCodeCache                       = true                                      {product} {ergonomic}
   size_t SoftMaxHeapSize                          = 2147483648                             {manageable} {ergonomic}
     bool UseCompressedOops                        = true                           {product lp64_product} {ergonomic}
     bool UseG1GC                                  = true                                      {product} {ergonomic}
     bool UseLargePagesIndividualAllocation        = false                                  {pd product} {ergonomic}

Logging:
Log output configuration:
 #0: stdout all=warning uptime,level,tags foldmultilines=false
 #1: stderr all=off uptime,level,tags foldmultilines=false

Environment Variables:
CLASSPATH=D:\SEMESTER 7\SMD_Assignment\Assignment_2\\gradle\wrapper\gradle-wrapper.jar
PATH=D:\Python\Scripts\;D:\Python\;"D:\opencv\build\x64\vc16\bin;C:\Program Files (x86)\Common Files\Oracle\Java\javapath";C:\Windows\system32;C:\Windows;C:\Windows\System32\Wbem;C:\Windows\System32\WindowsPowerShell\v1.0\;C:\Windows\System32\OpenSSH\;C:\Program Files (x86)\Microsoft SQL Server\160\Tools\Binn\;C:\Program Files\Microsoft SQL Server\160\Tools\Binn\;C:\Program Files\Microsoft SQL Server\Client SDK\ODBC\170\Tools\Binn\;C:\Program Files\Microsoft SQL Server\160\DTS\Binn\;C:\Program Files\Microsoft SQL Server\150\Tools\Binn\;D:\SEMESTER 6\GC\bin\;D:\Node js\;D:\SEMESTER 6\PDC\w_opencl_runtime_p_2025.1.0.972\bin;D:\SEMESTER 6\AI\Project code\OpenJDK21U-jdk_x64_windows_hotspot_21.0.7_6\jdk-21.0.7+6\bin;D:\Cursor\cursor\resources\app\bin;D:\SEMESTER 5\SDA\SDA FINAL PROJECT\Gitbash\Git\cmd;C:\Users\HP\AppData\Local\Programs\Python\Python310\Scripts\;C:\Users\HP\AppData\Local\Programs\Python\Python310\;C:\Users\HP\AppData\Local\Microsoft\WindowsApps;D:\Microsoft VS Code\bin;C:\Users\HP\AppData\Roaming\npm;D:\Cursor\cursor\resources\app\bin;D:\Windsurf\bin
USERNAME=HP
LANG=en_US.UTF-8
OS=Windows_NT
PROCESSOR_IDENTIFIER=Intel64 Family 6 Model 78 Stepping 3, GenuineIntel
TMP=C:\Users\HP\AppData\Local\Temp
TEMP=C:\Users\HP\AppData\Local\Temp




Periodic native trim disabled

---------------  S Y S T E M  ---------------

OS:
 Windows 10 , 64 bit Build 19041 (10.0.19041.5915)
OS uptime: 0 days 6:31 hours
Hyper-V role detected

CPU: total 4 (initial active 4) (2 cores per cpu, 2 threads per core) family 6 model 78 stepping 3 microcode 0xea, cx8, cmov, fxsr, ht, mmx, 3dnowpref, sse, sse2, sse3, ssse3, sse4.1, sse4.2, popcnt, lzcnt, tsc, tscinvbit, avx, avx2, aes, erms, clmul, bmi1, bmi2, rtm, adx, fma, vzeroupper, clflush, clflushopt, hv, rdtscp, f16c
Processor Information for the first 4 processors :
  Max Mhz: 2496, Current Mhz: 2396, Mhz Limit: 2396

Memory: 4k page, system-wide physical 8072M (249M free)
TotalPageFile size 12168M (AvailPageFile size 5M)
current process WorkingSet (physical memory assigned to process): 382M, peak: 382M
current process commit charge ("private bytes"): 416M, peak: 417M

vm_info: OpenJDK 64-Bit Server VM (21.0.7+6-LTS) for windows-amd64 JRE (21.0.7+6-LTS), built on 2025-04-15T00:00:00Z by "admin" with MS VC++ 17.7 (VS2022)

END.
