#
# There is insufficient memory for the Java Runtime Environment to continue.
# Native memory allocation (malloc) failed to allocate 34576 bytes. Error detail: Chunk::new
# Possible reasons:
#   The system is out of physical RAM or swap space
#   This process is running with CompressedOops enabled, and the Java Heap may be blocking the growth of the native heap
# Possible solutions:
#   Reduce memory load on the system
#   Increase physical memory or swap space
#   Check if swap backing store is full
#   Decrease Java heap size (-Xmx/-Xms)
#   Decrease number of Java threads
#   Decrease Java thread stack sizes (-Xss)
#   Set larger code cache with -XX:ReservedCodeCacheSize=
#   JVM is running with Unscaled Compressed Oops mode in which the Java heap is
#     placed in the first 4GB address space. The Java Heap base address is the
#     maximum limit for the native heap growth. Please use -XX:HeapBaseMinAddress
#     to set the Java Heap base and to place the Java Heap above 4GB virtual address.
# This output file may be truncated or incomplete.
#
#  Out of Memory Error (arena.cpp:168), pid=11364, tid=11080
#
# JRE version: OpenJDK Runtime Environment Temurin-21.0.8+9 (21.0.8+9) (build 21.0.8+9-LTS)
# Java VM: OpenJDK 64-Bit Server VM Temurin-21.0.8+9 (21.0.8+9-LTS, mixed mode, sharing, tiered, compressed oops, compressed class ptrs, parallel gc, windows-amd64)
# No core dump will be written. Minidumps are not enabled by default on client versions of Windows
#

---------------  S U M M A R Y ------------

Command Line: --add-modules=ALL-SYSTEM --add-opens=java.base/java.util=ALL-UNNAMED --add-opens=java.base/java.lang=ALL-UNNAMED --add-opens=java.base/sun.nio.fs=ALL-UNNAMED -Declipse.application=org.eclipse.jdt.ls.core.id1 -Dosgi.bundles.defaultStartLevel=4 -Declipse.product=org.eclipse.jdt.ls.core.product -Djava.import.generatesMetadataFilesAtProjectRoot=false -DDetectVMInstallationsJob.disabled=true -Dfile.encoding=utf8 -XX:+UseParallelGC -XX:GCTimeRatio=4 -XX:AdaptiveSizePolicyWeight=90 -Dsun.zip.disableMemoryMapping=true -Xmx2G -Xms100m -Xlog:disable -javaagent:c:\Users\HP\.cursor\extensions\redhat.java-1.47.0-win32-x64\lombok\lombok-1.18.39-4050.jar c:\Users\HP\.cursor\extensions\redhat.java-1.47.0-win32-x64\server\plugins\org.eclipse.equinox.launcher_1.7.100.v20251014-1222.jar -configuration c:\Users\HP\AppData\Roaming\Cursor\User\globalStorage\redhat.java\1.47.0\config_ss_win -data c:\Users\HP\AppData\Roaming\Cursor\User\workspaceStorage\13b526afc1915e23801d6bfb845da41f\redhat.java\ss_ws --pipe=\\.\pipe\lsp-8430d83d870199c79fc93307f7634f9b-sock

Host: Intel(R) Core(TM) i5-6300U CPU @ 2.40GHz, 4 cores, 7G,  Windows 10 , 64 bit Build 19041 (10.0.19041.5915)
Time: Sun Nov  9 22:42:49 2025 Pakistan Standard Time elapsed time: 6.643447 seconds (0d 0h 0m 6s)

---------------  T H R E A D  ---------------

Current thread (0x000001cffdd13610):  JavaThread "C2 CompilerThread1" daemon [_thread_in_native, id=11080, stack(0x000000aed1900000,0x000000aed1a00000) (1024K)]


Current CompileTask:
C2:6643 1296       4       java.io.DataInputStream::readFully (59 bytes)

Stack: [0x000000aed1900000,0x000000aed1a00000]
Native frames: (J=compiled Java code, j=interpreted, Vv=VM code, C=native code)
V  [jvm.dll+0x6d2449]
V  [jvm.dll+0x8ae341]
V  [jvm.dll+0x8b08be]
V  [jvm.dll+0x8b0fa3]
V  [jvm.dll+0x280c96]
V  [jvm.dll+0xc581d]
V  [jvm.dll+0xc5d53]
V  [jvm.dll+0x5da767]
V  [jvm.dll+0x385344]
V  [jvm.dll+0x38477a]
V  [jvm.dll+0x248ed0]
V  [jvm.dll+0x2484af]
V  [jvm.dll+0x1c89ee]
V  [jvm.dll+0x257d4d]
V  [jvm.dll+0x2562ea]
V  [jvm.dll+0x3f2d16]
V  [jvm.dll+0x857e6b]
V  [jvm.dll+0x6d0b0d]
C  [ucrtbase.dll+0x21bb2]
C  [KERNEL32.DLL+0x17374]
C  [ntdll.dll+0x4cc91]


---------------  P R O C E S S  ---------------

Threads class SMR info:
_java_thread_list=0x000001cffdbbe0f0, length=12, elements={
0x000001cfe9eb1090, 0x000001cfe9f7e830, 0x000001cffc890fc0, 0x000001cffc8923a0,
0x000001cffc8951c0, 0x000001cffc895ed0, 0x000001cffc897930, 0x000001cffc898760,
0x000001cffc909470, 0x000001cffd54a520, 0x000001cffd783240, 0x000001cffdd13610
}

Java Threads: ( => current thread )
  0x000001cfe9eb1090 JavaThread "main"                              [_thread_in_vm, id=8228, stack(0x000000aed0b00000,0x000000aed0c00000) (1024K)]
  0x000001cfe9f7e830 JavaThread "Reference Handler"          daemon [_thread_blocked, id=7972, stack(0x000000aed0f00000,0x000000aed1000000) (1024K)]
  0x000001cffc890fc0 JavaThread "Finalizer"                  daemon [_thread_blocked, id=4112, stack(0x000000aed1000000,0x000000aed1100000) (1024K)]
  0x000001cffc8923a0 JavaThread "Signal Dispatcher"          daemon [_thread_blocked, id=3016, stack(0x000000aed1100000,0x000000aed1200000) (1024K)]
  0x000001cffc8951c0 JavaThread "Attach Listener"            daemon [_thread_blocked, id=2972, stack(0x000000aed1200000,0x000000aed1300000) (1024K)]
  0x000001cffc895ed0 JavaThread "Service Thread"             daemon [_thread_blocked, id=3040, stack(0x000000aed1300000,0x000000aed1400000) (1024K)]
  0x000001cffc897930 JavaThread "Monitor Deflation Thread"   daemon [_thread_blocked, id=6864, stack(0x000000aed1400000,0x000000aed1500000) (1024K)]
  0x000001cffc898760 JavaThread "C2 CompilerThread0"         daemon [_thread_in_native, id=4144, stack(0x000000aed1500000,0x000000aed1600000) (1024K)]
  0x000001cffc909470 JavaThread "C1 CompilerThread0"         daemon [_thread_in_native, id=6320, stack(0x000000aed1600000,0x000000aed1700000) (1024K)]
  0x000001cffd54a520 JavaThread "Common-Cleaner"             daemon [_thread_blocked, id=9832, stack(0x000000aed1700000,0x000000aed1800000) (1024K)]
  0x000001cffd783240 JavaThread "Notification Thread"        daemon [_thread_blocked, id=11980, stack(0x000000aed1800000,0x000000aed1900000) (1024K)]
=>0x000001cffdd13610 JavaThread "C2 CompilerThread1"         daemon [_thread_in_native, id=11080, stack(0x000000aed1900000,0x000000aed1a00000) (1024K)]
Total: 12

Other Threads:
  0x000001cfe9f6f730 VMThread "VM Thread"                           [id=11232, stack(0x000000aed0e00000,0x000000aed0f00000) (1024K)]
  0x000001cfe9f1bf20 WatcherThread "VM Periodic Task Thread"        [id=2568, stack(0x000000aed0d00000,0x000000aed0e00000) (1024K)]
  0x000001cfe9ed0370 WorkerThread "GC Thread#0"                     [id=12732, stack(0x000000aed0c00000,0x000000aed0d00000) (1024K)]
  0x000001cffd8028e0 WorkerThread "GC Thread#1"                     [id=11404, stack(0x000000aed1a00000,0x000000aed1b00000) (1024K)]
  0x000001cffd803760 WorkerThread "GC Thread#2"                     [id=5036, stack(0x000000aed1b00000,0x000000aed1c00000) (1024K)]
  0x000001cffd803b00 WorkerThread "GC Thread#3"                     [id=11220, stack(0x000000aed1c00000,0x000000aed1d00000) (1024K)]
Total: 6

Threads with active compile tasks:
C2 CompilerThread0  6763 1286       4       java.io.DataInputStream::readUTF (501 bytes)
C1 CompilerThread0  6763 1319       3       sun.net.www.protocol.jar.Handler::indexOfBangSlash (52 bytes)
C2 CompilerThread1  6763 1296       4       java.io.DataInputStream::readFully (59 bytes)
Total: 3

VM state: not at safepoint (normal execution)

VM Mutex/Monitor currently owned by a thread: None

Heap address: 0x0000000080000000, size: 2048 MB, Compressed Oops mode: 32-bit

CDS archive(s) mapped at: [0x000001cf84000000-0x000001cf84ba0000-0x000001cf84ba0000), size 12189696, SharedBaseAddress: 0x000001cf84000000, ArchiveRelocationMode: 1.
Compressed class space mapped at: 0x000001cf85000000-0x000001cfc5000000, reserved size: 1073741824
Narrow klass base: 0x000001cf84000000, Narrow klass shift: 0, Narrow klass range: 0x100000000

GC Precious Log:
 CardTable entry size: 512
 CPUs: 4 total, 4 available
 Memory: 8072M
 Large Page Support: Disabled
 NUMA Support: Disabled
 Compressed Oops: Enabled (32-bit)
 Alignments: Space 512K, Generation 512K, Heap 2M
 Heap Min Capacity: 100M
 Heap Initial Capacity: 100M
 Heap Max Capacity: 2G
 Pre-touch: Disabled
 Parallel Workers: 4

Heap:
 PSYoungGen      total 29696K, used 11209K [0x00000000d5580000, 0x00000000d7680000, 0x0000000100000000)
  eden space 25600K, 30% used [0x00000000d5580000,0x00000000d5d388f0,0x00000000d6e80000)
  from space 4096K, 80% used [0x00000000d6e80000,0x00000000d71b9e98,0x00000000d7280000)
  to   space 4096K, 0% used [0x00000000d7280000,0x00000000d7280000,0x00000000d7680000)
 ParOldGen       total 68608K, used 16K [0x0000000080000000, 0x0000000084300000, 0x00000000d5580000)
  object space 68608K, 0% used [0x0000000080000000,0x0000000080004000,0x0000000084300000)
 Metaspace       used 5935K, committed 6208K, reserved 1114112K
  class space    used 615K, committed 768K, reserved 1048576K

Card table byte_map: [0x000001cfe9890000,0x000001cfe9ca0000] _byte_map_base: 0x000001cfe9490000

Marking Bits: (ParMarkBitMap*) 0x00007ffe280fa340
 Begin Bits: [0x000001cf80000000, 0x000001cf82000000)
 End Bits:   [0x000001cf82000000, 0x000001cf84000000)

Polling page: 0x000001cfe9680000

Metaspace:

Usage:
  Non-class:      5.20 MB used.
      Class:    615.09 KB used.
       Both:      5.80 MB used.

Virtual space:
  Non-class space:       64.00 MB reserved,       5.31 MB (  8%) committed,  1 nodes.
      Class space:        1.00 GB reserved,     768.00 KB ( <1%) committed,  1 nodes.
             Both:        1.06 GB reserved,       6.06 MB ( <1%) committed. 

Chunk freelists:
   Non-Class:  10.12 MB
       Class:  15.08 MB
        Both:  25.20 MB

MaxMetaspaceSize: unlimited
CompressedClassSpaceSize: 1.00 GB
Initial GC threshold: 21.00 MB
Current GC threshold: 21.00 MB
CDS: on
 - commit_granule_bytes: 65536.
 - commit_granule_words: 8192.
 - virtual_space_node_default_size: 8388608.
 - enlarge_chunks_in_place: 1.
 - use_allocation_guard: 0.


Internal statistics:

num_allocs_failed_limit: 0.
num_arena_births: 190.
num_arena_deaths: 0.
num_vsnodes_births: 2.
num_vsnodes_deaths: 0.
num_space_committed: 97.
num_space_uncommitted: 0.
num_chunks_returned_to_freelist: 0.
num_chunks_taken_from_freelist: 311.
num_chunk_merges: 0.
num_chunk_splits: 198.
num_chunks_enlarged: 124.
num_inconsistent_stats: 0.

CodeHeap 'non-profiled nmethods': size=120000Kb used=511Kb max_used=511Kb free=119488Kb
 bounds [0x000001cff4b80000, 0x000001cff4df0000, 0x000001cffc0b0000]
CodeHeap 'profiled nmethods': size=120000Kb used=2242Kb max_used=2242Kb free=117757Kb
 bounds [0x000001cfed0b0000, 0x000001cfed320000, 0x000001cff45e0000]
CodeHeap 'non-nmethods': size=5760Kb used=1204Kb max_used=1222Kb free=4555Kb
 bounds [0x000001cff45e0000, 0x000001cff4850000, 0x000001cff4b80000]
CodeCache: size=245760Kb, used=3957Kb, max_used=3975Kb, free=241800Kb
 total_blobs=1779, nmethods=1309, adapters=377, full_count=0
Compilation: enabled, stopped_count=0, restarted_count=0

Compilation events (20 events):
Event: 6.571 Thread 0x000001cffdd13610 1292       4       java.util.concurrent.locks.ReentrantLock$NonfairSync::initialTryLock (58 bytes)
Event: 6.575 Thread 0x000001cffc909470 1294       3       org.eclipse.osgi.container.ModuleDatabase$Persistence::readMapValue (111 bytes)
Event: 6.575 Thread 0x000001cffdd13610 nmethod 1292 0x000001cff4bfea90 code [0x000001cff4bfec20, 0x000001cff4bfed10]
Event: 6.575 Thread 0x000001cffdd13610 1290       4       java.io.BufferedInputStream::getBufIfOpen (61 bytes)
Event: 6.577 Thread 0x000001cffdd13610 nmethod 1290 0x000001cff4bfed90 code [0x000001cff4bfef20, 0x000001cff4bfeff8]
Event: 6.577 Thread 0x000001cffdd13610 1295       4       java.io.BufferedInputStream::read1 (121 bytes)
Event: 6.579 Thread 0x000001cffc909470 nmethod 1294 0x000001cfed2cc790 code [0x000001cfed2ccb40, 0x000001cfed2ce168]
Event: 6.579 Thread 0x000001cffc909470 1300       3       org.eclipse.osgi.container.ModuleDatabase$Persistence::readVersion0 (96 bytes)
Event: 6.588 Thread 0x000001cffc909470 nmethod 1300 0x000001cfed2ce890 code [0x000001cfed2cece0, 0x000001cfed2d0b00]
Event: 6.588 Thread 0x000001cffc909470 1299       3       org.eclipse.osgi.container.ModuleDatabase$Persistence::readVersion (7 bytes)
Event: 6.588 Thread 0x000001cffc909470 nmethod 1299 0x000001cfed2d1510 code [0x000001cfed2d16c0, 0x000001cfed2d17e0]
Event: 6.591 Thread 0x000001cffdd13610 nmethod 1295 0x000001cff4bff090 code [0x000001cff4bff260, 0x000001cff4bff570]
Event: 6.591 Thread 0x000001cffdd13610 1296       4       java.io.DataInputStream::readFully (59 bytes)
Event: 6.624 Thread 0x000001cffc909470 1301       3       java.util.Collections::unmodifiableMap (22 bytes)
Event: 6.625 Thread 0x000001cffc909470 nmethod 1301 0x000001cfed2d1890 code [0x000001cfed2d1a80, 0x000001cfed2d1ed0]
Event: 6.626 Thread 0x000001cffc909470 1303       3       org.eclipse.osgi.container.ModuleDatabase$Persistence::readMap (118 bytes)
Event: 6.630 Thread 0x000001cffc909470 nmethod 1303 0x000001cfed2d2090 code [0x000001cfed2d2440, 0x000001cfed2d39c8]
Event: 6.631 Thread 0x000001cffc909470 1302       3       org.eclipse.osgi.container.ModuleDatabase$Persistence::readIndexedMap (16 bytes)
Event: 6.633 Thread 0x000001cffc909470 nmethod 1302 0x000001cfed2d4310 code [0x000001cfed2d4540, 0x000001cfed2d4c38]
Event: 6.633 Thread 0x000001cffc909470 1305       3       org.eclipse.osgi.container.ModuleDatabase$Persistence::readListValue (97 bytes)

GC Heap History (2 events):
Event: 5.668 GC heap before
{Heap before GC invocations=1 (full 0):
 PSYoungGen      total 29696K, used 25600K [0x00000000d5580000, 0x00000000d7680000, 0x0000000100000000)
  eden space 25600K, 100% used [0x00000000d5580000,0x00000000d6e80000,0x00000000d6e80000)
  from space 4096K, 0% used [0x00000000d7280000,0x00000000d7280000,0x00000000d7680000)
  to   space 4096K, 0% used [0x00000000d6e80000,0x00000000d6e80000,0x00000000d7280000)
 ParOldGen       total 68608K, used 0K [0x0000000080000000, 0x0000000084300000, 0x00000000d5580000)
  object space 68608K, 0% used [0x0000000080000000,0x0000000080000000,0x0000000084300000)
 Metaspace       used 4365K, committed 4608K, reserved 1114112K
  class space    used 474K, committed 576K, reserved 1048576K
}
Event: 5.691 GC heap after
{Heap after GC invocations=1 (full 0):
 PSYoungGen      total 29696K, used 3303K [0x00000000d5580000, 0x00000000d7680000, 0x0000000100000000)
  eden space 25600K, 0% used [0x00000000d5580000,0x00000000d5580000,0x00000000d6e80000)
  from space 4096K, 80% used [0x00000000d6e80000,0x00000000d71b9e98,0x00000000d7280000)
  to   space 4096K, 0% used [0x00000000d7280000,0x00000000d7280000,0x00000000d7680000)
 ParOldGen       total 68608K, used 16K [0x0000000080000000, 0x0000000084300000, 0x00000000d5580000)
  object space 68608K, 0% used [0x0000000080000000,0x0000000080004000,0x0000000084300000)
 Metaspace       used 4365K, committed 4608K, reserved 1114112K
  class space    used 474K, committed 576K, reserved 1048576K
}

Dll operation events (8 events):
Event: 0.077 Loaded shared library c:\Users\HP\.cursor\extensions\redhat.java-1.47.0-win32-x64\jre\21.0.8-win32-x86_64\bin\java.dll
Event: 0.775 Loaded shared library c:\Users\HP\.cursor\extensions\redhat.java-1.47.0-win32-x64\jre\21.0.8-win32-x86_64\bin\zip.dll
Event: 0.979 Loaded shared library C:\Users\HP\.cursor\extensions\redhat.java-1.47.0-win32-x64\jre\21.0.8-win32-x86_64\bin\instrument.dll
Event: 0.997 Loaded shared library C:\Users\HP\.cursor\extensions\redhat.java-1.47.0-win32-x64\jre\21.0.8-win32-x86_64\bin\net.dll
Event: 1.008 Loaded shared library C:\Users\HP\.cursor\extensions\redhat.java-1.47.0-win32-x64\jre\21.0.8-win32-x86_64\bin\nio.dll
Event: 1.039 Loaded shared library C:\Users\HP\.cursor\extensions\redhat.java-1.47.0-win32-x64\jre\21.0.8-win32-x86_64\bin\zip.dll
Event: 1.178 Loaded shared library C:\Users\HP\.cursor\extensions\redhat.java-1.47.0-win32-x64\jre\21.0.8-win32-x86_64\bin\jimage.dll
Event: 1.809 Loaded shared library c:\Users\HP\.cursor\extensions\redhat.java-1.47.0-win32-x64\jre\21.0.8-win32-x86_64\bin\verify.dll

Deoptimization events (20 events):
Event: 5.877 Thread 0x000001cfe9eb1090 Uncommon trap: trap_request=0xffffff45 fr.pc=0x000001cff4be37d0 relative=0x0000000000000290
Event: 5.877 Thread 0x000001cfe9eb1090 Uncommon trap: reason=unstable_if action=reinterpret pc=0x000001cff4be37d0 method=java.util.HashMap.hash(Ljava/lang/Object;)I @ 1 c2
Event: 5.877 Thread 0x000001cfe9eb1090 DEOPT PACKING pc=0x000001cff4be37d0 sp=0x000000aed0bfe590
Event: 5.877 Thread 0x000001cfe9eb1090 DEOPT UNPACKING pc=0x000001cff4633aa2 sp=0x000000aed0bfe428 mode 2
Event: 5.904 Thread 0x000001cfe9eb1090 Uncommon trap: trap_request=0xffffff45 fr.pc=0x000001cff4be48d4 relative=0x0000000000000294
Event: 5.904 Thread 0x000001cfe9eb1090 Uncommon trap: reason=unstable_if action=reinterpret pc=0x000001cff4be48d4 method=java.util.HashMap.hash(Ljava/lang/Object;)I @ 1 c2
Event: 5.904 Thread 0x000001cfe9eb1090 DEOPT PACKING pc=0x000001cff4be48d4 sp=0x000000aed0bfe500
Event: 5.904 Thread 0x000001cfe9eb1090 DEOPT UNPACKING pc=0x000001cff4633aa2 sp=0x000000aed0bfe408 mode 2
Event: 5.905 Thread 0x000001cfe9eb1090 Uncommon trap: trap_request=0xffffff45 fr.pc=0x000001cff4be20d4 relative=0x00000000000000b4
Event: 5.905 Thread 0x000001cfe9eb1090 Uncommon trap: reason=unstable_if action=reinterpret pc=0x000001cff4be20d4 method=java.util.HashMap.hash(Ljava/lang/Object;)I @ 1 c2
Event: 5.906 Thread 0x000001cfe9eb1090 DEOPT PACKING pc=0x000001cff4be20d4 sp=0x000000aed0bfe5b0
Event: 5.906 Thread 0x000001cfe9eb1090 DEOPT UNPACKING pc=0x000001cff4633aa2 sp=0x000000aed0bfe548 mode 2
Event: 5.906 Thread 0x000001cfe9eb1090 Uncommon trap: trap_request=0xffffffde fr.pc=0x000001cff4bcb934 relative=0x0000000000000594
Event: 5.906 Thread 0x000001cfe9eb1090 Uncommon trap: reason=class_check action=maybe_recompile pc=0x000001cff4bcb934 method=java.util.Collections$UnmodifiableCollection$1.<init>(Ljava/util/Collections$UnmodifiableCollection;)V @ 17 c2
Event: 5.906 Thread 0x000001cfe9eb1090 DEOPT PACKING pc=0x000001cff4bcb934 sp=0x000000aed0bfe5e0
Event: 5.907 Thread 0x000001cfe9eb1090 DEOPT UNPACKING pc=0x000001cff4633aa2 sp=0x000000aed0bfe528 mode 2
Event: 6.192 Thread 0x000001cfe9eb1090 Uncommon trap: trap_request=0xffffff45 fr.pc=0x000001cff4bd0e7c relative=0x000000000000019c
Event: 6.192 Thread 0x000001cfe9eb1090 Uncommon trap: reason=unstable_if action=reinterpret pc=0x000001cff4bd0e7c method=java.lang.invoke.VarHandle.checkAccessModeThenIsDirect(Ljava/lang/invoke/VarHandle$AccessDescriptor;)Z @ 4 c2
Event: 6.192 Thread 0x000001cfe9eb1090 DEOPT PACKING pc=0x000001cff4bd0e7c sp=0x000000aed0bfe590
Event: 6.192 Thread 0x000001cfe9eb1090 DEOPT UNPACKING pc=0x000001cff4633aa2 sp=0x000000aed0bfe4e8 mode 2

Classes loaded (20 events):
Event: 6.426 Loading class java/util/AbstractQueue done
Event: 6.426 Loading class java/util/concurrent/SynchronousQueue done
Event: 6.427 Loading class java/util/concurrent/SynchronousQueue$Transferer
Event: 6.427 Loading class java/util/concurrent/LinkedTransferQueue
Event: 6.427 Loading class java/util/concurrent/TransferQueue
Event: 6.428 Loading class java/util/concurrent/TransferQueue done
Event: 6.428 Loading class java/util/concurrent/LinkedTransferQueue done
Event: 6.428 Loading class java/util/concurrent/SynchronousQueue$Transferer done
Event: 6.428 Loading class java/util/concurrent/LinkedTransferQueue$DualNode
Event: 6.429 Loading class java/util/concurrent/LinkedTransferQueue$DualNode done
Event: 6.433 Loading class java/util/concurrent/RejectedExecutionHandler
Event: 6.433 Loading class java/util/concurrent/RejectedExecutionHandler done
Event: 6.433 Loading class java/util/concurrent/LinkedBlockingQueue
Event: 6.434 Loading class java/util/concurrent/LinkedBlockingQueue done
Event: 6.435 Loading class java/util/concurrent/LinkedBlockingQueue$Node
Event: 6.435 Loading class java/util/concurrent/LinkedBlockingQueue$Node done
Event: 6.487 Loading class java/util/concurrent/Semaphore$NonfairSync
Event: 6.488 Loading class java/util/concurrent/Semaphore$Sync
Event: 6.488 Loading class java/util/concurrent/Semaphore$Sync done
Event: 6.488 Loading class java/util/concurrent/Semaphore$NonfairSync done

Classes unloaded (0 events):
No events

Classes redefined (0 events):
No events

Internal exceptions (20 events):
Event: 4.060 Thread 0x000001cfe9eb1090 Exception <a 'java/io/FileNotFoundException'{0x00000000d64b1010}> (0x00000000d64b1010) 
thrown [s\src\hotspot\share\prims\jni.cpp, line 520]
Event: 4.061 Thread 0x000001cfe9eb1090 Exception <a 'java/io/FileNotFoundException'{0x00000000d64b1c48}> (0x00000000d64b1c48) 
thrown [s\src\hotspot\share\prims\jni.cpp, line 520]
Event: 4.061 Thread 0x000001cfe9eb1090 Exception <a 'java/io/FileNotFoundException'{0x00000000d64b2778}> (0x00000000d64b2778) 
thrown [s\src\hotspot\share\prims\jni.cpp, line 520]
Event: 4.091 Thread 0x000001cfe9eb1090 Implicit null exception at 0x000001cff4badca4 to 0x000001cff4bae270
Event: 4.112 Thread 0x000001cfe9eb1090 Exception <a 'java/io/FileNotFoundException'{0x00000000d64eabb8}> (0x00000000d64eabb8) 
thrown [s\src\hotspot\share\prims\jni.cpp, line 520]
Event: 4.161 Thread 0x000001cfe9eb1090 Exception <a 'java/lang/NoSuchMethodError'{0x00000000d6522d18}: 'java.lang.Object java.lang.invoke.DirectMethodHandle$Holder.invokeInterface(java.lang.Object, java.lang.Object)'> (0x00000000d6522d18) 
thrown [s\src\hotspot\share\interpreter\linkResolver.cpp, line 773]
Event: 4.177 Thread 0x000001cfe9eb1090 Exception <a 'java/lang/NoSuchMethodError'{0x00000000d6537378}: 'java.lang.Object java.lang.invoke.Invokers$Holder.invokeExact_MT(java.lang.Object, java.lang.Object, java.lang.Object, java.lang.Object, java.lang.Object, java.lang.Object)'> (0x00000000d6537378) 
thrown [s\src\hotspot\share\interpreter\linkResolver.cpp, line 773]
Event: 4.209 Thread 0x000001cfe9eb1090 Exception <a 'java/lang/NoSuchMethodError'{0x00000000d654e5d0}: 'int java.lang.invoke.DirectMethodHandle$Holder.invokeStatic(java.lang.Object, java.lang.Object, java.lang.Object, java.lang.Object, java.lang.Object)'> (0x00000000d654e5d0) 
thrown [s\src\hotspot\share\interpreter\linkResolver.cpp, line 773]
Event: 4.345 Thread 0x000001cfe9eb1090 Exception <a 'java/lang/NoSuchMethodError'{0x00000000d65e1d38}: 'java.lang.Object java.lang.invoke.DirectMethodHandle$Holder.invokeInterface(java.lang.Object, java.lang.Object, int)'> (0x00000000d65e1d38) 
thrown [s\src\hotspot\share\interpreter\linkResolver.cpp, line 773]
Event: 5.083 Thread 0x000001cfe9eb1090 Exception <a 'java/lang/NoSuchMethodError'{0x00000000d6a479a0}: 'java.lang.ClassLoader java.lang.ClassLoader.getPlatformClassLoader(java.lang.Class)'> (0x00000000d6a479a0) 
thrown [s\src\hotspot\share\interpreter\linkResolver.cpp, line 773]
Event: 5.609 Thread 0x000001cfe9eb1090 Exception <a 'java/lang/ClassNotFoundException'{0x00000000d6e64830}: sun/net/www/protocol/c/Handler> (0x00000000d6e64830) 
thrown [s\src\hotspot\share\classfile\systemDictionary.cpp, line 312]
Event: 5.610 Thread 0x000001cfe9eb1090 Exception <a 'java/lang/ClassNotFoundException'{0x00000000d6e65bc8}: sun/net/www/protocol/d/Handler> (0x00000000d6e65bc8) 
thrown [s\src\hotspot\share\classfile\systemDictionary.cpp, line 312]
Event: 5.611 Thread 0x000001cfe9eb1090 Exception <a 'java/lang/ClassNotFoundException'{0x00000000d6e66db0}: sun/net/www/protocol/c/Handler> (0x00000000d6e66db0) 
thrown [s\src\hotspot\share\classfile\systemDictionary.cpp, line 312]
Event: 5.696 Thread 0x000001cfe9eb1090 Exception <a 'java/io/FileNotFoundException'{0x00000000d558d508}> (0x00000000d558d508) 
thrown [s\src\hotspot\share\prims\jni.cpp, line 520]
Event: 5.876 Thread 0x000001cfe9eb1090 Implicit null exception at 0x000001cff4bdeb49 to 0x000001cff4bdf4f8
Event: 5.876 Thread 0x000001cfe9eb1090 Implicit null exception at 0x000001cff4be359a to 0x000001cff4be37b8
Event: 5.878 Thread 0x000001cfe9eb1090 Exception <a 'java/lang/NoSuchMethodError'{0x00000000d577d160}: 'void java.lang.invoke.DirectMethodHandle$Holder.invokeStatic(java.lang.Object, java.lang.Object, java.lang.Object, java.lang.Object)'> (0x00000000d577d160) 
thrown [s\src\hotspot\share\interpreter\linkResolver.cpp, line 773]
Event: 5.904 Thread 0x000001cfe9eb1090 Implicit null exception at 0x000001cff4be469a to 0x000001cff4be48bc
Event: 5.905 Thread 0x000001cfe9eb1090 Implicit null exception at 0x000001cff4be2040 to 0x000001cff4be20c5
Event: 6.324 Thread 0x000001cfe9eb1090 Exception <a 'java/lang/NoSuchMethodError'{0x00000000d59f2290}: 'void java.lang.invoke.DirectMethodHandle$Holder.invokeSpecial(java.lang.Object, java.lang.Object, java.lang.Object)'> (0x00000000d59f2290) 
thrown [s\src\hotspot\share\interpreter\linkResolver.cpp, line 773]

ZGC Phase Switch (0 events):
No events

VM Operations (20 events):
Event: 0.768 Executing VM operation: HandshakeAllThreads (Deoptimize)
Event: 0.768 Executing VM operation: HandshakeAllThreads (Deoptimize) done
Event: 1.319 Executing VM operation: HandshakeAllThreads (Deoptimize)
Event: 1.320 Executing VM operation: HandshakeAllThreads (Deoptimize) done
Event: 1.320 Executing VM operation: Cleanup
Event: 1.320 Executing VM operation: Cleanup done
Event: 2.327 Executing VM operation: Cleanup
Event: 2.328 Executing VM operation: Cleanup done
Event: 3.337 Executing VM operation: Cleanup
Event: 3.353 Executing VM operation: Cleanup done
Event: 3.694 Executing VM operation: HandshakeAllThreads (Deoptimize)
Event: 3.695 Executing VM operation: HandshakeAllThreads (Deoptimize) done
Event: 3.824 Executing VM operation: HandshakeAllThreads (Deoptimize)
Event: 3.824 Executing VM operation: HandshakeAllThreads (Deoptimize) done
Event: 4.831 Executing VM operation: Cleanup
Event: 4.846 Executing VM operation: Cleanup done
Event: 5.493 Executing VM operation: HandshakeAllThreads (Deoptimize)
Event: 5.493 Executing VM operation: HandshakeAllThreads (Deoptimize) done
Event: 5.668 Executing VM operation: ParallelGCFailedAllocation (Allocation Failure)
Event: 5.692 Executing VM operation: ParallelGCFailedAllocation (Allocation Failure) done

Memory protections (0 events):
No events

Nmethod flushes (0 events):
No events

Events (18 events):
Event: 0.184 Thread 0x000001cfe9eb1090 Thread added: 0x000001cfe9eb1090
Event: 0.333 Thread 0x000001cfe9eb1090 Thread added: 0x000001cfe9f7e830
Event: 0.333 Thread 0x000001cfe9eb1090 Thread added: 0x000001cffc890fc0
Event: 0.334 Thread 0x000001cfe9eb1090 Thread added: 0x000001cffc8923a0
Event: 0.335 Thread 0x000001cfe9eb1090 Thread added: 0x000001cffc8951c0
Event: 0.335 Thread 0x000001cfe9eb1090 Thread added: 0x000001cffc895ed0
Event: 0.335 Thread 0x000001cfe9eb1090 Thread added: 0x000001cffc897930
Event: 0.336 Thread 0x000001cfe9eb1090 Thread added: 0x000001cffc898760
Event: 0.377 Thread 0x000001cfe9eb1090 Thread added: 0x000001cffc909470
Event: 0.609 Thread 0x000001cfe9eb1090 Thread added: 0x000001cffd54a520
Event: 2.527 Thread 0x000001cfe9eb1090 Thread added: 0x000001cffd783240
Event: 3.161 Thread 0x000001cffc909470 Thread added: 0x000001cffd8048a0
Event: 3.657 Thread 0x000001cffd8048a0 Thread exited: 0x000001cffd8048a0
Event: 3.773 Thread 0x000001cffc909470 Thread added: 0x000001cffd919040
Event: 4.087 Thread 0x000001cffd919040 Thread exited: 0x000001cffd919040
Event: 5.318 Thread 0x000001cffc909470 Thread added: 0x000001cffdaf79a0
Event: 5.692 Thread 0x000001cffdaf79a0 Thread exited: 0x000001cffdaf79a0
Event: 6.562 Thread 0x000001cffc909470 Thread added: 0x000001cffdd13610


Dynamic libraries:
0x00007ff6a52a0000 - 0x00007ff6a52ae000 	c:\Users\HP\.cursor\extensions\redhat.java-1.47.0-win32-x64\jre\21.0.8-win32-x86_64\bin\java.exe
0x00007ffe8be10000 - 0x00007ffe8c008000 	C:\Windows\SYSTEM32\ntdll.dll
0x00007ffe89ff0000 - 0x00007ffe8a0b2000 	C:\Windows\System32\KERNEL32.DLL
0x00007ffe89870000 - 0x00007ffe89b66000 	C:\Windows\System32\KERNELBASE.dll
0x00007ffe89540000 - 0x00007ffe89640000 	C:\Windows\System32\ucrtbase.dll
0x00007ffe6ff80000 - 0x00007ffe6ff98000 	c:\Users\HP\.cursor\extensions\redhat.java-1.47.0-win32-x64\jre\21.0.8-win32-x86_64\bin\jli.dll
0x00007ffe8b380000 - 0x00007ffe8b521000 	C:\Windows\System32\USER32.dll
0x00007ffe89c20000 - 0x00007ffe89c42000 	C:\Windows\System32\win32u.dll
0x00007ffe8af70000 - 0x00007ffe8af9b000 	C:\Windows\System32\GDI32.dll
0x00007ffe89c50000 - 0x00007ffe89d69000 	C:\Windows\System32\gdi32full.dll
0x00007ffe894a0000 - 0x00007ffe8953d000 	C:\Windows\System32\msvcp_win.dll
0x00007ffe6ff60000 - 0x00007ffe6ff7e000 	c:\Users\HP\.cursor\extensions\redhat.java-1.47.0-win32-x64\jre\21.0.8-win32-x86_64\bin\VCRUNTIME140.dll
0x00007ffe73330000 - 0x00007ffe735cb000 	C:\Windows\WinSxS\amd64_microsoft.windows.common-controls_6595b64144ccf1df_6.0.19041.6456_none_60b8a6cb71f64256\COMCTL32.dll
0x00007ffe89e30000 - 0x00007ffe89ece000 	C:\Windows\System32\msvcrt.dll
0x00007ffe8a2d0000 - 0x00007ffe8a2ff000 	C:\Windows\System32\IMM32.DLL
0x00007ffe80b80000 - 0x00007ffe80b8c000 	c:\Users\HP\.cursor\extensions\redhat.java-1.47.0-win32-x64\jre\21.0.8-win32-x86_64\bin\vcruntime140_1.dll
0x00007ffe5c480000 - 0x00007ffe5c50d000 	c:\Users\HP\.cursor\extensions\redhat.java-1.47.0-win32-x64\jre\21.0.8-win32-x86_64\bin\msvcp140.dll
0x00007ffe27440000 - 0x00007ffe281d7000 	c:\Users\HP\.cursor\extensions\redhat.java-1.47.0-win32-x64\jre\21.0.8-win32-x86_64\bin\server\jvm.dll
0x00007ffe8bd00000 - 0x00007ffe8bdb1000 	C:\Windows\System32\ADVAPI32.dll
0x00007ffe89f50000 - 0x00007ffe89fef000 	C:\Windows\System32\sechost.dll
0x00007ffe8a300000 - 0x00007ffe8a420000 	C:\Windows\System32\RPCRT4.dll
0x00007ffe89e00000 - 0x00007ffe89e27000 	C:\Windows\System32\bcrypt.dll
0x00007ffe8ad40000 - 0x00007ffe8adab000 	C:\Windows\System32\WS2_32.dll
0x00007ffe89300000 - 0x00007ffe8934b000 	C:\Windows\SYSTEM32\POWRPROF.dll
0x00007ffe735e0000 - 0x00007ffe73607000 	C:\Windows\SYSTEM32\WINMM.dll
0x00007ffe7b180000 - 0x00007ffe7b18a000 	C:\Windows\SYSTEM32\VERSION.dll
0x00007ffe892e0000 - 0x00007ffe892f2000 	C:\Windows\SYSTEM32\UMPDC.dll
0x00007ffe87c70000 - 0x00007ffe87c82000 	C:\Windows\SYSTEM32\kernel.appcore.dll
0x00007ffe7ed40000 - 0x00007ffe7ed4a000 	c:\Users\HP\.cursor\extensions\redhat.java-1.47.0-win32-x64\jre\21.0.8-win32-x86_64\bin\jimage.dll
0x00007ffe83170000 - 0x00007ffe83371000 	C:\Windows\SYSTEM32\DBGHELP.DLL
0x00007ffe6d9e0000 - 0x00007ffe6da14000 	C:\Windows\SYSTEM32\dbgcore.DLL
0x00007ffe89d70000 - 0x00007ffe89df2000 	C:\Windows\System32\bcryptPrimitives.dll
0x00007ffe80620000 - 0x00007ffe8062f000 	c:\Users\HP\.cursor\extensions\redhat.java-1.47.0-win32-x64\jre\21.0.8-win32-x86_64\bin\instrument.dll
0x00007ffe6fed0000 - 0x00007ffe6feef000 	c:\Users\HP\.cursor\extensions\redhat.java-1.47.0-win32-x64\jre\21.0.8-win32-x86_64\bin\java.dll
0x00007ffe8a420000 - 0x00007ffe8ab90000 	C:\Windows\System32\SHELL32.dll
0x00007ffe86f20000 - 0x00007ffe876c5000 	C:\Windows\SYSTEM32\windows.storage.dll
0x00007ffe8b9a0000 - 0x00007ffe8bcf4000 	C:\Windows\System32\combase.dll
0x00007ffe88d10000 - 0x00007ffe88d3b000 	C:\Windows\SYSTEM32\Wldp.dll
0x00007ffe8a0c0000 - 0x00007ffe8a18d000 	C:\Windows\System32\OLEAUT32.dll
0x00007ffe8adb0000 - 0x00007ffe8ae5d000 	C:\Windows\System32\SHCORE.dll
0x00007ffe8b200000 - 0x00007ffe8b25b000 	C:\Windows\System32\shlwapi.dll
0x00007ffe893d0000 - 0x00007ffe893f4000 	C:\Windows\SYSTEM32\profapi.dll
0x00007ffe6e050000 - 0x00007ffe6e068000 	c:\Users\HP\.cursor\extensions\redhat.java-1.47.0-win32-x64\jre\21.0.8-win32-x86_64\bin\zip.dll
0x00007ffe6fe90000 - 0x00007ffe6fea0000 	C:\Users\HP\.cursor\extensions\redhat.java-1.47.0-win32-x64\jre\21.0.8-win32-x86_64\bin\net.dll
0x00007ffe7bb40000 - 0x00007ffe7bc4a000 	C:\Windows\SYSTEM32\WINHTTP.dll
0x00007ffe88af0000 - 0x00007ffe88b5a000 	C:\Windows\system32\mswsock.dll
0x00007ffe6e030000 - 0x00007ffe6e046000 	C:\Users\HP\.cursor\extensions\redhat.java-1.47.0-win32-x64\jre\21.0.8-win32-x86_64\bin\nio.dll
0x00007ffe6c9f0000 - 0x00007ffe6ca00000 	c:\Users\HP\.cursor\extensions\redhat.java-1.47.0-win32-x64\jre\21.0.8-win32-x86_64\bin\verify.dll

JVMTI agents:
c:\Users\HP\.cursor\extensions\redhat.java-1.47.0-win32-x64\lombok\lombok-1.18.39-4050.jar path:c:\Users\HP\.cursor\extensions\redhat.java-1.47.0-win32-x64\jre\21.0.8-win32-x86_64\bin\instrument.dll, loaded, initialized, instrumentlib options:none

dbghelp: loaded successfully - version: 4.0.5 - missing functions: none
symbol engine: initialized successfully - sym options: 0x614 - pdb path: .;c:\Users\HP\.cursor\extensions\redhat.java-1.47.0-win32-x64\jre\21.0.8-win32-x86_64\bin;C:\Windows\SYSTEM32;C:\Windows\WinSxS\amd64_microsoft.windows.common-controls_6595b64144ccf1df_6.0.19041.6456_none_60b8a6cb71f64256;c:\Users\HP\.cursor\extensions\redhat.java-1.47.0-win32-x64\jre\21.0.8-win32-x86_64\bin\server

VM Arguments:
jvm_args: --add-modules=ALL-SYSTEM --add-opens=java.base/java.util=ALL-UNNAMED --add-opens=java.base/java.lang=ALL-UNNAMED --add-opens=java.base/sun.nio.fs=ALL-UNNAMED -Declipse.application=org.eclipse.jdt.ls.core.id1 -Dosgi.bundles.defaultStartLevel=4 -Declipse.product=org.eclipse.jdt.ls.core.product -Djava.import.generatesMetadataFilesAtProjectRoot=false -DDetectVMInstallationsJob.disabled=true -Dfile.encoding=utf8 -XX:+UseParallelGC -XX:GCTimeRatio=4 -XX:AdaptiveSizePolicyWeight=90 -Dsun.zip.disableMemoryMapping=true -Xmx2G -Xms100m -Xlog:disable -javaagent:c:\Users\HP\.cursor\extensions\redhat.java-1.47.0-win32-x64\lombok\lombok-1.18.39-4050.jar 
java_command: c:\Users\HP\.cursor\extensions\redhat.java-1.47.0-win32-x64\server\plugins\org.eclipse.equinox.launcher_1.7.100.v20251014-1222.jar -configuration c:\Users\HP\AppData\Roaming\Cursor\User\globalStorage\redhat.java\1.47.0\config_ss_win -data c:\Users\HP\AppData\Roaming\Cursor\User\workspaceStorage\13b526afc1915e23801d6bfb845da41f\redhat.java\ss_ws --pipe=\\.\pipe\lsp-8430d83d870199c79fc93307f7634f9b-sock
java_class_path (initial): c:\Users\HP\.cursor\extensions\redhat.java-1.47.0-win32-x64\server\plugins\org.eclipse.equinox.launcher_1.7.100.v20251014-1222.jar
Launcher Type: SUN_STANDARD

[Global flags]
    uintx AdaptiveSizePolicyWeight                 = 90                                        {product} {command line}
     intx CICompilerCount                          = 3                                         {product} {ergonomic}
    uintx GCTimeRatio                              = 4                                         {product} {command line}
   size_t InitialHeapSize                          = 104857600                                 {product} {command line}
   size_t MaxHeapSize                              = 2147483648                                {product} {command line}
   size_t MaxNewSize                               = 715653120                                 {product} {ergonomic}
   size_t MinHeapDeltaBytes                        = 524288                                    {product} {ergonomic}
   size_t MinHeapSize                              = 104857600                                 {product} {command line}
   size_t NewSize                                  = 34603008                                  {product} {ergonomic}
    uintx NonNMethodCodeHeapSize                   = 5832780                                {pd product} {ergonomic}
    uintx NonProfiledCodeHeapSize                  = 122912730                              {pd product} {ergonomic}
   size_t OldSize                                  = 70254592                                  {product} {ergonomic}
    uintx ProfiledCodeHeapSize                     = 122912730                              {pd product} {ergonomic}
    uintx ReservedCodeCacheSize                    = 251658240                              {pd product} {ergonomic}
     bool SegmentedCodeCache                       = true                                      {product} {ergonomic}
   size_t SoftMaxHeapSize                          = 2147483648                             {manageable} {ergonomic}
     bool UseCompressedOops                        = true                           {product lp64_product} {ergonomic}
     bool UseLargePagesIndividualAllocation        = false                                  {pd product} {ergonomic}
     bool UseParallelGC                            = true                                      {product} {command line}

Logging:
Log output configuration:
 #0: stdout all=off uptime,level,tags foldmultilines=false
 #1: stderr all=off uptime,level,tags foldmultilines=false

Environment Variables:
PATH=D:\Python\Scripts\;D:\Python\;"D:\opencv\build\x64\vc16\bin;C:\Program Files (x86)\Common Files\Oracle\Java\javapath";C:\Windows\system32;C:\Windows;C:\Windows\System32\Wbem;C:\Windows\System32\WindowsPowerShell\v1.0\;C:\Windows\System32\OpenSSH\;C:\Program Files (x86)\Microsoft SQL Server\160\Tools\Binn\;C:\Program Files\Microsoft SQL Server\160\Tools\Binn\;C:\Program Files\Microsoft SQL Server\Client SDK\ODBC\170\Tools\Binn\;C:\Program Files\Microsoft SQL Server\160\DTS\Binn\;C:\Program Files\Microsoft SQL Server\150\Tools\Binn\;D:\SEMESTER 6\GC\bin\;D:\Node js\;D:\SEMESTER 6\PDC\w_opencl_runtime_p_2025.1.0.972\bin;D:\SEMESTER 6\AI\Project code\OpenJDK21U-jdk_x64_windows_hotspot_21.0.7_6\jdk-21.0.7+6\bin;D:\Cursor\cursor\resources\app\bin;D:\SEMESTER 5\SDA\SDA FINAL PROJECT\Gitbash\Git\cmd;D:\Docker\resources\bin;C:\Users\HP\AppData\Local\Programs\Python\Python310\Scripts\;C:\Users\HP\AppData\Local\Programs\Python\Python310\;C:\Users\HP\AppData\Local\Microsoft\WindowsApps;D:\Microsoft VS Code\bin;C:\Users\HP\AppData\Roaming\npm;D:\Cursor\cursor\resources\app\bin;D:\Windsurf\bin
USERNAME=HP
OS=Windows_NT
PROCESSOR_IDENTIFIER=Intel64 Family 6 Model 78 Stepping 3, GenuineIntel
TMP=C:\Users\HP\AppData\Local\Temp
TEMP=C:\Users\HP\AppData\Local\Temp




Periodic native trim disabled

---------------  S Y S T E M  ---------------

OS:
 Windows 10 , 64 bit Build 19041 (10.0.19041.5915)
OS uptime: 0 days 6:59 hours
Hyper-V role detected

CPU: total 4 (initial active 4) (2 cores per cpu, 2 threads per core) family 6 model 78 stepping 3 microcode 0xea, cx8, cmov, fxsr, ht, mmx, 3dnowpref, sse, sse2, sse3, ssse3, sse4.1, sse4.2, popcnt, lzcnt, tsc, tscinvbit, avx, avx2, aes, erms, clmul, bmi1, bmi2, rtm, adx, fma, vzeroupper, clflush, clflushopt, hv, rdtscp, f16c
Processor Information for the first 4 processors :
  Max Mhz: 2496, Current Mhz: 2396, Mhz Limit: 2396

Memory: 4k page, system-wide physical 8072M (547M free)
TotalPageFile size 12168M (AvailPageFile size 1M)
current process WorkingSet (physical memory assigned to process): 82M, peak: 82M
current process commit charge ("private bytes"): 224M, peak: 224M

vm_info: OpenJDK 64-Bit Server VM (21.0.8+9-LTS) for windows-amd64 JRE (21.0.8+9-LTS), built on 2025-07-15T00:00:00Z by "admin" with MS VC++ 17.7 (VS2022)

END.
