#
# There is insufficient memory for the Java Runtime Environment to continue.
# Native memory allocation (malloc) failed to allocate 1622736 bytes. Error detail: Chunk::new
# Possible reasons:
#   The system is out of physical RAM or swap space
#   This process is running with CompressedOops enabled, and the Java Heap may be blocking the growth of the native heap
# Possible solutions:
#   Reduce memory load on the system
#   Increase physical memory or swap space
#   Check if swap backing store is full
#   Decrease Java heap size (-Xmx/-Xms)
#   Decrease number of Java threads
#   Decrease Java thread stack sizes (-Xss)
#   Set larger code cache with -XX:ReservedCodeCacheSize=
#   JVM is running with Unscaled Compressed Oops mode in which the Java heap is
#     placed in the first 4GB address space. The Java Heap base address is the
#     maximum limit for the native heap growth. Please use -XX:HeapBaseMinAddress
#     to set the Java Heap base and to place the Java Heap above 4GB virtual address.
# This output file may be truncated or incomplete.
#
#  Out of Memory Error (arena.cpp:168), pid=11684, tid=10832
#
# JRE version: OpenJDK Runtime Environment Temurin-21.0.8+9 (21.0.8+9) (build 21.0.8+9-LTS)
# Java VM: OpenJDK 64-Bit Server VM Temurin-21.0.8+9 (21.0.8+9-LTS, mixed mode, sharing, tiered, compressed oops, compressed class ptrs, parallel gc, windows-amd64)
# No core dump will be written. Minidumps are not enabled by default on client versions of Windows
#

---------------  S U M M A R Y ------------

Command Line: --add-modules=ALL-SYSTEM --add-opens=java.base/java.util=ALL-UNNAMED --add-opens=java.base/java.lang=ALL-UNNAMED --add-opens=java.base/sun.nio.fs=ALL-UNNAMED -Declipse.application=org.eclipse.jdt.ls.core.id1 -Dosgi.bundles.defaultStartLevel=4 -Declipse.product=org.eclipse.jdt.ls.core.product -Djava.import.generatesMetadataFilesAtProjectRoot=false -DDetectVMInstallationsJob.disabled=true -Dfile.encoding=utf8 -XX:+UseParallelGC -XX:GCTimeRatio=4 -XX:AdaptiveSizePolicyWeight=90 -Dsun.zip.disableMemoryMapping=true -Xmx2G -Xms100m -Xlog:disable -javaagent:c:\Users\HP\.cursor\extensions\redhat.java-1.47.0-win32-x64\lombok\lombok-1.18.39-4050.jar -XX:+HeapDumpOnOutOfMemoryError -XX:HeapDumpPath=c:\Users\HP\AppData\Roaming\Cursor\User\workspaceStorage\13b526afc1915e23801d6bfb845da41f\redhat.java -Daether.dependencyCollector.impl=bf c:\Users\HP\.cursor\extensions\redhat.java-1.47.0-win32-x64\server\plugins\org.eclipse.equinox.launcher_1.7.100.v20251014-1222.jar -configuration c:\Users\HP\AppData\Roaming\Cursor\User\globalStorage\redhat.java\1.47.0\config_win -data c:\Users\HP\AppData\Roaming\Cursor\User\workspaceStorage\13b526afc1915e23801d6bfb845da41f\redhat.java\jdt_ws --pipe=\\.\pipe\lsp-7ae6b27e9ee9222e7ea9404dda12d249-sock

Host: Intel(R) Core(TM) i5-6300U CPU @ 2.40GHz, 4 cores, 7G,  Windows 10 , 64 bit Build 19041 (10.0.19041.5915)
Time: Sun Nov  9 20:04:02 2025 Pakistan Standard Time elapsed time: 14.095187 seconds (0d 0h 0m 14s)

---------------  T H R E A D  ---------------

Current thread (0x0000021c567e6380):  JavaThread "C2 CompilerThread0" daemon [_thread_in_native, id=10832, stack(0x00000084fc200000,0x00000084fc300000) (1024K)]


Current CompileTask:
C2:14095 3857       4       java.lang.invoke.MethodType::makeImpl (109 bytes)

Stack: [0x00000084fc200000,0x00000084fc300000]
Native frames: (J=compiled Java code, j=interpreted, Vv=VM code, C=native code)
V  [jvm.dll+0x6d2449]
V  [jvm.dll+0x8ae341]
V  [jvm.dll+0x8b08be]
V  [jvm.dll+0x8b0fa3]
V  [jvm.dll+0x280c96]
V  [jvm.dll+0xc581d]
V  [jvm.dll+0xc5d53]
V  [jvm.dll+0x3b919c]
V  [jvm.dll+0x385315]
V  [jvm.dll+0x38477a]
V  [jvm.dll+0x248ed0]
V  [jvm.dll+0x2484af]
V  [jvm.dll+0x1c89ee]
V  [jvm.dll+0x257d4d]
V  [jvm.dll+0x2562ea]
V  [jvm.dll+0x3f2d16]
V  [jvm.dll+0x857e6b]
V  [jvm.dll+0x6d0b0d]
C  [ucrtbase.dll+0x21bb2]
C  [KERNEL32.DLL+0x17374]
C  [ntdll.dll+0x4cc91]


---------------  P R O C E S S  ---------------

Threads class SMR info:
_java_thread_list=0x0000021c72fe7070, length=22, elements={
0x0000021c568f11f0, 0x0000021c567da7e0, 0x0000021c567ddf50, 0x0000021c567dee60,
0x0000021c567e1c20, 0x0000021c567e2af0, 0x0000021c567e5550, 0x0000021c567e6380,
0x0000021c56851ad0, 0x0000021c568867c0, 0x0000021c7216d7a0, 0x0000021c728d52a0,
0x0000021c72807790, 0x0000021c72194280, 0x0000021c72198a40, 0x0000021c72bfe2b0,
0x0000021c73107e90, 0x0000021c730f1680, 0x0000021c72fd7ad0, 0x0000021c72e79d20,
0x0000021c72e79690, 0x0000021c72e79000
}

Java Threads: ( => current thread )
  0x0000021c568f11f0 JavaThread "main"                              [_thread_blocked, id=3416, stack(0x00000084fb800000,0x00000084fb900000) (1024K)]
  0x0000021c567da7e0 JavaThread "Reference Handler"          daemon [_thread_blocked, id=3124, stack(0x00000084fbc00000,0x00000084fbd00000) (1024K)]
  0x0000021c567ddf50 JavaThread "Finalizer"                  daemon [_thread_blocked, id=11368, stack(0x00000084fbd00000,0x00000084fbe00000) (1024K)]
  0x0000021c567dee60 JavaThread "Signal Dispatcher"          daemon [_thread_blocked, id=9440, stack(0x00000084fbe00000,0x00000084fbf00000) (1024K)]
  0x0000021c567e1c20 JavaThread "Attach Listener"            daemon [_thread_blocked, id=8780, stack(0x00000084fbf00000,0x00000084fc000000) (1024K)]
  0x0000021c567e2af0 JavaThread "Service Thread"             daemon [_thread_blocked, id=1532, stack(0x00000084fc000000,0x00000084fc100000) (1024K)]
  0x0000021c567e5550 JavaThread "Monitor Deflation Thread"   daemon [_thread_blocked, id=376, stack(0x00000084fc100000,0x00000084fc200000) (1024K)]
=>0x0000021c567e6380 JavaThread "C2 CompilerThread0"         daemon [_thread_in_native, id=10832, stack(0x00000084fc200000,0x00000084fc300000) (1024K)]
  0x0000021c56851ad0 JavaThread "C1 CompilerThread0"         daemon [_thread_in_native, id=12432, stack(0x00000084fc300000,0x00000084fc400000) (1024K)]
  0x0000021c568867c0 JavaThread "Common-Cleaner"             daemon [_thread_blocked, id=9060, stack(0x00000084fc400000,0x00000084fc500000) (1024K)]
  0x0000021c7216d7a0 JavaThread "Notification Thread"        daemon [_thread_blocked, id=5304, stack(0x00000084fc500000,0x00000084fc600000) (1024K)]
  0x0000021c728d52a0 JavaThread "Active Thread: Equinox Container: cb61be29-eeb4-4de0-97bf-f8f6ae728946"        [_thread_blocked, id=11496, stack(0x00000084fc900000,0x00000084fca00000) (1024K)]
  0x0000021c72807790 JavaThread "Refresh Thread: Equinox Container: cb61be29-eeb4-4de0-97bf-f8f6ae728946" daemon [_thread_blocked, id=7856, stack(0x00000084fca00000,0x00000084fcb00000) (1024K)]
  0x0000021c72194280 JavaThread "Framework Event Dispatcher: Equinox Container: cb61be29-eeb4-4de0-97bf-f8f6ae728946" daemon [_thread_blocked, id=5348, stack(0x00000084fcb00000,0x00000084fcc00000) (1024K)]
  0x0000021c72198a40 JavaThread "Start Level: Equinox Container: cb61be29-eeb4-4de0-97bf-f8f6ae728946" daemon [_thread_in_vm, id=12396, stack(0x00000084fcc00000,0x00000084fcd00000) (1024K)]
  0x0000021c72bfe2b0 JavaThread "Bundle File Closer"         daemon [_thread_blocked, id=7804, stack(0x00000084fcd00000,0x00000084fce00000) (1024K)]
  0x0000021c73107e90 JavaThread "SCR Component Actor"        daemon [_thread_blocked, id=7236, stack(0x00000084fce00000,0x00000084fcf00000) (1024K)]
  0x0000021c730f1680 JavaThread "Worker-JM"                         [_thread_blocked, id=8688, stack(0x00000084fcf00000,0x00000084fd000000) (1024K)]
  0x0000021c72fd7ad0 JavaThread "JNA Cleaner"                daemon [_thread_blocked, id=8140, stack(0x00000084fd000000,0x00000084fd100000) (1024K)]
  0x0000021c72e79d20 JavaThread "Worker-0"                          [_thread_blocked, id=6048, stack(0x00000084fd100000,0x00000084fd200000) (1024K)]
  0x0000021c72e79690 JavaThread "Worker-1"                          [_thread_blocked, id=10404, stack(0x00000084fd200000,0x00000084fd300000) (1024K)]
  0x0000021c72e79000 JavaThread "Worker-2: Refreshing workspace"        [_thread_in_vm, id=7668, stack(0x00000084fd300000,0x00000084fd400000) (1024K)]
Total: 22

Other Threads:
  0x0000021c569af880 VMThread "VM Thread"                           [id=11344, stack(0x00000084fbb00000,0x00000084fbc00000) (1024K)]
  0x0000021c5678cb50 WatcherThread "VM Periodic Task Thread"        [id=10112, stack(0x00000084fba00000,0x00000084fbb00000) (1024K)]
  0x0000021c56910790 WorkerThread "GC Thread#0"                     [id=11844, stack(0x00000084fb900000,0x00000084fba00000) (1024K)]
  0x0000021c72575db0 WorkerThread "GC Thread#1"                     [id=10016, stack(0x00000084fc600000,0x00000084fc700000) (1024K)]
  0x0000021c723f3f30 WorkerThread "GC Thread#2"                     [id=7004, stack(0x00000084fc700000,0x00000084fc800000) (1024K)]
  0x0000021c723f42d0 WorkerThread "GC Thread#3"                     [id=1100, stack(0x00000084fc800000,0x00000084fc900000) (1024K)]
Total: 6

Threads with active compile tasks:
C2 CompilerThread0  14166 3857       4       java.lang.invoke.MethodType::makeImpl (109 bytes)
Total: 1

VM state: not at safepoint (normal execution)

VM Mutex/Monitor currently owned by a thread: None

Heap address: 0x0000000080000000, size: 2048 MB, Compressed Oops mode: 32-bit

CDS archive(s) mapped at: [0x0000021c00000000-0x0000021c00ba0000-0x0000021c00ba0000), size 12189696, SharedBaseAddress: 0x0000021c00000000, ArchiveRelocationMode: 1.
Compressed class space mapped at: 0x0000021c01000000-0x0000021c41000000, reserved size: 1073741824
Narrow klass base: 0x0000021c00000000, Narrow klass shift: 0, Narrow klass range: 0x100000000

GC Precious Log:
 CardTable entry size: 512
 CPUs: 4 total, 4 available
 Memory: 8072M
 Large Page Support: Disabled
 NUMA Support: Disabled
 Compressed Oops: Enabled (32-bit)
 Alignments: Space 512K, Generation 512K, Heap 2M
 Heap Min Capacity: 100M
 Heap Initial Capacity: 100M
 Heap Max Capacity: 2G
 Pre-touch: Disabled
 Parallel Workers: 4

Heap:
 PSYoungGen      total 25600K, used 3582K [0x00000000d5580000, 0x00000000d7400000, 0x0000000100000000)
  eden space 24064K, 9% used [0x00000000d5580000,0x00000000d57cbaf8,0x00000000d6d00000)
  from space 1536K, 80% used [0x00000000d7280000,0x00000000d73b3d40,0x00000000d7400000)
  to   space 2560K, 0% used [0x00000000d6f00000,0x00000000d6f00000,0x00000000d7180000)
 ParOldGen       total 68608K, used 13369K [0x0000000080000000, 0x0000000084300000, 0x00000000d5580000)
  object space 68608K, 19% used [0x0000000080000000,0x0000000080d0e7d0,0x0000000084300000)
 Metaspace       used 23135K, committed 24000K, reserved 1114112K
  class space    used 2347K, committed 2752K, reserved 1048576K

Card table byte_map: [0x0000021c562a0000,0x0000021c566b0000] _byte_map_base: 0x0000021c55ea0000

Marking Bits: (ParMarkBitMap*) 0x00007ffe280fa340
 Begin Bits: [0x0000021c68da0000, 0x0000021c6ada0000)
 End Bits:   [0x0000021c6ada0000, 0x0000021c6cda0000)

Polling page: 0x0000021c546a0000

Metaspace:

Usage:
  Non-class:     20.30 MB used.
      Class:      2.29 MB used.
       Both:     22.59 MB used.

Virtual space:
  Non-class space:       64.00 MB reserved,      20.75 MB ( 32%) committed,  1 nodes.
      Class space:        1.00 GB reserved,       2.69 MB ( <1%) committed,  1 nodes.
             Both:        1.06 GB reserved,      23.44 MB (  2%) committed. 

Chunk freelists:
   Non-Class:  11.20 MB
       Class:  13.36 MB
        Both:  24.56 MB

MaxMetaspaceSize: unlimited
CompressedClassSpaceSize: 1.00 GB
Initial GC threshold: 21.00 MB
Current GC threshold: 35.00 MB
CDS: on
 - commit_granule_bytes: 65536.
 - commit_granule_words: 8192.
 - virtual_space_node_default_size: 8388608.
 - enlarge_chunks_in_place: 1.
 - use_allocation_guard: 0.


Internal statistics:

num_allocs_failed_limit: 3.
num_arena_births: 618.
num_arena_deaths: 14.
num_vsnodes_births: 2.
num_vsnodes_deaths: 0.
num_space_committed: 375.
num_space_uncommitted: 0.
num_chunks_returned_to_freelist: 17.
num_chunks_taken_from_freelist: 1532.
num_chunk_merges: 9.
num_chunk_splits: 973.
num_chunks_enlarged: 624.
num_inconsistent_stats: 0.

CodeHeap 'non-profiled nmethods': size=120000Kb used=1629Kb max_used=1629Kb free=118370Kb
 bounds [0x0000021c615c0000, 0x0000021c61830000, 0x0000021c68af0000]
CodeHeap 'profiled nmethods': size=120000Kb used=8318Kb max_used=8318Kb free=111681Kb
 bounds [0x0000021c59af0000, 0x0000021c5a310000, 0x0000021c61020000]
CodeHeap 'non-nmethods': size=5760Kb used=1289Kb max_used=1321Kb free=4470Kb
 bounds [0x0000021c61020000, 0x0000021c61290000, 0x0000021c615c0000]
CodeCache: size=245760Kb, used=11236Kb, max_used=11268Kb, free=234521Kb
 total_blobs=4606, nmethods=4034, adapters=478, full_count=0
Compilation: enabled, stopped_count=0, restarted_count=0

Compilation events (20 events):
Event: 14.052 Thread 0x0000021c56851ad0 4011       2       java.lang.reflect.Constructor::copy (72 bytes)
Event: 14.052 Thread 0x0000021c56851ad0 nmethod 4011 0x0000021c5a301590 code [0x0000021c5a301760, 0x0000021c5a301a38]
Event: 14.054 Thread 0x0000021c56851ad0 4013       2       org.eclipse.core.internal.localstore.UnifiedTree::createNode (61 bytes)
Event: 14.055 Thread 0x0000021c56851ad0 nmethod 4013 0x0000021c5a301b90 code [0x0000021c5a301d40, 0x0000021c5a302068]
Event: 14.062 Thread 0x0000021c56851ad0 4014       2       com.sun.jna.platform.win32.WinBase$FILETIME::filetimeToDate (38 bytes)
Event: 14.063 Thread 0x0000021c56851ad0 nmethod 4014 0x0000021c5a302210 code [0x0000021c5a3023c0, 0x0000021c5a302568]
Event: 14.063 Thread 0x0000021c56851ad0 4015       2       com.sun.jna.Pointer::getWideString (10 bytes)
Event: 14.063 Thread 0x0000021c56851ad0 nmethod 4015 0x0000021c5a302690 code [0x0000021c5a302840, 0x0000021c5a302968]
Event: 14.063 Thread 0x0000021c56851ad0 4016       2       org.eclipse.core.internal.filesystem.local.Win32Handler::readFILETIME (20 bytes)
Event: 14.063 Thread 0x0000021c56851ad0 nmethod 4016 0x0000021c5a302a10 code [0x0000021c5a302be0, 0x0000021c5a302d68]
Event: 14.064 Thread 0x0000021c56851ad0 4017       2       com.sun.jna.Memory::getWideString (12 bytes)
Event: 14.064 Thread 0x0000021c56851ad0 nmethod 4017 0x0000021c5a302f10 code [0x0000021c5a3030c0, 0x0000021c5a303230]
Event: 14.067 Thread 0x0000021c56851ad0 4018       2       org.lombokweb.asm.SymbolTable::addConstantIntegerOrFloat (21 bytes)
Event: 14.067 Thread 0x0000021c56851ad0 nmethod 4018 0x0000021c5a303310 code [0x0000021c5a3034c0, 0x0000021c5a303698]
Event: 14.070 Thread 0x0000021c56851ad0 4019       1       lombok.patcher.scripts.AddFieldScript::access$0 (5 bytes)
Event: 14.070 Thread 0x0000021c56851ad0 nmethod 4019 0x0000021c61756090 code [0x0000021c61756220, 0x0000021c617562d0]
Event: 14.087 Thread 0x0000021c56851ad0 4020       2       java.util.concurrent.locks.LockSupport::setBlocker (12 bytes)
Event: 14.087 Thread 0x0000021c56851ad0 nmethod 4020 0x0000021c5a303790 code [0x0000021c5a303940, 0x0000021c5a303a60]
Event: 14.087 Thread 0x0000021c56851ad0 4021       2       jdk.internal.misc.Unsafe::putReferenceOpaque (9 bytes)
Event: 14.087 Thread 0x0000021c56851ad0 nmethod 4021 0x0000021c5a303b10 code [0x0000021c5a303ca0, 0x0000021c5a303dc8]

GC Heap History (18 events):
Event: 3.659 GC heap before
{Heap before GC invocations=1 (full 0):
 PSYoungGen      total 29696K, used 25600K [0x00000000d5580000, 0x00000000d7680000, 0x0000000100000000)
  eden space 25600K, 100% used [0x00000000d5580000,0x00000000d6e80000,0x00000000d6e80000)
  from space 4096K, 0% used [0x00000000d7280000,0x00000000d7280000,0x00000000d7680000)
  to   space 4096K, 0% used [0x00000000d6e80000,0x00000000d6e80000,0x00000000d7280000)
 ParOldGen       total 68608K, used 0K [0x0000000080000000, 0x0000000084300000, 0x00000000d5580000)
  object space 68608K, 0% used [0x0000000080000000,0x0000000080000000,0x0000000084300000)
 Metaspace       used 4361K, committed 4608K, reserved 1114112K
  class space    used 473K, committed 576K, reserved 1048576K
}
Event: 3.689 GC heap after
{Heap after GC invocations=1 (full 0):
 PSYoungGen      total 29696K, used 3303K [0x00000000d5580000, 0x00000000d7680000, 0x0000000100000000)
  eden space 25600K, 0% used [0x00000000d5580000,0x00000000d5580000,0x00000000d6e80000)
  from space 4096K, 80% used [0x00000000d6e80000,0x00000000d71b9e98,0x00000000d7280000)
  to   space 4096K, 0% used [0x00000000d7280000,0x00000000d7280000,0x00000000d7680000)
 ParOldGen       total 68608K, used 0K [0x0000000080000000, 0x0000000084300000, 0x00000000d5580000)
  object space 68608K, 0% used [0x0000000080000000,0x0000000080000000,0x0000000084300000)
 Metaspace       used 4361K, committed 4608K, reserved 1114112K
  class space    used 473K, committed 576K, reserved 1048576K
}
Event: 7.137 GC heap before
{Heap before GC invocations=2 (full 0):
 PSYoungGen      total 29696K, used 28903K [0x00000000d5580000, 0x00000000d7680000, 0x0000000100000000)
  eden space 25600K, 100% used [0x00000000d5580000,0x00000000d6e80000,0x00000000d6e80000)
  from space 4096K, 80% used [0x00000000d6e80000,0x00000000d71b9e98,0x00000000d7280000)
  to   space 4096K, 0% used [0x00000000d7280000,0x00000000d7280000,0x00000000d7680000)
 ParOldGen       total 68608K, used 0K [0x0000000080000000, 0x0000000084300000, 0x00000000d5580000)
  object space 68608K, 0% used [0x0000000080000000,0x0000000080000000,0x0000000084300000)
 Metaspace       used 7965K, committed 8256K, reserved 1114112K
  class space    used 828K, committed 960K, reserved 1048576K
}
Event: 7.149 GC heap after
{Heap after GC invocations=2 (full 0):
 PSYoungGen      total 29696K, used 4070K [0x00000000d5580000, 0x00000000d7680000, 0x0000000100000000)
  eden space 25600K, 0% used [0x00000000d5580000,0x00000000d5580000,0x00000000d6e80000)
  from space 4096K, 99% used [0x00000000d7280000,0x00000000d7679820,0x00000000d7680000)
  to   space 4096K, 0% used [0x00000000d6e80000,0x00000000d6e80000,0x00000000d7280000)
 ParOldGen       total 68608K, used 1689K [0x0000000080000000, 0x0000000084300000, 0x00000000d5580000)
  object space 68608K, 2% used [0x0000000080000000,0x00000000801a6730,0x0000000084300000)
 Metaspace       used 7965K, committed 8256K, reserved 1114112K
  class space    used 828K, committed 960K, reserved 1048576K
}
Event: 8.523 GC heap before
{Heap before GC invocations=3 (full 0):
 PSYoungGen      total 29696K, used 29503K [0x00000000d5580000, 0x00000000d7680000, 0x0000000100000000)
  eden space 25600K, 99% used [0x00000000d5580000,0x00000000d6e564d0,0x00000000d6e80000)
  from space 4096K, 99% used [0x00000000d7280000,0x00000000d7679820,0x00000000d7680000)
  to   space 4096K, 0% used [0x00000000d6e80000,0x00000000d6e80000,0x00000000d7280000)
 ParOldGen       total 68608K, used 1689K [0x0000000080000000, 0x0000000084300000, 0x00000000d5580000)
  object space 68608K, 2% used [0x0000000080000000,0x00000000801a6730,0x0000000084300000)
 Metaspace       used 9425K, committed 9728K, reserved 1114112K
  class space    used 1004K, committed 1152K, reserved 1048576K
}
Event: 8.535 GC heap after
{Heap after GC invocations=3 (full 0):
 PSYoungGen      total 29696K, used 4073K [0x00000000d5580000, 0x00000000d7680000, 0x0000000100000000)
  eden space 25600K, 0% used [0x00000000d5580000,0x00000000d5580000,0x00000000d6e80000)
  from space 4096K, 99% used [0x00000000d6e80000,0x00000000d727a510,0x00000000d7280000)
  to   space 4096K, 0% used [0x00000000d7280000,0x00000000d7280000,0x00000000d7680000)
 ParOldGen       total 68608K, used 4769K [0x0000000080000000, 0x0000000084300000, 0x00000000d5580000)
  object space 68608K, 6% used [0x0000000080000000,0x00000000804a85c8,0x0000000084300000)
 Metaspace       used 9425K, committed 9728K, reserved 1114112K
  class space    used 1004K, committed 1152K, reserved 1048576K
}
Event: 10.073 GC heap before
{Heap before GC invocations=4 (full 0):
 PSYoungGen      total 29696K, used 29673K [0x00000000d5580000, 0x00000000d7680000, 0x0000000100000000)
  eden space 25600K, 100% used [0x00000000d5580000,0x00000000d6e80000,0x00000000d6e80000)
  from space 4096K, 99% used [0x00000000d6e80000,0x00000000d727a510,0x00000000d7280000)
  to   space 4096K, 0% used [0x00000000d7280000,0x00000000d7280000,0x00000000d7680000)
 ParOldGen       total 68608K, used 4769K [0x0000000080000000, 0x0000000084300000, 0x00000000d5580000)
  object space 68608K, 6% used [0x0000000080000000,0x00000000804a85c8,0x0000000084300000)
 Metaspace       used 12139K, committed 12544K, reserved 1114112K
  class space    used 1292K, committed 1472K, reserved 1048576K
}
Event: 10.084 GC heap after
{Heap after GC invocations=4 (full 0):
 PSYoungGen      total 29696K, used 4077K [0x00000000d5580000, 0x00000000d7680000, 0x0000000100000000)
  eden space 25600K, 0% used [0x00000000d5580000,0x00000000d5580000,0x00000000d6e80000)
  from space 4096K, 99% used [0x00000000d7280000,0x00000000d767b540,0x00000000d7680000)
  to   space 4096K, 0% used [0x00000000d6e80000,0x00000000d6e80000,0x00000000d7280000)
 ParOldGen       total 68608K, used 6152K [0x0000000080000000, 0x0000000084300000, 0x00000000d5580000)
  object space 68608K, 8% used [0x0000000080000000,0x00000000806023a8,0x0000000084300000)
 Metaspace       used 12139K, committed 12544K, reserved 1114112K
  class space    used 1292K, committed 1472K, reserved 1048576K
}
Event: 11.311 GC heap before
{Heap before GC invocations=5 (full 0):
 PSYoungGen      total 29696K, used 29677K [0x00000000d5580000, 0x00000000d7680000, 0x0000000100000000)
  eden space 25600K, 100% used [0x00000000d5580000,0x00000000d6e80000,0x00000000d6e80000)
  from space 4096K, 99% used [0x00000000d7280000,0x00000000d767b540,0x00000000d7680000)
  to   space 4096K, 0% used [0x00000000d6e80000,0x00000000d6e80000,0x00000000d7280000)
 ParOldGen       total 68608K, used 6152K [0x0000000080000000, 0x0000000084300000, 0x00000000d5580000)
  object space 68608K, 8% used [0x0000000080000000,0x00000000806023a8,0x0000000084300000)
 Metaspace       used 15794K, committed 16384K, reserved 1114112K
  class space    used 1643K, committed 1920K, reserved 1048576K
}
Event: 11.321 GC heap after
{Heap after GC invocations=5 (full 0):
 PSYoungGen      total 29184K, used 4095K [0x00000000d5580000, 0x00000000d7c00000, 0x0000000100000000)
  eden space 25088K, 0% used [0x00000000d5580000,0x00000000d5580000,0x00000000d6e00000)
  from space 4096K, 99% used [0x00000000d6e80000,0x00000000d727ffd0,0x00000000d7280000)
  to   space 7168K, 0% used [0x00000000d7500000,0x00000000d7500000,0x00000000d7c00000)
 ParOldGen       total 68608K, used 8662K [0x0000000080000000, 0x0000000084300000, 0x00000000d5580000)
  object space 68608K, 12% used [0x0000000080000000,0x0000000080875b28,0x0000000084300000)
 Metaspace       used 15794K, committed 16384K, reserved 1114112K
  class space    used 1643K, committed 1920K, reserved 1048576K
}
Event: 12.951 GC heap before
{Heap before GC invocations=6 (full 0):
 PSYoungGen      total 29184K, used 29183K [0x00000000d5580000, 0x00000000d7c00000, 0x0000000100000000)
  eden space 25088K, 100% used [0x00000000d5580000,0x00000000d6e00000,0x00000000d6e00000)
  from space 4096K, 99% used [0x00000000d6e80000,0x00000000d727ffd0,0x00000000d7280000)
  to   space 7168K, 0% used [0x00000000d7500000,0x00000000d7500000,0x00000000d7c00000)
 ParOldGen       total 68608K, used 8662K [0x0000000080000000, 0x0000000084300000, 0x00000000d5580000)
  object space 68608K, 12% used [0x0000000080000000,0x0000000080875b28,0x0000000084300000)
 Metaspace       used 18871K, committed 19648K, reserved 1114112K
  class space    used 1984K, committed 2304K, reserved 1048576K
}
Event: 12.960 GC heap after
{Heap after GC invocations=6 (full 0):
 PSYoungGen      total 29184K, used 4563K [0x00000000d5580000, 0x00000000d7980000, 0x0000000100000000)
  eden space 24576K, 0% used [0x00000000d5580000,0x00000000d5580000,0x00000000d6d80000)
  from space 4608K, 99% used [0x00000000d7500000,0x00000000d7974cf8,0x00000000d7980000)
  to   space 5632K, 0% used [0x00000000d6e80000,0x00000000d6e80000,0x00000000d7400000)
 ParOldGen       total 68608K, used 8670K [0x0000000080000000, 0x0000000084300000, 0x00000000d5580000)
  object space 68608K, 12% used [0x0000000080000000,0x0000000080877b28,0x0000000084300000)
 Metaspace       used 18871K, committed 19648K, reserved 1114112K
  class space    used 1984K, committed 2304K, reserved 1048576K
}
Event: 13.394 GC heap before
{Heap before GC invocations=7 (full 0):
 PSYoungGen      total 29184K, used 21699K [0x00000000d5580000, 0x00000000d7980000, 0x0000000100000000)
  eden space 24576K, 69% used [0x00000000d5580000,0x00000000d663bf68,0x00000000d6d80000)
  from space 4608K, 99% used [0x00000000d7500000,0x00000000d7974cf8,0x00000000d7980000)
  to   space 5632K, 0% used [0x00000000d6e80000,0x00000000d6e80000,0x00000000d7400000)
 ParOldGen       total 68608K, used 8670K [0x0000000080000000, 0x0000000084300000, 0x00000000d5580000)
  object space 68608K, 12% used [0x0000000080000000,0x0000000080877b28,0x0000000084300000)
 Metaspace       used 20687K, committed 21504K, reserved 1114112K
  class space    used 2197K, committed 2560K, reserved 1048576K
}
Event: 13.404 GC heap after
{Heap after GC invocations=7 (full 0):
 PSYoungGen      total 28672K, used 3660K [0x00000000d5580000, 0x00000000d7680000, 0x0000000100000000)
  eden space 24576K, 0% used [0x00000000d5580000,0x00000000d5580000,0x00000000d6d80000)
  from space 4096K, 89% used [0x00000000d6e80000,0x00000000d7213058,0x00000000d7280000)
  to   space 4096K, 0% used [0x00000000d7280000,0x00000000d7280000,0x00000000d7680000)
 ParOldGen       total 68608K, used 10239K [0x0000000080000000, 0x0000000084300000, 0x00000000d5580000)
  object space 68608K, 14% used [0x0000000080000000,0x00000000809ffeb0,0x0000000084300000)
 Metaspace       used 20687K, committed 21504K, reserved 1114112K
  class space    used 2197K, committed 2560K, reserved 1048576K
}
Event: 13.404 GC heap before
{Heap before GC invocations=8 (full 1):
 PSYoungGen      total 28672K, used 3660K [0x00000000d5580000, 0x00000000d7680000, 0x0000000100000000)
  eden space 24576K, 0% used [0x00000000d5580000,0x00000000d5580000,0x00000000d6d80000)
  from space 4096K, 89% used [0x00000000d6e80000,0x00000000d7213058,0x00000000d7280000)
  to   space 4096K, 0% used [0x00000000d7280000,0x00000000d7280000,0x00000000d7680000)
 ParOldGen       total 68608K, used 10239K [0x0000000080000000, 0x0000000084300000, 0x00000000d5580000)
  object space 68608K, 14% used [0x0000000080000000,0x00000000809ffeb0,0x0000000084300000)
 Metaspace       used 20687K, committed 21504K, reserved 1114112K
  class space    used 2197K, committed 2560K, reserved 1048576K
}
Event: 13.473 GC heap after
{Heap after GC invocations=8 (full 1):
 PSYoungGen      total 28672K, used 0K [0x00000000d5580000, 0x00000000d7680000, 0x0000000100000000)
  eden space 24576K, 0% used [0x00000000d5580000,0x00000000d5580000,0x00000000d6d80000)
  from space 4096K, 0% used [0x00000000d6e80000,0x00000000d6e80000,0x00000000d7280000)
  to   space 4096K, 0% used [0x00000000d7280000,0x00000000d7280000,0x00000000d7680000)
 ParOldGen       total 68608K, used 13361K [0x0000000080000000, 0x0000000084300000, 0x00000000d5580000)
  object space 68608K, 19% used [0x0000000080000000,0x0000000080d0c7d0,0x0000000084300000)
 Metaspace       used 20674K, committed 21504K, reserved 1114112K
  class space    used 2193K, committed 2560K, reserved 1048576K
}
Event: 14.043 GC heap before
{Heap before GC invocations=9 (full 1):
 PSYoungGen      total 28672K, used 24576K [0x00000000d5580000, 0x00000000d7680000, 0x0000000100000000)
  eden space 24576K, 100% used [0x00000000d5580000,0x00000000d6d80000,0x00000000d6d80000)
  from space 4096K, 0% used [0x00000000d6e80000,0x00000000d6e80000,0x00000000d7280000)
  to   space 4096K, 0% used [0x00000000d7280000,0x00000000d7280000,0x00000000d7680000)
 ParOldGen       total 68608K, used 13361K [0x0000000080000000, 0x0000000084300000, 0x00000000d5580000)
  object space 68608K, 19% used [0x0000000080000000,0x0000000080d0c7d0,0x0000000084300000)
 Metaspace       used 22719K, committed 23616K, reserved 1114112K
  class space    used 2337K, committed 2752K, reserved 1048576K
}
Event: 14.046 GC heap after
{Heap after GC invocations=9 (full 1):
 PSYoungGen      total 25600K, used 1231K [0x00000000d5580000, 0x00000000d7400000, 0x0000000100000000)
  eden space 24064K, 0% used [0x00000000d5580000,0x00000000d5580000,0x00000000d6d00000)
  from space 1536K, 80% used [0x00000000d7280000,0x00000000d73b3d40,0x00000000d7400000)
  to   space 2560K, 0% used [0x00000000d6f00000,0x00000000d6f00000,0x00000000d7180000)
 ParOldGen       total 68608K, used 13369K [0x0000000080000000, 0x0000000084300000, 0x00000000d5580000)
  object space 68608K, 19% used [0x0000000080000000,0x0000000080d0e7d0,0x0000000084300000)
 Metaspace       used 22719K, committed 23616K, reserved 1114112K
  class space    used 2337K, committed 2752K, reserved 1048576K
}

Dll operation events (10 events):
Event: 0.034 Loaded shared library c:\Users\HP\.cursor\extensions\redhat.java-1.47.0-win32-x64\jre\21.0.8-win32-x86_64\bin\java.dll
Event: 0.395 Loaded shared library c:\Users\HP\.cursor\extensions\redhat.java-1.47.0-win32-x64\jre\21.0.8-win32-x86_64\bin\zip.dll
Event: 0.503 Loaded shared library C:\Users\HP\.cursor\extensions\redhat.java-1.47.0-win32-x64\jre\21.0.8-win32-x86_64\bin\instrument.dll
Event: 0.515 Loaded shared library C:\Users\HP\.cursor\extensions\redhat.java-1.47.0-win32-x64\jre\21.0.8-win32-x86_64\bin\net.dll
Event: 0.521 Loaded shared library C:\Users\HP\.cursor\extensions\redhat.java-1.47.0-win32-x64\jre\21.0.8-win32-x86_64\bin\nio.dll
Event: 0.530 Loaded shared library C:\Users\HP\.cursor\extensions\redhat.java-1.47.0-win32-x64\jre\21.0.8-win32-x86_64\bin\zip.dll
Event: 0.606 Loaded shared library C:\Users\HP\.cursor\extensions\redhat.java-1.47.0-win32-x64\jre\21.0.8-win32-x86_64\bin\jimage.dll
Event: 1.163 Loaded shared library c:\Users\HP\.cursor\extensions\redhat.java-1.47.0-win32-x64\jre\21.0.8-win32-x86_64\bin\verify.dll
Event: 7.182 Loaded shared library C:\Users\HP\AppData\Roaming\Cursor\User\globalStorage\redhat.java\1.47.0\config_win\org.eclipse.equinox.launcher\org.eclipse.equinox.launcher.win32.win32.x86_64_1.2.1400.v20250801-0854\eclipse_11916.dll
Event: 12.256 Loaded shared library C:\Users\HP\AppData\Local\Temp\jna-2312\jna6627230722873725534.dll

Deoptimization events (20 events):
Event: 13.007 Thread 0x0000021c72198a40 DEOPT PACKING pc=0x0000021c59be5c06 sp=0x00000084fccf0750
Event: 13.008 Thread 0x0000021c72198a40 DEOPT UNPACKING pc=0x0000021c61074242 sp=0x00000084fccefbd0 mode 0
Event: 13.013 Thread 0x0000021c72198a40 DEOPT PACKING pc=0x0000021c59be5c06 sp=0x00000084fccf09a0
Event: 13.013 Thread 0x0000021c72198a40 DEOPT UNPACKING pc=0x0000021c61074242 sp=0x00000084fccefe20 mode 0
Event: 13.074 Thread 0x0000021c72198a40 Uncommon trap: trap_request=0xffffff45 fr.pc=0x0000021c615e6cbc relative=0x000000000000045c
Event: 13.074 Thread 0x0000021c72198a40 Uncommon trap: reason=unstable_if action=reinterpret pc=0x0000021c615e6cbc method=java.lang.StringLatin1.canEncode(I)Z @ 4 c2
Event: 13.074 Thread 0x0000021c72198a40 DEOPT PACKING pc=0x0000021c615e6cbc sp=0x00000084fccf2960
Event: 13.074 Thread 0x0000021c72198a40 DEOPT UNPACKING pc=0x0000021c61073aa2 sp=0x00000084fccf2898 mode 2
Event: 13.074 Thread 0x0000021c72198a40 Uncommon trap: trap_request=0xffffff45 fr.pc=0x0000021c616145a8 relative=0x0000000000000448
Event: 13.074 Thread 0x0000021c72198a40 Uncommon trap: reason=unstable_if action=reinterpret pc=0x0000021c616145a8 method=java.lang.AbstractStringBuilder.isLatin1()Z @ 10 c2
Event: 13.074 Thread 0x0000021c72198a40 DEOPT PACKING pc=0x0000021c616145a8 sp=0x00000084fccf2980
Event: 13.074 Thread 0x0000021c72198a40 DEOPT UNPACKING pc=0x0000021c61073aa2 sp=0x00000084fccf2910 mode 2
Event: 13.075 Thread 0x0000021c72198a40 Uncommon trap: trap_request=0xffffff45 fr.pc=0x0000021c615ee2e8 relative=0x0000000000000048
Event: 13.075 Thread 0x0000021c72198a40 Uncommon trap: reason=unstable_if action=reinterpret pc=0x0000021c615ee2e8 method=java.lang.StringLatin1.canEncode(I)Z @ 4 c2
Event: 13.075 Thread 0x0000021c72198a40 DEOPT PACKING pc=0x0000021c615ee2e8 sp=0x00000084fccf2910
Event: 13.075 Thread 0x0000021c72198a40 DEOPT UNPACKING pc=0x0000021c61073aa2 sp=0x00000084fccf28a0 mode 2
Event: 13.552 Thread 0x0000021c72198a40 Uncommon trap: trap_request=0xffffff45 fr.pc=0x0000021c61703ed4 relative=0x0000000000000b94
Event: 13.552 Thread 0x0000021c72198a40 Uncommon trap: reason=unstable_if action=reinterpret pc=0x0000021c61703ed4 method=jdk.internal.org.objectweb.asm.Frame.execute(IILjdk/internal/org/objectweb/asm/Symbol;Ljdk/internal/org/objectweb/asm/SymbolTable;)V @ 1 c2
Event: 13.552 Thread 0x0000021c72198a40 DEOPT PACKING pc=0x0000021c61703ed4 sp=0x00000084fccf7950
Event: 13.552 Thread 0x0000021c72198a40 DEOPT UNPACKING pc=0x0000021c61073aa2 sp=0x00000084fccf78d8 mode 2

Classes loaded (20 events):
Event: 13.650 Loading class java/util/zip/GZIPInputStream
Event: 13.650 Loading class java/util/zip/GZIPInputStream done
Event: 13.662 Loading class java/net/SocketTimeoutException
Event: 13.662 Loading class java/io/InterruptedIOException
Event: 13.662 Loading class java/io/InterruptedIOException done
Event: 13.662 Loading class java/net/SocketTimeoutException done
Event: 13.662 Loading class java/net/SocketException
Event: 13.662 Loading class java/net/SocketException done
Event: 13.667 Loading class java/net/UnknownHostException
Event: 13.667 Loading class java/net/UnknownHostException done
Event: 13.667 Loading class java/net/ProtocolException
Event: 13.668 Loading class java/net/ProtocolException done
Event: 13.738 Loading class java/util/ArrayDeque$DeqSpliterator
Event: 13.738 Loading class java/util/ArrayDeque$DeqSpliterator done
Event: 13.747 Loading class java/lang/ThreadLocal$SuppliedThreadLocal
Event: 13.747 Loading class java/lang/ThreadLocal$SuppliedThreadLocal done
Event: 13.758 Loading class java/io/FileWriter
Event: 13.758 Loading class java/io/FileWriter done
Event: 13.949 Loading class java/lang/NegativeArraySizeException
Event: 13.949 Loading class java/lang/NegativeArraySizeException done

Classes unloaded (7 events):
Event: 13.416 Thread 0x0000021c569af880 Unloading class 0x0000021c011af400 'java/lang/invoke/LambdaForm$MH+0x0000021c011af400'
Event: 13.416 Thread 0x0000021c569af880 Unloading class 0x0000021c011af000 'java/lang/invoke/LambdaForm$MH+0x0000021c011af000'
Event: 13.416 Thread 0x0000021c569af880 Unloading class 0x0000021c011aec00 'java/lang/invoke/LambdaForm$MH+0x0000021c011aec00'
Event: 13.416 Thread 0x0000021c569af880 Unloading class 0x0000021c011ae800 'java/lang/invoke/LambdaForm$MH+0x0000021c011ae800'
Event: 13.416 Thread 0x0000021c569af880 Unloading class 0x0000021c011ae400 'java/lang/invoke/LambdaForm$BMH+0x0000021c011ae400'
Event: 13.416 Thread 0x0000021c569af880 Unloading class 0x0000021c011ae000 'java/lang/invoke/LambdaForm$DMH+0x0000021c011ae000'
Event: 13.416 Thread 0x0000021c569af880 Unloading class 0x0000021c011acc00 'java/lang/invoke/LambdaForm$DMH+0x0000021c011acc00'

Classes redefined (0 events):
No events

Internal exceptions (20 events):
Event: 12.389 Thread 0x0000021c72198a40 Exception <a 'java/lang/NoSuchMethodError'{0x00000000d5c8f7c0}: 'java.lang.Object java.lang.invoke.DirectMethodHandle$Holder.invokeSpecial(java.lang.Object, java.lang.Object, java.lang.Object, long, java.lang.Object)'> (0x00000000d5c8f7c0) 
thrown [s\src\hotspot\share\interpreter\linkResolver.cpp, line 773]
Event: 12.391 Thread 0x0000021c72198a40 Exception <a 'java/lang/NoSuchMethodError'{0x00000000d5c97008}: 'java.lang.Object java.lang.invoke.DirectMethodHandle$Holder.newInvokeSpecial(java.lang.Object, java.lang.Object, java.lang.Object, long)'> (0x00000000d5c97008) 
thrown [s\src\hotspot\share\interpreter\linkResolver.cpp, line 773]
Event: 12.392 Thread 0x0000021c72198a40 Exception <a 'java/lang/NoSuchMethodError'{0x00000000d5c9b3f8}: 'java.lang.Object java.lang.invoke.DirectMethodHandle$Holder.invokeSpecial(java.lang.Object, java.lang.Object, java.lang.Object, java.lang.Object, long)'> (0x00000000d5c9b3f8) 
thrown [s\src\hotspot\share\interpreter\linkResolver.cpp, line 773]
Event: 12.392 Thread 0x0000021c72198a40 Exception <a 'java/lang/NoSuchMethodError'{0x00000000d5c9f018}: 'java.lang.Object java.lang.invoke.Invokers$Holder.linkToTargetMethod(java.lang.Object, java.lang.Object, long, java.lang.Object)'> (0x00000000d5c9f018) 
thrown [s\src\hotspot\share\interpreter\linkResolver.cpp, line 773]
Event: 12.406 Thread 0x0000021c72198a40 Exception <a 'java/lang/NoSuchMethodError'{0x00000000d5d15f28}: 'int java.lang.invoke.DirectMethodHandle$Holder.invokeStaticInit(java.lang.Object, java.lang.Object, java.lang.Object)'> (0x00000000d5d15f28) 
thrown [s\src\hotspot\share\interpreter\linkResolver.cpp, line 773]
Event: 12.423 Thread 0x0000021c72198a40 Exception <a 'java/lang/IncompatibleClassChangeError'{0x00000000d5db5c00}: Found class java.lang.Object, but interface was expected> (0x00000000d5db5c00) 
thrown [s\src\hotspot\share\interpreter\linkResolver.cpp, line 840]
Event: 12.427 Thread 0x0000021c72198a40 Exception <a 'java/lang/NoSuchMethodError'{0x00000000d5dc7108}: 'java.lang.Object java.lang.invoke.DirectMethodHandle$Holder.invokeSpecial(java.lang.Object, java.lang.Object, java.lang.Object, int, java.lang.Object, java.lang.Object)'> (0x00000000d5dc7108) 
thrown [s\src\hotspot\share\interpreter\linkResolver.cpp, line 773]
Event: 12.428 Thread 0x0000021c72198a40 Exception <a 'java/lang/NoSuchMethodError'{0x00000000d5dceb98}: 'java.lang.Object java.lang.invoke.DirectMethodHandle$Holder.newInvokeSpecial(java.lang.Object, java.lang.Object, java.lang.Object, int, java.lang.Object)'> (0x00000000d5dceb98) 
thrown [s\src\hotspot\share\interpreter\linkResolver.cpp, line 773]
Event: 12.428 Thread 0x0000021c72198a40 Exception <a 'java/lang/NoSuchMethodError'{0x00000000d5dd2b58}: 'java.lang.Object java.lang.invoke.DirectMethodHandle$Holder.invokeSpecial(java.lang.Object, java.lang.Object, java.lang.Object, java.lang.Object, int, java.lang.Object)'> (0x00000000d5dd2b58) 
thrown [s\src\hotspot\share\interpreter\linkResolver.cpp, line 773]
Event: 12.429 Thread 0x0000021c72198a40 Exception <a 'java/lang/NoSuchMethodError'{0x00000000d5dd6698}: 'java.lang.Object java.lang.invoke.Invokers$Holder.linkToTargetMethod(java.lang.Object, java.lang.Object, int, java.lang.Object, java.lang.Object)'> (0x00000000d5dd6698) 
thrown [s\src\hotspot\share\interpreter\linkResolver.cpp, line 773]
Event: 12.430 Thread 0x0000021c72e79d20 Exception <a 'java/lang/NoSuchMethodError'{0x00000000d5ce6da8}: 'java.lang.Object java.lang.invoke.DirectMethodHandle$Holder.invokeSpecial(java.lang.Object, java.lang.Object, int, java.lang.Object, java.lang.Object)'> (0x00000000d5ce6da8) 
thrown [s\src\hotspot\share\interpreter\linkResolver.cpp, line 773]
Event: 12.456 Thread 0x0000021c72198a40 Exception <a 'java/lang/NoSuchMethodError'{0x00000000d5ee3798}: 'void java.lang.invoke.DirectMethodHandle$Holder.invokeSpecial(java.lang.Object, java.lang.Object, java.lang.Object, java.lang.Object, java.lang.Object)'> (0x00000000d5ee3798) 
thrown [s\src\hotspot\share\interpreter\linkResolver.cpp, line 773]
Event: 12.705 Thread 0x0000021c72198a40 Exception <a 'java/lang/NoSuchMethodError'{0x00000000d6696da0}: 'java.lang.Object java.lang.invoke.DirectMethodHandle$Holder.invokeInterface(java.lang.Object, java.lang.Object, java.lang.Object)'> (0x00000000d6696da0) 
thrown [s\src\hotspot\share\interpreter\linkResolver.cpp, line 773]
Event: 12.874 Thread 0x0000021c72198a40 Exception <a 'java/lang/NoSuchMethodError'{0x00000000d6b08568}: 'java.lang.Object java.lang.invoke.Invokers$Holder.linkToTargetMethod(java.lang.Object, long, java.lang.Object, java.lang.Object)'> (0x00000000d6b08568) 
thrown [s\src\hotspot\share\interpreter\linkResolver.cpp, line 773]
Event: 13.228 Thread 0x0000021c72198a40 Exception <a 'java/lang/NoSuchMethodError'{0x00000000d61b45d0}: 'long java.lang.invoke.Invokers$Holder.invokeExact_MT(java.lang.Object, java.lang.Object)'> (0x00000000d61b45d0) 
thrown [s\src\hotspot\share\interpreter\linkResolver.cpp, line 773]
Event: 13.551 Thread 0x0000021c72198a40 Exception <a 'java/lang/NoSuchMethodError'{0x00000000d586a3d0}: 'double java.lang.invoke.DirectMethodHandle$Holder.invokeStatic(java.lang.Object, java.lang.Object)'> (0x00000000d586a3d0) 
thrown [s\src\hotspot\share\interpreter\linkResolver.cpp, line 773]
Event: 13.553 Thread 0x0000021c72198a40 Exception <a 'java/lang/NoSuchMethodError'{0x00000000d586da90}: 'double java.lang.invoke.DirectMethodHandle$Holder.invokeStaticInit(java.lang.Object, java.lang.Object)'> (0x00000000d586da90) 
thrown [s\src\hotspot\share\interpreter\linkResolver.cpp, line 773]
Event: 13.725 Thread 0x0000021c72e79000 Exception <a 'java/lang/NoSuchMethodError'{0x00000000d5d1c288}: 'java.lang.Object java.lang.invoke.DirectMethodHandle$Holder.newInvokeSpecial(java.lang.Object, java.lang.Object, java.lang.Object, int)'> (0x00000000d5d1c288) 
thrown [s\src\hotspot\share\interpreter\linkResolver.cpp, line 773]
Event: 13.726 Thread 0x0000021c72e79000 Exception <a 'java/lang/NoSuchMethodError'{0x00000000d5d1ff18}: 'java.lang.Object java.lang.invoke.DirectMethodHandle$Holder.invokeSpecial(java.lang.Object, java.lang.Object, java.lang.Object, java.lang.Object, int)'> (0x00000000d5d1ff18) 
thrown [s\src\hotspot\share\interpreter\linkResolver.cpp, line 773]
Event: 13.727 Thread 0x0000021c72e79000 Exception <a 'java/lang/NoSuchMethodError'{0x00000000d5d23618}: 'java.lang.Object java.lang.invoke.Invokers$Holder.linkToTargetMethod(java.lang.Object, java.lang.Object, int, java.lang.Object)'> (0x00000000d5d23618) 
thrown [s\src\hotspot\share\interpreter\linkResolver.cpp, line 773]

ZGC Phase Switch (0 events):
No events

VM Operations (20 events):
Event: 11.464 Executing VM operation: HandshakeAllThreads (Deoptimize)
Event: 11.464 Executing VM operation: HandshakeAllThreads (Deoptimize) done
Event: 12.272 Executing VM operation: HandshakeAllThreads (Deoptimize)
Event: 12.272 Executing VM operation: HandshakeAllThreads (Deoptimize) done
Event: 12.548 Executing VM operation: HandshakeAllThreads (Deoptimize)
Event: 12.548 Executing VM operation: HandshakeAllThreads (Deoptimize) done
Event: 12.548 Executing VM operation: Cleanup
Event: 12.548 Executing VM operation: Cleanup done
Event: 12.609 Executing VM operation: HandshakeAllThreads (Deoptimize)
Event: 12.609 Executing VM operation: HandshakeAllThreads (Deoptimize) done
Event: 12.624 Executing VM operation: HandshakeAllThreads (Deoptimize)
Event: 12.624 Executing VM operation: HandshakeAllThreads (Deoptimize) done
Event: 12.951 Executing VM operation: ParallelGCFailedAllocation (Allocation Failure)
Event: 12.960 Executing VM operation: ParallelGCFailedAllocation (Allocation Failure) done
Event: 13.380 Executing VM operation: HandshakeAllThreads (Deoptimize)
Event: 13.382 Executing VM operation: HandshakeAllThreads (Deoptimize) done
Event: 13.394 Executing VM operation: CollectForMetadataAllocation (Metadata GC Threshold)
Event: 13.473 Executing VM operation: CollectForMetadataAllocation (Metadata GC Threshold) done
Event: 14.043 Executing VM operation: ParallelGCFailedAllocation (Allocation Failure)
Event: 14.046 Executing VM operation: ParallelGCFailedAllocation (Allocation Failure) done

Memory protections (0 events):
No events

Nmethod flushes (0 events):
No events

Events (20 events):
Event: 0.163 Thread 0x0000021c568f11f0 Thread added: 0x0000021c567ddf50
Event: 0.163 Thread 0x0000021c568f11f0 Thread added: 0x0000021c567dee60
Event: 0.164 Thread 0x0000021c568f11f0 Thread added: 0x0000021c567e1c20
Event: 0.164 Thread 0x0000021c568f11f0 Thread added: 0x0000021c567e2af0
Event: 0.164 Thread 0x0000021c568f11f0 Thread added: 0x0000021c567e5550
Event: 0.164 Thread 0x0000021c568f11f0 Thread added: 0x0000021c567e6380
Event: 0.181 Thread 0x0000021c568f11f0 Thread added: 0x0000021c56851ad0
Event: 0.291 Thread 0x0000021c568f11f0 Thread added: 0x0000021c568867c0
Event: 1.535 Thread 0x0000021c568f11f0 Thread added: 0x0000021c7216d7a0
Event: 6.092 Thread 0x0000021c568f11f0 Thread added: 0x0000021c728d52a0
Event: 7.168 Thread 0x0000021c568f11f0 Thread added: 0x0000021c72807790
Event: 7.369 Thread 0x0000021c72807790 Thread added: 0x0000021c72194280
Event: 7.411 Thread 0x0000021c568f11f0 Thread added: 0x0000021c72198a40
Event: 8.644 Thread 0x0000021c72198a40 Thread added: 0x0000021c72bfe2b0
Event: 9.730 Thread 0x0000021c72198a40 Thread added: 0x0000021c73107e90
Event: 10.605 Thread 0x0000021c72198a40 Thread added: 0x0000021c730f1680
Event: 12.321 Thread 0x0000021c72198a40 Thread added: 0x0000021c72fd7ad0
Event: 12.397 Thread 0x0000021c72198a40 Thread added: 0x0000021c72e79d20
Event: 12.430 Thread 0x0000021c72198a40 Thread added: 0x0000021c72e79690
Event: 12.431 Thread 0x0000021c72198a40 Thread added: 0x0000021c72e79000


Dynamic libraries:
0x00007ff735f10000 - 0x00007ff735f1e000 	c:\Users\HP\.cursor\extensions\redhat.java-1.47.0-win32-x64\jre\21.0.8-win32-x86_64\bin\java.exe
0x00007ffe8be10000 - 0x00007ffe8c008000 	C:\Windows\SYSTEM32\ntdll.dll
0x00007ffe89ff0000 - 0x00007ffe8a0b2000 	C:\Windows\System32\KERNEL32.DLL
0x00007ffe89870000 - 0x00007ffe89b66000 	C:\Windows\System32\KERNELBASE.dll
0x00007ffe89540000 - 0x00007ffe89640000 	C:\Windows\System32\ucrtbase.dll
0x00007ffe6e050000 - 0x00007ffe6e068000 	c:\Users\HP\.cursor\extensions\redhat.java-1.47.0-win32-x64\jre\21.0.8-win32-x86_64\bin\jli.dll
0x00007ffe8b380000 - 0x00007ffe8b521000 	C:\Windows\System32\USER32.dll
0x00007ffe89c20000 - 0x00007ffe89c42000 	C:\Windows\System32\win32u.dll
0x00007ffe8af70000 - 0x00007ffe8af9b000 	C:\Windows\System32\GDI32.dll
0x00007ffe89c50000 - 0x00007ffe89d69000 	C:\Windows\System32\gdi32full.dll
0x00007ffe894a0000 - 0x00007ffe8953d000 	C:\Windows\System32\msvcp_win.dll
0x00007ffe6e030000 - 0x00007ffe6e04e000 	c:\Users\HP\.cursor\extensions\redhat.java-1.47.0-win32-x64\jre\21.0.8-win32-x86_64\bin\VCRUNTIME140.dll
0x00007ffe73330000 - 0x00007ffe735cb000 	C:\Windows\WinSxS\amd64_microsoft.windows.common-controls_6595b64144ccf1df_6.0.19041.6456_none_60b8a6cb71f64256\COMCTL32.dll
0x00007ffe89e30000 - 0x00007ffe89ece000 	C:\Windows\System32\msvcrt.dll
0x00007ffe8a2d0000 - 0x00007ffe8a2ff000 	C:\Windows\System32\IMM32.DLL
0x00007ffe80c60000 - 0x00007ffe80c6c000 	c:\Users\HP\.cursor\extensions\redhat.java-1.47.0-win32-x64\jre\21.0.8-win32-x86_64\bin\vcruntime140_1.dll
0x00007ffe5c480000 - 0x00007ffe5c50d000 	c:\Users\HP\.cursor\extensions\redhat.java-1.47.0-win32-x64\jre\21.0.8-win32-x86_64\bin\msvcp140.dll
0x00007ffe27440000 - 0x00007ffe281d7000 	c:\Users\HP\.cursor\extensions\redhat.java-1.47.0-win32-x64\jre\21.0.8-win32-x86_64\bin\server\jvm.dll
0x00007ffe8bd00000 - 0x00007ffe8bdb1000 	C:\Windows\System32\ADVAPI32.dll
0x00007ffe89f50000 - 0x00007ffe89fef000 	C:\Windows\System32\sechost.dll
0x00007ffe8a300000 - 0x00007ffe8a420000 	C:\Windows\System32\RPCRT4.dll
0x00007ffe89e00000 - 0x00007ffe89e27000 	C:\Windows\System32\bcrypt.dll
0x00007ffe8ad40000 - 0x00007ffe8adab000 	C:\Windows\System32\WS2_32.dll
0x00007ffe89300000 - 0x00007ffe8934b000 	C:\Windows\SYSTEM32\POWRPROF.dll
0x00007ffe735e0000 - 0x00007ffe73607000 	C:\Windows\SYSTEM32\WINMM.dll
0x00007ffe7b180000 - 0x00007ffe7b18a000 	C:\Windows\SYSTEM32\VERSION.dll
0x00007ffe892e0000 - 0x00007ffe892f2000 	C:\Windows\SYSTEM32\UMPDC.dll
0x00007ffe87c70000 - 0x00007ffe87c82000 	C:\Windows\SYSTEM32\kernel.appcore.dll
0x00007ffe7ed40000 - 0x00007ffe7ed4a000 	c:\Users\HP\.cursor\extensions\redhat.java-1.47.0-win32-x64\jre\21.0.8-win32-x86_64\bin\jimage.dll
0x00007ffe83170000 - 0x00007ffe83371000 	C:\Windows\SYSTEM32\DBGHELP.DLL
0x00007ffe6d9e0000 - 0x00007ffe6da14000 	C:\Windows\SYSTEM32\dbgcore.DLL
0x00007ffe89d70000 - 0x00007ffe89df2000 	C:\Windows\System32\bcryptPrimitives.dll
0x00007ffe80b70000 - 0x00007ffe80b7f000 	c:\Users\HP\.cursor\extensions\redhat.java-1.47.0-win32-x64\jre\21.0.8-win32-x86_64\bin\instrument.dll
0x00007ffe6dee0000 - 0x00007ffe6deff000 	c:\Users\HP\.cursor\extensions\redhat.java-1.47.0-win32-x64\jre\21.0.8-win32-x86_64\bin\java.dll
0x00007ffe8a420000 - 0x00007ffe8ab90000 	C:\Windows\System32\SHELL32.dll
0x00007ffe86f20000 - 0x00007ffe876c5000 	C:\Windows\SYSTEM32\windows.storage.dll
0x00007ffe8b9a0000 - 0x00007ffe8bcf4000 	C:\Windows\System32\combase.dll
0x00007ffe88d10000 - 0x00007ffe88d3b000 	C:\Windows\SYSTEM32\Wldp.dll
0x00007ffe8a0c0000 - 0x00007ffe8a18d000 	C:\Windows\System32\OLEAUT32.dll
0x00007ffe8adb0000 - 0x00007ffe8ae5d000 	C:\Windows\System32\SHCORE.dll
0x00007ffe8b200000 - 0x00007ffe8b25b000 	C:\Windows\System32\shlwapi.dll
0x00007ffe893d0000 - 0x00007ffe893f4000 	C:\Windows\SYSTEM32\profapi.dll
0x00007ffe6ca00000 - 0x00007ffe6ca18000 	c:\Users\HP\.cursor\extensions\redhat.java-1.47.0-win32-x64\jre\21.0.8-win32-x86_64\bin\zip.dll
0x00007ffe6c9f0000 - 0x00007ffe6ca00000 	C:\Users\HP\.cursor\extensions\redhat.java-1.47.0-win32-x64\jre\21.0.8-win32-x86_64\bin\net.dll
0x00007ffe7bb40000 - 0x00007ffe7bc4a000 	C:\Windows\SYSTEM32\WINHTTP.dll
0x00007ffe88af0000 - 0x00007ffe88b5a000 	C:\Windows\system32\mswsock.dll
0x00007ffe6c9d0000 - 0x00007ffe6c9e6000 	C:\Users\HP\.cursor\extensions\redhat.java-1.47.0-win32-x64\jre\21.0.8-win32-x86_64\bin\nio.dll
0x00007ffe69cf0000 - 0x00007ffe69d00000 	c:\Users\HP\.cursor\extensions\redhat.java-1.47.0-win32-x64\jre\21.0.8-win32-x86_64\bin\verify.dll
0x00007ffe6fd30000 - 0x00007ffe6fd74000 	C:\Users\HP\AppData\Roaming\Cursor\User\globalStorage\redhat.java\1.47.0\config_win\org.eclipse.equinox.launcher\org.eclipse.equinox.launcher.win32.win32.x86_64_1.2.1400.v20250801-0854\eclipse_11916.dll
0x00007ffe8a1a0000 - 0x00007ffe8a2cb000 	C:\Windows\System32\ole32.dll
0x00007ffe88d50000 - 0x00007ffe88d68000 	C:\Windows\SYSTEM32\CRYPTSP.dll
0x00007ffe88430000 - 0x00007ffe88468000 	C:\Windows\system32\rsaenh.dll
0x00007ffe89350000 - 0x00007ffe8937e000 	C:\Windows\SYSTEM32\USERENV.dll
0x00007ffe88c80000 - 0x00007ffe88c8c000 	C:\Windows\SYSTEM32\CRYPTBASE.dll
0x00007ffe887f0000 - 0x00007ffe8882b000 	C:\Windows\SYSTEM32\IPHLPAPI.DLL
0x00007ffe8b1d0000 - 0x00007ffe8b1d8000 	C:\Windows\System32\NSI.dll
0x00007ffe6e330000 - 0x00007ffe6e379000 	C:\Users\HP\AppData\Local\Temp\jna-2312\jna6627230722873725534.dll
0x00007ffe8bdc0000 - 0x00007ffe8bdc8000 	C:\Windows\System32\PSAPI.DLL

JVMTI agents:
c:\Users\HP\.cursor\extensions\redhat.java-1.47.0-win32-x64\lombok\lombok-1.18.39-4050.jar path:c:\Users\HP\.cursor\extensions\redhat.java-1.47.0-win32-x64\jre\21.0.8-win32-x86_64\bin\instrument.dll, loaded, initialized, instrumentlib options:none

dbghelp: loaded successfully - version: 4.0.5 - missing functions: none
symbol engine: initialized successfully - sym options: 0x614 - pdb path: .;c:\Users\HP\.cursor\extensions\redhat.java-1.47.0-win32-x64\jre\21.0.8-win32-x86_64\bin;C:\Windows\SYSTEM32;C:\Windows\WinSxS\amd64_microsoft.windows.common-controls_6595b64144ccf1df_6.0.19041.6456_none_60b8a6cb71f64256;c:\Users\HP\.cursor\extensions\redhat.java-1.47.0-win32-x64\jre\21.0.8-win32-x86_64\bin\server;C:\Users\HP\AppData\Roaming\Cursor\User\globalStorage\redhat.java\1.47.0\config_win\org.eclipse.equinox.launcher\org.eclipse.equinox.launcher.win32.win32.x86_64_1.2.1400.v20250801-0854;C:\Users\HP\AppData\Local\Temp\jna-2312

VM Arguments:
jvm_args: --add-modules=ALL-SYSTEM --add-opens=java.base/java.util=ALL-UNNAMED --add-opens=java.base/java.lang=ALL-UNNAMED --add-opens=java.base/sun.nio.fs=ALL-UNNAMED -Declipse.application=org.eclipse.jdt.ls.core.id1 -Dosgi.bundles.defaultStartLevel=4 -Declipse.product=org.eclipse.jdt.ls.core.product -Djava.import.generatesMetadataFilesAtProjectRoot=false -DDetectVMInstallationsJob.disabled=true -Dfile.encoding=utf8 -XX:+UseParallelGC -XX:GCTimeRatio=4 -XX:AdaptiveSizePolicyWeight=90 -Dsun.zip.disableMemoryMapping=true -Xmx2G -Xms100m -Xlog:disable -javaagent:c:\Users\HP\.cursor\extensions\redhat.java-1.47.0-win32-x64\lombok\lombok-1.18.39-4050.jar -XX:+HeapDumpOnOutOfMemoryError -XX:HeapDumpPath=c:\Users\HP\AppData\Roaming\Cursor\User\workspaceStorage\13b526afc1915e23801d6bfb845da41f\redhat.java -Daether.dependencyCollector.impl=bf 
java_command: c:\Users\HP\.cursor\extensions\redhat.java-1.47.0-win32-x64\server\plugins\org.eclipse.equinox.launcher_1.7.100.v20251014-1222.jar -configuration c:\Users\HP\AppData\Roaming\Cursor\User\globalStorage\redhat.java\1.47.0\config_win -data c:\Users\HP\AppData\Roaming\Cursor\User\workspaceStorage\13b526afc1915e23801d6bfb845da41f\redhat.java\jdt_ws --pipe=\\.\pipe\lsp-7ae6b27e9ee9222e7ea9404dda12d249-sock
java_class_path (initial): c:\Users\HP\.cursor\extensions\redhat.java-1.47.0-win32-x64\server\plugins\org.eclipse.equinox.launcher_1.7.100.v20251014-1222.jar
Launcher Type: SUN_STANDARD

[Global flags]
    uintx AdaptiveSizePolicyWeight                 = 90                                        {product} {command line}
     intx CICompilerCount                          = 3                                         {product} {ergonomic}
    uintx GCTimeRatio                              = 4                                         {product} {command line}
     bool HeapDumpOnOutOfMemoryError               = true                                   {manageable} {command line}
    ccstr HeapDumpPath                             = c:\Users\HP\AppData\Roaming\Cursor\User\workspaceStorage\13b526afc1915e23801d6bfb845da41f\redhat.java         {manageable} {command line}
   size_t InitialHeapSize                          = 104857600                                 {product} {command line}
   size_t MaxHeapSize                              = 2147483648                                {product} {command line}
   size_t MaxNewSize                               = 715653120                                 {product} {ergonomic}
   size_t MinHeapDeltaBytes                        = 524288                                    {product} {ergonomic}
   size_t MinHeapSize                              = 104857600                                 {product} {command line}
   size_t NewSize                                  = 34603008                                  {product} {ergonomic}
    uintx NonNMethodCodeHeapSize                   = 5832780                                {pd product} {ergonomic}
    uintx NonProfiledCodeHeapSize                  = 122912730                              {pd product} {ergonomic}
   size_t OldSize                                  = 70254592                                  {product} {ergonomic}
    uintx ProfiledCodeHeapSize                     = 122912730                              {pd product} {ergonomic}
    uintx ReservedCodeCacheSize                    = 251658240                              {pd product} {ergonomic}
     bool SegmentedCodeCache                       = true                                      {product} {ergonomic}
   size_t SoftMaxHeapSize                          = 2147483648                             {manageable} {ergonomic}
     bool UseCompressedOops                        = true                           {product lp64_product} {ergonomic}
     bool UseLargePagesIndividualAllocation        = false                                  {pd product} {ergonomic}
     bool UseParallelGC                            = true                                      {product} {command line}

Logging:
Log output configuration:
 #0: stdout all=off uptime,level,tags foldmultilines=false
 #1: stderr all=off uptime,level,tags foldmultilines=false

Environment Variables:
PATH=D:\Python\Scripts\;D:\Python\;"D:\opencv\build\x64\vc16\bin;C:\Program Files (x86)\Common Files\Oracle\Java\javapath";C:\Windows\system32;C:\Windows;C:\Windows\System32\Wbem;C:\Windows\System32\WindowsPowerShell\v1.0\;C:\Windows\System32\OpenSSH\;C:\Program Files (x86)\Microsoft SQL Server\160\Tools\Binn\;C:\Program Files\Microsoft SQL Server\160\Tools\Binn\;C:\Program Files\Microsoft SQL Server\Client SDK\ODBC\170\Tools\Binn\;C:\Program Files\Microsoft SQL Server\160\DTS\Binn\;C:\Program Files\Microsoft SQL Server\150\Tools\Binn\;D:\SEMESTER 6\GC\bin\;D:\Node js\;D:\SEMESTER 6\PDC\w_opencl_runtime_p_2025.1.0.972\bin;D:\SEMESTER 6\AI\Project code\OpenJDK21U-jdk_x64_windows_hotspot_21.0.7_6\jdk-21.0.7+6\bin;D:\Cursor\cursor\resources\app\bin;D:\SEMESTER 5\SDA\SDA FINAL PROJECT\Gitbash\Git\cmd;D:\Docker\resources\bin;C:\Users\HP\AppData\Local\Programs\Python\Python310\Scripts\;C:\Users\HP\AppData\Local\Programs\Python\Python310\;C:\Users\HP\AppData\Local\Microsoft\WindowsApps;D:\Microsoft VS Code\bin;C:\Users\HP\AppData\Roaming\npm;D:\Cursor\cursor\resources\app\bin;D:\Windsurf\bin
USERNAME=HP
OS=Windows_NT
PROCESSOR_IDENTIFIER=Intel64 Family 6 Model 78 Stepping 3, GenuineIntel
TMP=C:\Users\HP\AppData\Local\Temp
TEMP=C:\Users\HP\AppData\Local\Temp




Periodic native trim disabled

---------------  S Y S T E M  ---------------

OS:
 Windows 10 , 64 bit Build 19041 (10.0.19041.5915)
OS uptime: 0 days 4:21 hours
Hyper-V role detected

CPU: total 4 (initial active 4) (2 cores per cpu, 2 threads per core) family 6 model 78 stepping 3 microcode 0xea, cx8, cmov, fxsr, ht, mmx, 3dnowpref, sse, sse2, sse3, ssse3, sse4.1, sse4.2, popcnt, lzcnt, tsc, tscinvbit, avx, avx2, aes, erms, clmul, bmi1, bmi2, rtm, adx, fma, vzeroupper, clflush, clflushopt, hv, rdtscp, f16c
Processor Information for the first 4 processors :
  Max Mhz: 2496, Current Mhz: 2396, Mhz Limit: 2396

Memory: 4k page, system-wide physical 8072M (315M free)
TotalPageFile size 12168M (AvailPageFile size 5M)
current process WorkingSet (physical memory assigned to process): 144M, peak: 145M
current process commit charge ("private bytes"): 265M, peak: 267M

vm_info: OpenJDK 64-Bit Server VM (21.0.8+9-LTS) for windows-amd64 JRE (21.0.8+9-LTS), built on 2025-07-15T00:00:00Z by "admin" with MS VC++ 17.7 (VS2022)

END.
