#
# There is insufficient memory for the Java Runtime Environment to continue.
# Native memory allocation (malloc) failed to allocate 401648 bytes. Error detail: Chunk::new
# Possible reasons:
#   The system is out of physical RAM or swap space
#   This process is running with CompressedOops enabled, and the Java Heap may be blocking the growth of the native heap
# Possible solutions:
#   Reduce memory load on the system
#   Increase physical memory or swap space
#   Check if swap backing store is full
#   Decrease Java heap size (-Xmx/-Xms)
#   Decrease number of Java threads
#   Decrease Java thread stack sizes (-Xss)
#   Set larger code cache with -XX:ReservedCodeCacheSize=
#   JVM is running with Unscaled Compressed Oops mode in which the Java heap is
#     placed in the first 4GB address space. The Java Heap base address is the
#     maximum limit for the native heap growth. Please use -XX:HeapBaseMinAddress
#     to set the Java Heap base and to place the Java Heap above 4GB virtual address.
# This output file may be truncated or incomplete.
#
#  Out of Memory Error (arena.cpp:168), pid=1272, tid=15296
#
# JRE version: OpenJDK Runtime Environment Temurin-21.0.7+6 (21.0.7+6) (build 21.0.7+6-LTS)
# Java VM: OpenJDK 64-Bit Server VM Temurin-21.0.7+6 (21.0.7+6-LTS, mixed mode, sharing, tiered, compressed oops, compressed class ptrs, g1 gc, windows-amd64)
# No core dump will be written. Minidumps are not enabled by default on client versions of Windows
#

---------------  S U M M A R Y ------------

Command Line: --add-opens=java.base/java.lang=ALL-UNNAMED --add-opens=java.base/java.lang.invoke=ALL-UNNAMED --add-opens=java.base/java.util=ALL-UNNAMED --add-opens=java.prefs/java.util.prefs=ALL-UNNAMED --add-exports=jdk.compiler/com.sun.tools.javac.api=ALL-UNNAMED --add-exports=jdk.compiler/com.sun.tools.javac.util=ALL-UNNAMED --add-opens=java.base/java.util=ALL-UNNAMED --add-opens=java.prefs/java.util.prefs=ALL-UNNAMED --add-opens=java.base/java.nio.charset=ALL-UNNAMED --add-opens=java.base/java.net=ALL-UNNAMED --add-opens=java.base/java.util.concurrent.atomic=ALL-UNNAMED --add-opens=java.xml/javax.xml.namespace=ALL-UNNAMED -Xmx2048m -Dfile.encoding=UTF-8 -Duser.country=US -Duser.language=en -Duser.variant -javaagent:D:\Gradle\wrapper\dists\gradle-8.13-bin\5xuhj0ry160q40clulazy9h7d\gradle-8.13\lib\agents\gradle-instrumentation-agent-8.13.jar org.gradle.launcher.daemon.bootstrap.GradleDaemon 8.13

Host: Intel(R) Core(TM) i5-6300U CPU @ 2.40GHz, 4 cores, 7G,  Windows 10 , 64 bit Build 19041 (10.0.19041.5915)
Time: Sat Oct 18 17:00:55 2025 Pakistan Standard Time elapsed time: 94.220306 seconds (0d 0h 1m 34s)

---------------  T H R E A D  ---------------

Current thread (0x000002c0f7231950):  JavaThread "C2 CompilerThread1" daemon [_thread_in_native, id=15296, stack(0x000000f939400000,0x000000f939500000) (1024K)]


Current CompileTask:
C2:94220 16556       4       org.gradle.internal.logging.text.AbstractLineChoppingStyledTextOutput::doAppend (43 bytes)

Stack: [0x000000f939400000,0x000000f939500000]
Native frames: (J=compiled Java code, j=interpreted, Vv=VM code, C=native code)
V  [jvm.dll+0x6ce119]
V  [jvm.dll+0x8a84a1]
V  [jvm.dll+0x8aa9ce]
V  [jvm.dll+0x8ab0b3]
V  [jvm.dll+0x27f8a6]
V  [jvm.dll+0xc507d]
V  [jvm.dll+0xc55b3]
V  [jvm.dll+0x3b692c]
V  [jvm.dll+0x382aa5]
V  [jvm.dll+0x381f0a]
V  [jvm.dll+0x247af0]
V  [jvm.dll+0x2470cf]
V  [jvm.dll+0x1c760e]
V  [jvm.dll+0x25695a]
V  [jvm.dll+0x254efa]
V  [jvm.dll+0x3f03f6]
V  [jvm.dll+0x851f6b]
V  [jvm.dll+0x6cc7dd]
C  [ucrtbase.dll+0x21bb2]
C  [KERNEL32.DLL+0x17374]
C  [ntdll.dll+0x4cc91]


---------------  P R O C E S S  ---------------

Threads class SMR info:
_java_thread_list=0x000002c0f1e7abd0, length=93, elements={
0x000002c0cacb3c70, 0x000002c0e7075380, 0x000002c0e7076290, 0x000002c0e7079670,
0x000002c0e707c350, 0x000002c0e707f1c0, 0x000002c0e7087c20, 0x000002c0e708c0b0,
0x000002c0e708d150, 0x000002c0e715fa90, 0x000002c0e72f8190, 0x000002c0ec21bf80,
0x000002c0e72198a0, 0x000002c0ec78f2a0, 0x000002c0e73ee660, 0x000002c0e70c5cd0,
0x000002c0e711ae00, 0x000002c0ec27ea60, 0x000002c0ec8ac620, 0x000002c0ec8accb0,
0x000002c0ec8ad340, 0x000002c0ec8abf90, 0x000002c0e78c43c0, 0x000002c0e78c71b0,
0x000002c0e78c9fa0, 0x000002c0e78c8bf0, 0x000002c0e78cacc0, 0x000002c0e78c50e0,
0x000002c0e78c6490, 0x000002c0e78c6b20, 0x000002c0e78c7ed0, 0x000002c0e78c5770,
0x000002c0e78cb350, 0x000002c0e78c4a50, 0x000002c0e78c7840, 0x000002c0efaefa00,
0x000002c0efaf0090, 0x000002c0efaee650, 0x000002c0efaedfc0, 0x000002c0efaeece0,
0x000002c0efaec580, 0x000002c0efaecc10, 0x000002c0ecd328c0, 0x000002c0efaf1440,
0x000002c0efaf27f0, 0x000002c0efaeb860, 0x000002c0ecd35020, 0x000002c0ecd32f50,
0x000002c0ecd37780, 0x000002c0ecd307f0, 0x000002c0e78c8560, 0x000002c0f0a66270,
0x000002c0f0a65550, 0x000002c0f0a696f0, 0x000002c0eebdef00, 0x000002c0eebe5800,
0x000002c0eebe5e90, 0x000002c0eebe6520, 0x000002c0eebe2a10, 0x000002c0eebe0fd0,
0x000002c0eebe2380, 0x000002c0eebdfc20, 0x000002c0eebe3dc0, 0x000002c0eebe3730,
0x000002c0eebe0940, 0x000002c0eebdf590, 0x000002c0eebe4450, 0x000002c0eebe4ae0,
0x000002c0f0a65be0, 0x000002c0f0a67cb0, 0x000002c0f0a6c4e0, 0x000002c0f0a6cb70,
0x000002c0f0a6a410, 0x000002c0f0a6aaa0, 0x000002c0f0a67620, 0x000002c0f0a689d0,
0x000002c0ef1c66b0, 0x000002c0ef1c5300, 0x000002c0ef1c94a0, 0x000002c0ef1c73d0,
0x000002c0ef1ca1c0, 0x000002c0ef1c5990, 0x000002c0ef1c6d40, 0x000002c0ef1ca850,
0x000002c0ef1c9b30, 0x000002c0ef1caee0, 0x000002c0ed70ef90, 0x000002c0ed711060,
0x000002c0ed70dbe0, 0x000002c0ed7116f0, 0x000002c0ed70e270, 0x000002c0ed70e900,
0x000002c0f7231950
}

Java Threads: ( => current thread )
  0x000002c0cacb3c70 JavaThread "main"                              [_thread_blocked, id=1332, stack(0x000000f933600000,0x000000f933700000) (1024K)]
  0x000002c0e7075380 JavaThread "Reference Handler"          daemon [_thread_blocked, id=6924, stack(0x000000f933e00000,0x000000f933f00000) (1024K)]
  0x000002c0e7076290 JavaThread "Finalizer"                  daemon [_thread_blocked, id=15216, stack(0x000000f933f00000,0x000000f934000000) (1024K)]
  0x000002c0e7079670 JavaThread "Signal Dispatcher"          daemon [_thread_blocked, id=10880, stack(0x000000f934000000,0x000000f934100000) (1024K)]
  0x000002c0e707c350 JavaThread "Attach Listener"            daemon [_thread_blocked, id=5252, stack(0x000000f934100000,0x000000f934200000) (1024K)]
  0x000002c0e707f1c0 JavaThread "Service Thread"             daemon [_thread_blocked, id=3224, stack(0x000000f934200000,0x000000f934300000) (1024K)]
  0x000002c0e7087c20 JavaThread "Monitor Deflation Thread"   daemon [_thread_blocked, id=15868, stack(0x000000f934300000,0x000000f934400000) (1024K)]
  0x000002c0e708c0b0 JavaThread "C2 CompilerThread0"         daemon [_thread_in_native, id=15828, stack(0x000000f934400000,0x000000f934500000) (1024K)]
  0x000002c0e708d150 JavaThread "C1 CompilerThread0"         daemon [_thread_blocked, id=2524, stack(0x000000f934500000,0x000000f934600000) (1024K)]
  0x000002c0e715fa90 JavaThread "Common-Cleaner"             daemon [_thread_blocked, id=13364, stack(0x000000f934600000,0x000000f934700000) (1024K)]
  0x000002c0e72f8190 JavaThread "Notification Thread"        daemon [_thread_blocked, id=3824, stack(0x000000f934700000,0x000000f934800000) (1024K)]
  0x000002c0ec21bf80 JavaThread "Daemon health stats"               [_thread_blocked, id=2136, stack(0x000000f934c00000,0x000000f934d00000) (1024K)]
  0x000002c0e72198a0 JavaThread "Incoming local TCP Connector on port 51860"        [_thread_in_native, id=3548, stack(0x000000f934d00000,0x000000f934e00000) (1024K)]
  0x000002c0ec78f2a0 JavaThread "Daemon periodic checks"            [_thread_blocked, id=7560, stack(0x000000f934e00000,0x000000f934f00000) (1024K)]
  0x000002c0e73ee660 JavaThread "Daemon"                            [_thread_blocked, id=11768, stack(0x000000f934f00000,0x000000f935000000) (1024K)]
  0x000002c0e70c5cd0 JavaThread "Handler for socket connection from /127.0.0.1:51860 to /127.0.0.1:51861"        [_thread_in_native, id=3956, stack(0x000000f935000000,0x000000f935100000) (1024K)]
  0x000002c0e711ae00 JavaThread "Cancel handler"                    [_thread_blocked, id=10340, stack(0x000000f935100000,0x000000f935200000) (1024K)]
  0x000002c0ec27ea60 JavaThread "Daemon worker"                     [_thread_blocked, id=10268, stack(0x000000f935200000,0x000000f935300000) (1024K)]
  0x000002c0ec8ac620 JavaThread "Asynchronous log dispatcher for DefaultDaemonConnection: socket connection from /127.0.0.1:51860 to /127.0.0.1:51861"        [_thread_in_Java, id=12968, stack(0x000000f935300000,0x000000f935400000) (1024K)]
  0x000002c0ec8accb0 JavaThread "Stdin handler"                     [_thread_blocked, id=7656, stack(0x000000f935400000,0x000000f935500000) (1024K)]
  0x000002c0ec8ad340 JavaThread "Daemon client event forwarder"        [_thread_blocked, id=10588, stack(0x000000f935500000,0x000000f935600000) (1024K)]
  0x000002c0ec8abf90 JavaThread "Cache worker for journal cache (D:\Gradle\caches\journal-1)"        [_thread_blocked, id=15616, stack(0x000000f934b00000,0x000000f934c00000) (1024K)]
  0x000002c0e78c43c0 JavaThread "File lock request listener"        [_thread_in_native, id=6160, stack(0x000000f935600000,0x000000f935700000) (1024K)]
  0x000002c0e78c71b0 JavaThread "Cache worker for file hash cache (D:\Gradle\caches\8.13\fileHashes)"        [_thread_blocked, id=15504, stack(0x000000f935700000,0x000000f935800000) (1024K)]
  0x000002c0e78c9fa0 JavaThread "Cache worker for file hash cache (D:\SEMESTER 7\SMD_Assignment\Assignment_2\.gradle\8.13\fileHashes)"        [_thread_blocked, id=15228, stack(0x000000f935900000,0x000000f935a00000) (1024K)]
  0x000002c0e78c8bf0 JavaThread "Cache worker for Build Output Cleanup Cache (D:\SEMESTER 7\SMD_Assignment\Assignment_2\.gradle\buildOutputCleanup)"        [_thread_blocked, id=11916, stack(0x000000f935a00000,0x000000f935b00000) (1024K)]
  0x000002c0e78cacc0 JavaThread "File watcher server"        daemon [_thread_in_native, id=9452, stack(0x000000f935b00000,0x000000f935c00000) (1024K)]
  0x000002c0e78c50e0 JavaThread "File watcher consumer"      daemon [_thread_blocked, id=11076, stack(0x000000f935c00000,0x000000f935d00000) (1024K)]
  0x000002c0e78c6490 JavaThread "Cache worker for checksums cache (D:\SEMESTER 7\SMD_Assignment\Assignment_2\.gradle\8.13\checksums)"        [_thread_blocked, id=15328, stack(0x000000f935800000,0x000000f935900000) (1024K)]
  0x000002c0e78c6b20 JavaThread "Cache worker for file content cache (D:\Gradle\caches\8.13\fileContent)"        [_thread_blocked, id=12132, stack(0x000000f935d00000,0x000000f935e00000) (1024K)]
  0x000002c0e78c7ed0 JavaThread "Cache worker for cache directory md-supplier (D:\Gradle\caches\8.13\md-supplier)"        [_thread_blocked, id=3864, stack(0x000000f935f00000,0x000000f936000000) (1024K)]
  0x000002c0e78c5770 JavaThread "Cache worker for cache directory md-rule (D:\Gradle\caches\8.13\md-rule)"        [_thread_blocked, id=3176, stack(0x000000f936000000,0x000000f936100000) (1024K)]
  0x000002c0e78cb350 JavaThread "Unconstrained build operations"        [_thread_blocked, id=13292, stack(0x000000f935e00000,0x000000f935f00000) (1024K)]
  0x000002c0e78c4a50 JavaThread "Unconstrained build operations Thread 2"        [_thread_blocked, id=9812, stack(0x000000f936100000,0x000000f936200000) (1024K)]
  0x000002c0e78c7840 JavaThread "Unconstrained build operations Thread 3"        [_thread_blocked, id=11120, stack(0x000000f936200000,0x000000f936300000) (1024K)]
  0x000002c0efaefa00 JavaThread "Unconstrained build operations Thread 4"        [_thread_blocked, id=4420, stack(0x000000f936300000,0x000000f936400000) (1024K)]
  0x000002c0efaf0090 JavaThread "Unconstrained build operations Thread 5"        [_thread_blocked, id=15204, stack(0x000000f936400000,0x000000f936500000) (1024K)]
  0x000002c0efaee650 JavaThread "Unconstrained build operations Thread 6"        [_thread_blocked, id=1884, stack(0x000000f936500000,0x000000f936600000) (1024K)]
  0x000002c0efaedfc0 JavaThread "Unconstrained build operations Thread 7"        [_thread_blocked, id=8684, stack(0x000000f936600000,0x000000f936700000) (1024K)]
  0x000002c0efaeece0 JavaThread "Unconstrained build operations Thread 8"        [_thread_blocked, id=9500, stack(0x000000f936700000,0x000000f936800000) (1024K)]
  0x000002c0efaec580 JavaThread "Unconstrained build operations Thread 9"        [_thread_blocked, id=12928, stack(0x000000f936800000,0x000000f936900000) (1024K)]
  0x000002c0efaecc10 JavaThread "Memory manager"                    [_thread_blocked, id=13036, stack(0x000000f936a00000,0x000000f936b00000) (1024K)]
  0x000002c0ecd328c0 JavaThread "build event listener"              [_thread_blocked, id=12356, stack(0x000000f936b00000,0x000000f936c00000) (1024K)]
  0x000002c0efaf1440 JavaThread "included builds"                   [_thread_blocked, id=9332, stack(0x000000f933300000,0x000000f933400000) (1024K)]
  0x000002c0efaf27f0 JavaThread "Execution worker"                  [_thread_blocked, id=11228, stack(0x000000f933400000,0x000000f933500000) (1024K)]
  0x000002c0efaeb860 JavaThread "Execution worker Thread 2"         [_thread_blocked, id=15780, stack(0x000000f936900000,0x000000f936a00000) (1024K)]
  0x000002c0ecd35020 JavaThread "Execution worker Thread 3"         [_thread_blocked, id=3412, stack(0x000000f936c00000,0x000000f936d00000) (1024K)]
  0x000002c0ecd32f50 JavaThread "Cache worker for execution history cache (D:\SEMESTER 7\SMD_Assignment\Assignment_2\.gradle\8.13\executionHistory)"        [_thread_blocked, id=6404, stack(0x000000f936d00000,0x000000f936e00000) (1024K)]
  0x000002c0ecd37780 JavaThread "Unconstrained build operations Thread 10"        [_thread_blocked, id=13472, stack(0x000000f936e00000,0x000000f936f00000) (1024K)]
  0x000002c0ecd307f0 JavaThread "Unconstrained build operations Thread 11"        [_thread_blocked, id=11100, stack(0x000000f936f00000,0x000000f937000000) (1024K)]
  0x000002c0e78c8560 JavaThread "Unconstrained build operations Thread 12"        [_thread_blocked, id=13572, stack(0x000000f937000000,0x000000f937100000) (1024K)]
  0x000002c0f0a66270 JavaThread "Unconstrained build operations Thread 13"        [_thread_blocked, id=13620, stack(0x000000f937100000,0x000000f937200000) (1024K)]
  0x000002c0f0a65550 JavaThread "Unconstrained build operations Thread 14"        [_thread_blocked, id=11852, stack(0x000000f937200000,0x000000f937300000) (1024K)]
  0x000002c0f0a696f0 JavaThread "Unconstrained build operations Thread 15"        [_thread_blocked, id=13660, stack(0x000000f937300000,0x000000f937400000) (1024K)]
  0x000002c0eebdef00 JavaThread "WorkerExecutor Queue"              [_thread_blocked, id=13632, stack(0x000000f937400000,0x000000f937500000) (1024K)]
  0x000002c0eebe5800 JavaThread "Unconstrained build operations Thread 16"        [_thread_blocked, id=14660, stack(0x000000f937500000,0x000000f937600000) (1024K)]
  0x000002c0eebe5e90 JavaThread "WorkerExecutor Queue Thread 2"        [_thread_blocked, id=2204, stack(0x000000f937600000,0x000000f937700000) (1024K)]
  0x000002c0eebe6520 JavaThread "Unconstrained build operations Thread 17"        [_thread_blocked, id=3500, stack(0x000000f937700000,0x000000f937800000) (1024K)]
  0x000002c0eebe2a10 JavaThread "Unconstrained build operations Thread 18"        [_thread_blocked, id=12512, stack(0x000000f937800000,0x000000f937900000) (1024K)]
  0x000002c0eebe0fd0 JavaThread "Unconstrained build operations Thread 19"        [_thread_blocked, id=14800, stack(0x000000f937900000,0x000000f937a00000) (1024K)]
  0x000002c0eebe2380 JavaThread "Unconstrained build operations Thread 20"        [_thread_blocked, id=14480, stack(0x000000f937a00000,0x000000f937b00000) (1024K)]
  0x000002c0eebdfc20 JavaThread "Unconstrained build operations Thread 21"        [_thread_blocked, id=16216, stack(0x000000f937b00000,0x000000f937c00000) (1024K)]
  0x000002c0eebe3dc0 JavaThread "Unconstrained build operations Thread 22"        [_thread_blocked, id=14628, stack(0x000000f937c00000,0x000000f937d00000) (1024K)]
  0x000002c0eebe3730 JavaThread "WorkerExecutor Queue Thread 3"        [_thread_in_Java, id=10828, stack(0x000000f937d00000,0x000000f937e00000) (1024K)]
  0x000002c0eebe0940 JavaThread "Unconstrained build operations Thread 23"        [_thread_blocked, id=14860, stack(0x000000f937e00000,0x000000f937f00000) (1024K)]
  0x000002c0eebdf590 JavaThread "Unconstrained build operations Thread 24"        [_thread_blocked, id=4192, stack(0x000000f937f00000,0x000000f938000000) (1024K)]
  0x000002c0eebe4450 JavaThread "Unconstrained build operations Thread 25"        [_thread_blocked, id=2180, stack(0x000000f938000000,0x000000f938100000) (1024K)]
  0x000002c0eebe4ae0 JavaThread "Unconstrained build operations Thread 26"        [_thread_blocked, id=15208, stack(0x000000f938100000,0x000000f938200000) (1024K)]
  0x000002c0f0a65be0 JavaThread "Unconstrained build operations Thread 27"        [_thread_blocked, id=6444, stack(0x000000f938200000,0x000000f938300000) (1024K)]
  0x000002c0f0a67cb0 JavaThread "Unconstrained build operations Thread 28"        [_thread_blocked, id=16376, stack(0x000000f938300000,0x000000f938400000) (1024K)]
  0x000002c0f0a6c4e0 JavaThread "Unconstrained build operations Thread 29"        [_thread_blocked, id=1940, stack(0x000000f938400000,0x000000f938500000) (1024K)]
  0x000002c0f0a6cb70 JavaThread "Unconstrained build operations Thread 30"        [_thread_blocked, id=13968, stack(0x000000f938500000,0x000000f938600000) (1024K)]
  0x000002c0f0a6a410 JavaThread "Unconstrained build operations Thread 31"        [_thread_blocked, id=6532, stack(0x000000f938600000,0x000000f938700000) (1024K)]
  0x000002c0f0a6aaa0 JavaThread "Unconstrained build operations Thread 32"        [_thread_blocked, id=6952, stack(0x000000f938700000,0x000000f938800000) (1024K)]
  0x000002c0f0a67620 JavaThread "Unconstrained build operations Thread 33"        [_thread_blocked, id=14808, stack(0x000000f938800000,0x000000f938900000) (1024K)]
  0x000002c0f0a689d0 JavaThread "Unconstrained build operations Thread 34"        [_thread_blocked, id=3948, stack(0x000000f938900000,0x000000f938a00000) (1024K)]
  0x000002c0ef1c66b0 JavaThread "Unconstrained build operations Thread 35"        [_thread_blocked, id=15776, stack(0x000000f938a00000,0x000000f938b00000) (1024K)]
  0x000002c0ef1c5300 JavaThread "Unconstrained build operations Thread 36"        [_thread_blocked, id=11928, stack(0x000000f938b00000,0x000000f938c00000) (1024K)]
  0x000002c0ef1c94a0 JavaThread "Unconstrained build operations Thread 37"        [_thread_blocked, id=2700, stack(0x000000f938c00000,0x000000f938d00000) (1024K)]
  0x000002c0ef1c73d0 JavaThread "Unconstrained build operations Thread 38"        [_thread_blocked, id=8108, stack(0x000000f938d00000,0x000000f938e00000) (1024K)]
  0x000002c0ef1ca1c0 JavaThread "Unconstrained build operations Thread 39"        [_thread_blocked, id=3392, stack(0x000000f938e00000,0x000000f938f00000) (1024K)]
  0x000002c0ef1c5990 JavaThread "Unconstrained build operations Thread 40"        [_thread_blocked, id=13376, stack(0x000000f938f00000,0x000000f939000000) (1024K)]
  0x000002c0ef1c6d40 JavaThread "WorkerExecutor Queue Thread 4"        [_thread_blocked, id=7812, stack(0x000000f939000000,0x000000f939100000) (1024K)]
  0x000002c0ef1ca850 JavaThread "pool-3-thread-1"                   [_thread_blocked, id=7152, stack(0x000000f939100000,0x000000f939200000) (1024K)]
  0x000002c0ef1c9b30 JavaThread "stderr"                            [_thread_in_native, id=1288, stack(0x000000f939200000,0x000000f939300000) (1024K)]
  0x000002c0ef1caee0 JavaThread "stdout"                            [_thread_in_native, id=4520, stack(0x000000f939300000,0x000000f939400000) (1024K)]
  0x000002c0ed70ef90 JavaThread "RMI Scheduler(0)"           daemon [_thread_blocked, id=8872, stack(0x000000f939500000,0x000000f939600000) (1024K)]
  0x000002c0ed711060 JavaThread "RMI RenewClean-[127.0.0.1:17536,org.jetbrains.kotlin.daemon.common.LoopbackNetworkInterface$ClientLoopbackSocketFactory@7dbd8b2b]" daemon [_thread_blocked, id=9788, stack(0x000000f939600000,0x000000f939700000) (1024K)]
  0x000002c0ed70dbe0 JavaThread "RMI GC Daemon"              daemon [_thread_blocked, id=16008, stack(0x000000f939700000,0x000000f939800000) (1024K)]
  0x000002c0ed7116f0 JavaThread "RMI TCP Accept-0"           daemon [_thread_in_native, id=14512, stack(0x000000f939800000,0x000000f939900000) (1024K)]
  0x000002c0ed70e270 JavaThread "RMI Reaper"                        [_thread_blocked, id=15568, stack(0x000000f939900000,0x000000f939a00000) (1024K)]
  0x000002c0ed70e900 JavaThread "RMI TCP Connection(idle)"   daemon [_thread_blocked, id=2940, stack(0x000000f939a00000,0x000000f939b00000) (1024K)]
=>0x000002c0f7231950 JavaThread "C2 CompilerThread1"         daemon [_thread_in_native, id=15296, stack(0x000000f939400000,0x000000f939500000) (1024K)]
Total: 93

Other Threads:
  0x000002c0e7058bf0 VMThread "VM Thread"                           [id=7320, stack(0x000000f933d00000,0x000000f933e00000) (1024K)]
  0x000002c0e7047990 WatcherThread "VM Periodic Task Thread"        [id=7316, stack(0x000000f933c00000,0x000000f933d00000) (1024K)]
  0x000002c0cad07cf0 WorkerThread "GC Thread#0"                     [id=7900, stack(0x000000f933700000,0x000000f933800000) (1024K)]
  0x000002c0e7057d70 WorkerThread "GC Thread#1"                     [id=1876, stack(0x000000f934900000,0x000000f934a00000) (1024K)]
  0x000002c0e7058f90 WorkerThread "GC Thread#2"                     [id=12720, stack(0x000000f934a00000,0x000000f934b00000) (1024K)]
  0x000002c0e7058850 WorkerThread "GC Thread#3"                     [id=8848, stack(0x000000f934800000,0x000000f934900000) (1024K)]
  0x000002c0cad18d90 ConcurrentGCThread "G1 Main Marker"            [id=3532, stack(0x000000f933800000,0x000000f933900000) (1024K)]
  0x000002c0cad1c360 WorkerThread "G1 Conc#0"                       [id=13584, stack(0x000000f933900000,0x000000f933a00000) (1024K)]
  0x000002c0e6f0b110 ConcurrentGCThread "G1 Refine#0"               [id=14916, stack(0x000000f933a00000,0x000000f933b00000) (1024K)]
  0x000002c0e6f0ba90 ConcurrentGCThread "G1 Service"                [id=7416, stack(0x000000f933b00000,0x000000f933c00000) (1024K)]
Total: 10

Threads with active compile tasks:
C2 CompilerThread1  94325 16556       4       org.gradle.internal.logging.text.AbstractLineChoppingStyledTextOutput::doAppend (43 bytes)
Total: 1

VM state: not at safepoint (normal execution)

VM Mutex/Monitor currently owned by a thread: None

Heap address: 0x0000000080000000, size: 2048 MB, Compressed Oops mode: 32-bit

CDS archive(s) mapped at: [0x000002c080000000-0x000002c080c80000-0x000002c080c80000), size 13107200, SharedBaseAddress: 0x000002c080000000, ArchiveRelocationMode: 1.
Compressed class space mapped at: 0x000002c081000000-0x000002c0c1000000, reserved size: 1073741824
Narrow klass base: 0x000002c080000000, Narrow klass shift: 0, Narrow klass range: 0x100000000

GC Precious Log:
 CardTable entry size: 512
 Card Set container configuration: InlinePtr #cards 5 size 8 Array Of Cards #cards 12 size 40 Howl #buckets 4 coarsen threshold 1843 Howl Bitmap #cards 512 size 80 coarsen threshold 460 Card regions per heap region 1 cards per card region 2048
 CPUs: 4 total, 4 available
 Memory: 8072M
 Large Page Support: Disabled
 NUMA Support: Disabled
 Compressed Oops: Enabled (32-bit)
 Heap Region Size: 1M
 Heap Min Capacity: 8M
 Heap Initial Capacity: 128M
 Heap Max Capacity: 2G
 Pre-touch: Disabled
 Parallel Workers: 4
 Concurrent Workers: 1
 Concurrent Refinement Workers: 4
 Periodic GC: Disabled

Heap:
 garbage-first heap   total 247808K, used 130502K [0x0000000080000000, 0x0000000100000000)
  region size 1024K, 6 young (6144K), 5 survivors (5120K)
 Metaspace       used 114307K, committed 116864K, reserved 1179648K
  class space    used 15373K, committed 16704K, reserved 1048576K

Heap Regions: E=young(eden), S=young(survivor), O=old, HS=humongous(starts), HC=humongous(continues), CS=collection set, F=free, TAMS=top-at-mark-start, PB=parsable bottom
|   0|0x0000000080000000, 0x0000000080100000, 0x0000000080100000|100%|HS|  |TAMS 0x0000000080100000| PB 0x0000000080000000| Complete 
|   1|0x0000000080100000, 0x0000000080200000, 0x0000000080200000|100%|HC|  |TAMS 0x0000000080200000| PB 0x0000000080100000| Complete 
|   2|0x0000000080200000, 0x0000000080300000, 0x0000000080300000|100%|HC|  |TAMS 0x0000000080300000| PB 0x0000000080200000| Complete 
|   3|0x0000000080300000, 0x0000000080400000, 0x0000000080400000|100%| O|  |TAMS 0x0000000080400000| PB 0x0000000080300000| Untracked 
|   4|0x0000000080400000, 0x0000000080500000, 0x0000000080500000|100%| O|  |TAMS 0x0000000080500000| PB 0x0000000080400000| Untracked 
|   5|0x0000000080500000, 0x0000000080600000, 0x0000000080600000|100%| O|  |TAMS 0x0000000080600000| PB 0x0000000080500000| Untracked 
|   6|0x0000000080600000, 0x0000000080700000, 0x0000000080700000|100%|HS|  |TAMS 0x0000000080700000| PB 0x0000000080600000| Complete 
|   7|0x0000000080700000, 0x0000000080800000, 0x0000000080800000|100%| O|  |TAMS 0x0000000080800000| PB 0x0000000080700000| Untracked 
|   8|0x0000000080800000, 0x0000000080900000, 0x0000000080900000|100%| O|  |TAMS 0x0000000080900000| PB 0x0000000080800000| Untracked 
|   9|0x0000000080900000, 0x0000000080a00000, 0x0000000080a00000|100%| O|  |TAMS 0x0000000080a00000| PB 0x0000000080900000| Untracked 
|  10|0x0000000080a00000, 0x0000000080b00000, 0x0000000080b00000|100%| O|  |TAMS 0x0000000080b00000| PB 0x0000000080a00000| Untracked 
|  11|0x0000000080b00000, 0x0000000080c00000, 0x0000000080c00000|100%| O|  |TAMS 0x0000000080c00000| PB 0x0000000080b00000| Untracked 
|  12|0x0000000080c00000, 0x0000000080d00000, 0x0000000080d00000|100%| O|  |TAMS 0x0000000080d00000| PB 0x0000000080c00000| Untracked 
|  13|0x0000000080d00000, 0x0000000080e00000, 0x0000000080e00000|100%| O|  |TAMS 0x0000000080e00000| PB 0x0000000080d00000| Untracked 
|  14|0x0000000080e00000, 0x0000000080f00000, 0x0000000080f00000|100%| O|  |TAMS 0x0000000080f00000| PB 0x0000000080e00000| Untracked 
|  15|0x0000000080f00000, 0x0000000081000000, 0x0000000081000000|100%| O|  |TAMS 0x0000000081000000| PB 0x0000000080f00000| Untracked 
|  16|0x0000000081000000, 0x0000000081100000, 0x0000000081100000|100%| O|  |TAMS 0x0000000081100000| PB 0x0000000081000000| Untracked 
|  17|0x0000000081100000, 0x0000000081200000, 0x0000000081200000|100%| O|  |TAMS 0x0000000081200000| PB 0x0000000081100000| Untracked 
|  18|0x0000000081200000, 0x0000000081300000, 0x0000000081300000|100%| O|  |TAMS 0x0000000081300000| PB 0x0000000081200000| Untracked 
|  19|0x0000000081300000, 0x0000000081400000, 0x0000000081400000|100%| O|  |TAMS 0x0000000081400000| PB 0x0000000081300000| Untracked 
|  20|0x0000000081400000, 0x0000000081500000, 0x0000000081500000|100%| O|  |TAMS 0x0000000081500000| PB 0x0000000081400000| Untracked 
|  21|0x0000000081500000, 0x0000000081600000, 0x0000000081600000|100%| O|  |TAMS 0x0000000081600000| PB 0x0000000081500000| Untracked 
|  22|0x0000000081600000, 0x0000000081700000, 0x0000000081700000|100%| O|  |TAMS 0x0000000081700000| PB 0x0000000081600000| Untracked 
|  23|0x0000000081700000, 0x0000000081800000, 0x0000000081800000|100%| O|  |TAMS 0x0000000081800000| PB 0x0000000081700000| Untracked 
|  24|0x0000000081800000, 0x0000000081900000, 0x0000000081900000|100%| O|  |TAMS 0x0000000081900000| PB 0x0000000081800000| Untracked 
|  25|0x0000000081900000, 0x0000000081a00000, 0x0000000081a00000|100%| O|  |TAMS 0x0000000081a00000| PB 0x0000000081900000| Untracked 
|  26|0x0000000081a00000, 0x0000000081b00000, 0x0000000081b00000|100%| O|  |TAMS 0x0000000081b00000| PB 0x0000000081a00000| Untracked 
|  27|0x0000000081b00000, 0x0000000081c00000, 0x0000000081c00000|100%| O|  |TAMS 0x0000000081c00000| PB 0x0000000081b00000| Untracked 
|  28|0x0000000081c00000, 0x0000000081d00000, 0x0000000081d00000|100%| O|  |TAMS 0x0000000081d00000| PB 0x0000000081c00000| Untracked 
|  29|0x0000000081d00000, 0x0000000081e00000, 0x0000000081e00000|100%| O|  |TAMS 0x0000000081e00000| PB 0x0000000081d00000| Untracked 
|  30|0x0000000081e00000, 0x0000000081f00000, 0x0000000081f00000|100%| O|  |TAMS 0x0000000081f00000| PB 0x0000000081e00000| Untracked 
|  31|0x0000000081f00000, 0x0000000082000000, 0x0000000082000000|100%| O|  |TAMS 0x0000000082000000| PB 0x0000000081f00000| Untracked 
|  32|0x0000000082000000, 0x0000000082100000, 0x0000000082100000|100%| O|  |TAMS 0x0000000082100000| PB 0x0000000082000000| Untracked 
|  33|0x0000000082100000, 0x0000000082200000, 0x0000000082200000|100%| O|  |TAMS 0x0000000082200000| PB 0x0000000082100000| Untracked 
|  34|0x0000000082200000, 0x0000000082300000, 0x0000000082300000|100%| O|  |TAMS 0x0000000082300000| PB 0x0000000082200000| Untracked 
|  35|0x0000000082300000, 0x0000000082400000, 0x0000000082400000|100%| O|  |TAMS 0x0000000082400000| PB 0x0000000082300000| Untracked 
|  36|0x0000000082400000, 0x0000000082500000, 0x0000000082500000|100%| O|  |TAMS 0x0000000082500000| PB 0x0000000082400000| Untracked 
|  37|0x0000000082500000, 0x0000000082600000, 0x0000000082600000|100%| O|  |TAMS 0x0000000082600000| PB 0x0000000082500000| Untracked 
|  38|0x0000000082600000, 0x0000000082700000, 0x0000000082700000|100%| O|  |TAMS 0x0000000082700000| PB 0x0000000082600000| Untracked 
|  39|0x0000000082700000, 0x0000000082800000, 0x0000000082800000|100%| O|  |TAMS 0x0000000082800000| PB 0x0000000082700000| Untracked 
|  40|0x0000000082800000, 0x0000000082900000, 0x0000000082900000|100%| O|  |TAMS 0x0000000082900000| PB 0x0000000082800000| Untracked 
|  41|0x0000000082900000, 0x0000000082a00000, 0x0000000082a00000|100%| O|  |TAMS 0x0000000082a00000| PB 0x0000000082900000| Untracked 
|  42|0x0000000082a00000, 0x0000000082b00000, 0x0000000082b00000|100%| O|  |TAMS 0x0000000082b00000| PB 0x0000000082a00000| Untracked 
|  43|0x0000000082b00000, 0x0000000082c00000, 0x0000000082c00000|100%| O|  |TAMS 0x0000000082c00000| PB 0x0000000082b00000| Untracked 
|  44|0x0000000082c00000, 0x0000000082d00000, 0x0000000082d00000|100%| O|  |TAMS 0x0000000082d00000| PB 0x0000000082c00000| Untracked 
|  45|0x0000000082d00000, 0x0000000082e00000, 0x0000000082e00000|100%|HS|  |TAMS 0x0000000082e00000| PB 0x0000000082d00000| Complete 
|  46|0x0000000082e00000, 0x0000000082f00000, 0x0000000082f00000|100%| O|  |TAMS 0x0000000082f00000| PB 0x0000000082e00000| Untracked 
|  47|0x0000000082f00000, 0x0000000083000000, 0x0000000083000000|100%|HS|  |TAMS 0x0000000083000000| PB 0x0000000082f00000| Complete 
|  48|0x0000000083000000, 0x0000000083100000, 0x0000000083100000|100%|HS|  |TAMS 0x0000000083100000| PB 0x0000000083000000| Complete 
|  49|0x0000000083100000, 0x0000000083200000, 0x0000000083200000|100%|HC|  |TAMS 0x0000000083200000| PB 0x0000000083100000| Complete 
|  50|0x0000000083200000, 0x0000000083300000, 0x0000000083300000|100%|HS|  |TAMS 0x0000000083300000| PB 0x0000000083200000| Complete 
|  51|0x0000000083300000, 0x0000000083400000, 0x0000000083400000|100%|HC|  |TAMS 0x0000000083400000| PB 0x0000000083300000| Complete 
|  52|0x0000000083400000, 0x0000000083500000, 0x0000000083500000|100%|HS|  |TAMS 0x0000000083500000| PB 0x0000000083400000| Complete 
|  53|0x0000000083500000, 0x0000000083600000, 0x0000000083600000|100%|HC|  |TAMS 0x0000000083600000| PB 0x0000000083500000| Complete 
|  54|0x0000000083600000, 0x0000000083700000, 0x0000000083700000|100%|HC|  |TAMS 0x0000000083700000| PB 0x0000000083600000| Complete 
|  55|0x0000000083700000, 0x0000000083800000, 0x0000000083800000|100%|HS|  |TAMS 0x0000000083800000| PB 0x0000000083700000| Complete 
|  56|0x0000000083800000, 0x0000000083900000, 0x0000000083900000|100%|HS|  |TAMS 0x0000000083900000| PB 0x0000000083800000| Complete 
|  57|0x0000000083900000, 0x0000000083a00000, 0x0000000083a00000|100%| O|  |TAMS 0x0000000083a00000| PB 0x0000000083900000| Untracked 
|  58|0x0000000083a00000, 0x0000000083b00000, 0x0000000083b00000|100%|HS|  |TAMS 0x0000000083b00000| PB 0x0000000083a00000| Complete 
|  59|0x0000000083b00000, 0x0000000083c00000, 0x0000000083c00000|100%|HS|  |TAMS 0x0000000083c00000| PB 0x0000000083b00000| Complete 
|  60|0x0000000083c00000, 0x0000000083d00000, 0x0000000083d00000|100%| O|  |TAMS 0x0000000083d00000| PB 0x0000000083c00000| Untracked 
|  61|0x0000000083d00000, 0x0000000083e00000, 0x0000000083e00000|100%| O|  |TAMS 0x0000000083e00000| PB 0x0000000083d00000| Untracked 
|  62|0x0000000083e00000, 0x0000000083f00000, 0x0000000083f00000|100%| O|  |TAMS 0x0000000083f00000| PB 0x0000000083e00000| Untracked 
|  63|0x0000000083f00000, 0x0000000084000000, 0x0000000084000000|100%| O|  |TAMS 0x0000000084000000| PB 0x0000000083f00000| Untracked 
|  64|0x0000000084000000, 0x0000000084100000, 0x0000000084100000|100%| O|  |TAMS 0x0000000084100000| PB 0x0000000084000000| Untracked 
|  65|0x0000000084100000, 0x0000000084200000, 0x0000000084200000|100%| O|  |TAMS 0x0000000084200000| PB 0x0000000084100000| Untracked 
|  66|0x0000000084200000, 0x0000000084300000, 0x0000000084300000|100%| O|  |TAMS 0x0000000084300000| PB 0x0000000084200000| Untracked 
|  67|0x0000000084300000, 0x0000000084400000, 0x0000000084400000|100%|HS|  |TAMS 0x0000000084400000| PB 0x0000000084300000| Complete 
|  68|0x0000000084400000, 0x0000000084500000, 0x0000000084500000|100%| O|  |TAMS 0x0000000084500000| PB 0x0000000084400000| Untracked 
|  69|0x0000000084500000, 0x0000000084600000, 0x0000000084600000|100%| O|  |TAMS 0x0000000084600000| PB 0x0000000084500000| Untracked 
|  70|0x0000000084600000, 0x0000000084700000, 0x0000000084700000|100%|HS|  |TAMS 0x0000000084700000| PB 0x0000000084600000| Complete 
|  71|0x0000000084700000, 0x0000000084800000, 0x0000000084800000|100%|HC|  |TAMS 0x0000000084800000| PB 0x0000000084700000| Complete 
|  72|0x0000000084800000, 0x0000000084900000, 0x0000000084900000|100%|HC|  |TAMS 0x0000000084900000| PB 0x0000000084800000| Complete 
|  73|0x0000000084900000, 0x0000000084a00000, 0x0000000084a00000|100%| O|  |TAMS 0x0000000084a00000| PB 0x0000000084900000| Untracked 
|  74|0x0000000084a00000, 0x0000000084b00000, 0x0000000084b00000|100%| O|  |TAMS 0x0000000084b00000| PB 0x0000000084a00000| Untracked 
|  75|0x0000000084b00000, 0x0000000084c00000, 0x0000000084c00000|100%| O|  |TAMS 0x0000000084c00000| PB 0x0000000084b00000| Untracked 
|  76|0x0000000084c00000, 0x0000000084d00000, 0x0000000084d00000|100%| O|  |TAMS 0x0000000084d00000| PB 0x0000000084c00000| Untracked 
|  77|0x0000000084d00000, 0x0000000084e00000, 0x0000000084e00000|100%| O|  |TAMS 0x0000000084e00000| PB 0x0000000084d00000| Untracked 
|  78|0x0000000084e00000, 0x0000000084f00000, 0x0000000084f00000|100%| O|  |TAMS 0x0000000084f00000| PB 0x0000000084e00000| Untracked 
|  79|0x0000000084f00000, 0x0000000085000000, 0x0000000085000000|100%| O|  |TAMS 0x0000000085000000| PB 0x0000000084f00000| Untracked 
|  80|0x0000000085000000, 0x0000000085100000, 0x0000000085100000|100%| O|  |TAMS 0x0000000085100000| PB 0x0000000085000000| Untracked 
|  81|0x0000000085100000, 0x0000000085200000, 0x0000000085200000|100%| O|  |TAMS 0x0000000085200000| PB 0x0000000085100000| Untracked 
|  82|0x0000000085200000, 0x0000000085300000, 0x0000000085300000|100%| O|  |TAMS 0x0000000085300000| PB 0x0000000085200000| Untracked 
|  83|0x0000000085300000, 0x0000000085400000, 0x0000000085400000|100%| O|  |TAMS 0x0000000085400000| PB 0x0000000085300000| Untracked 
|  84|0x0000000085400000, 0x0000000085500000, 0x0000000085500000|100%| O|  |TAMS 0x0000000085500000| PB 0x0000000085400000| Untracked 
|  85|0x0000000085500000, 0x0000000085600000, 0x0000000085600000|100%| O|  |TAMS 0x0000000085600000| PB 0x0000000085500000| Untracked 
|  86|0x0000000085600000, 0x0000000085700000, 0x0000000085700000|100%| O|  |TAMS 0x0000000085700000| PB 0x0000000085600000| Untracked 
|  87|0x0000000085700000, 0x0000000085800000, 0x0000000085800000|100%| O|  |TAMS 0x0000000085800000| PB 0x0000000085700000| Untracked 
|  88|0x0000000085800000, 0x0000000085900000, 0x0000000085900000|100%| O|  |TAMS 0x0000000085900000| PB 0x0000000085800000| Untracked 
|  89|0x0000000085900000, 0x0000000085a00000, 0x0000000085a00000|100%| O|  |TAMS 0x0000000085a00000| PB 0x0000000085900000| Untracked 
|  90|0x0000000085a00000, 0x0000000085b00000, 0x0000000085b00000|100%| O|  |TAMS 0x0000000085a00000| PB 0x0000000085a00000| Untracked 
|  91|0x0000000085b00000, 0x0000000085c00000, 0x0000000085c00000|100%| O|  |TAMS 0x0000000085c00000| PB 0x0000000085b00000| Untracked 
|  92|0x0000000085c00000, 0x0000000085d00000, 0x0000000085d00000|100%| O|  |TAMS 0x0000000085d00000| PB 0x0000000085c00000| Untracked 
|  93|0x0000000085d00000, 0x0000000085e00000, 0x0000000085e00000|100%| O|  |TAMS 0x0000000085e00000| PB 0x0000000085d00000| Untracked 
|  94|0x0000000085e00000, 0x0000000085f00000, 0x0000000085f00000|100%| O|  |TAMS 0x0000000085f00000| PB 0x0000000085e00000| Untracked 
|  95|0x0000000085f00000, 0x0000000086000000, 0x0000000086000000|100%| O|  |TAMS 0x0000000086000000| PB 0x0000000085f00000| Untracked 
|  96|0x0000000086000000, 0x0000000086100000, 0x0000000086100000|100%| O|  |TAMS 0x0000000086100000| PB 0x0000000086000000| Untracked 
|  97|0x0000000086100000, 0x0000000086200000, 0x0000000086200000|100%| O|  |TAMS 0x0000000086200000| PB 0x0000000086100000| Untracked 
|  98|0x0000000086200000, 0x0000000086300000, 0x0000000086300000|100%| O|  |TAMS 0x0000000086300000| PB 0x0000000086200000| Untracked 
|  99|0x0000000086300000, 0x0000000086400000, 0x0000000086400000|100%| O|  |TAMS 0x0000000086400000| PB 0x0000000086300000| Untracked 
| 100|0x0000000086400000, 0x0000000086500000, 0x0000000086500000|100%| O|  |TAMS 0x0000000086500000| PB 0x0000000086400000| Untracked 
| 101|0x0000000086500000, 0x0000000086600000, 0x0000000086600000|100%| O|  |TAMS 0x0000000086600000| PB 0x0000000086500000| Untracked 
| 102|0x0000000086600000, 0x0000000086700000, 0x0000000086700000|100%| O|  |TAMS 0x0000000086600000| PB 0x0000000086600000| Untracked 
| 103|0x0000000086700000, 0x0000000086800000, 0x0000000086800000|100%| O|  |TAMS 0x0000000086800000| PB 0x0000000086700000| Untracked 
| 104|0x0000000086800000, 0x0000000086900000, 0x0000000086900000|100%| O|  |TAMS 0x0000000086800000| PB 0x0000000086800000| Untracked 
| 105|0x0000000086900000, 0x0000000086a00000, 0x0000000086a00000|100%| O|  |TAMS 0x0000000086a00000| PB 0x0000000086900000| Untracked 
| 106|0x0000000086a00000, 0x0000000086b00000, 0x0000000086b00000|100%| O|  |TAMS 0x0000000086a00000| PB 0x0000000086a00000| Untracked 
| 107|0x0000000086b00000, 0x0000000086c00000, 0x0000000086c00000|100%| O|  |TAMS 0x0000000086b00000| PB 0x0000000086b00000| Untracked 
| 108|0x0000000086c00000, 0x0000000086d00000, 0x0000000086d00000|100%| O|  |TAMS 0x0000000086c00000| PB 0x0000000086c00000| Untracked 
| 109|0x0000000086d00000, 0x0000000086e00000, 0x0000000086e00000|100%| O|  |TAMS 0x0000000086e00000| PB 0x0000000086d00000| Untracked 
| 110|0x0000000086e00000, 0x0000000086f00000, 0x0000000086f00000|100%| O|  |TAMS 0x0000000086f00000| PB 0x0000000086e00000| Untracked 
| 111|0x0000000086f00000, 0x0000000087000000, 0x0000000087000000|100%| O|  |TAMS 0x0000000087000000| PB 0x0000000086f00000| Untracked 
| 112|0x0000000087000000, 0x0000000087100000, 0x0000000087100000|100%| O|  |TAMS 0x0000000087100000| PB 0x0000000087000000| Untracked 
| 113|0x0000000087100000, 0x0000000087200000, 0x0000000087200000|100%| O|  |TAMS 0x0000000087200000| PB 0x0000000087100000| Untracked 
| 114|0x0000000087200000, 0x0000000087300000, 0x0000000087300000|100%| O|  |TAMS 0x0000000087300000| PB 0x0000000087200000| Untracked 
| 115|0x0000000087300000, 0x0000000087400000, 0x0000000087400000|100%| O|  |TAMS 0x000000008732f190| PB 0x0000000087300000| Untracked 
| 116|0x0000000087400000, 0x0000000087500000, 0x0000000087500000|100%| O|  |TAMS 0x0000000087400000| PB 0x0000000087400000| Untracked 
| 117|0x0000000087500000, 0x0000000087600000, 0x0000000087600000|100%| O|  |TAMS 0x0000000087500000| PB 0x0000000087500000| Untracked 
| 118|0x0000000087600000, 0x0000000087700000, 0x0000000087700000|100%| O|  |TAMS 0x0000000087600000| PB 0x0000000087600000| Untracked 
| 119|0x0000000087700000, 0x0000000087700000, 0x0000000087800000|  0%| F|  |TAMS 0x0000000087700000| PB 0x0000000087700000| Untracked 
| 120|0x0000000087800000, 0x0000000087800000, 0x0000000087900000|  0%| F|  |TAMS 0x0000000087800000| PB 0x0000000087800000| Untracked 
| 121|0x0000000087900000, 0x0000000087900000, 0x0000000087a00000|  0%| F|  |TAMS 0x0000000087900000| PB 0x0000000087900000| Untracked 
| 122|0x0000000087a00000, 0x0000000087a00000, 0x0000000087b00000|  0%| F|  |TAMS 0x0000000087a00000| PB 0x0000000087a00000| Untracked 
| 123|0x0000000087b00000, 0x0000000087b00000, 0x0000000087c00000|  0%| F|  |TAMS 0x0000000087b00000| PB 0x0000000087b00000| Untracked 
| 124|0x0000000087c00000, 0x0000000087c00000, 0x0000000087d00000|  0%| F|  |TAMS 0x0000000087c00000| PB 0x0000000087c00000| Untracked 
| 125|0x0000000087d00000, 0x0000000087d00000, 0x0000000087e00000|  0%| F|  |TAMS 0x0000000087d00000| PB 0x0000000087d00000| Untracked 
| 126|0x0000000087e00000, 0x0000000087e00000, 0x0000000087f00000|  0%| F|  |TAMS 0x0000000087e00000| PB 0x0000000087e00000| Untracked 
| 127|0x0000000087f00000, 0x0000000087f00000, 0x0000000088000000|  0%| F|  |TAMS 0x0000000087f00000| PB 0x0000000087f00000| Untracked 
| 128|0x0000000088000000, 0x0000000088000000, 0x0000000088100000|  0%| F|  |TAMS 0x0000000088000000| PB 0x0000000088000000| Untracked 
| 129|0x0000000088100000, 0x0000000088100000, 0x0000000088200000|  0%| F|  |TAMS 0x0000000088100000| PB 0x0000000088100000| Untracked 
| 130|0x0000000088200000, 0x0000000088200000, 0x0000000088300000|  0%| F|  |TAMS 0x0000000088200000| PB 0x0000000088200000| Untracked 
| 131|0x0000000088300000, 0x0000000088300000, 0x0000000088400000|  0%| F|  |TAMS 0x0000000088300000| PB 0x0000000088300000| Untracked 
| 132|0x0000000088400000, 0x0000000088400000, 0x0000000088500000|  0%| F|  |TAMS 0x0000000088400000| PB 0x0000000088400000| Untracked 
| 133|0x0000000088500000, 0x0000000088500000, 0x0000000088600000|  0%| F|  |TAMS 0x0000000088500000| PB 0x0000000088500000| Untracked 
| 134|0x0000000088600000, 0x0000000088600000, 0x0000000088700000|  0%| F|  |TAMS 0x0000000088600000| PB 0x0000000088600000| Untracked 
| 135|0x0000000088700000, 0x0000000088700000, 0x0000000088800000|  0%| F|  |TAMS 0x0000000088700000| PB 0x0000000088700000| Untracked 
| 136|0x0000000088800000, 0x0000000088800000, 0x0000000088900000|  0%| F|  |TAMS 0x0000000088800000| PB 0x0000000088800000| Untracked 
| 137|0x0000000088900000, 0x0000000088900000, 0x0000000088a00000|  0%| F|  |TAMS 0x0000000088900000| PB 0x0000000088900000| Untracked 
| 138|0x0000000088a00000, 0x0000000088a00000, 0x0000000088b00000|  0%| F|  |TAMS 0x0000000088a00000| PB 0x0000000088a00000| Untracked 
| 139|0x0000000088b00000, 0x0000000088b00000, 0x0000000088c00000|  0%| F|  |TAMS 0x0000000088b00000| PB 0x0000000088b00000| Untracked 
| 140|0x0000000088c00000, 0x0000000088c00000, 0x0000000088d00000|  0%| F|  |TAMS 0x0000000088c00000| PB 0x0000000088c00000| Untracked 
| 141|0x0000000088d00000, 0x0000000088d00000, 0x0000000088e00000|  0%| F|  |TAMS 0x0000000088d00000| PB 0x0000000088d00000| Untracked 
| 142|0x0000000088e00000, 0x0000000088e00000, 0x0000000088f00000|  0%| F|  |TAMS 0x0000000088e00000| PB 0x0000000088e00000| Untracked 
| 143|0x0000000088f00000, 0x0000000088f00000, 0x0000000089000000|  0%| F|  |TAMS 0x0000000088f00000| PB 0x0000000088f00000| Untracked 
| 144|0x0000000089000000, 0x0000000089071aa0, 0x0000000089100000| 44%| S|CS|TAMS 0x0000000089000000| PB 0x0000000089000000| Complete 
| 145|0x0000000089100000, 0x0000000089200000, 0x0000000089200000|100%| S|CS|TAMS 0x0000000089100000| PB 0x0000000089100000| Complete 
| 146|0x0000000089200000, 0x0000000089300000, 0x0000000089300000|100%| S|CS|TAMS 0x0000000089200000| PB 0x0000000089200000| Complete 
| 147|0x0000000089300000, 0x0000000089400000, 0x0000000089400000|100%| S|CS|TAMS 0x0000000089300000| PB 0x0000000089300000| Complete 
| 148|0x0000000089400000, 0x0000000089500000, 0x0000000089500000|100%| S|CS|TAMS 0x0000000089400000| PB 0x0000000089400000| Complete 
| 149|0x0000000089500000, 0x0000000089500000, 0x0000000089600000|  0%| F|  |TAMS 0x0000000089500000| PB 0x0000000089500000| Untracked 
| 150|0x0000000089600000, 0x0000000089600000, 0x0000000089700000|  0%| F|  |TAMS 0x0000000089600000| PB 0x0000000089600000| Untracked 
| 151|0x0000000089700000, 0x0000000089700000, 0x0000000089800000|  0%| F|  |TAMS 0x0000000089700000| PB 0x0000000089700000| Untracked 
| 152|0x0000000089800000, 0x0000000089800000, 0x0000000089900000|  0%| F|  |TAMS 0x0000000089800000| PB 0x0000000089800000| Untracked 
| 153|0x0000000089900000, 0x0000000089900000, 0x0000000089a00000|  0%| F|  |TAMS 0x0000000089900000| PB 0x0000000089900000| Untracked 
| 154|0x0000000089a00000, 0x0000000089a00000, 0x0000000089b00000|  0%| F|  |TAMS 0x0000000089a00000| PB 0x0000000089a00000| Untracked 
| 155|0x0000000089b00000, 0x0000000089b00000, 0x0000000089c00000|  0%| F|  |TAMS 0x0000000089b00000| PB 0x0000000089b00000| Untracked 
| 156|0x0000000089c00000, 0x0000000089c00000, 0x0000000089d00000|  0%| F|  |TAMS 0x0000000089c00000| PB 0x0000000089c00000| Untracked 
| 157|0x0000000089d00000, 0x0000000089d00000, 0x0000000089e00000|  0%| F|  |TAMS 0x0000000089d00000| PB 0x0000000089d00000| Untracked 
| 158|0x0000000089e00000, 0x0000000089e00000, 0x0000000089f00000|  0%| F|  |TAMS 0x0000000089e00000| PB 0x0000000089e00000| Untracked 
| 159|0x0000000089f00000, 0x0000000089f00000, 0x000000008a000000|  0%| F|  |TAMS 0x0000000089f00000| PB 0x0000000089f00000| Untracked 
| 160|0x000000008a000000, 0x000000008a000000, 0x000000008a100000|  0%| F|  |TAMS 0x000000008a000000| PB 0x000000008a000000| Untracked 
| 161|0x000000008a100000, 0x000000008a100000, 0x000000008a200000|  0%| F|  |TAMS 0x000000008a100000| PB 0x000000008a100000| Untracked 
| 162|0x000000008a200000, 0x000000008a200000, 0x000000008a300000|  0%| F|  |TAMS 0x000000008a200000| PB 0x000000008a200000| Untracked 
| 163|0x000000008a300000, 0x000000008a300000, 0x000000008a400000|  0%| F|  |TAMS 0x000000008a300000| PB 0x000000008a300000| Untracked 
| 164|0x000000008a400000, 0x000000008a400000, 0x000000008a500000|  0%| F|  |TAMS 0x000000008a400000| PB 0x000000008a400000| Untracked 
| 165|0x000000008a500000, 0x000000008a500000, 0x000000008a600000|  0%| F|  |TAMS 0x000000008a500000| PB 0x000000008a500000| Untracked 
| 166|0x000000008a600000, 0x000000008a600000, 0x000000008a700000|  0%| F|  |TAMS 0x000000008a600000| PB 0x000000008a600000| Untracked 
| 167|0x000000008a700000, 0x000000008a700000, 0x000000008a800000|  0%| F|  |TAMS 0x000000008a700000| PB 0x000000008a700000| Untracked 
| 168|0x000000008a800000, 0x000000008a800000, 0x000000008a900000|  0%| F|  |TAMS 0x000000008a800000| PB 0x000000008a800000| Untracked 
| 169|0x000000008a900000, 0x000000008a900000, 0x000000008aa00000|  0%| F|  |TAMS 0x000000008a900000| PB 0x000000008a900000| Untracked 
| 170|0x000000008aa00000, 0x000000008aa00000, 0x000000008ab00000|  0%| F|  |TAMS 0x000000008aa00000| PB 0x000000008aa00000| Untracked 
| 171|0x000000008ab00000, 0x000000008ab00000, 0x000000008ac00000|  0%| F|  |TAMS 0x000000008ab00000| PB 0x000000008ab00000| Untracked 
| 172|0x000000008ac00000, 0x000000008ac00000, 0x000000008ad00000|  0%| F|  |TAMS 0x000000008ac00000| PB 0x000000008ac00000| Untracked 
| 173|0x000000008ad00000, 0x000000008ad00000, 0x000000008ae00000|  0%| F|  |TAMS 0x000000008ad00000| PB 0x000000008ad00000| Untracked 
| 174|0x000000008ae00000, 0x000000008ae00000, 0x000000008af00000|  0%| F|  |TAMS 0x000000008ae00000| PB 0x000000008ae00000| Untracked 
| 175|0x000000008af00000, 0x000000008af00000, 0x000000008b000000|  0%| F|  |TAMS 0x000000008af00000| PB 0x000000008af00000| Untracked 
| 176|0x000000008b000000, 0x000000008b000000, 0x000000008b100000|  0%| F|  |TAMS 0x000000008b000000| PB 0x000000008b000000| Untracked 
| 177|0x000000008b100000, 0x000000008b100000, 0x000000008b200000|  0%| F|  |TAMS 0x000000008b100000| PB 0x000000008b100000| Untracked 
| 178|0x000000008b200000, 0x000000008b200000, 0x000000008b300000|  0%| F|  |TAMS 0x000000008b200000| PB 0x000000008b200000| Untracked 
| 179|0x000000008b300000, 0x000000008b300000, 0x000000008b400000|  0%| F|  |TAMS 0x000000008b300000| PB 0x000000008b300000| Untracked 
| 180|0x000000008b400000, 0x000000008b400000, 0x000000008b500000|  0%| F|  |TAMS 0x000000008b400000| PB 0x000000008b400000| Untracked 
| 181|0x000000008b500000, 0x000000008b500000, 0x000000008b600000|  0%| F|  |TAMS 0x000000008b500000| PB 0x000000008b500000| Untracked 
| 182|0x000000008b600000, 0x000000008b600000, 0x000000008b700000|  0%| F|  |TAMS 0x000000008b600000| PB 0x000000008b600000| Untracked 
| 183|0x000000008b700000, 0x000000008b700000, 0x000000008b800000|  0%| F|  |TAMS 0x000000008b700000| PB 0x000000008b700000| Untracked 
| 184|0x000000008b800000, 0x000000008b800000, 0x000000008b900000|  0%| F|  |TAMS 0x000000008b800000| PB 0x000000008b800000| Untracked 
| 185|0x000000008b900000, 0x000000008b900000, 0x000000008ba00000|  0%| F|  |TAMS 0x000000008b900000| PB 0x000000008b900000| Untracked 
| 186|0x000000008ba00000, 0x000000008ba00000, 0x000000008bb00000|  0%| F|  |TAMS 0x000000008ba00000| PB 0x000000008ba00000| Untracked 
| 187|0x000000008bb00000, 0x000000008bb00000, 0x000000008bc00000|  0%| F|  |TAMS 0x000000008bb00000| PB 0x000000008bb00000| Untracked 
| 188|0x000000008bc00000, 0x000000008bc00000, 0x000000008bd00000|  0%| F|  |TAMS 0x000000008bc00000| PB 0x000000008bc00000| Untracked 
| 189|0x000000008bd00000, 0x000000008bd00000, 0x000000008be00000|  0%| F|  |TAMS 0x000000008bd00000| PB 0x000000008bd00000| Untracked 
| 190|0x000000008be00000, 0x000000008be00000, 0x000000008bf00000|  0%| F|  |TAMS 0x000000008be00000| PB 0x000000008be00000| Untracked 
| 191|0x000000008bf00000, 0x000000008bf00000, 0x000000008c000000|  0%| F|  |TAMS 0x000000008bf00000| PB 0x000000008bf00000| Untracked 
| 192|0x000000008c000000, 0x000000008c000000, 0x000000008c100000|  0%| F|  |TAMS 0x000000008c000000| PB 0x000000008c000000| Untracked 
| 193|0x000000008c100000, 0x000000008c100000, 0x000000008c200000|  0%| F|  |TAMS 0x000000008c100000| PB 0x000000008c100000| Untracked 
| 194|0x000000008c200000, 0x000000008c200000, 0x000000008c300000|  0%| F|  |TAMS 0x000000008c200000| PB 0x000000008c200000| Untracked 
| 195|0x000000008c300000, 0x000000008c300000, 0x000000008c400000|  0%| F|  |TAMS 0x000000008c300000| PB 0x000000008c300000| Untracked 
| 196|0x000000008c400000, 0x000000008c400000, 0x000000008c500000|  0%| F|  |TAMS 0x000000008c400000| PB 0x000000008c400000| Untracked 
| 197|0x000000008c500000, 0x000000008c500000, 0x000000008c600000|  0%| F|  |TAMS 0x000000008c500000| PB 0x000000008c500000| Untracked 
| 198|0x000000008c600000, 0x000000008c600000, 0x000000008c700000|  0%| F|  |TAMS 0x000000008c600000| PB 0x000000008c600000| Untracked 
| 199|0x000000008c700000, 0x000000008c700000, 0x000000008c800000|  0%| F|  |TAMS 0x000000008c700000| PB 0x000000008c700000| Untracked 
| 200|0x000000008c800000, 0x000000008c800000, 0x000000008c900000|  0%| F|  |TAMS 0x000000008c800000| PB 0x000000008c800000| Untracked 
| 201|0x000000008c900000, 0x000000008c900000, 0x000000008ca00000|  0%| F|  |TAMS 0x000000008c900000| PB 0x000000008c900000| Untracked 
| 202|0x000000008ca00000, 0x000000008ca00000, 0x000000008cb00000|  0%| F|  |TAMS 0x000000008ca00000| PB 0x000000008ca00000| Untracked 
| 203|0x000000008cb00000, 0x000000008cb00000, 0x000000008cc00000|  0%| F|  |TAMS 0x000000008cb00000| PB 0x000000008cb00000| Untracked 
| 204|0x000000008cc00000, 0x000000008cc00000, 0x000000008cd00000|  0%| F|  |TAMS 0x000000008cc00000| PB 0x000000008cc00000| Untracked 
| 205|0x000000008cd00000, 0x000000008cd00000, 0x000000008ce00000|  0%| F|  |TAMS 0x000000008cd00000| PB 0x000000008cd00000| Untracked 
| 206|0x000000008ce00000, 0x000000008ce00000, 0x000000008cf00000|  0%| F|  |TAMS 0x000000008ce00000| PB 0x000000008ce00000| Untracked 
| 207|0x000000008cf00000, 0x000000008cf00000, 0x000000008d000000|  0%| F|  |TAMS 0x000000008cf00000| PB 0x000000008cf00000| Untracked 
| 208|0x000000008d000000, 0x000000008d000000, 0x000000008d100000|  0%| F|  |TAMS 0x000000008d000000| PB 0x000000008d000000| Untracked 
| 209|0x000000008d100000, 0x000000008d100000, 0x000000008d200000|  0%| F|  |TAMS 0x000000008d100000| PB 0x000000008d100000| Untracked 
| 210|0x000000008d200000, 0x000000008d200000, 0x000000008d300000|  0%| F|  |TAMS 0x000000008d200000| PB 0x000000008d200000| Untracked 
| 211|0x000000008d300000, 0x000000008d300000, 0x000000008d400000|  0%| F|  |TAMS 0x000000008d300000| PB 0x000000008d300000| Untracked 
| 212|0x000000008d400000, 0x000000008d400000, 0x000000008d500000|  0%| F|  |TAMS 0x000000008d400000| PB 0x000000008d400000| Untracked 
| 213|0x000000008d500000, 0x000000008d500000, 0x000000008d600000|  0%| F|  |TAMS 0x000000008d500000| PB 0x000000008d500000| Untracked 
| 214|0x000000008d600000, 0x000000008d600000, 0x000000008d700000|  0%| F|  |TAMS 0x000000008d600000| PB 0x000000008d600000| Untracked 
| 215|0x000000008d700000, 0x000000008d700000, 0x000000008d800000|  0%| F|  |TAMS 0x000000008d700000| PB 0x000000008d700000| Untracked 
| 216|0x000000008d800000, 0x000000008d800000, 0x000000008d900000|  0%| F|  |TAMS 0x000000008d800000| PB 0x000000008d800000| Untracked 
| 217|0x000000008d900000, 0x000000008d900000, 0x000000008da00000|  0%| F|  |TAMS 0x000000008d900000| PB 0x000000008d900000| Untracked 
| 218|0x000000008da00000, 0x000000008da00000, 0x000000008db00000|  0%| F|  |TAMS 0x000000008da00000| PB 0x000000008da00000| Untracked 
|2025|0x00000000fe900000, 0x00000000fea00000, 0x00000000fea00000|100%| O|  |TAMS 0x00000000fea00000| PB 0x00000000fe900000| Untracked 
|2026|0x00000000fea00000, 0x00000000fea00000, 0x00000000feb00000|  0%| F|  |TAMS 0x00000000fea00000| PB 0x00000000fea00000| Untracked 
|2027|0x00000000feb00000, 0x00000000feb00000, 0x00000000fec00000|  0%| F|  |TAMS 0x00000000feb00000| PB 0x00000000feb00000| Untracked 
|2028|0x00000000fec00000, 0x00000000fec00000, 0x00000000fed00000|  0%| F|  |TAMS 0x00000000fec00000| PB 0x00000000fec00000| Untracked 
|2029|0x00000000fed00000, 0x00000000fed00000, 0x00000000fee00000|  0%| F|  |TAMS 0x00000000fed00000| PB 0x00000000fed00000| Untracked 
|2030|0x00000000fee00000, 0x00000000fee00000, 0x00000000fef00000|  0%| F|  |TAMS 0x00000000fee00000| PB 0x00000000fee00000| Untracked 
|2031|0x00000000fef00000, 0x00000000fef00000, 0x00000000ff000000|  0%| F|  |TAMS 0x00000000fef00000| PB 0x00000000fef00000| Untracked 
|2032|0x00000000ff000000, 0x00000000ff000000, 0x00000000ff100000|  0%| F|  |TAMS 0x00000000ff000000| PB 0x00000000ff000000| Untracked 
|2033|0x00000000ff100000, 0x00000000ff100000, 0x00000000ff200000|  0%| F|  |TAMS 0x00000000ff100000| PB 0x00000000ff100000| Untracked 
|2034|0x00000000ff200000, 0x00000000ff200000, 0x00000000ff300000|  0%| F|  |TAMS 0x00000000ff200000| PB 0x00000000ff200000| Untracked 
|2035|0x00000000ff300000, 0x00000000ff300000, 0x00000000ff400000|  0%| F|  |TAMS 0x00000000ff300000| PB 0x00000000ff300000| Untracked 
|2036|0x00000000ff400000, 0x00000000ff400000, 0x00000000ff500000|  0%| F|  |TAMS 0x00000000ff400000| PB 0x00000000ff400000| Untracked 
|2037|0x00000000ff500000, 0x00000000ff500000, 0x00000000ff600000|  0%| F|  |TAMS 0x00000000ff500000| PB 0x00000000ff500000| Untracked 
|2038|0x00000000ff600000, 0x00000000ff600000, 0x00000000ff700000|  0%| F|  |TAMS 0x00000000ff600000| PB 0x00000000ff600000| Untracked 
|2039|0x00000000ff700000, 0x00000000ff700000, 0x00000000ff800000|  0%| F|  |TAMS 0x00000000ff700000| PB 0x00000000ff700000| Untracked 
|2040|0x00000000ff800000, 0x00000000ff800000, 0x00000000ff900000|  0%| F|  |TAMS 0x00000000ff800000| PB 0x00000000ff800000| Untracked 
|2041|0x00000000ff900000, 0x00000000ffa00000, 0x00000000ffa00000|100%| O|  |TAMS 0x00000000ffa00000| PB 0x00000000ff900000| Untracked 
|2042|0x00000000ffa00000, 0x00000000ffa00000, 0x00000000ffb00000|  0%| F|  |TAMS 0x00000000ffa00000| PB 0x00000000ffa00000| Untracked 
|2043|0x00000000ffb00000, 0x00000000ffb00000, 0x00000000ffc00000|  0%| F|  |TAMS 0x00000000ffb00000| PB 0x00000000ffb00000| Untracked 
|2044|0x00000000ffc00000, 0x00000000ffd00000, 0x00000000ffd00000|100%| O|  |TAMS 0x00000000ffd00000| PB 0x00000000ffc00000| Untracked 
|2045|0x00000000ffd00000, 0x00000000ffd00000, 0x00000000ffe00000|  0%| F|  |TAMS 0x00000000ffd00000| PB 0x00000000ffd00000| Untracked 
|2046|0x00000000ffe00000, 0x00000000ffebfd68, 0x00000000fff00000| 74%| E|  |TAMS 0x00000000ffe00000| PB 0x00000000ffe00000| Complete 
|2047|0x00000000fff00000, 0x0000000100000000, 0x0000000100000000|100%| O|  |TAMS 0x0000000100000000| PB 0x00000000fff00000| Untracked 

Card table byte_map: [0x000002c0e27b0000,0x000002c0e2bb0000] _byte_map_base: 0x000002c0e23b0000

Marking Bits: (CMBitMap*) 0x000002c0cad08300
 Bits: [0x000002c0e2bb0000, 0x000002c0e4bb0000)

Polling page: 0x000002c0c8910000

Metaspace:

Usage:
  Non-class:     96.62 MB used.
      Class:     15.01 MB used.
       Both:    111.63 MB used.

Virtual space:
  Non-class space:      128.00 MB reserved,      97.81 MB ( 76%) committed,  2 nodes.
      Class space:        1.00 GB reserved,      16.31 MB (  2%) committed,  1 nodes.
             Both:        1.12 GB reserved,     114.12 MB ( 10%) committed. 

Chunk freelists:
   Non-Class:  13.88 MB
       Class:  15.67 MB
        Both:  29.55 MB

MaxMetaspaceSize: unlimited
CompressedClassSpaceSize: 1.00 GB
Initial GC threshold: 21.00 MB
Current GC threshold: 176.81 MB
CDS: on
 - commit_granule_bytes: 65536.
 - commit_granule_words: 8192.
 - virtual_space_node_default_size: 8388608.
 - enlarge_chunks_in_place: 1.
 - use_allocation_guard: 0.


Internal statistics:

num_allocs_failed_limit: 6.
num_arena_births: 4572.
num_arena_deaths: 0.
num_vsnodes_births: 3.
num_vsnodes_deaths: 0.
num_space_committed: 1825.
num_space_uncommitted: 0.
num_chunks_returned_to_freelist: 6.
num_chunks_taken_from_freelist: 9941.
num_chunk_merges: 6.
num_chunk_splits: 6397.
num_chunks_enlarged: 3905.
num_inconsistent_stats: 0.

CodeHeap 'non-profiled nmethods': size=120000Kb used=8543Kb max_used=8543Kb free=111456Kb
 bounds [0x000002c0dae80000, 0x000002c0db6e0000, 0x000002c0e23b0000]
CodeHeap 'profiled nmethods': size=120000Kb used=27781Kb max_used=27781Kb free=92218Kb
 bounds [0x000002c0d33b0000, 0x000002c0d4ee0000, 0x000002c0da8e0000]
CodeHeap 'non-nmethods': size=5760Kb used=2237Kb max_used=2280Kb free=3522Kb
 bounds [0x000002c0da8e0000, 0x000002c0dab50000, 0x000002c0dae80000]
 total_blobs=15427 nmethods=14496 adapters=834
 compilation: enabled
              stopped_count=0, restarted_count=0
 full_count=0

Compilation events (20 events):
Event: 94.122 Thread 0x000002c0e708d150 nmethod 16552 0x000002c0d4ecc090 code [0x000002c0d4ecc240, 0x000002c0d4ecc508]
Event: 94.122 Thread 0x000002c0e708d150 16553  s    3       java.lang.StringBuffer::append (13 bytes)
Event: 94.122 Thread 0x000002c0e708d150 nmethod 16553 0x000002c0d4ecc610 code [0x000002c0d4ecc7c0, 0x000002c0d4ecca00]
Event: 94.133 Thread 0x000002c0e708c0b0 nmethod 16549 0x000002c0db6d1b10 code [0x000002c0db6d1d60, 0x000002c0db6d2520]
Event: 94.133 Thread 0x000002c0e708c0b0 16555       4       java.util.Objects::equals (23 bytes)
Event: 94.135 Thread 0x000002c0f7231950 nmethod 16548 0x000002c0db6d2c10 code [0x000002c0db6d2e60, 0x000002c0db6d35e0]
Event: 94.136 Thread 0x000002c0f7231950 16554       4       java.lang.StringBuilder::append (8 bytes)
Event: 94.136 Thread 0x000002c0e708c0b0 nmethod 16555 0x000002c0db6d3c90 code [0x000002c0db6d3e20, 0x000002c0db6d3ed0]
Event: 94.136 Thread 0x000002c0e708c0b0 16550       4       org.gradle.internal.logging.text.AbstractLineChoppingStyledTextOutput$2::execute (77 bytes)
Event: 94.146 Thread 0x000002c0e708c0b0 nmethod 16550 0x000002c0db6d3f90 code [0x000002c0db6d41c0, 0x000002c0db6d4720]
Event: 94.146 Thread 0x000002c0e708c0b0 16551       4       org.gradle.internal.logging.text.AbstractLineChoppingStyledTextOutput$StateContext::hasChar (25 bytes)
Event: 94.147 Thread 0x000002c0e708c0b0 nmethod 16551 0x000002c0db6d4c90 code [0x000002c0db6d4e20, 0x000002c0db6d4ed8]
Event: 94.155 Thread 0x000002c0f7231950 nmethod 16554 0x000002c0db6d4f90 code [0x000002c0db6d5160, 0x000002c0db6d5868]
Event: 94.170 Thread 0x000002c0f7231950 16556       4       org.gradle.internal.logging.text.AbstractLineChoppingStyledTextOutput::doAppend (43 bytes)
Event: 94.172 Thread 0x000002c0e708d150 16557       3       sun.nio.cs.StreamEncoder::implWrite (145 bytes)
Event: 94.173 Thread 0x000002c0e708d150 nmethod 16557 0x000002c0d4ecca90 code [0x000002c0d4eccd00, 0x000002c0d4ecd5e0]
Event: 94.188 Thread 0x000002c0e708d150 16558       3       java.io.OutputStreamWriter::flushBuffer (8 bytes)
Event: 94.189 Thread 0x000002c0e708d150 nmethod 16558 0x000002c0d4ecd890 code [0x000002c0d4ecda40, 0x000002c0d4ecdb80]
Event: 94.208 Thread 0x000002c0e708d150 16559       3       java.io.PrintStream::implWrite (50 bytes)
Event: 94.209 Thread 0x000002c0e708d150 nmethod 16559 0x000002c0d4ecdc90 code [0x000002c0d4ecdee0, 0x000002c0d4ece6e0]

GC Heap History (20 events):
Event: 61.873 GC heap before
{Heap before GC invocations=47 (full 0):
 garbage-first heap   total 171008K, used 140691K [0x0000000080000000, 0x0000000100000000)
  region size 1024K, 46 young (47104K), 6 survivors (6144K)
 Metaspace       used 97954K, committed 100224K, reserved 1179648K
  class space    used 13693K, committed 14848K, reserved 1048576K
}
Event: 61.891 GC heap after
{Heap after GC invocations=48 (full 0):
 garbage-first heap   total 171008K, used 106373K [0x0000000080000000, 0x0000000100000000)
  region size 1024K, 6 young (6144K), 6 survivors (6144K)
 Metaspace       used 97954K, committed 100224K, reserved 1179648K
  class space    used 13693K, committed 14848K, reserved 1048576K
}
Event: 63.099 GC heap before
{Heap before GC invocations=48 (full 0):
 garbage-first heap   total 171008K, used 154501K [0x0000000080000000, 0x0000000100000000)
  region size 1024K, 54 young (55296K), 6 survivors (6144K)
 Metaspace       used 97961K, committed 100224K, reserved 1179648K
  class space    used 13694K, committed 14848K, reserved 1048576K
}
Event: 63.120 GC heap after
{Heap after GC invocations=49 (full 0):
 garbage-first heap   total 171008K, used 109568K [0x0000000080000000, 0x0000000100000000)
  region size 1024K, 4 young (4096K), 4 survivors (4096K)
 Metaspace       used 97961K, committed 100224K, reserved 1179648K
  class space    used 13694K, committed 14848K, reserved 1048576K
}
Event: 64.537 GC heap before
{Heap before GC invocations=49 (full 0):
 garbage-first heap   total 171008K, used 151552K [0x0000000080000000, 0x0000000100000000)
  region size 1024K, 47 young (48128K), 4 survivors (4096K)
 Metaspace       used 98500K, committed 100864K, reserved 1179648K
  class space    used 13804K, committed 14976K, reserved 1048576K
}
Event: 64.549 GC heap after
{Heap after GC invocations=50 (full 0):
 garbage-first heap   total 205824K, used 112636K [0x0000000080000000, 0x0000000100000000)
  region size 1024K, 7 young (7168K), 7 survivors (7168K)
 Metaspace       used 98500K, committed 100864K, reserved 1179648K
  class space    used 13804K, committed 14976K, reserved 1048576K
}
Event: 64.557 GC heap before
{Heap before GC invocations=50 (full 0):
 garbage-first heap   total 205824K, used 113660K [0x0000000080000000, 0x0000000100000000)
  region size 1024K, 8 young (8192K), 7 survivors (7168K)
 Metaspace       used 98500K, committed 100864K, reserved 1179648K
  class space    used 13804K, committed 14976K, reserved 1048576K
}
Event: 64.566 GC heap after
{Heap after GC invocations=51 (full 0):
 garbage-first heap   total 205824K, used 112505K [0x0000000080000000, 0x0000000100000000)
  region size 1024K, 5 young (5120K), 5 survivors (5120K)
 Metaspace       used 98500K, committed 100864K, reserved 1179648K
  class space    used 13804K, committed 14976K, reserved 1048576K
}
Event: 67.176 GC heap before
{Heap before GC invocations=52 (full 0):
 garbage-first heap   total 224256K, used 219001K [0x0000000080000000, 0x0000000100000000)
  region size 1024K, 78 young (79872K), 5 survivors (5120K)
 Metaspace       used 101794K, committed 104192K, reserved 1179648K
  class space    used 14080K, committed 15296K, reserved 1048576K
}
Event: 67.231 GC heap after
{Heap after GC invocations=53 (full 0):
 garbage-first heap   total 247808K, used 133595K [0x0000000080000000, 0x0000000100000000)
  region size 1024K, 10 young (10240K), 10 survivors (10240K)
 Metaspace       used 101794K, committed 104192K, reserved 1179648K
  class space    used 14080K, committed 15296K, reserved 1048576K
}
Event: 71.108 GC heap before
{Heap before GC invocations=53 (full 0):
 garbage-first heap   total 247808K, used 212443K [0x0000000080000000, 0x0000000100000000)
  region size 1024K, 88 young (90112K), 10 survivors (10240K)
 Metaspace       used 105875K, committed 108224K, reserved 1179648K
  class space    used 14518K, committed 15744K, reserved 1048576K
}
Event: 71.132 GC heap after
{Heap after GC invocations=54 (full 0):
 garbage-first heap   total 247808K, used 135096K [0x0000000080000000, 0x0000000100000000)
  region size 1024K, 7 young (7168K), 7 survivors (7168K)
 Metaspace       used 105875K, committed 108224K, reserved 1179648K
  class space    used 14518K, committed 15744K, reserved 1048576K
}
Event: 72.873 GC heap before
{Heap before GC invocations=54 (full 0):
 garbage-first heap   total 247808K, used 213944K [0x0000000080000000, 0x0000000100000000)
  region size 1024K, 85 young (87040K), 7 survivors (7168K)
 Metaspace       used 106271K, committed 108608K, reserved 1179648K
  class space    used 14561K, committed 15744K, reserved 1048576K
}
Event: 72.889 GC heap after
{Heap after GC invocations=55 (full 0):
 garbage-first heap   total 247808K, used 139602K [0x0000000080000000, 0x0000000100000000)
  region size 1024K, 7 young (7168K), 7 survivors (7168K)
 Metaspace       used 106271K, committed 108608K, reserved 1179648K
  class space    used 14561K, committed 15744K, reserved 1048576K
}
Event: 74.844 GC heap before
{Heap before GC invocations=56 (full 0):
 garbage-first heap   total 247808K, used 200018K [0x0000000080000000, 0x0000000100000000)
  region size 1024K, 84 young (86016K), 7 survivors (7168K)
 Metaspace       used 107103K, committed 109504K, reserved 1179648K
  class space    used 14655K, committed 15872K, reserved 1048576K
}
Event: 74.858 GC heap after
{Heap after GC invocations=57 (full 0):
 garbage-first heap   total 247808K, used 125440K [0x0000000080000000, 0x0000000100000000)
  region size 1024K, 10 young (10240K), 10 survivors (10240K)
 Metaspace       used 107103K, committed 109504K, reserved 1179648K
  class space    used 14655K, committed 15872K, reserved 1048576K
}
Event: 85.958 GC heap before
{Heap before GC invocations=57 (full 0):
 garbage-first heap   total 247808K, used 218624K [0x0000000080000000, 0x0000000100000000)
  region size 1024K, 100 young (102400K), 10 survivors (10240K)
 Metaspace       used 110193K, committed 112576K, reserved 1179648K
  class space    used 14870K, committed 16064K, reserved 1048576K
}
Event: 85.984 GC heap after
{Heap after GC invocations=58 (full 0):
 garbage-first heap   total 247808K, used 126140K [0x0000000080000000, 0x0000000100000000)
  region size 1024K, 10 young (10240K), 10 survivors (10240K)
 Metaspace       used 110193K, committed 112576K, reserved 1179648K
  class space    used 14870K, committed 16064K, reserved 1048576K
}
Event: 94.021 GC heap before
{Heap before GC invocations=58 (full 0):
 garbage-first heap   total 247808K, used 216252K [0x0000000080000000, 0x0000000100000000)
  region size 1024K, 99 young (101376K), 10 survivors (10240K)
 Metaspace       used 114261K, committed 116800K, reserved 1179648K
  class space    used 15366K, committed 16640K, reserved 1048576K
}
Event: 94.041 GC heap after
{Heap after GC invocations=59 (full 0):
 garbage-first heap   total 247808K, used 130502K [0x0000000080000000, 0x0000000100000000)
  region size 1024K, 5 young (5120K), 5 survivors (5120K)
 Metaspace       used 114261K, committed 116800K, reserved 1179648K
  class space    used 15366K, committed 16640K, reserved 1048576K
}

Dll operation events (16 events):
Event: 0.022 Loaded shared library D:\SEMESTER 6\AI\Project code\OpenJDK21U-jdk_x64_windows_hotspot_21.0.7_6\jdk-21.0.7+6\bin\java.dll
Event: 0.085 Loaded shared library D:\SEMESTER 6\AI\Project code\OpenJDK21U-jdk_x64_windows_hotspot_21.0.7_6\jdk-21.0.7+6\bin\jsvml.dll
Event: 0.225 Loaded shared library D:\SEMESTER 6\AI\Project code\OpenJDK21U-jdk_x64_windows_hotspot_21.0.7_6\jdk-21.0.7+6\bin\zip.dll
Event: 0.238 Loaded shared library D:\SEMESTER 6\AI\Project code\OpenJDK21U-jdk_x64_windows_hotspot_21.0.7_6\jdk-21.0.7+6\bin\instrument.dll
Event: 0.244 Loaded shared library D:\SEMESTER 6\AI\Project code\OpenJDK21U-jdk_x64_windows_hotspot_21.0.7_6\jdk-21.0.7+6\bin\net.dll
Event: 0.251 Loaded shared library D:\SEMESTER 6\AI\Project code\OpenJDK21U-jdk_x64_windows_hotspot_21.0.7_6\jdk-21.0.7+6\bin\nio.dll
Event: 0.258 Loaded shared library D:\SEMESTER 6\AI\Project code\OpenJDK21U-jdk_x64_windows_hotspot_21.0.7_6\jdk-21.0.7+6\bin\zip.dll
Event: 0.902 Loaded shared library D:\SEMESTER 6\AI\Project code\OpenJDK21U-jdk_x64_windows_hotspot_21.0.7_6\jdk-21.0.7+6\bin\jimage.dll
Event: 1.491 Loaded shared library D:\SEMESTER 6\AI\Project code\OpenJDK21U-jdk_x64_windows_hotspot_21.0.7_6\jdk-21.0.7+6\bin\verify.dll
Event: 2.133 Loaded shared library D:\Gradle\native\1def1411415f61bf3af743bc5b6707747c0891f09f0c88961ee8f79bc544acac\windows-amd64\native-platform.dll
Event: 2.173 Loaded shared library D:\Gradle\native\0.2.7\x86_64-windows-gnu\gradle-fileevents.dll
Event: 5.223 Loaded shared library D:\SEMESTER 6\AI\Project code\OpenJDK21U-jdk_x64_windows_hotspot_21.0.7_6\jdk-21.0.7+6\bin\management.dll
Event: 5.230 Loaded shared library D:\SEMESTER 6\AI\Project code\OpenJDK21U-jdk_x64_windows_hotspot_21.0.7_6\jdk-21.0.7+6\bin\management_ext.dll
Event: 5.650 Loaded shared library D:\SEMESTER 6\AI\Project code\OpenJDK21U-jdk_x64_windows_hotspot_21.0.7_6\jdk-21.0.7+6\bin\extnet.dll
Event: 6.273 Loaded shared library D:\SEMESTER 6\AI\Project code\OpenJDK21U-jdk_x64_windows_hotspot_21.0.7_6\jdk-21.0.7+6\bin\sunmscapi.dll
Event: 88.926 Loaded shared library D:\SEMESTER 6\AI\Project code\OpenJDK21U-jdk_x64_windows_hotspot_21.0.7_6\jdk-21.0.7+6\bin\rmi.dll

Deoptimization events (20 events):
Event: 94.112 Thread 0x000002c0eebe3730 Uncommon trap: trap_request=0xffffff45 fr.pc=0x000002c0db033f2c relative=0x000000000000008c
Event: 94.112 Thread 0x000002c0eebe3730 Uncommon trap: reason=unstable_if action=reinterpret pc=0x000002c0db033f2c method=org.gradle.internal.logging.slf4j.OutputEventListenerBackedLogger.isLevelAtMost(Lorg/gradle/api/logging/LogLevel;)Z @ 11 c2
Event: 94.112 Thread 0x000002c0eebe3730 DEOPT PACKING pc=0x000002c0db033f2c sp=0x000000f937dfe250
Event: 94.112 Thread 0x000002c0eebe3730 DEOPT UNPACKING pc=0x000002c0da9346a2 sp=0x000000f937dfe1f0 mode 2
Event: 94.112 Thread 0x000002c0eebe3730 Uncommon trap: trap_request=0xffffffc6 fr.pc=0x000002c0db591cc8 relative=0x0000000000000068
Event: 94.112 Thread 0x000002c0eebe3730 Uncommon trap: reason=bimorphic_or_optimized_type_check action=maybe_recompile pc=0x000002c0db591cc8 method=org.gradle.internal.logging.sink.OutputEventRenderer.onOutput(Lorg/gradle/internal/logging/events/OutputEvent;)V @ 1 c2
Event: 94.112 Thread 0x000002c0eebe3730 DEOPT PACKING pc=0x000002c0db591cc8 sp=0x000000f937dfe200
Event: 94.113 Thread 0x000002c0eebe3730 DEOPT UNPACKING pc=0x000002c0da9346a2 sp=0x000000f937dfe190 mode 2
Event: 94.113 Thread 0x000002c0eebe3730 Uncommon trap: trap_request=0xffffffde fr.pc=0x000002c0db61d580 relative=0x0000000000000720
Event: 94.113 Thread 0x000002c0eebe3730 Uncommon trap: reason=class_check action=maybe_recompile pc=0x000002c0db61d580 method=org.gradle.internal.logging.sink.OutputEventTransformer.onOutput(Lorg/gradle/internal/logging/events/OutputEvent;)V @ 215 c2
Event: 94.113 Thread 0x000002c0eebe3730 DEOPT PACKING pc=0x000002c0db61d580 sp=0x000000f937dfe160
Event: 94.113 Thread 0x000002c0eebe3730 DEOPT UNPACKING pc=0x000002c0da9346a2 sp=0x000000f937dfe108 mode 2
Event: 94.122 Thread 0x000002c0eebe3730 Uncommon trap: trap_request=0xffffffc6 fr.pc=0x000002c0db591cc8 relative=0x0000000000000068
Event: 94.122 Thread 0x000002c0eebe3730 Uncommon trap: reason=bimorphic_or_optimized_type_check action=maybe_recompile pc=0x000002c0db591cc8 method=org.gradle.internal.logging.sink.OutputEventRenderer.onOutput(Lorg/gradle/internal/logging/events/OutputEvent;)V @ 1 c2
Event: 94.122 Thread 0x000002c0eebe3730 DEOPT PACKING pc=0x000002c0db591cc8 sp=0x000000f937dfe0f0
Event: 94.122 Thread 0x000002c0eebe3730 DEOPT UNPACKING pc=0x000002c0da9346a2 sp=0x000000f937dfe080 mode 2
Event: 94.122 Thread 0x000002c0eebe3730 Uncommon trap: trap_request=0xffffffde fr.pc=0x000002c0db61d580 relative=0x0000000000000720
Event: 94.122 Thread 0x000002c0eebe3730 Uncommon trap: reason=class_check action=maybe_recompile pc=0x000002c0db61d580 method=org.gradle.internal.logging.sink.OutputEventTransformer.onOutput(Lorg/gradle/internal/logging/events/OutputEvent;)V @ 215 c2
Event: 94.122 Thread 0x000002c0eebe3730 DEOPT PACKING pc=0x000002c0db61d580 sp=0x000000f937dfe050
Event: 94.122 Thread 0x000002c0eebe3730 DEOPT UNPACKING pc=0x000002c0da9346a2 sp=0x000000f937dfdff8 mode 2

Classes loaded (20 events):
Event: 89.157 Loading class sun/rmi/transport/Transport$1
Event: 89.157 Loading class sun/rmi/transport/Transport$1 done
Event: 89.159 Loading class sun/rmi/transport/DGCImpl$LeaseInfo
Event: 89.159 Loading class sun/rmi/transport/DGCImpl$LeaseInfo done
Event: 89.159 Loading class sun/rmi/transport/DGCImpl$1
Event: 89.169 Loading class sun/rmi/transport/DGCImpl$1 done
Event: 89.169 Loading class sun/rmi/transport/SequenceEntry
Event: 89.170 Loading class sun/rmi/transport/SequenceEntry done
Event: 94.019 Loading class sun/net/ConnectionResetException
Event: 94.019 Loading class sun/net/ConnectionResetException done
Event: 94.056 Loading class sun/net/util/SocketExceptions
Event: 94.057 Loading class sun/net/util/SocketExceptions done
Event: 94.119 Loading class java/io/PrintWriter$1
Event: 94.120 Loading class jdk/internal/access/JavaIOPrintWriterAccess
Event: 94.120 Loading class jdk/internal/access/JavaIOPrintWriterAccess done
Event: 94.120 Loading class java/io/PrintWriter$1 done
Event: 94.120 Loading class java/lang/Throwable$WrappedPrintWriter
Event: 94.121 Loading class java/lang/Throwable$PrintStreamOrWriter
Event: 94.121 Loading class java/lang/Throwable$PrintStreamOrWriter done
Event: 94.121 Loading class java/lang/Throwable$WrappedPrintWriter done

Classes unloaded (0 events):
No events

Classes redefined (0 events):
No events

Internal exceptions (20 events):
Event: 88.754 Thread 0x000002c0eebe3730 Exception <a 'java/lang/NoSuchMethodError'{0x0000000089de4268}: 'long java.lang.invoke.DirectMethodHandle$Holder.invokeStaticInit(java.lang.Object)'> (0x0000000089de4268) 
thrown [s\src\hotspot\share\interpreter\linkResolver.cpp, line 773]
Event: 88.892 Thread 0x000002c0eebe3730 Exception <a 'java/lang/NoSuchMethodError'{0x0000000089bd64b8}: static Lorg/jetbrains/kotlin/daemon/common/LoopbackNetworkInterface$AbstractClientLoopbackSocketFactory;.<clinit>()V> (0x0000000089bd64b8) 
thrown [s\src\hotspot\share\prims\jni.cpp, line 1111]
Event: 88.895 Thread 0x000002c0eebe3730 Exception <a 'java/lang/NoSuchMethodError'{0x0000000089be2700}: static Lorg/jetbrains/kotlin/daemon/common/LoopbackNetworkInterface$ClientLoopbackSocketFactory;.<clinit>()V> (0x0000000089be2700) 
thrown [s\src\hotspot\share\prims\jni.cpp, line 1111]
Event: 88.941 Thread 0x000002c0eebe3730 Exception <a 'java/lang/NoSuchMethodError'{0x0000000089a6c068}: static [Ljava/rmi/server/ObjID;.<clinit>()V> (0x0000000089a6c068) 
thrown [s\src\hotspot\share\prims\jni.cpp, line 1111]
Event: 88.946 Thread 0x000002c0eebe3730 Exception <a 'java/lang/NoSuchMethodError'{0x0000000089a90da0}: static [B.<clinit>()V> (0x0000000089a90da0) 
thrown [s\src\hotspot\share\prims\jni.cpp, line 1111]
Event: 88.956 Thread 0x000002c0ed711060 Exception <a 'java/lang/NoSuchMethodError'{0x0000000089a47ed8}: 'java.lang.Object java.lang.invoke.DirectMethodHandle$Holder.invokeSpecial(java.lang.Object, java.lang.Object, int, java.lang.Object, long)'> (0x0000000089a47ed8) 
thrown [s\src\hotspot\share\interpreter\linkResolver.cpp, line 773]
Event: 88.957 Thread 0x000002c0ed711060 Exception <a 'java/lang/NoSuchMethodError'{0x0000000089a4e8a0}: 'java.lang.Object java.lang.invoke.DirectMethodHandle$Holder.newInvokeSpecial(java.lang.Object, java.lang.Object, int, java.lang.Object, long)'> (0x0000000089a4e8a0) 
thrown [s\src\hotspot\share\interpreter\linkResolver.cpp, line 773]
Event: 88.975 Thread 0x000002c0eebe3730 Exception <a 'java/lang/NoSuchMethodError'{0x0000000089adbc30}: static Lorg/jetbrains/kotlin/daemon/common/CompileService$CallResult;.<clinit>()V> (0x0000000089adbc30) 
thrown [s\src\hotspot\share\prims\jni.cpp, line 1111]
Event: 88.978 Thread 0x000002c0eebe3730 Exception <a 'java/lang/NoSuchMethodError'{0x0000000089ae8248}: static Lorg/jetbrains/kotlin/daemon/common/CompileService$CallResult$Good;.<clinit>()V> (0x0000000089ae8248) 
thrown [s\src\hotspot\share\prims\jni.cpp, line 1111]
Event: 88.981 Thread 0x000002c0eebe3730 Exception <a 'java/lang/NoSuchMethodError'{0x0000000089af5508}: static Lorg/jetbrains/kotlin/daemon/common/DaemonJVMOptions;.<clinit>()V> (0x0000000089af5508) 
thrown [s\src\hotspot\share\prims\jni.cpp, line 1111]
Event: 89.006 Thread 0x000002c0eebe3730 Exception <a 'java/lang/NoSuchMethodError'{0x000000008993b498}: static Lorg/jetbrains/kotlin/daemon/common/CompileService$CallResult$Ok;.<clinit>()V> (0x000000008993b498) 
thrown [s\src\hotspot\share\prims\jni.cpp, line 1111]
Event: 89.075 Thread 0x000002c0eebe3730 Exception <a 'java/lang/NoSuchMethodError'{0x00000000898ddb78}: static [Ljava/lang/Integer;.<clinit>()V> (0x00000000898ddb78) 
thrown [s\src\hotspot\share\prims\jni.cpp, line 1111]
Event: 94.019 Thread 0x000002c0ed70e900 Exception <a 'sun/net/ConnectionResetException'{0x0000000089552640}: Connection reset> (0x0000000089552640) 
thrown [s\src\hotspot\share\prims\jni.cpp, line 539]
Event: 94.019 Thread 0x000002c0eebe3730 Exception <a 'sun/net/ConnectionResetException'{0x000000008951c308}: Connection reset> (0x000000008951c308) 
thrown [s\src\hotspot\share\prims\jni.cpp, line 539]
Event: 94.055 Thread 0x000002c0eebe3730 Exception <a 'java/net/ConnectException'{0x00000000ffe1f370}: Connection refused: connect> (0x00000000ffe1f370) 
thrown [s\src\hotspot\share\prims\jni.cpp, line 539]
Event: 94.069 Thread 0x000002c0eebe3730 Exception <a 'java/net/ConnectException'{0x00000000ffe208b8}: Connection refused: connect> (0x00000000ffe208b8) 
thrown [s\src\hotspot\share\prims\jni.cpp, line 539]
Event: 94.082 Thread 0x000002c0eebe3730 Exception <a 'java/net/ConnectException'{0x00000000ffe213a0}: Connection refused: connect> (0x00000000ffe213a0) 
thrown [s\src\hotspot\share\prims\jni.cpp, line 539]
Event: 94.085 Thread 0x000002c0eebe3730 Exception <a 'java/net/ConnectException'{0x00000000ffe22f50}: Connection refused: connect> (0x00000000ffe22f50) 
thrown [s\src\hotspot\share\prims\jni.cpp, line 539]
Event: 94.098 Thread 0x000002c0eebe3730 Exception <a 'java/net/ConnectException'{0x00000000ffe23a38}: Connection refused: connect> (0x00000000ffe23a38) 
thrown [s\src\hotspot\share\prims\jni.cpp, line 539]
Event: 94.110 Thread 0x000002c0eebe3730 Exception <a 'java/net/ConnectException'{0x00000000ffe24520}: Connection refused: connect> (0x00000000ffe24520) 
thrown [s\src\hotspot\share\prims\jni.cpp, line 539]

ZGC Phase Switch (0 events):
No events

VM Operations (20 events):
Event: 85.317 Executing VM operation: Cleanup
Event: 85.339 Executing VM operation: Cleanup done
Event: 85.646 Executing VM operation: HandshakeAllThreads (Deoptimize)
Event: 85.646 Executing VM operation: HandshakeAllThreads (Deoptimize) done
Event: 85.889 Executing VM operation: HandshakeAllThreads (Deoptimize)
Event: 85.890 Executing VM operation: HandshakeAllThreads (Deoptimize) done
Event: 85.958 Executing VM operation: G1CollectForAllocation (G1 Evacuation Pause)
Event: 85.984 Executing VM operation: G1CollectForAllocation (G1 Evacuation Pause) done
Event: 86.997 Executing VM operation: Cleanup
Event: 86.997 Executing VM operation: Cleanup done
Event: 88.012 Executing VM operation: Cleanup
Event: 88.012 Executing VM operation: Cleanup done
Event: 88.207 Executing VM operation: HandshakeAllThreads (Deoptimize)
Event: 88.208 Executing VM operation: HandshakeAllThreads (Deoptimize) done
Event: 88.858 Executing VM operation: HandshakeAllThreads (Deoptimize)
Event: 88.858 Executing VM operation: HandshakeAllThreads (Deoptimize) done
Event: 89.872 Executing VM operation: Cleanup
Event: 89.873 Executing VM operation: Cleanup done
Event: 94.021 Executing VM operation: G1CollectForAllocation (G1 Evacuation Pause)
Event: 94.041 Executing VM operation: G1CollectForAllocation (G1 Evacuation Pause) done

Memory protections (0 events):
No events

Nmethod flushes (20 events):
Event: 73.285 Thread 0x000002c0e7058bf0 flushing  nmethod 0x000002c0d33d7890
Event: 73.285 Thread 0x000002c0e7058bf0 flushing  nmethod 0x000002c0d33d7e10
Event: 73.285 Thread 0x000002c0e7058bf0 flushing  nmethod 0x000002c0d3436d90
Event: 73.285 Thread 0x000002c0e7058bf0 flushing  nmethod 0x000002c0d3c11b90
Event: 73.285 Thread 0x000002c0e7058bf0 flushing  nmethod 0x000002c0d3d8ca90
Event: 73.285 Thread 0x000002c0e7058bf0 flushing  nmethod 0x000002c0d3d93f10
Event: 73.285 Thread 0x000002c0e7058bf0 flushing  nmethod 0x000002c0d3e01510
Event: 73.285 Thread 0x000002c0e7058bf0 flushing  nmethod 0x000002c0d3e2d910
Event: 73.285 Thread 0x000002c0e7058bf0 flushing  nmethod 0x000002c0d3e2fb90
Event: 73.285 Thread 0x000002c0e7058bf0 flushing  nmethod 0x000002c0d3e76090
Event: 73.285 Thread 0x000002c0e7058bf0 flushing  nmethod 0x000002c0d3e7aa90
Event: 73.285 Thread 0x000002c0e7058bf0 flushing  nmethod 0x000002c0d3efc190
Event: 73.285 Thread 0x000002c0e7058bf0 flushing  nmethod 0x000002c0d3f76c10
Event: 73.285 Thread 0x000002c0e7058bf0 flushing  nmethod 0x000002c0d40fcc90
Event: 73.285 Thread 0x000002c0e7058bf0 flushing  nmethod 0x000002c0d415a190
Event: 73.285 Thread 0x000002c0e7058bf0 flushing  nmethod 0x000002c0d42d7690
Event: 73.285 Thread 0x000002c0e7058bf0 flushing  nmethod 0x000002c0d43ae010
Event: 73.285 Thread 0x000002c0e7058bf0 flushing  nmethod 0x000002c0d43af790
Event: 73.285 Thread 0x000002c0e7058bf0 flushing  nmethod 0x000002c0d4547890
Event: 73.285 Thread 0x000002c0e7058bf0 flushing  nmethod 0x000002c0d474e090

Events (20 events):
Event: 73.941 Thread 0x000002c0ecd35020 Thread added: 0x000002c0ef1c5990
Event: 74.527 Thread 0x000002c0ecd35020 Thread added: 0x000002c0ef1c6d40
Event: 74.682 Thread 0x000002c0eebdef00 Thread added: 0x000002c0ef1ca850
Event: 74.725 Thread 0x000002c0eebdef00 Thread added: 0x000002c0ef1c9b30
Event: 74.725 Thread 0x000002c0eebdef00 Thread added: 0x000002c0ef1caee0
Event: 82.343 Thread 0x000002c0e708c0b0 Thread added: 0x000002c0edb87c60
Event: 83.647 Thread 0x000002c0edb87c60 Thread exited: 0x000002c0edb87c60
Event: 83.709 Thread 0x000002c0e708d150 Thread added: 0x000002c0f0084720
Event: 85.724 Thread 0x000002c0f0084720 Thread exited: 0x000002c0f0084720
Event: 85.756 Thread 0x000002c0e708d150 Thread added: 0x000002c0edb88330
Event: 87.273 Thread 0x000002c0edb88330 Thread exited: 0x000002c0edb88330
Event: 88.635 Thread 0x000002c0e708d150 Thread added: 0x000002c0f72304e0
Event: 88.899 Thread 0x000002c0eebe3730 Thread added: 0x000002c0ed70ef90
Event: 88.922 Thread 0x000002c0eebe3730 Thread added: 0x000002c0ed711060
Event: 88.937 Thread 0x000002c0eebe3730 Thread added: 0x000002c0ed70dbe0
Event: 89.057 Thread 0x000002c0eebe3730 Thread added: 0x000002c0ed7116f0
Event: 89.058 Thread 0x000002c0eebe3730 Thread added: 0x000002c0ed70e270
Event: 89.146 Thread 0x000002c0ed7116f0 Thread added: 0x000002c0ed70e900
Event: 89.670 Thread 0x000002c0f72304e0 Thread exited: 0x000002c0f72304e0
Event: 94.115 Thread 0x000002c0e708c0b0 Thread added: 0x000002c0f7231950


Dynamic libraries:
0x00007ff616430000 - 0x00007ff61643e000 	D:\SEMESTER 6\AI\Project code\OpenJDK21U-jdk_x64_windows_hotspot_21.0.7_6\jdk-21.0.7+6\bin\java.exe
0x00007ffff0f70000 - 0x00007ffff1168000 	C:\Windows\SYSTEM32\ntdll.dll
0x00007fffefd60000 - 0x00007fffefe22000 	C:\Windows\System32\KERNEL32.DLL
0x00007fffee8e0000 - 0x00007fffeebd6000 	C:\Windows\System32\KERNELBASE.dll
0x00007fffeebe0000 - 0x00007fffeece0000 	C:\Windows\System32\ucrtbase.dll
0x00007fffe4fe0000 - 0x00007fffe4ffe000 	D:\SEMESTER 6\AI\Project code\OpenJDK21U-jdk_x64_windows_hotspot_21.0.7_6\jdk-21.0.7+6\bin\VCRUNTIME140.dll
0x00007fffe2c20000 - 0x00007fffe2c38000 	D:\SEMESTER 6\AI\Project code\OpenJDK21U-jdk_x64_windows_hotspot_21.0.7_6\jdk-21.0.7+6\bin\jli.dll
0x00007ffff00a0000 - 0x00007ffff0241000 	C:\Windows\System32\USER32.dll
0x00007fffee8b0000 - 0x00007fffee8d2000 	C:\Windows\System32\win32u.dll
0x00007ffff0f00000 - 0x00007ffff0f2b000 	C:\Windows\System32\GDI32.dll
0x00007fffeed10000 - 0x00007fffeee29000 	C:\Windows\System32\gdi32full.dll
0x00007fffee780000 - 0x00007fffee81d000 	C:\Windows\System32\msvcp_win.dll
0x00007fffde5b0000 - 0x00007fffde84b000 	C:\Windows\WinSxS\amd64_microsoft.windows.common-controls_6595b64144ccf1df_6.0.19041.6456_none_60b8a6cb71f64256\COMCTL32.dll
0x00007fffefc10000 - 0x00007fffefcae000 	C:\Windows\System32\msvcrt.dll
0x00007fffef3f0000 - 0x00007fffef41f000 	C:\Windows\System32\IMM32.DLL
0x00007fffe5d40000 - 0x00007fffe5d4c000 	D:\SEMESTER 6\AI\Project code\OpenJDK21U-jdk_x64_windows_hotspot_21.0.7_6\jdk-21.0.7+6\bin\vcruntime140_1.dll
0x00007fffc4550000 - 0x00007fffc45dd000 	D:\SEMESTER 6\AI\Project code\OpenJDK21U-jdk_x64_windows_hotspot_21.0.7_6\jdk-21.0.7+6\bin\msvcp140.dll
0x00007fffb74b0000 - 0x00007fffb8240000 	D:\SEMESTER 6\AI\Project code\OpenJDK21U-jdk_x64_windows_hotspot_21.0.7_6\jdk-21.0.7+6\bin\server\jvm.dll
0x00007fffeffe0000 - 0x00007ffff0091000 	C:\Windows\System32\ADVAPI32.dll
0x00007fffefcb0000 - 0x00007fffefd4f000 	C:\Windows\System32\sechost.dll
0x00007fffef680000 - 0x00007fffef7a0000 	C:\Windows\System32\RPCRT4.dll
0x00007fffeece0000 - 0x00007fffeed07000 	C:\Windows\System32\bcrypt.dll
0x00007fffef130000 - 0x00007fffef19b000 	C:\Windows\System32\WS2_32.dll
0x00007fffee460000 - 0x00007fffee4ab000 	C:\Windows\SYSTEM32\POWRPROF.dll
0x00007fffde870000 - 0x00007fffde897000 	C:\Windows\SYSTEM32\WINMM.dll
0x00007fffe1220000 - 0x00007fffe122a000 	C:\Windows\SYSTEM32\VERSION.dll
0x00007fffee440000 - 0x00007fffee452000 	C:\Windows\SYSTEM32\UMPDC.dll
0x00007fffecdd0000 - 0x00007fffecde2000 	C:\Windows\SYSTEM32\kernel.appcore.dll
0x00007fffe5610000 - 0x00007fffe561a000 	D:\SEMESTER 6\AI\Project code\OpenJDK21U-jdk_x64_windows_hotspot_21.0.7_6\jdk-21.0.7+6\bin\jimage.dll
0x00007fffe82e0000 - 0x00007fffe84e1000 	C:\Windows\SYSTEM32\DBGHELP.DLL
0x00007fffe4720000 - 0x00007fffe4754000 	C:\Windows\SYSTEM32\dbgcore.DLL
0x00007fffee820000 - 0x00007fffee8a2000 	C:\Windows\System32\bcryptPrimitives.dll
0x00007fffe5160000 - 0x00007fffe516f000 	D:\SEMESTER 6\AI\Project code\OpenJDK21U-jdk_x64_windows_hotspot_21.0.7_6\jdk-21.0.7+6\bin\instrument.dll
0x00007fffdfef0000 - 0x00007fffdff0f000 	D:\SEMESTER 6\AI\Project code\OpenJDK21U-jdk_x64_windows_hotspot_21.0.7_6\jdk-21.0.7+6\bin\java.dll
0x00007ffff0250000 - 0x00007ffff09c0000 	C:\Windows\System32\SHELL32.dll
0x00007fffec080000 - 0x00007fffec825000 	C:\Windows\SYSTEM32\windows.storage.dll
0x00007ffff0a20000 - 0x00007ffff0d74000 	C:\Windows\System32\combase.dll
0x00007fffede70000 - 0x00007fffede9b000 	C:\Windows\SYSTEM32\Wldp.dll
0x00007fffef250000 - 0x00007fffef31d000 	C:\Windows\System32\OLEAUT32.dll
0x00007fffef320000 - 0x00007fffef3cd000 	C:\Windows\System32\SHCORE.dll
0x00007fffef540000 - 0x00007fffef59b000 	C:\Windows\System32\shlwapi.dll
0x00007fffee530000 - 0x00007fffee554000 	C:\Windows\SYSTEM32\profapi.dll
0x00007fffba280000 - 0x00007fffba357000 	D:\SEMESTER 6\AI\Project code\OpenJDK21U-jdk_x64_windows_hotspot_21.0.7_6\jdk-21.0.7+6\bin\jsvml.dll
0x00007fffce750000 - 0x00007fffce768000 	D:\SEMESTER 6\AI\Project code\OpenJDK21U-jdk_x64_windows_hotspot_21.0.7_6\jdk-21.0.7+6\bin\zip.dll
0x00007fffe5020000 - 0x00007fffe5030000 	D:\SEMESTER 6\AI\Project code\OpenJDK21U-jdk_x64_windows_hotspot_21.0.7_6\jdk-21.0.7+6\bin\net.dll
0x00007fffe1700000 - 0x00007fffe180a000 	C:\Windows\SYSTEM32\WINHTTP.dll
0x00007fffedc50000 - 0x00007fffedcba000 	C:\Windows\system32\mswsock.dll
0x00007fffd1b90000 - 0x00007fffd1ba6000 	D:\SEMESTER 6\AI\Project code\OpenJDK21U-jdk_x64_windows_hotspot_21.0.7_6\jdk-21.0.7+6\bin\nio.dll
0x00007fffe4fd0000 - 0x00007fffe4fe0000 	D:\SEMESTER 6\AI\Project code\OpenJDK21U-jdk_x64_windows_hotspot_21.0.7_6\jdk-21.0.7+6\bin\verify.dll
0x00007fffcc490000 - 0x00007fffcc4b7000 	D:\Gradle\native\1def1411415f61bf3af743bc5b6707747c0891f09f0c88961ee8f79bc544acac\windows-amd64\native-platform.dll
0x00007fffbcd80000 - 0x00007fffbcdf8000 	D:\Gradle\native\0.2.7\x86_64-windows-gnu\gradle-fileevents.dll
0x00007fffe4870000 - 0x00007fffe487a000 	D:\SEMESTER 6\AI\Project code\OpenJDK21U-jdk_x64_windows_hotspot_21.0.7_6\jdk-21.0.7+6\bin\management.dll
0x00007fffe47e0000 - 0x00007fffe47eb000 	D:\SEMESTER 6\AI\Project code\OpenJDK21U-jdk_x64_windows_hotspot_21.0.7_6\jdk-21.0.7+6\bin\management_ext.dll
0x00007ffff0e60000 - 0x00007ffff0e68000 	C:\Windows\System32\PSAPI.DLL
0x00007fffed950000 - 0x00007fffed98b000 	C:\Windows\SYSTEM32\IPHLPAPI.DLL
0x00007fffeef90000 - 0x00007fffeef98000 	C:\Windows\System32\NSI.dll
0x00007fffe4650000 - 0x00007fffe4659000 	D:\SEMESTER 6\AI\Project code\OpenJDK21U-jdk_x64_windows_hotspot_21.0.7_6\jdk-21.0.7+6\bin\extnet.dll
0x00007fffedeb0000 - 0x00007fffedec8000 	C:\Windows\SYSTEM32\CRYPTSP.dll
0x00007fffed590000 - 0x00007fffed5c8000 	C:\Windows\system32\rsaenh.dll
0x00007fffee4f0000 - 0x00007fffee51e000 	C:\Windows\SYSTEM32\USERENV.dll
0x00007fffedde0000 - 0x00007fffeddec000 	C:\Windows\SYSTEM32\CRYPTBASE.dll
0x00007fffe5150000 - 0x00007fffe515e000 	D:\SEMESTER 6\AI\Project code\OpenJDK21U-jdk_x64_windows_hotspot_21.0.7_6\jdk-21.0.7+6\bin\sunmscapi.dll
0x00007fffeee30000 - 0x00007fffeef8d000 	C:\Windows\System32\CRYPT32.dll
0x00007fffedfc0000 - 0x00007fffedfe7000 	C:\Windows\SYSTEM32\ncrypt.dll
0x00007fffedf80000 - 0x00007fffedfbb000 	C:\Windows\SYSTEM32\NTASN1.dll
0x00007fffe2540000 - 0x00007fffe2547000 	C:\Windows\system32\wshunix.dll
0x00007fffe5110000 - 0x00007fffe5127000 	C:\Windows\system32\napinsp.dll
0x00007fffe50f0000 - 0x00007fffe510b000 	C:\Windows\system32\pnrpnsp.dll
0x00007fffc4220000 - 0x00007fffc423d000 	C:\Windows\system32\wshbth.dll
0x00007fffe4aa0000 - 0x00007fffe4abd000 	C:\Windows\system32\NLAapi.dll
0x00007fffed990000 - 0x00007fffeda5a000 	C:\Windows\SYSTEM32\DNSAPI.dll
0x00007fffe5000000 - 0x00007fffe5012000 	C:\Windows\System32\winrnr.dll
0x000000006be00000 - 0x000000006be26000 	C:\Program Files\Bonjour\mdnsNSP.dll
0x00007fffe0ce0000 - 0x00007fffe0cea000 	C:\Windows\System32\rasadhlp.dll
0x00007fffe0db0000 - 0x00007fffe0e30000 	C:\Windows\System32\fwpuclnt.dll
0x00007fffed7e0000 - 0x00007fffed813000 	C:\Windows\SYSTEM32\ntmarta.dll
0x00007fffe74f0000 - 0x00007fffe74f7000 	D:\SEMESTER 6\AI\Project code\OpenJDK21U-jdk_x64_windows_hotspot_21.0.7_6\jdk-21.0.7+6\bin\rmi.dll

dbghelp: loaded successfully - version: 4.0.5 - missing functions: none
symbol engine: initialized successfully - sym options: 0x614 - pdb path: .;D:\SEMESTER 6\AI\Project code\OpenJDK21U-jdk_x64_windows_hotspot_21.0.7_6\jdk-21.0.7+6\bin;C:\Windows\SYSTEM32;C:\Windows\WinSxS\amd64_microsoft.windows.common-controls_6595b64144ccf1df_6.0.19041.6456_none_60b8a6cb71f64256;D:\SEMESTER 6\AI\Project code\OpenJDK21U-jdk_x64_windows_hotspot_21.0.7_6\jdk-21.0.7+6\bin\server;D:\Gradle\native\1def1411415f61bf3af743bc5b6707747c0891f09f0c88961ee8f79bc544acac\windows-amd64;D:\Gradle\native\0.2.7\x86_64-windows-gnu;C:\Program Files\Bonjour

VM Arguments:
jvm_args: --add-opens=java.base/java.lang=ALL-UNNAMED --add-opens=java.base/java.lang.invoke=ALL-UNNAMED --add-opens=java.base/java.util=ALL-UNNAMED --add-opens=java.prefs/java.util.prefs=ALL-UNNAMED --add-exports=jdk.compiler/com.sun.tools.javac.api=ALL-UNNAMED --add-exports=jdk.compiler/com.sun.tools.javac.util=ALL-UNNAMED --add-opens=java.base/java.util=ALL-UNNAMED --add-opens=java.prefs/java.util.prefs=ALL-UNNAMED --add-opens=java.base/java.nio.charset=ALL-UNNAMED --add-opens=java.base/java.net=ALL-UNNAMED --add-opens=java.base/java.util.concurrent.atomic=ALL-UNNAMED --add-opens=java.xml/javax.xml.namespace=ALL-UNNAMED -Xmx2048m -Dfile.encoding=UTF-8 -Duser.country=US -Duser.language=en -Duser.variant -javaagent:D:\Gradle\wrapper\dists\gradle-8.13-bin\5xuhj0ry160q40clulazy9h7d\gradle-8.13\lib\agents\gradle-instrumentation-agent-8.13.jar 
java_command: org.gradle.launcher.daemon.bootstrap.GradleDaemon 8.13
java_class_path (initial): D:\Gradle\wrapper\dists\gradle-8.13-bin\5xuhj0ry160q40clulazy9h7d\gradle-8.13\lib\gradle-daemon-main-8.13.jar
Launcher Type: SUN_STANDARD

[Global flags]
     intx CICompilerCount                          = 3                                         {product} {ergonomic}
     uint ConcGCThreads                            = 1                                         {product} {ergonomic}
     uint G1ConcRefinementThreads                  = 4                                         {product} {ergonomic}
   size_t G1HeapRegionSize                         = 1048576                                   {product} {ergonomic}
    uintx GCDrainStackTargetSize                   = 64                                        {product} {ergonomic}
   size_t InitialHeapSize                          = 134217728                                 {product} {ergonomic}
   size_t MarkStackSize                            = 4194304                                   {product} {ergonomic}
   size_t MaxHeapSize                              = 2147483648                                {product} {command line}
   size_t MaxNewSize                               = 1287651328                                {product} {ergonomic}
   size_t MinHeapDeltaBytes                        = 1048576                                   {product} {ergonomic}
   size_t MinHeapSize                              = 8388608                                   {product} {ergonomic}
    uintx NonNMethodCodeHeapSize                   = 5832780                                {pd product} {ergonomic}
    uintx NonProfiledCodeHeapSize                  = 122912730                              {pd product} {ergonomic}
    uintx ProfiledCodeHeapSize                     = 122912730                              {pd product} {ergonomic}
    uintx ReservedCodeCacheSize                    = 251658240                              {pd product} {ergonomic}
     bool SegmentedCodeCache                       = true                                      {product} {ergonomic}
   size_t SoftMaxHeapSize                          = 2147483648                             {manageable} {ergonomic}
     bool UseCompressedOops                        = true                           {product lp64_product} {ergonomic}
     bool UseG1GC                                  = true                                      {product} {ergonomic}
     bool UseLargePagesIndividualAllocation        = false                                  {pd product} {ergonomic}

Logging:
Log output configuration:
 #0: stdout all=warning uptime,level,tags foldmultilines=false
 #1: stderr all=off uptime,level,tags foldmultilines=false

Environment Variables:
CLASSPATH=D:\SEMESTER 7\SMD_Assignment\Assignment_2\\gradle\wrapper\gradle-wrapper.jar
PATH=D:\Python\Scripts\;D:\Python\;"D:\opencv\build\x64\vc16\bin;C:\Program Files (x86)\Common Files\Oracle\Java\javapath";C:\Windows\system32;C:\Windows;C:\Windows\System32\Wbem;C:\Windows\System32\WindowsPowerShell\v1.0\;C:\Windows\System32\OpenSSH\;C:\Program Files (x86)\Microsoft SQL Server\160\Tools\Binn\;C:\Program Files\Microsoft SQL Server\160\Tools\Binn\;C:\Program Files\Microsoft SQL Server\Client SDK\ODBC\170\Tools\Binn\;C:\Program Files\Microsoft SQL Server\160\DTS\Binn\;C:\Program Files\Microsoft SQL Server\150\Tools\Binn\;D:\SEMESTER 6\GC\bin\;D:\Node js\;D:\SEMESTER 6\PDC\w_opencl_runtime_p_2025.1.0.972\bin;D:\SEMESTER 6\AI\Project code\OpenJDK21U-jdk_x64_windows_hotspot_21.0.7_6\jdk-21.0.7+6\bin;D:\Cursor\cursor\resources\app\bin;D:\SEMESTER 5\SDA\SDA FINAL PROJECT\Gitbash\Git\cmd;C:\Users\HP\AppData\Local\Programs\Python\Python310\Scripts\;C:\Users\HP\AppData\Local\Programs\Python\Python310\;C:\Users\HP\AppData\Local\Microsoft\WindowsApps;D:\Microsoft VS Code\bin;C:\Users\HP\AppData\Roaming\npm;D:\Cursor\cursor\resources\app\bin;D:\Windsurf\bin
USERNAME=HP
LANG=en_US.UTF-8
OS=Windows_NT
PROCESSOR_IDENTIFIER=Intel64 Family 6 Model 78 Stepping 3, GenuineIntel
TMP=C:\Users\HP\AppData\Local\Temp
TEMP=C:\Users\HP\AppData\Local\Temp




Periodic native trim disabled

---------------  S Y S T E M  ---------------

OS:
 Windows 10 , 64 bit Build 19041 (10.0.19041.5915)
OS uptime: 0 days 6:06 hours
Hyper-V role detected

CPU: total 4 (initial active 4) (2 cores per cpu, 2 threads per core) family 6 model 78 stepping 3 microcode 0xea, cx8, cmov, fxsr, ht, mmx, 3dnowpref, sse, sse2, sse3, ssse3, sse4.1, sse4.2, popcnt, lzcnt, tsc, tscinvbit, avx, avx2, aes, erms, clmul, bmi1, bmi2, rtm, adx, fma, vzeroupper, clflush, clflushopt, hv, rdtscp, f16c
Processor Information for the first 4 processors :
  Max Mhz: 2496, Current Mhz: 2396, Mhz Limit: 2396

Memory: 4k page, system-wide physical 8072M (459M free)
TotalPageFile size 12168M (AvailPageFile size 3M)
current process WorkingSet (physical memory assigned to process): 513M, peak: 533M
current process commit charge ("private bytes"): 569M, peak: 589M

vm_info: OpenJDK 64-Bit Server VM (21.0.7+6-LTS) for windows-amd64 JRE (21.0.7+6-LTS), built on 2025-04-15T00:00:00Z by "admin" with MS VC++ 17.7 (VS2022)

END.
