#
# There is insufficient memory for the Java Runtime Environment to continue.
# Native memory allocation (malloc) failed to allocate 32744 bytes. Error detail: Chunk::new
# Possible reasons:
#   The system is out of physical RAM or swap space
#   This process is running with CompressedOops enabled, and the Java Heap may be blocking the growth of the native heap
# Possible solutions:
#   Reduce memory load on the system
#   Increase physical memory or swap space
#   Check if swap backing store is full
#   Decrease Java heap size (-Xmx/-Xms)
#   Decrease number of Java threads
#   Decrease Java thread stack sizes (-Xss)
#   Set larger code cache with -XX:ReservedCodeCacheSize=
#   JVM is running with Unscaled Compressed Oops mode in which the Java heap is
#     placed in the first 4GB address space. The Java Heap base address is the
#     maximum limit for the native heap growth. Please use -XX:HeapBaseMinAddress
#     to set the Java Heap base and to place the Java Heap above 4GB virtual address.
# This output file may be truncated or incomplete.
#
#  Out of Memory Error (arena.cpp:168), pid=13804, tid=10956
#
# JRE version: OpenJDK Runtime Environment Temurin-21.0.7+6 (21.0.7+6) (build 21.0.7+6-LTS)
# Java VM: OpenJDK 64-Bit Server VM Temurin-21.0.7+6 (21.0.7+6-LTS, mixed mode, sharing, tiered, compressed oops, compressed class ptrs, g1 gc, windows-amd64)
# No core dump will be written. Minidumps are not enabled by default on client versions of Windows
#

---------------  S U M M A R Y ------------

Command Line: --add-opens=java.base/java.lang=ALL-UNNAMED --add-opens=java.base/java.lang.invoke=ALL-UNNAMED --add-opens=java.base/java.util=ALL-UNNAMED --add-opens=java.prefs/java.util.prefs=ALL-UNNAMED --add-exports=jdk.compiler/com.sun.tools.javac.api=ALL-UNNAMED --add-exports=jdk.compiler/com.sun.tools.javac.util=ALL-UNNAMED --add-opens=java.base/java.util=ALL-UNNAMED --add-opens=java.prefs/java.util.prefs=ALL-UNNAMED --add-opens=java.base/java.nio.charset=ALL-UNNAMED --add-opens=java.base/java.net=ALL-UNNAMED --add-opens=java.base/java.util.concurrent.atomic=ALL-UNNAMED --add-opens=java.xml/javax.xml.namespace=ALL-UNNAMED -Xmx2048m -Dfile.encoding=UTF-8 -Duser.country=US -Duser.language=en -Duser.variant -javaagent:D:\Gradle\wrapper\dists\gradle-8.13-bin\5xuhj0ry160q40clulazy9h7d\gradle-8.13\lib\agents\gradle-instrumentation-agent-8.13.jar org.gradle.launcher.daemon.bootstrap.GradleDaemon 8.13

Host: Intel(R) Core(TM) i5-6300U CPU @ 2.40GHz, 4 cores, 7G,  Windows 10 , 64 bit Build 19041 (10.0.19041.5915)
Time: Sat Oct 18 12:33:22 2025 Pakistan Standard Time elapsed time: 95.342217 seconds (0d 0h 1m 35s)

---------------  T H R E A D  ---------------

Current thread (0x000001ac6b9ffc90):  JavaThread "C2 CompilerThread0" daemon [_thread_in_native, id=10956, stack(0x0000002359f00000,0x000000235a000000) (1024K)]


Current CompileTask:
C2:95342 15355       4       javax.management.ObjectName::construct (1135 bytes)

Stack: [0x0000002359f00000,0x000000235a000000]
Native frames: (J=compiled Java code, j=interpreted, Vv=VM code, C=native code)
V  [jvm.dll+0x6ce119]
V  [jvm.dll+0x8a84a1]
V  [jvm.dll+0x8aa9ce]
V  [jvm.dll+0x8ab0b3]
V  [jvm.dll+0x27f8a6]
V  [jvm.dll+0xc507d]
V  [jvm.dll+0xc55b3]
V  [jvm.dll+0xc51a5]
V  [jvm.dll+0x6a96fc]
V  [jvm.dll+0x5f82fd]
V  [jvm.dll+0x5f7d4a]
V  [jvm.dll+0x5f6ea8]
V  [jvm.dll+0x250cb2]
V  [jvm.dll+0x24918e]
V  [jvm.dll+0x246fc4]
V  [jvm.dll+0x1c760e]
V  [jvm.dll+0x25695a]
V  [jvm.dll+0x254efa]
V  [jvm.dll+0x3f03f6]
V  [jvm.dll+0x851f6b]
V  [jvm.dll+0x6cc7dd]
C  [ucrtbase.dll+0x21bb2]
C  [KERNEL32.DLL+0x17374]
C  [ntdll.dll+0x4cc91]


---------------  P R O C E S S  ---------------

Threads class SMR info:
_java_thread_list=0x000001ac7309b820, length=91, elements={
0x000001ac4f6256b0, 0x000001ac6b9e4990, 0x000001ac6b9e55e0, 0x000001ac6b9e9050,
0x000001ac6b9ec130, 0x000001ac6b9f2ba0, 0x000001ac6b9f3a00, 0x000001ac6b9ffc90,
0x000001ac6ba00720, 0x000001ac6b9bc2a0, 0x000001ac6bba3e20, 0x000001ac70b27d70,
0x000001ac70b2b1f0, 0x000001ac70b29120, 0x000001ac70b297b0, 0x000001ac70b28400,
0x000001ac70b29e40, 0x000001ac70b2a4d0, 0x000001ac70b2ab60, 0x000001ac6bddd1c0,
0x000001ac6bddf920, 0x000001ac6bddffb0, 0x000001ac6bddd850, 0x000001ac6bde19f0,
0x000001ac6bddcb30, 0x000001ac6bde1360, 0x000001ac6bde0640, 0x000001ac6bde0cd0,
0x000001ac6bde2080, 0x000001ac6bdde570, 0x000001ac6bddec00, 0x000001ac6bddf290,
0x000001ac6bde3430, 0x000001ac6bddc4a0, 0x000001ac73386a00, 0x000001ac73384930,
0x000001ac7338bf50, 0x000001ac73386370, 0x000001ac73387090, 0x000001ac73387720,
0x000001ac73384fc0, 0x000001ac73387db0, 0x000001ac7338b8c0, 0x000001ac760d6ca0,
0x000001ac760cfd10, 0x000001ac760d2b00, 0x000001ac760d7330, 0x000001ac760d3820,
0x000001ac7c6e8b90, 0x000001ac7c6e9220, 0x000001ac7c6eb2f0, 0x000001ac7c6e98b0,
0x000001ac7c6e6ac0, 0x000001ac7c6e7150, 0x000001ac7c6e5710, 0x000001ac7c6e5da0,
0x000001ac7c6e8500, 0x000001ac7c6e77e0, 0x000001ac7c6e5080, 0x000001ac7c6e7e70,
0x000001ac7c6ec6a0, 0x000001ac75098370, 0x000001ac7509b7f0, 0x000001ac7509d8c0,
0x000001ac7509c510, 0x000001ac7509cba0, 0x000001ac7430b360, 0x000001ac74309fb0,
0x000001ac74306b30, 0x000001ac743064a0, 0x000001ac7430c080, 0x000001ac743071c0,
0x000001ac74308c00, 0x000001ac74309290, 0x000001ac74307850, 0x000001ac74309920,
0x000001ac7430acd0, 0x000001ac7430c710, 0x000001ac7430a640, 0x000001ac7430b9f0,
0x000001ac730adaa0, 0x000001ac730ae130, 0x000001ac730aacb0, 0x000001ac730ab340,
0x000001ac7509d230, 0x000001ac75098a00, 0x000001ac75099090, 0x000001ac7509df50,
0x000001ac7509f300, 0x000001ac7509e5e0, 0x000001ac75099db0
}

Java Threads: ( => current thread )
  0x000001ac4f6256b0 JavaThread "main"                              [_thread_blocked, id=2972, stack(0x0000002359100000,0x0000002359200000) (1024K)]
  0x000001ac6b9e4990 JavaThread "Reference Handler"          daemon [_thread_blocked, id=14152, stack(0x0000002359900000,0x0000002359a00000) (1024K)]
  0x000001ac6b9e55e0 JavaThread "Finalizer"                  daemon [_thread_blocked, id=2888, stack(0x0000002359a00000,0x0000002359b00000) (1024K)]
  0x000001ac6b9e9050 JavaThread "Signal Dispatcher"          daemon [_thread_blocked, id=9156, stack(0x0000002359b00000,0x0000002359c00000) (1024K)]
  0x000001ac6b9ec130 JavaThread "Attach Listener"            daemon [_thread_blocked, id=1696, stack(0x0000002359c00000,0x0000002359d00000) (1024K)]
  0x000001ac6b9f2ba0 JavaThread "Service Thread"             daemon [_thread_blocked, id=5956, stack(0x0000002359d00000,0x0000002359e00000) (1024K)]
  0x000001ac6b9f3a00 JavaThread "Monitor Deflation Thread"   daemon [_thread_blocked, id=9016, stack(0x0000002359e00000,0x0000002359f00000) (1024K)]
=>0x000001ac6b9ffc90 JavaThread "C2 CompilerThread0"         daemon [_thread_in_native, id=10956, stack(0x0000002359f00000,0x000000235a000000) (1024K)]
  0x000001ac6ba00720 JavaThread "C1 CompilerThread0"         daemon [_thread_blocked, id=7180, stack(0x000000235a000000,0x000000235a100000) (1024K)]
  0x000001ac6b9bc2a0 JavaThread "Common-Cleaner"             daemon [_thread_blocked, id=12372, stack(0x000000235a100000,0x000000235a200000) (1024K)]
  0x000001ac6bba3e20 JavaThread "Notification Thread"        daemon [_thread_blocked, id=2024, stack(0x000000235a200000,0x000000235a300000) (1024K)]
  0x000001ac70b27d70 JavaThread "Daemon health stats"               [_thread_blocked, id=3192, stack(0x000000235a700000,0x000000235a800000) (1024K)]
  0x000001ac70b2b1f0 JavaThread "Incoming local TCP Connector on port 65501"        [_thread_in_native, id=15700, stack(0x000000235a500000,0x000000235a600000) (1024K)]
  0x000001ac70b29120 JavaThread "Daemon periodic checks"            [_thread_blocked, id=10252, stack(0x000000235a800000,0x000000235a900000) (1024K)]
  0x000001ac70b297b0 JavaThread "Daemon"                            [_thread_blocked, id=13084, stack(0x000000235a900000,0x000000235aa00000) (1024K)]
  0x000001ac70b28400 JavaThread "Handler for socket connection from /127.0.0.1:65501 to /127.0.0.1:65502"        [_thread_in_native, id=16348, stack(0x000000235aa00000,0x000000235ab00000) (1024K)]
  0x000001ac70b29e40 JavaThread "Cancel handler"                    [_thread_blocked, id=16340, stack(0x000000235ab00000,0x000000235ac00000) (1024K)]
  0x000001ac70b2a4d0 JavaThread "Daemon worker"                     [_thread_blocked, id=7656, stack(0x000000235ac00000,0x000000235ad00000) (1024K)]
  0x000001ac70b2ab60 JavaThread "Asynchronous log dispatcher for DefaultDaemonConnection: socket connection from /127.0.0.1:65501 to /127.0.0.1:65502"        [_thread_blocked, id=4068, stack(0x000000235ad00000,0x000000235ae00000) (1024K)]
  0x000001ac6bddd1c0 JavaThread "Stdin handler"                     [_thread_blocked, id=7036, stack(0x000000235ae00000,0x000000235af00000) (1024K)]
  0x000001ac6bddf920 JavaThread "Daemon client event forwarder"        [_thread_blocked, id=8000, stack(0x000000235af00000,0x000000235b000000) (1024K)]
  0x000001ac6bddffb0 JavaThread "Cache worker for journal cache (D:\Gradle\caches\journal-1)"        [_thread_blocked, id=6412, stack(0x000000235b000000,0x000000235b100000) (1024K)]
  0x000001ac6bddd850 JavaThread "File lock request listener"        [_thread_in_native, id=16180, stack(0x000000235b100000,0x000000235b200000) (1024K)]
  0x000001ac6bde19f0 JavaThread "Cache worker for file hash cache (D:\Gradle\caches\8.13\fileHashes)"        [_thread_blocked, id=15536, stack(0x000000235b200000,0x000000235b300000) (1024K)]
  0x000001ac6bddcb30 JavaThread "Cache worker for file hash cache (D:\SEMESTER 7\SMD_Assignment\Assignment_2\.gradle\8.13\fileHashes)"        [_thread_blocked, id=16168, stack(0x000000235b400000,0x000000235b500000) (1024K)]
  0x000001ac6bde1360 JavaThread "Cache worker for Build Output Cleanup Cache (D:\SEMESTER 7\SMD_Assignment\Assignment_2\.gradle\buildOutputCleanup)"        [_thread_blocked, id=14800, stack(0x000000235b500000,0x000000235b600000) (1024K)]
  0x000001ac6bde0640 JavaThread "File watcher server"        daemon [_thread_in_native, id=15136, stack(0x000000235b300000,0x000000235b400000) (1024K)]
  0x000001ac6bde0cd0 JavaThread "File watcher consumer"      daemon [_thread_blocked, id=13328, stack(0x000000235b600000,0x000000235b700000) (1024K)]
  0x000001ac6bde2080 JavaThread "Cache worker for checksums cache (D:\SEMESTER 7\SMD_Assignment\Assignment_2\.gradle\8.13\checksums)"        [_thread_blocked, id=5980, stack(0x000000235b700000,0x000000235b800000) (1024K)]
  0x000001ac6bdde570 JavaThread "Cache worker for file content cache (D:\Gradle\caches\8.13\fileContent)"        [_thread_blocked, id=13788, stack(0x000000235b800000,0x000000235b900000) (1024K)]
  0x000001ac6bddec00 JavaThread "Cache worker for cache directory md-supplier (D:\Gradle\caches\8.13\md-supplier)"        [_thread_blocked, id=8068, stack(0x000000235ba00000,0x000000235bb00000) (1024K)]
  0x000001ac6bddf290 JavaThread "Cache worker for cache directory md-rule (D:\Gradle\caches\8.13\md-rule)"        [_thread_blocked, id=5852, stack(0x000000235bb00000,0x000000235bc00000) (1024K)]
  0x000001ac6bde3430 JavaThread "Unconstrained build operations"        [_thread_blocked, id=13532, stack(0x000000235bc00000,0x000000235bd00000) (1024K)]
  0x000001ac6bddc4a0 JavaThread "Unconstrained build operations Thread 2"        [_thread_blocked, id=1492, stack(0x000000235bd00000,0x000000235be00000) (1024K)]
  0x000001ac73386a00 JavaThread "Unconstrained build operations Thread 3"        [_thread_blocked, id=13972, stack(0x000000235be00000,0x000000235bf00000) (1024K)]
  0x000001ac73384930 JavaThread "Unconstrained build operations Thread 4"        [_thread_blocked, id=1784, stack(0x000000235bf00000,0x000000235c000000) (1024K)]
  0x000001ac7338bf50 JavaThread "Unconstrained build operations Thread 5"        [_thread_blocked, id=14364, stack(0x000000235c000000,0x000000235c100000) (1024K)]
  0x000001ac73386370 JavaThread "Unconstrained build operations Thread 6"        [_thread_blocked, id=14988, stack(0x000000235c100000,0x000000235c200000) (1024K)]
  0x000001ac73387090 JavaThread "Unconstrained build operations Thread 7"        [_thread_blocked, id=16304, stack(0x000000235b900000,0x000000235ba00000) (1024K)]
  0x000001ac73387720 JavaThread "Unconstrained build operations Thread 8"        [_thread_blocked, id=13828, stack(0x000000235c200000,0x000000235c300000) (1024K)]
  0x000001ac73384fc0 JavaThread "Unconstrained build operations Thread 9"        [_thread_blocked, id=228, stack(0x000000235c300000,0x000000235c400000) (1024K)]
  0x000001ac73387db0 JavaThread "Memory manager"                    [_thread_blocked, id=15744, stack(0x000000235c500000,0x000000235c600000) (1024K)]
  0x000001ac7338b8c0 JavaThread "build event listener"              [_thread_blocked, id=15912, stack(0x000000235c600000,0x000000235c700000) (1024K)]
  0x000001ac760d6ca0 JavaThread "included builds"                   [_thread_blocked, id=2532, stack(0x000000235c700000,0x000000235c800000) (1024K)]
  0x000001ac760cfd10 JavaThread "Execution worker"                  [_thread_blocked, id=1892, stack(0x000000235c800000,0x000000235c900000) (1024K)]
  0x000001ac760d2b00 JavaThread "Execution worker Thread 2"         [_thread_blocked, id=15308, stack(0x000000235c900000,0x000000235ca00000) (1024K)]
  0x000001ac760d7330 JavaThread "Execution worker Thread 3"         [_thread_blocked, id=15532, stack(0x000000235ca00000,0x000000235cb00000) (1024K)]
  0x000001ac760d3820 JavaThread "Cache worker for execution history cache (D:\SEMESTER 7\SMD_Assignment\Assignment_2\.gradle\8.13\executionHistory)"        [_thread_blocked, id=14720, stack(0x000000235cb00000,0x000000235cc00000) (1024K)]
  0x000001ac7c6e8b90 JavaThread "Unconstrained build operations Thread 10"        [_thread_blocked, id=1568, stack(0x000000235cc00000,0x000000235cd00000) (1024K)]
  0x000001ac7c6e9220 JavaThread "Unconstrained build operations Thread 11"        [_thread_blocked, id=2304, stack(0x000000235cd00000,0x000000235ce00000) (1024K)]
  0x000001ac7c6eb2f0 JavaThread "Unconstrained build operations Thread 12"        [_thread_blocked, id=6564, stack(0x000000235ce00000,0x000000235cf00000) (1024K)]
  0x000001ac7c6e98b0 JavaThread "Unconstrained build operations Thread 13"        [_thread_blocked, id=5304, stack(0x0000002359000000,0x0000002359100000) (1024K)]
  0x000001ac7c6e6ac0 JavaThread "Unconstrained build operations Thread 14"        [_thread_blocked, id=13704, stack(0x000000235c400000,0x000000235c500000) (1024K)]
  0x000001ac7c6e7150 JavaThread "Unconstrained build operations Thread 15"        [_thread_blocked, id=7560, stack(0x000000235cf00000,0x000000235d000000) (1024K)]
  0x000001ac7c6e5710 JavaThread "Unconstrained build operations Thread 16"        [_thread_blocked, id=14140, stack(0x0000002358f00000,0x0000002359000000) (1024K)]
  0x000001ac7c6e5da0 JavaThread "Unconstrained build operations Thread 17"        [_thread_blocked, id=10656, stack(0x000000235d000000,0x000000235d100000) (1024K)]
  0x000001ac7c6e8500 JavaThread "Unconstrained build operations Thread 18"        [_thread_blocked, id=4060, stack(0x000000235d100000,0x000000235d200000) (1024K)]
  0x000001ac7c6e77e0 JavaThread "Unconstrained build operations Thread 19"        [_thread_blocked, id=1188, stack(0x000000235d200000,0x000000235d300000) (1024K)]
  0x000001ac7c6e5080 JavaThread "Unconstrained build operations Thread 20"        [_thread_blocked, id=13808, stack(0x000000235d300000,0x000000235d400000) (1024K)]
  0x000001ac7c6e7e70 JavaThread "Unconstrained build operations Thread 21"        [_thread_blocked, id=8916, stack(0x000000235d400000,0x000000235d500000) (1024K)]
  0x000001ac7c6ec6a0 JavaThread "Unconstrained build operations Thread 22"        [_thread_blocked, id=4104, stack(0x000000235d500000,0x000000235d600000) (1024K)]
  0x000001ac75098370 JavaThread "WorkerExecutor Queue"              [_thread_blocked, id=14300, stack(0x000000235d600000,0x000000235d700000) (1024K)]
  0x000001ac7509b7f0 JavaThread "Unconstrained build operations Thread 23"        [_thread_blocked, id=15696, stack(0x000000235d800000,0x000000235d900000) (1024K)]
  0x000001ac7509d8c0 JavaThread "Unconstrained build operations Thread 24"        [_thread_blocked, id=11532, stack(0x000000235d900000,0x000000235da00000) (1024K)]
  0x000001ac7509c510 JavaThread "Unconstrained build operations Thread 25"        [_thread_blocked, id=12788, stack(0x000000235da00000,0x000000235db00000) (1024K)]
  0x000001ac7509cba0 JavaThread "Unconstrained build operations Thread 26"        [_thread_blocked, id=14224, stack(0x000000235d700000,0x000000235d800000) (1024K)]
  0x000001ac7430b360 JavaThread "Unconstrained build operations Thread 27"        [_thread_blocked, id=7868, stack(0x000000235db00000,0x000000235dc00000) (1024K)]
  0x000001ac74309fb0 JavaThread "Unconstrained build operations Thread 28"        [_thread_blocked, id=5876, stack(0x000000235dc00000,0x000000235dd00000) (1024K)]
  0x000001ac74306b30 JavaThread "Unconstrained build operations Thread 29"        [_thread_blocked, id=10444, stack(0x000000235dd00000,0x000000235de00000) (1024K)]
  0x000001ac743064a0 JavaThread "Unconstrained build operations Thread 30"        [_thread_blocked, id=9136, stack(0x000000235de00000,0x000000235df00000) (1024K)]
  0x000001ac7430c080 JavaThread "Unconstrained build operations Thread 31"        [_thread_blocked, id=13528, stack(0x000000235df00000,0x000000235e000000) (1024K)]
  0x000001ac743071c0 JavaThread "Unconstrained build operations Thread 32"        [_thread_blocked, id=13012, stack(0x000000235e000000,0x000000235e100000) (1024K)]
  0x000001ac74308c00 JavaThread "Unconstrained build operations Thread 33"        [_thread_blocked, id=13172, stack(0x000000235e100000,0x000000235e200000) (1024K)]
  0x000001ac74309290 JavaThread "Unconstrained build operations Thread 34"        [_thread_blocked, id=9736, stack(0x000000235e200000,0x000000235e300000) (1024K)]
  0x000001ac74307850 JavaThread "Unconstrained build operations Thread 35"        [_thread_blocked, id=15944, stack(0x000000235e300000,0x000000235e400000) (1024K)]
  0x000001ac74309920 JavaThread "Unconstrained build operations Thread 36"        [_thread_blocked, id=15528, stack(0x000000235e400000,0x000000235e500000) (1024K)]
  0x000001ac7430acd0 JavaThread "Unconstrained build operations Thread 37"        [_thread_blocked, id=11692, stack(0x000000235e500000,0x000000235e600000) (1024K)]
  0x000001ac7430c710 JavaThread "Unconstrained build operations Thread 38"        [_thread_blocked, id=15384, stack(0x000000235e600000,0x000000235e700000) (1024K)]
  0x000001ac7430a640 JavaThread "Unconstrained build operations Thread 39"        [_thread_blocked, id=11056, stack(0x000000235e700000,0x000000235e800000) (1024K)]
  0x000001ac7430b9f0 JavaThread "Unconstrained build operations Thread 40"        [_thread_blocked, id=6280, stack(0x000000235e800000,0x000000235e900000) (1024K)]
  0x000001ac730adaa0 JavaThread "WorkerExecutor Queue Thread 2"        [_thread_in_native, id=15432, stack(0x000000235e900000,0x000000235ea00000) (1024K)]
  0x000001ac730ae130 JavaThread "pool-3-thread-1"                   [_thread_blocked, id=1580, stack(0x000000235ea00000,0x000000235eb00000) (1024K)]
  0x000001ac730aacb0 JavaThread "stderr"                            [_thread_in_native, id=7992, stack(0x000000235eb00000,0x000000235ec00000) (1024K)]
  0x000001ac730ab340 JavaThread "stdout"                            [_thread_in_native, id=13764, stack(0x000000235ec00000,0x000000235ed00000) (1024K)]
  0x000001ac7509d230 JavaThread "WorkerExecutor Queue Thread 3"        [_thread_blocked, id=13088, stack(0x000000235ed00000,0x000000235ee00000) (1024K)]
  0x000001ac75098a00 JavaThread "RMI Scheduler(0)"           daemon [_thread_blocked, id=15628, stack(0x000000235f000000,0x000000235f100000) (1024K)]
  0x000001ac75099090 JavaThread "RMI RenewClean-[127.0.0.1:17077,org.jetbrains.kotlin.daemon.common.LoopbackNetworkInterface$ClientLoopbackSocketFactory@6250d7f1]" daemon [_thread_blocked, id=5748, stack(0x000000235f100000,0x000000235f200000) (1024K)]
  0x000001ac7509df50 JavaThread "RMI GC Daemon"              daemon [_thread_blocked, id=9644, stack(0x000000235f200000,0x000000235f300000) (1024K)]
  0x000001ac7509f300 JavaThread "RMI TCP Accept-0"           daemon [_thread_in_native, id=15616, stack(0x000000235f300000,0x000000235f400000) (1024K)]
  0x000001ac7509e5e0 JavaThread "RMI Reaper"                        [_thread_blocked, id=13840, stack(0x000000235f400000,0x000000235f500000) (1024K)]
  0x000001ac75099db0 JavaThread "RMI TCP Connection(1)-127.0.0.1" daemon [_thread_in_native, id=9080, stack(0x000000235f500000,0x000000235f600000) (1024K)]
Total: 91

Other Threads:
  0x000001ac6b9c9990 VMThread "VM Thread"                           [id=3332, stack(0x0000002359800000,0x0000002359900000) (1024K)]
  0x000001ac6b9b9490 WatcherThread "VM Periodic Task Thread"        [id=15840, stack(0x0000002359700000,0x0000002359800000) (1024K)]
  0x000001ac4f678990 WorkerThread "GC Thread#0"                     [id=3624, stack(0x0000002359200000,0x0000002359300000) (1024K)]
  0x000001ac6bccc780 WorkerThread "GC Thread#1"                     [id=14688, stack(0x000000235a300000,0x000000235a400000) (1024K)]
  0x000001ac6bd23740 WorkerThread "GC Thread#2"                     [id=2632, stack(0x000000235a400000,0x000000235a500000) (1024K)]
  0x000001ac7021cba0 WorkerThread "GC Thread#3"                     [id=4520, stack(0x000000235a600000,0x000000235a700000) (1024K)]
  0x000001ac4f6898d0 ConcurrentGCThread "G1 Main Marker"            [id=13036, stack(0x0000002359300000,0x0000002359400000) (1024K)]
  0x000001ac4f68d150 WorkerThread "G1 Conc#0"                       [id=3012, stack(0x0000002359400000,0x0000002359500000) (1024K)]
  0x000001ac4f6eeb10 ConcurrentGCThread "G1 Refine#0"               [id=14352, stack(0x0000002359500000,0x0000002359600000) (1024K)]
  0x000001ac6b8785e0 ConcurrentGCThread "G1 Service"                [id=8940, stack(0x0000002359600000,0x0000002359700000) (1024K)]
Total: 10

Threads with active compile tasks:
C2 CompilerThread0  95430 15355       4       javax.management.ObjectName::construct (1135 bytes)
Total: 1

VM state: not at safepoint (normal execution)

VM Mutex/Monitor currently owned by a thread: None

Heap address: 0x0000000080000000, size: 2048 MB, Compressed Oops mode: 32-bit

CDS archive(s) mapped at: [0x000001ac00000000-0x000001ac00c80000-0x000001ac00c80000), size 13107200, SharedBaseAddress: 0x000001ac00000000, ArchiveRelocationMode: 1.
Compressed class space mapped at: 0x000001ac01000000-0x000001ac41000000, reserved size: 1073741824
Narrow klass base: 0x000001ac00000000, Narrow klass shift: 0, Narrow klass range: 0x100000000

GC Precious Log:
 CardTable entry size: 512
 Card Set container configuration: InlinePtr #cards 5 size 8 Array Of Cards #cards 12 size 40 Howl #buckets 4 coarsen threshold 1843 Howl Bitmap #cards 512 size 80 coarsen threshold 460 Card regions per heap region 1 cards per card region 2048
 CPUs: 4 total, 4 available
 Memory: 8072M
 Large Page Support: Disabled
 NUMA Support: Disabled
 Compressed Oops: Enabled (32-bit)
 Heap Region Size: 1M
 Heap Min Capacity: 8M
 Heap Initial Capacity: 128M
 Heap Max Capacity: 2G
 Pre-touch: Disabled
 Parallel Workers: 4
 Concurrent Workers: 1
 Concurrent Refinement Workers: 4
 Periodic GC: Disabled

Heap:
 garbage-first heap   total 198656K, used 135413K [0x0000000080000000, 0x0000000100000000)
  region size 1024K, 19 young (19456K), 8 survivors (8192K)
 Metaspace       used 108476K, committed 110976K, reserved 1179648K
  class space    used 14898K, committed 16192K, reserved 1048576K

Heap Regions: E=young(eden), S=young(survivor), O=old, HS=humongous(starts), HC=humongous(continues), CS=collection set, F=free, TAMS=top-at-mark-start, PB=parsable bottom
|   0|0x0000000080000000, 0x0000000080100000, 0x0000000080100000|100%|HS|  |TAMS 0x0000000080000000| PB 0x0000000080000000| Complete 
|   1|0x0000000080100000, 0x0000000080200000, 0x0000000080200000|100%|HC|  |TAMS 0x0000000080100000| PB 0x0000000080100000| Complete 
|   2|0x0000000080200000, 0x0000000080300000, 0x0000000080300000|100%|HC|  |TAMS 0x0000000080200000| PB 0x0000000080200000| Complete 
|   3|0x0000000080300000, 0x0000000080400000, 0x0000000080400000|100%| O|  |TAMS 0x0000000080300000| PB 0x0000000080300000| Untracked 
|   4|0x0000000080400000, 0x0000000080500000, 0x0000000080500000|100%| O|  |TAMS 0x0000000080400000| PB 0x0000000080400000| Untracked 
|   5|0x0000000080500000, 0x0000000080600000, 0x0000000080600000|100%| O|  |TAMS 0x0000000080500000| PB 0x0000000080500000| Untracked 
|   6|0x0000000080600000, 0x0000000080700000, 0x0000000080700000|100%| O|  |TAMS 0x0000000080600000| PB 0x0000000080600000| Untracked 
|   7|0x0000000080700000, 0x0000000080800000, 0x0000000080800000|100%|HS|  |TAMS 0x0000000080700000| PB 0x0000000080700000| Complete 
|   8|0x0000000080800000, 0x0000000080900000, 0x0000000080900000|100%| O|  |TAMS 0x0000000080800000| PB 0x0000000080800000| Untracked 
|   9|0x0000000080900000, 0x0000000080a00000, 0x0000000080a00000|100%| O|  |TAMS 0x0000000080900000| PB 0x0000000080900000| Untracked 
|  10|0x0000000080a00000, 0x0000000080b00000, 0x0000000080b00000|100%| O|  |TAMS 0x0000000080a00000| PB 0x0000000080a00000| Untracked 
|  11|0x0000000080b00000, 0x0000000080c00000, 0x0000000080c00000|100%| O|  |TAMS 0x0000000080b00000| PB 0x0000000080b00000| Untracked 
|  12|0x0000000080c00000, 0x0000000080d00000, 0x0000000080d00000|100%| O|  |TAMS 0x0000000080c00000| PB 0x0000000080c00000| Untracked 
|  13|0x0000000080d00000, 0x0000000080e00000, 0x0000000080e00000|100%| O|  |TAMS 0x0000000080d00000| PB 0x0000000080d00000| Untracked 
|  14|0x0000000080e00000, 0x0000000080f00000, 0x0000000080f00000|100%| O|  |TAMS 0x0000000080e00000| PB 0x0000000080e00000| Untracked 
|  15|0x0000000080f00000, 0x0000000081000000, 0x0000000081000000|100%| O|  |TAMS 0x0000000080f00000| PB 0x0000000080f00000| Untracked 
|  16|0x0000000081000000, 0x0000000081100000, 0x0000000081100000|100%| O|  |TAMS 0x0000000081000000| PB 0x0000000081000000| Untracked 
|  17|0x0000000081100000, 0x0000000081200000, 0x0000000081200000|100%| O|  |TAMS 0x0000000081100000| PB 0x0000000081100000| Untracked 
|  18|0x0000000081200000, 0x0000000081300000, 0x0000000081300000|100%| O|  |TAMS 0x0000000081200000| PB 0x0000000081200000| Untracked 
|  19|0x0000000081300000, 0x0000000081400000, 0x0000000081400000|100%| O|  |TAMS 0x0000000081300000| PB 0x0000000081300000| Untracked 
|  20|0x0000000081400000, 0x0000000081500000, 0x0000000081500000|100%| O|  |TAMS 0x0000000081400000| PB 0x0000000081400000| Untracked 
|  21|0x0000000081500000, 0x0000000081600000, 0x0000000081600000|100%| O|  |TAMS 0x0000000081500000| PB 0x0000000081500000| Untracked 
|  22|0x0000000081600000, 0x0000000081700000, 0x0000000081700000|100%| O|  |TAMS 0x0000000081600000| PB 0x0000000081600000| Untracked 
|  23|0x0000000081700000, 0x0000000081800000, 0x0000000081800000|100%| O|  |TAMS 0x0000000081700000| PB 0x0000000081700000| Untracked 
|  24|0x0000000081800000, 0x0000000081900000, 0x0000000081900000|100%| O|  |TAMS 0x0000000081800000| PB 0x0000000081800000| Untracked 
|  25|0x0000000081900000, 0x0000000081a00000, 0x0000000081a00000|100%| O|  |TAMS 0x0000000081900000| PB 0x0000000081900000| Untracked 
|  26|0x0000000081a00000, 0x0000000081b00000, 0x0000000081b00000|100%| O|  |TAMS 0x0000000081a00000| PB 0x0000000081a00000| Untracked 
|  27|0x0000000081b00000, 0x0000000081c00000, 0x0000000081c00000|100%| O|  |TAMS 0x0000000081b00000| PB 0x0000000081b00000| Untracked 
|  28|0x0000000081c00000, 0x0000000081d00000, 0x0000000081d00000|100%| O|  |TAMS 0x0000000081c00000| PB 0x0000000081c00000| Untracked 
|  29|0x0000000081d00000, 0x0000000081e00000, 0x0000000081e00000|100%| O|  |TAMS 0x0000000081d00000| PB 0x0000000081d00000| Untracked 
|  30|0x0000000081e00000, 0x0000000081f00000, 0x0000000081f00000|100%| O|  |TAMS 0x0000000081e00000| PB 0x0000000081e00000| Untracked 
|  31|0x0000000081f00000, 0x0000000082000000, 0x0000000082000000|100%| O|  |TAMS 0x0000000081f00000| PB 0x0000000081f00000| Untracked 
|  32|0x0000000082000000, 0x0000000082100000, 0x0000000082100000|100%| O|  |TAMS 0x0000000082000000| PB 0x0000000082000000| Untracked 
|  33|0x0000000082100000, 0x0000000082200000, 0x0000000082200000|100%| O|  |TAMS 0x0000000082100000| PB 0x0000000082100000| Untracked 
|  34|0x0000000082200000, 0x0000000082300000, 0x0000000082300000|100%| O|  |TAMS 0x0000000082200000| PB 0x0000000082200000| Untracked 
|  35|0x0000000082300000, 0x0000000082400000, 0x0000000082400000|100%| O|  |TAMS 0x0000000082300000| PB 0x0000000082300000| Untracked 
|  36|0x0000000082400000, 0x0000000082500000, 0x0000000082500000|100%| O|  |TAMS 0x0000000082400000| PB 0x0000000082400000| Untracked 
|  37|0x0000000082500000, 0x0000000082600000, 0x0000000082600000|100%| O|  |TAMS 0x0000000082500000| PB 0x0000000082500000| Untracked 
|  38|0x0000000082600000, 0x0000000082700000, 0x0000000082700000|100%| O|  |TAMS 0x0000000082600000| PB 0x0000000082600000| Untracked 
|  39|0x0000000082700000, 0x0000000082800000, 0x0000000082800000|100%| O|  |TAMS 0x0000000082700000| PB 0x0000000082700000| Untracked 
|  40|0x0000000082800000, 0x0000000082900000, 0x0000000082900000|100%| O|  |TAMS 0x0000000082800000| PB 0x0000000082800000| Untracked 
|  41|0x0000000082900000, 0x0000000082a00000, 0x0000000082a00000|100%| O|  |TAMS 0x0000000082900000| PB 0x0000000082900000| Untracked 
|  42|0x0000000082a00000, 0x0000000082b00000, 0x0000000082b00000|100%| O|  |TAMS 0x0000000082a00000| PB 0x0000000082a00000| Untracked 
|  43|0x0000000082b00000, 0x0000000082c00000, 0x0000000082c00000|100%| O|  |TAMS 0x0000000082b00000| PB 0x0000000082b00000| Untracked 
|  44|0x0000000082c00000, 0x0000000082d00000, 0x0000000082d00000|100%| O|  |TAMS 0x0000000082c00000| PB 0x0000000082c00000| Untracked 
|  45|0x0000000082d00000, 0x0000000082e00000, 0x0000000082e00000|100%| O|  |TAMS 0x0000000082d00000| PB 0x0000000082d00000| Untracked 
|  46|0x0000000082e00000, 0x0000000082f00000, 0x0000000082f00000|100%|HS|  |TAMS 0x0000000082e00000| PB 0x0000000082e00000| Complete 
|  47|0x0000000082f00000, 0x0000000083000000, 0x0000000083000000|100%|HS|  |TAMS 0x0000000082f00000| PB 0x0000000082f00000| Complete 
|  48|0x0000000083000000, 0x0000000083100000, 0x0000000083100000|100%|HS|  |TAMS 0x0000000083000000| PB 0x0000000083000000| Complete 
|  49|0x0000000083100000, 0x0000000083200000, 0x0000000083200000|100%|HC|  |TAMS 0x0000000083100000| PB 0x0000000083100000| Complete 
|  50|0x0000000083200000, 0x0000000083300000, 0x0000000083300000|100%|HS|  |TAMS 0x0000000083200000| PB 0x0000000083200000| Complete 
|  51|0x0000000083300000, 0x0000000083400000, 0x0000000083400000|100%|HC|  |TAMS 0x0000000083300000| PB 0x0000000083300000| Complete 
|  52|0x0000000083400000, 0x0000000083500000, 0x0000000083500000|100%|HS|  |TAMS 0x0000000083400000| PB 0x0000000083400000| Complete 
|  53|0x0000000083500000, 0x0000000083600000, 0x0000000083600000|100%|HC|  |TAMS 0x0000000083500000| PB 0x0000000083500000| Complete 
|  54|0x0000000083600000, 0x0000000083700000, 0x0000000083700000|100%|HC|  |TAMS 0x0000000083600000| PB 0x0000000083600000| Complete 
|  55|0x0000000083700000, 0x0000000083800000, 0x0000000083800000|100%|HS|  |TAMS 0x0000000083700000| PB 0x0000000083700000| Complete 
|  56|0x0000000083800000, 0x0000000083900000, 0x0000000083900000|100%|HS|  |TAMS 0x0000000083800000| PB 0x0000000083800000| Complete 
|  57|0x0000000083900000, 0x0000000083a00000, 0x0000000083a00000|100%|HS|  |TAMS 0x0000000083900000| PB 0x0000000083900000| Complete 
|  58|0x0000000083a00000, 0x0000000083b00000, 0x0000000083b00000|100%|HS|  |TAMS 0x0000000083a00000| PB 0x0000000083a00000| Complete 
|  59|0x0000000083b00000, 0x0000000083c00000, 0x0000000083c00000|100%| O|  |TAMS 0x0000000083b00000| PB 0x0000000083b00000| Untracked 
|  60|0x0000000083c00000, 0x0000000083d00000, 0x0000000083d00000|100%| O|  |TAMS 0x0000000083c00000| PB 0x0000000083c00000| Untracked 
|  61|0x0000000083d00000, 0x0000000083e00000, 0x0000000083e00000|100%| O|  |TAMS 0x0000000083d00000| PB 0x0000000083d00000| Untracked 
|  62|0x0000000083e00000, 0x0000000083f00000, 0x0000000083f00000|100%| O|  |TAMS 0x0000000083e00000| PB 0x0000000083e00000| Untracked 
|  63|0x0000000083f00000, 0x0000000084000000, 0x0000000084000000|100%| O|  |TAMS 0x0000000083f00000| PB 0x0000000083f00000| Untracked 
|  64|0x0000000084000000, 0x0000000084100000, 0x0000000084100000|100%| O|  |TAMS 0x0000000084000000| PB 0x0000000084000000| Untracked 
|  65|0x0000000084100000, 0x0000000084200000, 0x0000000084200000|100%| O|  |TAMS 0x0000000084100000| PB 0x0000000084100000| Untracked 
|  66|0x0000000084200000, 0x0000000084300000, 0x0000000084300000|100%| O|  |TAMS 0x0000000084200000| PB 0x0000000084200000| Untracked 
|  67|0x0000000084300000, 0x0000000084400000, 0x0000000084400000|100%| O|  |TAMS 0x0000000084300000| PB 0x0000000084300000| Untracked 
|  68|0x0000000084400000, 0x0000000084500000, 0x0000000084500000|100%| O|  |TAMS 0x0000000084400000| PB 0x0000000084400000| Untracked 
|  69|0x0000000084500000, 0x0000000084600000, 0x0000000084600000|100%| O|  |TAMS 0x0000000084500000| PB 0x0000000084500000| Untracked 
|  70|0x0000000084600000, 0x0000000084600000, 0x0000000084700000|  0%| F|  |TAMS 0x0000000084600000| PB 0x0000000084600000| Untracked 
|  71|0x0000000084700000, 0x0000000084800000, 0x0000000084800000|100%| O|  |TAMS 0x0000000084700000| PB 0x0000000084700000| Untracked 
|  72|0x0000000084800000, 0x0000000084900000, 0x0000000084900000|100%| O|  |TAMS 0x0000000084800000| PB 0x0000000084800000| Untracked 
|  73|0x0000000084900000, 0x0000000084a00000, 0x0000000084a00000|100%|HS|  |TAMS 0x0000000084900000| PB 0x0000000084900000| Complete 
|  74|0x0000000084a00000, 0x0000000084b00000, 0x0000000084b00000|100%| O|  |TAMS 0x0000000084a00000| PB 0x0000000084a00000| Untracked 
|  75|0x0000000084b00000, 0x0000000084c00000, 0x0000000084c00000|100%| O|  |TAMS 0x0000000084b00000| PB 0x0000000084b00000| Untracked 
|  76|0x0000000084c00000, 0x0000000084d00000, 0x0000000084d00000|100%| O|  |TAMS 0x0000000084c00000| PB 0x0000000084c00000| Untracked 
|  77|0x0000000084d00000, 0x0000000084e00000, 0x0000000084e00000|100%| O|  |TAMS 0x0000000084d00000| PB 0x0000000084d00000| Untracked 
|  78|0x0000000084e00000, 0x0000000084f00000, 0x0000000084f00000|100%|HS|  |TAMS 0x0000000084e00000| PB 0x0000000084e00000| Complete 
|  79|0x0000000084f00000, 0x0000000085000000, 0x0000000085000000|100%|HC|  |TAMS 0x0000000084f00000| PB 0x0000000084f00000| Complete 
|  80|0x0000000085000000, 0x0000000085100000, 0x0000000085100000|100%|HC|  |TAMS 0x0000000085000000| PB 0x0000000085000000| Complete 
|  81|0x0000000085100000, 0x0000000085200000, 0x0000000085200000|100%| O|  |TAMS 0x0000000085100000| PB 0x0000000085100000| Untracked 
|  82|0x0000000085200000, 0x0000000085300000, 0x0000000085300000|100%| O|  |TAMS 0x0000000085200000| PB 0x0000000085200000| Untracked 
|  83|0x0000000085300000, 0x0000000085400000, 0x0000000085400000|100%| O|  |TAMS 0x0000000085300000| PB 0x0000000085300000| Untracked 
|  84|0x0000000085400000, 0x0000000085500000, 0x0000000085500000|100%| O|  |TAMS 0x0000000085400000| PB 0x0000000085400000| Untracked 
|  85|0x0000000085500000, 0x0000000085600000, 0x0000000085600000|100%| O|  |TAMS 0x0000000085500000| PB 0x0000000085500000| Untracked 
|  86|0x0000000085600000, 0x0000000085700000, 0x0000000085700000|100%| O|  |TAMS 0x0000000085600000| PB 0x0000000085600000| Untracked 
|  87|0x0000000085700000, 0x0000000085800000, 0x0000000085800000|100%| O|  |TAMS 0x0000000085700000| PB 0x0000000085700000| Untracked 
|  88|0x0000000085800000, 0x0000000085900000, 0x0000000085900000|100%| O|  |TAMS 0x0000000085800000| PB 0x0000000085800000| Untracked 
|  89|0x0000000085900000, 0x0000000085900000, 0x0000000085a00000|  0%| F|  |TAMS 0x0000000085900000| PB 0x0000000085900000| Untracked 
|  90|0x0000000085a00000, 0x0000000085b00000, 0x0000000085b00000|100%| O|  |TAMS 0x0000000085a00000| PB 0x0000000085a00000| Untracked 
|  91|0x0000000085b00000, 0x0000000085c00000, 0x0000000085c00000|100%| O|  |TAMS 0x0000000085b00000| PB 0x0000000085b00000| Untracked 
|  92|0x0000000085c00000, 0x0000000085d00000, 0x0000000085d00000|100%| O|  |TAMS 0x0000000085c00000| PB 0x0000000085c00000| Untracked 
|  93|0x0000000085d00000, 0x0000000085e00000, 0x0000000085e00000|100%| O|  |TAMS 0x0000000085d00000| PB 0x0000000085d00000| Untracked 
|  94|0x0000000085e00000, 0x0000000085f00000, 0x0000000085f00000|100%| O|  |TAMS 0x0000000085e00000| PB 0x0000000085e00000| Untracked 
|  95|0x0000000085f00000, 0x0000000086000000, 0x0000000086000000|100%| O|  |TAMS 0x0000000085f00000| PB 0x0000000085f00000| Untracked 
|  96|0x0000000086000000, 0x0000000086100000, 0x0000000086100000|100%| O|  |TAMS 0x0000000086000000| PB 0x0000000086000000| Untracked 
|  97|0x0000000086100000, 0x0000000086200000, 0x0000000086200000|100%| O|  |TAMS 0x0000000086100000| PB 0x0000000086100000| Untracked 
|  98|0x0000000086200000, 0x0000000086300000, 0x0000000086300000|100%| O|  |TAMS 0x0000000086200000| PB 0x0000000086200000| Untracked 
|  99|0x0000000086300000, 0x0000000086400000, 0x0000000086400000|100%| O|  |TAMS 0x0000000086300000| PB 0x0000000086300000| Untracked 
| 100|0x0000000086400000, 0x0000000086500000, 0x0000000086500000|100%| O|  |TAMS 0x0000000086400000| PB 0x0000000086400000| Untracked 
| 101|0x0000000086500000, 0x0000000086600000, 0x0000000086600000|100%| O|  |TAMS 0x0000000086500000| PB 0x0000000086500000| Untracked 
| 102|0x0000000086600000, 0x0000000086700000, 0x0000000086700000|100%| O|  |TAMS 0x0000000086600000| PB 0x0000000086600000| Untracked 
| 103|0x0000000086700000, 0x0000000086800000, 0x0000000086800000|100%| O|  |TAMS 0x0000000086700000| PB 0x0000000086700000| Untracked 
| 104|0x0000000086800000, 0x0000000086800000, 0x0000000086900000|  0%| F|  |TAMS 0x0000000086800000| PB 0x0000000086800000| Untracked 
| 105|0x0000000086900000, 0x0000000086a00000, 0x0000000086a00000|100%| O|  |TAMS 0x0000000086900000| PB 0x0000000086900000| Untracked 
| 106|0x0000000086a00000, 0x0000000086b00000, 0x0000000086b00000|100%| O|  |TAMS 0x0000000086a00000| PB 0x0000000086a00000| Untracked 
| 107|0x0000000086b00000, 0x0000000086c00000, 0x0000000086c00000|100%| O|  |TAMS 0x0000000086b00000| PB 0x0000000086b00000| Untracked 
| 108|0x0000000086c00000, 0x0000000086d00000, 0x0000000086d00000|100%| O|  |TAMS 0x0000000086c00000| PB 0x0000000086c00000| Untracked 
| 109|0x0000000086d00000, 0x0000000086e00000, 0x0000000086e00000|100%| O|  |TAMS 0x0000000086d00000| PB 0x0000000086d00000| Untracked 
| 110|0x0000000086e00000, 0x0000000086f00000, 0x0000000086f00000|100%| O|  |TAMS 0x0000000086e00000| PB 0x0000000086e00000| Untracked 
| 111|0x0000000086f00000, 0x0000000087000000, 0x0000000087000000|100%| O|  |TAMS 0x0000000086f00000| PB 0x0000000086f00000| Untracked 
| 112|0x0000000087000000, 0x0000000087100000, 0x0000000087100000|100%| O|  |TAMS 0x0000000087000000| PB 0x0000000087000000| Untracked 
| 113|0x0000000087100000, 0x0000000087200000, 0x0000000087200000|100%| O|  |TAMS 0x0000000087100000| PB 0x0000000087100000| Untracked 
| 114|0x0000000087200000, 0x0000000087300000, 0x0000000087300000|100%| O|  |TAMS 0x0000000087200000| PB 0x0000000087200000| Untracked 
| 115|0x0000000087300000, 0x0000000087400000, 0x0000000087400000|100%| O|  |TAMS 0x0000000087300000| PB 0x0000000087300000| Untracked 
| 116|0x0000000087400000, 0x0000000087500000, 0x0000000087500000|100%| O|  |TAMS 0x0000000087400000| PB 0x0000000087400000| Untracked 
| 117|0x0000000087500000, 0x0000000087600000, 0x0000000087600000|100%| O|  |TAMS 0x0000000087500000| PB 0x0000000087500000| Untracked 
| 118|0x0000000087600000, 0x000000008763d628, 0x0000000087700000| 23%| O|  |TAMS 0x0000000087600000| PB 0x0000000087600000| Untracked 
| 119|0x0000000087700000, 0x0000000087700000, 0x0000000087800000|  0%| F|  |TAMS 0x0000000087700000| PB 0x0000000087700000| Untracked 
| 120|0x0000000087800000, 0x0000000087800000, 0x0000000087900000|  0%| F|  |TAMS 0x0000000087800000| PB 0x0000000087800000| Untracked 
| 121|0x0000000087900000, 0x0000000087900000, 0x0000000087a00000|  0%| F|  |TAMS 0x0000000087900000| PB 0x0000000087900000| Untracked 
| 122|0x0000000087a00000, 0x0000000087b00000, 0x0000000087b00000|100%| S|CS|TAMS 0x0000000087a00000| PB 0x0000000087a00000| Complete 
| 123|0x0000000087b00000, 0x0000000087c00000, 0x0000000087c00000|100%| S|CS|TAMS 0x0000000087b00000| PB 0x0000000087b00000| Complete 
| 124|0x0000000087c00000, 0x0000000087d00000, 0x0000000087d00000|100%| S|CS|TAMS 0x0000000087c00000| PB 0x0000000087c00000| Complete 
| 125|0x0000000087d00000, 0x0000000087e00000, 0x0000000087e00000|100%| S|CS|TAMS 0x0000000087d00000| PB 0x0000000087d00000| Complete 
| 126|0x0000000087e00000, 0x0000000087f00000, 0x0000000087f00000|100%| S|CS|TAMS 0x0000000087e00000| PB 0x0000000087e00000| Complete 
| 127|0x0000000087f00000, 0x0000000088000000, 0x0000000088000000|100%| S|CS|TAMS 0x0000000087f00000| PB 0x0000000087f00000| Complete 
| 128|0x0000000088000000, 0x0000000088100000, 0x0000000088100000|100%| S|CS|TAMS 0x0000000088000000| PB 0x0000000088000000| Complete 
| 129|0x0000000088100000, 0x0000000088200000, 0x0000000088200000|100%| S|CS|TAMS 0x0000000088100000| PB 0x0000000088100000| Complete 
| 130|0x0000000088200000, 0x0000000088200000, 0x0000000088300000|  0%| F|  |TAMS 0x0000000088200000| PB 0x0000000088200000| Untracked 
| 131|0x0000000088300000, 0x0000000088300000, 0x0000000088400000|  0%| F|  |TAMS 0x0000000088300000| PB 0x0000000088300000| Untracked 
| 132|0x0000000088400000, 0x0000000088400000, 0x0000000088500000|  0%| F|  |TAMS 0x0000000088400000| PB 0x0000000088400000| Untracked 
| 133|0x0000000088500000, 0x0000000088500000, 0x0000000088600000|  0%| F|  |TAMS 0x0000000088500000| PB 0x0000000088500000| Untracked 
| 134|0x0000000088600000, 0x0000000088600000, 0x0000000088700000|  0%| F|  |TAMS 0x0000000088600000| PB 0x0000000088600000| Untracked 
| 135|0x0000000088700000, 0x0000000088700000, 0x0000000088800000|  0%| F|  |TAMS 0x0000000088700000| PB 0x0000000088700000| Untracked 
| 136|0x0000000088800000, 0x0000000088800000, 0x0000000088900000|  0%| F|  |TAMS 0x0000000088800000| PB 0x0000000088800000| Untracked 
| 137|0x0000000088900000, 0x0000000088900000, 0x0000000088a00000|  0%| F|  |TAMS 0x0000000088900000| PB 0x0000000088900000| Untracked 
| 138|0x0000000088a00000, 0x0000000088a00000, 0x0000000088b00000|  0%| F|  |TAMS 0x0000000088a00000| PB 0x0000000088a00000| Untracked 
| 139|0x0000000088b00000, 0x0000000088b00000, 0x0000000088c00000|  0%| F|  |TAMS 0x0000000088b00000| PB 0x0000000088b00000| Untracked 
| 140|0x0000000088c00000, 0x0000000088c00000, 0x0000000088d00000|  0%| F|  |TAMS 0x0000000088c00000| PB 0x0000000088c00000| Untracked 
| 141|0x0000000088d00000, 0x0000000088d00000, 0x0000000088e00000|  0%| F|  |TAMS 0x0000000088d00000| PB 0x0000000088d00000| Untracked 
| 142|0x0000000088e00000, 0x0000000088e00000, 0x0000000088f00000|  0%| F|  |TAMS 0x0000000088e00000| PB 0x0000000088e00000| Untracked 
| 143|0x0000000088f00000, 0x0000000088f00000, 0x0000000089000000|  0%| F|  |TAMS 0x0000000088f00000| PB 0x0000000088f00000| Untracked 
| 144|0x0000000089000000, 0x0000000089000000, 0x0000000089100000|  0%| F|  |TAMS 0x0000000089000000| PB 0x0000000089000000| Untracked 
| 145|0x0000000089100000, 0x0000000089100000, 0x0000000089200000|  0%| F|  |TAMS 0x0000000089100000| PB 0x0000000089100000| Untracked 
| 146|0x0000000089200000, 0x0000000089200000, 0x0000000089300000|  0%| F|  |TAMS 0x0000000089200000| PB 0x0000000089200000| Untracked 
| 147|0x0000000089300000, 0x0000000089300000, 0x0000000089400000|  0%| F|  |TAMS 0x0000000089300000| PB 0x0000000089300000| Untracked 
| 148|0x0000000089400000, 0x0000000089400000, 0x0000000089500000|  0%| F|  |TAMS 0x0000000089400000| PB 0x0000000089400000| Untracked 
| 149|0x0000000089500000, 0x0000000089500000, 0x0000000089600000|  0%| F|  |TAMS 0x0000000089500000| PB 0x0000000089500000| Untracked 
| 150|0x0000000089600000, 0x0000000089600000, 0x0000000089700000|  0%| F|  |TAMS 0x0000000089600000| PB 0x0000000089600000| Untracked 
| 151|0x0000000089700000, 0x0000000089700000, 0x0000000089800000|  0%| F|  |TAMS 0x0000000089700000| PB 0x0000000089700000| Untracked 
| 152|0x0000000089800000, 0x0000000089800000, 0x0000000089900000|  0%| F|  |TAMS 0x0000000089800000| PB 0x0000000089800000| Untracked 
| 153|0x0000000089900000, 0x0000000089900000, 0x0000000089a00000|  0%| F|  |TAMS 0x0000000089900000| PB 0x0000000089900000| Untracked 
| 154|0x0000000089a00000, 0x0000000089a00000, 0x0000000089b00000|  0%| F|  |TAMS 0x0000000089a00000| PB 0x0000000089a00000| Untracked 
| 155|0x0000000089b00000, 0x0000000089b00000, 0x0000000089c00000|  0%| F|  |TAMS 0x0000000089b00000| PB 0x0000000089b00000| Untracked 
| 156|0x0000000089c00000, 0x0000000089c00000, 0x0000000089d00000|  0%| F|  |TAMS 0x0000000089c00000| PB 0x0000000089c00000| Untracked 
| 157|0x0000000089d00000, 0x0000000089d00000, 0x0000000089e00000|  0%| F|  |TAMS 0x0000000089d00000| PB 0x0000000089d00000| Untracked 
| 158|0x0000000089e00000, 0x0000000089e00000, 0x0000000089f00000|  0%| F|  |TAMS 0x0000000089e00000| PB 0x0000000089e00000| Untracked 
| 159|0x0000000089f00000, 0x0000000089f00000, 0x000000008a000000|  0%| F|  |TAMS 0x0000000089f00000| PB 0x0000000089f00000| Untracked 
| 160|0x000000008a000000, 0x000000008a000000, 0x000000008a100000|  0%| F|  |TAMS 0x000000008a000000| PB 0x000000008a000000| Untracked 
| 161|0x000000008a100000, 0x000000008a100000, 0x000000008a200000|  0%| F|  |TAMS 0x000000008a100000| PB 0x000000008a100000| Untracked 
| 162|0x000000008a200000, 0x000000008a200000, 0x000000008a300000|  0%| F|  |TAMS 0x000000008a200000| PB 0x000000008a200000| Untracked 
| 163|0x000000008a300000, 0x000000008a300000, 0x000000008a400000|  0%| F|  |TAMS 0x000000008a300000| PB 0x000000008a300000| Untracked 
| 164|0x000000008a400000, 0x000000008a400000, 0x000000008a500000|  0%| F|  |TAMS 0x000000008a400000| PB 0x000000008a400000| Untracked 
| 165|0x000000008a500000, 0x000000008a500000, 0x000000008a600000|  0%| F|  |TAMS 0x000000008a500000| PB 0x000000008a500000| Untracked 
| 166|0x000000008a600000, 0x000000008a600000, 0x000000008a700000|  0%| F|  |TAMS 0x000000008a600000| PB 0x000000008a600000| Untracked 
| 167|0x000000008a700000, 0x000000008a700000, 0x000000008a800000|  0%| F|  |TAMS 0x000000008a700000| PB 0x000000008a700000| Untracked 
| 168|0x000000008a800000, 0x000000008a800000, 0x000000008a900000|  0%| F|  |TAMS 0x000000008a800000| PB 0x000000008a800000| Untracked 
| 169|0x000000008a900000, 0x000000008a900000, 0x000000008aa00000|  0%| F|  |TAMS 0x000000008a900000| PB 0x000000008a900000| Untracked 
| 170|0x000000008aa00000, 0x000000008aa00000, 0x000000008ab00000|  0%| F|  |TAMS 0x000000008aa00000| PB 0x000000008aa00000| Untracked 
| 171|0x000000008ab00000, 0x000000008ab00000, 0x000000008ac00000|  0%| F|  |TAMS 0x000000008ab00000| PB 0x000000008ab00000| Untracked 
| 172|0x000000008ac00000, 0x000000008ac00000, 0x000000008ad00000|  0%| F|  |TAMS 0x000000008ac00000| PB 0x000000008ac00000| Untracked 
| 173|0x000000008ad00000, 0x000000008ad00000, 0x000000008ae00000|  0%| F|  |TAMS 0x000000008ad00000| PB 0x000000008ad00000| Untracked 
| 174|0x000000008ae00000, 0x000000008ae00000, 0x000000008af00000|  0%| F|  |TAMS 0x000000008ae00000| PB 0x000000008ae00000| Untracked 
| 175|0x000000008af00000, 0x000000008af00000, 0x000000008b000000|  0%| F|  |TAMS 0x000000008af00000| PB 0x000000008af00000| Untracked 
| 176|0x000000008b000000, 0x000000008b000000, 0x000000008b100000|  0%| F|  |TAMS 0x000000008b000000| PB 0x000000008b000000| Untracked 
| 177|0x000000008b100000, 0x000000008b100000, 0x000000008b200000|  0%| F|  |TAMS 0x000000008b100000| PB 0x000000008b100000| Untracked 
| 178|0x000000008b200000, 0x000000008b200000, 0x000000008b300000|  0%| F|  |TAMS 0x000000008b200000| PB 0x000000008b200000| Untracked 
| 179|0x000000008b300000, 0x000000008b300000, 0x000000008b400000|  0%| F|  |TAMS 0x000000008b300000| PB 0x000000008b300000| Untracked 
| 180|0x000000008b400000, 0x000000008b400000, 0x000000008b500000|  0%| F|  |TAMS 0x000000008b400000| PB 0x000000008b400000| Untracked 
| 181|0x000000008b500000, 0x000000008b500000, 0x000000008b600000|  0%| F|  |TAMS 0x000000008b500000| PB 0x000000008b500000| Untracked 
| 182|0x000000008b600000, 0x000000008b600000, 0x000000008b700000|  0%| F|  |TAMS 0x000000008b600000| PB 0x000000008b600000| Untracked 
| 183|0x000000008b700000, 0x000000008b7921d0, 0x000000008b800000| 57%| E|  |TAMS 0x000000008b700000| PB 0x000000008b700000| Complete 
| 184|0x000000008b800000, 0x000000008b900000, 0x000000008b900000|100%| E|  |TAMS 0x000000008b800000| PB 0x000000008b800000| Complete 
| 185|0x000000008b900000, 0x000000008ba00000, 0x000000008ba00000|100%| E|CS|TAMS 0x000000008b900000| PB 0x000000008b900000| Complete 
| 186|0x000000008ba00000, 0x000000008bb00000, 0x000000008bb00000|100%| E|CS|TAMS 0x000000008ba00000| PB 0x000000008ba00000| Complete 
| 187|0x000000008bb00000, 0x000000008bc00000, 0x000000008bc00000|100%| E|CS|TAMS 0x000000008bb00000| PB 0x000000008bb00000| Complete 
| 188|0x000000008bc00000, 0x000000008bd00000, 0x000000008bd00000|100%| E|CS|TAMS 0x000000008bc00000| PB 0x000000008bc00000| Complete 
| 189|0x000000008bd00000, 0x000000008be00000, 0x000000008be00000|100%| E|CS|TAMS 0x000000008bd00000| PB 0x000000008bd00000| Complete 
| 190|0x000000008be00000, 0x000000008bf00000, 0x000000008bf00000|100%| E|CS|TAMS 0x000000008be00000| PB 0x000000008be00000| Complete 
| 191|0x000000008bf00000, 0x000000008c000000, 0x000000008c000000|100%| E|CS|TAMS 0x000000008bf00000| PB 0x000000008bf00000| Complete 
| 192|0x000000008c000000, 0x000000008c100000, 0x000000008c100000|100%| E|CS|TAMS 0x000000008c000000| PB 0x000000008c000000| Complete 
| 193|0x000000008c100000, 0x000000008c200000, 0x000000008c200000|100%| E|CS|TAMS 0x000000008c100000| PB 0x000000008c100000| Complete 

Card table byte_map: [0x000001ac67120000,0x000001ac67520000] _byte_map_base: 0x000001ac66d20000

Marking Bits: (CMBitMap*) 0x000001ac4f678e40
 Bits: [0x000001ac67520000, 0x000001ac69520000)

Polling page: 0x000001ac4d6c0000

Metaspace:

Usage:
  Non-class:     91.38 MB used.
      Class:     14.55 MB used.
       Both:    105.93 MB used.

Virtual space:
  Non-class space:      128.00 MB reserved,      92.56 MB ( 72%) committed,  2 nodes.
      Class space:        1.00 GB reserved,      15.81 MB (  2%) committed,  1 nodes.
             Both:        1.12 GB reserved,     108.38 MB (  9%) committed. 

Chunk freelists:
   Non-Class:  3.49 MB
       Class:  177.00 KB
        Both:  3.66 MB

MaxMetaspaceSize: unlimited
CompressedClassSpaceSize: 1.00 GB
Initial GC threshold: 21.00 MB
Current GC threshold: 171.25 MB
CDS: on
 - commit_granule_bytes: 65536.
 - commit_granule_words: 8192.
 - virtual_space_node_default_size: 8388608.
 - enlarge_chunks_in_place: 1.
 - use_allocation_guard: 0.


Internal statistics:

num_allocs_failed_limit: 6.
num_arena_births: 4552.
num_arena_deaths: 0.
num_vsnodes_births: 3.
num_vsnodes_deaths: 0.
num_space_committed: 1733.
num_space_uncommitted: 0.
num_chunks_returned_to_freelist: 6.
num_chunks_taken_from_freelist: 9586.
num_chunk_merges: 3.
num_chunk_splits: 6206.
num_chunks_enlarged: 3833.
num_inconsistent_stats: 0.

CodeHeap 'non-profiled nmethods': size=120000Kb used=8384Kb max_used=8384Kb free=111615Kb
 bounds [0x000001ac5f7f0000, 0x000001ac60030000, 0x000001ac66d20000]
CodeHeap 'profiled nmethods': size=120000Kb used=25151Kb max_used=25151Kb free=94848Kb
 bounds [0x000001ac57d20000, 0x000001ac595b0000, 0x000001ac5f250000]
CodeHeap 'non-nmethods': size=5760Kb used=2214Kb max_used=2254Kb free=3545Kb
 bounds [0x000001ac5f250000, 0x000001ac5f4c0000, 0x000001ac5f7f0000]
 total_blobs=13969 nmethods=13053 adapters=820
 compilation: enabled
              stopped_count=0, restarted_count=0
 full_count=0

Compilation events (20 events):
Event: 89.393 Thread 0x000001ac6b9ffc90 nmethod 15334 0x000001ac6001d390 code [0x000001ac6001d560, 0x000001ac6001e1a8]
Event: 89.394 Thread 0x000001ac6b9ffc90 15333       4       java.lang.Class::searchMethods (104 bytes)
Event: 89.400 Thread 0x000001ac6b9ffc90 nmethod 15333 0x000001ac6001e590 code [0x000001ac6001e740, 0x000001ac6001eb58]
Event: 89.401 Thread 0x000001ac6b9ffc90 15342       4       java.net.URL::toExternalForm (9 bytes)
Event: 89.402 Thread 0x000001ac6b9ffc90 nmethod 15342 0x000001ac6001ee90 code [0x000001ac6001f020, 0x000001ac6001f0f8]
Event: 89.402 Thread 0x000001ac6b9ffc90 15336       4       java.io.File::exists (34 bytes)
Event: 89.404 Thread 0x000001ac6ba00720 15347       3       java.io.ObjectOutputStream$BlockDataOutputStream::writeLong (48 bytes)
Event: 89.404 Thread 0x000001ac6ba00720 nmethod 15347 0x000001ac595ad110 code [0x000001ac595ad300, 0x000001ac595ad710]
Event: 89.413 Thread 0x000001ac6b9ffc90 nmethod 15336 0x000001ac6001f210 code [0x000001ac6001f3e0, 0x000001ac6001f828]
Event: 89.415 Thread 0x000001ac6ba00720 15348       3       java.io.ObjectStreamClass$FieldReflectorKey::equals (37 bytes)
Event: 89.416 Thread 0x000001ac6ba00720 nmethod 15348 0x000001ac595ad890 code [0x000001ac595ada60, 0x000001ac595ade38]
Event: 89.427 Thread 0x000001ac6ba00720 15349       3       java.lang.invoke.LambdaFormEditor::filterArgumentsForm (74 bytes)
Event: 89.427 Thread 0x000001ac6ba00720 nmethod 15349 0x000001ac595adf10 code [0x000001ac595ae100, 0x000001ac595ae3b0]
Event: 89.427 Thread 0x000001ac6ba00720 15352       3       jdk.internal.org.objectweb.asm.Frame::setInputFrameFromDescriptor (175 bytes)
Event: 89.428 Thread 0x000001ac6ba00720 nmethod 15352 0x000001ac595ae510 code [0x000001ac595ae740, 0x000001ac595aeee8]
Event: 89.430 Thread 0x000001ac6ba00720 15353       3       sun.rmi.server.MarshalOutputStream::replaceObject (33 bytes)
Event: 89.430 Thread 0x000001ac6ba00720 nmethod 15353 0x000001ac595af310 code [0x000001ac595af4e0, 0x000001ac595afa10]
Event: 89.909 Thread 0x000001ac6ba00720 15354       3       java.util.concurrent.TimeUnit::toNanos (45 bytes)
Event: 89.910 Thread 0x000001ac6ba00720 nmethod 15354 0x000001ac595afb10 code [0x000001ac595afcc0, 0x000001ac595aff10]
Event: 95.291 Thread 0x000001ac6b9ffc90 15355       4       javax.management.ObjectName::construct (1135 bytes)

GC Heap History (20 events):
Event: 56.607 GC heap before
{Heap before GC invocations=44 (full 0):
 garbage-first heap   total 162816K, used 146599K [0x0000000080000000, 0x0000000100000000)
  region size 1024K, 53 young (54272K), 5 survivors (5120K)
 Metaspace       used 96655K, committed 99008K, reserved 1179648K
  class space    used 13519K, committed 14720K, reserved 1048576K
}
Event: 56.623 GC heap after
{Heap after GC invocations=45 (full 0):
 garbage-first heap   total 162816K, used 101200K [0x0000000080000000, 0x0000000100000000)
  region size 1024K, 6 young (6144K), 6 survivors (6144K)
 Metaspace       used 96655K, committed 99008K, reserved 1179648K
  class space    used 13519K, committed 14720K, reserved 1048576K
}
Event: 59.180 GC heap before
{Heap before GC invocations=45 (full 0):
 garbage-first heap   total 162816K, used 145232K [0x0000000080000000, 0x0000000100000000)
  region size 1024K, 50 young (51200K), 6 survivors (6144K)
 Metaspace       used 98161K, committed 100480K, reserved 1179648K
  class space    used 13735K, committed 14912K, reserved 1048576K
}
Event: 59.199 GC heap after
{Heap after GC invocations=46 (full 0):
 garbage-first heap   total 162816K, used 106657K [0x0000000080000000, 0x0000000100000000)
  region size 1024K, 7 young (7168K), 7 survivors (7168K)
 Metaspace       used 98161K, committed 100480K, reserved 1179648K
  class space    used 13735K, committed 14912K, reserved 1048576K
}
Event: 61.233 GC heap before
{Heap before GC invocations=47 (full 0):
 garbage-first heap   total 178176K, used 142497K [0x0000000080000000, 0x0000000100000000)
  region size 1024K, 44 young (45056K), 7 survivors (7168K)
 Metaspace       used 98165K, committed 100480K, reserved 1179648K
  class space    used 13736K, committed 14912K, reserved 1048576K
}
Event: 61.252 GC heap after
{Heap after GC invocations=48 (full 0):
 garbage-first heap   total 178176K, used 108106K [0x0000000080000000, 0x0000000100000000)
  region size 1024K, 4 young (4096K), 4 survivors (4096K)
 Metaspace       used 98165K, committed 100480K, reserved 1179648K
  class space    used 13736K, committed 14912K, reserved 1048576K
}
Event: 66.585 GC heap before
{Heap before GC invocations=48 (full 0):
 garbage-first heap   total 178176K, used 162378K [0x0000000080000000, 0x0000000100000000)
  region size 1024K, 58 young (59392K), 4 survivors (4096K)
 Metaspace       used 98678K, committed 101056K, reserved 1179648K
  class space    used 13832K, committed 15040K, reserved 1048576K
}
Event: 66.598 GC heap after
{Heap after GC invocations=49 (full 0):
 garbage-first heap   total 178176K, used 109610K [0x0000000080000000, 0x0000000100000000)
  region size 1024K, 7 young (7168K), 7 survivors (7168K)
 Metaspace       used 98678K, committed 101056K, reserved 1179648K
  class space    used 13832K, committed 15040K, reserved 1048576K
}
Event: 67.518 GC heap before
{Heap before GC invocations=49 (full 0):
 garbage-first heap   total 178176K, used 123946K [0x0000000080000000, 0x0000000100000000)
  region size 1024K, 23 young (23552K), 7 survivors (7168K)
 Metaspace       used 98835K, committed 101184K, reserved 1179648K
  class space    used 13858K, committed 15040K, reserved 1048576K
}
Event: 67.528 GC heap after
{Heap after GC invocations=50 (full 0):
 garbage-first heap   total 178176K, used 110797K [0x0000000080000000, 0x0000000100000000)
  region size 1024K, 4 young (4096K), 4 survivors (4096K)
 Metaspace       used 98835K, committed 101184K, reserved 1179648K
  class space    used 13858K, committed 15040K, reserved 1048576K
}
Event: 73.717 GC heap before
{Heap before GC invocations=51 (full 0):
 garbage-first heap   total 194560K, used 167117K [0x0000000080000000, 0x0000000100000000)
  region size 1024K, 55 young (56320K), 4 survivors (4096K)
 Metaspace       used 102586K, committed 104960K, reserved 1179648K
  class space    used 14201K, committed 15360K, reserved 1048576K
}
Event: 73.734 GC heap after
{Heap after GC invocations=52 (full 0):
 garbage-first heap   total 194560K, used 114604K [0x0000000080000000, 0x0000000100000000)
  region size 1024K, 7 young (7168K), 7 survivors (7168K)
 Metaspace       used 102586K, committed 104960K, reserved 1179648K
  class space    used 14201K, committed 15360K, reserved 1048576K
}
Event: 75.778 GC heap before
{Heap before GC invocations=52 (full 0):
 garbage-first heap   total 194560K, used 176044K [0x0000000080000000, 0x0000000100000000)
  region size 1024K, 68 young (69632K), 7 survivors (7168K)
 Metaspace       used 102651K, committed 105024K, reserved 1179648K
  class space    used 14206K, committed 15360K, reserved 1048576K
}
Event: 75.793 GC heap after
{Heap after GC invocations=53 (full 0):
 garbage-first heap   total 194560K, used 115574K [0x0000000080000000, 0x0000000100000000)
  region size 1024K, 5 young (5120K), 5 survivors (5120K)
 Metaspace       used 102651K, committed 105024K, reserved 1179648K
  class space    used 14206K, committed 15360K, reserved 1048576K
}
Event: 78.197 GC heap before
{Heap before GC invocations=53 (full 0):
 garbage-first heap   total 194560K, used 175990K [0x0000000080000000, 0x0000000100000000)
  region size 1024K, 65 young (66560K), 5 survivors (5120K)
 Metaspace       used 102784K, committed 105152K, reserved 1179648K
  class space    used 14223K, committed 15424K, reserved 1048576K
}
Event: 78.209 GC heap after
{Heap after GC invocations=54 (full 0):
 garbage-first heap   total 194560K, used 117854K [0x0000000080000000, 0x0000000100000000)
  region size 1024K, 7 young (7168K), 7 survivors (7168K)
 Metaspace       used 102784K, committed 105152K, reserved 1179648K
  class space    used 14223K, committed 15424K, reserved 1048576K
}
Event: 86.317 GC heap before
{Heap before GC invocations=55 (full 0):
 garbage-first heap   total 198656K, used 174174K [0x0000000080000000, 0x0000000100000000)
  region size 1024K, 63 young (64512K), 7 survivors (7168K)
 Metaspace       used 104476K, committed 106880K, reserved 1179648K
  class space    used 14409K, committed 15616K, reserved 1048576K
}
Event: 86.331 GC heap after
{Heap after GC invocations=56 (full 0):
 garbage-first heap   total 198656K, used 121406K [0x0000000080000000, 0x0000000100000000)
  region size 1024K, 4 young (4096K), 4 survivors (4096K)
 Metaspace       used 104476K, committed 106880K, reserved 1179648K
  class space    used 14409K, committed 15616K, reserved 1048576K
}
Event: 88.881 GC heap before
{Heap before GC invocations=56 (full 0):
 garbage-first heap   total 198656K, used 181822K [0x0000000080000000, 0x0000000100000000)
  region size 1024K, 64 young (65536K), 4 survivors (4096K)
 Metaspace       used 107011K, committed 109376K, reserved 1179648K
  class space    used 14694K, committed 15936K, reserved 1048576K
}
Event: 88.898 GC heap after
{Heap after GC invocations=57 (full 0):
 garbage-first heap   total 198656K, used 126197K [0x0000000080000000, 0x0000000100000000)
  region size 1024K, 8 young (8192K), 8 survivors (8192K)
 Metaspace       used 107011K, committed 109376K, reserved 1179648K
  class space    used 14694K, committed 15936K, reserved 1048576K
}

Dll operation events (16 events):
Event: 0.018 Loaded shared library D:\SEMESTER 6\AI\Project code\OpenJDK21U-jdk_x64_windows_hotspot_21.0.7_6\jdk-21.0.7+6\bin\java.dll
Event: 0.076 Loaded shared library D:\SEMESTER 6\AI\Project code\OpenJDK21U-jdk_x64_windows_hotspot_21.0.7_6\jdk-21.0.7+6\bin\jsvml.dll
Event: 0.200 Loaded shared library D:\SEMESTER 6\AI\Project code\OpenJDK21U-jdk_x64_windows_hotspot_21.0.7_6\jdk-21.0.7+6\bin\zip.dll
Event: 0.211 Loaded shared library D:\SEMESTER 6\AI\Project code\OpenJDK21U-jdk_x64_windows_hotspot_21.0.7_6\jdk-21.0.7+6\bin\instrument.dll
Event: 0.225 Loaded shared library D:\SEMESTER 6\AI\Project code\OpenJDK21U-jdk_x64_windows_hotspot_21.0.7_6\jdk-21.0.7+6\bin\net.dll
Event: 0.229 Loaded shared library D:\SEMESTER 6\AI\Project code\OpenJDK21U-jdk_x64_windows_hotspot_21.0.7_6\jdk-21.0.7+6\bin\nio.dll
Event: 0.240 Loaded shared library D:\SEMESTER 6\AI\Project code\OpenJDK21U-jdk_x64_windows_hotspot_21.0.7_6\jdk-21.0.7+6\bin\zip.dll
Event: 1.018 Loaded shared library D:\SEMESTER 6\AI\Project code\OpenJDK21U-jdk_x64_windows_hotspot_21.0.7_6\jdk-21.0.7+6\bin\jimage.dll
Event: 1.434 Loaded shared library D:\SEMESTER 6\AI\Project code\OpenJDK21U-jdk_x64_windows_hotspot_21.0.7_6\jdk-21.0.7+6\bin\verify.dll
Event: 1.708 Loaded shared library D:\Gradle\native\1def1411415f61bf3af743bc5b6707747c0891f09f0c88961ee8f79bc544acac\windows-amd64\native-platform.dll
Event: 1.733 Loaded shared library D:\Gradle\native\0.2.7\x86_64-windows-gnu\gradle-fileevents.dll
Event: 3.791 Loaded shared library D:\SEMESTER 6\AI\Project code\OpenJDK21U-jdk_x64_windows_hotspot_21.0.7_6\jdk-21.0.7+6\bin\management.dll
Event: 3.793 Loaded shared library D:\SEMESTER 6\AI\Project code\OpenJDK21U-jdk_x64_windows_hotspot_21.0.7_6\jdk-21.0.7+6\bin\management_ext.dll
Event: 4.372 Loaded shared library D:\SEMESTER 6\AI\Project code\OpenJDK21U-jdk_x64_windows_hotspot_21.0.7_6\jdk-21.0.7+6\bin\extnet.dll
Event: 5.204 Loaded shared library D:\SEMESTER 6\AI\Project code\OpenJDK21U-jdk_x64_windows_hotspot_21.0.7_6\jdk-21.0.7+6\bin\sunmscapi.dll
Event: 89.262 Loaded shared library D:\SEMESTER 6\AI\Project code\OpenJDK21U-jdk_x64_windows_hotspot_21.0.7_6\jdk-21.0.7+6\bin\rmi.dll

Deoptimization events (20 events):
Event: 89.280 Thread 0x000001ac75099090 DEOPT PACKING pc=0x000001ac5fa60478 sp=0x000000235f1ff1f0
Event: 89.280 Thread 0x000001ac75099090 DEOPT UNPACKING pc=0x000001ac5f2a46a2 sp=0x000000235f1ff128 mode 2
Event: 89.308 Thread 0x000001ac730adaa0 DEOPT PACKING pc=0x000001ac5815ec7d sp=0x000000235e9fc410
Event: 89.308 Thread 0x000001ac730adaa0 DEOPT UNPACKING pc=0x000001ac5f2a4e42 sp=0x000000235e9fb8a8 mode 0
Event: 89.430 Thread 0x000001ac75099db0 Uncommon trap: trap_request=0xffffffc6 fr.pc=0x000001ac5fc2b75c relative=0x000000000000045c
Event: 89.430 Thread 0x000001ac75099db0 Uncommon trap: reason=bimorphic_or_optimized_type_check action=maybe_recompile pc=0x000001ac5fc2b75c method=java.util.Hashtable.get(Ljava/lang/Object;)Ljava/lang/Object; @ 6 c2
Event: 89.430 Thread 0x000001ac75099db0 DEOPT PACKING pc=0x000001ac5fc2b75c sp=0x000000235f5fea90
Event: 89.430 Thread 0x000001ac75099db0 DEOPT UNPACKING pc=0x000001ac5f2a46a2 sp=0x000000235f5fea30 mode 2
Event: 89.430 Thread 0x000001ac75099db0 Uncommon trap: trap_request=0xffffffc6 fr.pc=0x000001ac5fd31248 relative=0x0000000000000968
Event: 89.430 Thread 0x000001ac75099db0 Uncommon trap: reason=bimorphic_or_optimized_type_check action=maybe_recompile pc=0x000001ac5fd31248 method=java.util.Hashtable.put(Ljava/lang/Object;Ljava/lang/Object;)Ljava/lang/Object; @ 18 c2
Event: 89.430 Thread 0x000001ac75099db0 DEOPT PACKING pc=0x000001ac5fd31248 sp=0x000000235f5fea60
Event: 89.430 Thread 0x000001ac75099db0 DEOPT UNPACKING pc=0x000001ac5f2a46a2 sp=0x000000235f5fea28 mode 2
Event: 89.430 Thread 0x000001ac75099db0 Uncommon trap: trap_request=0xffffffc6 fr.pc=0x000001ac5fc2b75c relative=0x000000000000045c
Event: 89.430 Thread 0x000001ac75099db0 Uncommon trap: reason=bimorphic_or_optimized_type_check action=maybe_recompile pc=0x000001ac5fc2b75c method=java.util.Hashtable.get(Ljava/lang/Object;)Ljava/lang/Object; @ 6 c2
Event: 89.430 Thread 0x000001ac75099db0 DEOPT PACKING pc=0x000001ac5fc2b75c sp=0x000000235f5fea90
Event: 89.430 Thread 0x000001ac75099db0 DEOPT UNPACKING pc=0x000001ac5f2a46a2 sp=0x000000235f5fea30 mode 2
Event: 89.430 Thread 0x000001ac75099db0 Uncommon trap: trap_request=0xffffffc6 fr.pc=0x000001ac5fd31248 relative=0x0000000000000968
Event: 89.430 Thread 0x000001ac75099db0 Uncommon trap: reason=bimorphic_or_optimized_type_check action=maybe_recompile pc=0x000001ac5fd31248 method=java.util.Hashtable.put(Ljava/lang/Object;Ljava/lang/Object;)Ljava/lang/Object; @ 18 c2
Event: 89.430 Thread 0x000001ac75099db0 DEOPT PACKING pc=0x000001ac5fd31248 sp=0x000000235f5fea60
Event: 89.430 Thread 0x000001ac75099db0 DEOPT UNPACKING pc=0x000001ac5f2a46a2 sp=0x000000235f5fea28 mode 2

Classes loaded (20 events):
Event: 89.362 Loading class sun/rmi/server/UnicastServerRef$HashToMethod_Maps$1
Event: 89.362 Loading class sun/rmi/server/UnicastServerRef$HashToMethod_Maps$1 done
Event: 89.367 Loading class sun/rmi/server/LoaderHandler$Loader
Event: 89.369 Loading class sun/rmi/server/LoaderHandler$Loader done
Event: 89.395 Loading class java/rmi/server/ServerNotActiveException
Event: 89.395 Loading class java/rmi/server/ServerNotActiveException done
Event: 89.404 Loading class sun/rmi/transport/DGCAckHandler
Event: 89.404 Loading class sun/rmi/transport/DGCAckHandler done
Event: 89.416 Loading class sun/rmi/transport/DGCAckHandler$1
Event: 89.416 Loading class sun/rmi/transport/DGCAckHandler$1 done
Event: 89.421 Loading class sun/rmi/transport/tcp/TCPTransport$ConnectionHandler
Event: 89.422 Loading class sun/rmi/transport/tcp/TCPTransport$ConnectionHandler done
Event: 89.429 Loading class sun/rmi/transport/Transport$1
Event: 89.429 Loading class sun/rmi/transport/Transport$1 done
Event: 89.429 Loading class sun/rmi/transport/DGCImpl$LeaseInfo
Event: 89.430 Loading class sun/rmi/transport/DGCImpl$LeaseInfo done
Event: 89.430 Loading class sun/rmi/transport/DGCImpl$1
Event: 89.430 Loading class sun/rmi/transport/DGCImpl$1 done
Event: 89.430 Loading class sun/rmi/transport/SequenceEntry
Event: 89.430 Loading class sun/rmi/transport/SequenceEntry done

Classes unloaded (0 events):
No events

Classes redefined (0 events):
No events

Internal exceptions (20 events):
Event: 88.796 Thread 0x000001ac760cfd10 Exception <a 'java/lang/NoSuchMethodError'{0x00000000883640b0}: static Lorg/jetbrains/kotlin/incremental/ClasspathChanges$ClasspathSnapshotEnabled$IncrementalRun$NoChanges;.<clinit>()V> (0x00000000883640b0) 
thrown [s\src\hotspot\share\prims\jni.cpp, line 1111]
Event: 88.797 Thread 0x000001ac760cfd10 Exception <a 'java/lang/NoSuchMethodError'{0x0000000088366088}: static Lorg/jetbrains/kotlin/incremental/ClasspathChanges$ClasspathSnapshotEnabled$IncrementalRun;.<clinit>()V> (0x0000000088366088) 
thrown [s\src\hotspot\share\prims\jni.cpp, line 1111]
Event: 88.797 Thread 0x000001ac760cfd10 Exception <a 'java/lang/NoSuchMethodError'{0x0000000088367bb0}: static Lorg/jetbrains/kotlin/incremental/ClasspathChanges$ClasspathSnapshotEnabled;.<clinit>()V> (0x0000000088367bb0) 
thrown [s\src\hotspot\share\prims\jni.cpp, line 1111]
Event: 88.797 Thread 0x000001ac760cfd10 Exception <a 'java/lang/NoSuchMethodError'{0x0000000088369a00}: static Lorg/jetbrains/kotlin/incremental/ClasspathChanges;.<clinit>()V> (0x0000000088369a00) 
thrown [s\src\hotspot\share\prims\jni.cpp, line 1111]
Event: 88.825 Thread 0x000001ac760cfd10 Exception <a 'java/lang/NoSuchMethodError'{0x0000000088223b50}: static Lorg/jetbrains/kotlin/gradle/report/GradleBuildMetricsReporter;.<clinit>()V> (0x0000000088223b50) 
thrown [s\src\hotspot\share\prims\jni.cpp, line 1111]
Event: 88.826 Thread 0x000001ac760cfd10 Exception <a 'java/lang/NoSuchMethodError'{0x00000000882265e0}: static Lorg/jetbrains/kotlin/build/report/metrics/BuildMetricsReporterImpl;.<clinit>()V> (0x00000000882265e0) 
thrown [s\src\hotspot\share\prims\jni.cpp, line 1111]
Event: 88.857 Thread 0x000001ac760cfd10 Exception <a 'java/lang/NoSuchMethodError'{0x0000000088270020}: static Lorg/jetbrains/kotlin/build/report/metrics/GcMetrics;.<clinit>()V> (0x0000000088270020) 
thrown [s\src\hotspot\share\prims\jni.cpp, line 1111]
Event: 89.030 Thread 0x000001ac730adaa0 Exception <a 'java/lang/NoSuchMethodError'{0x000000008be001d0}: 'long java.lang.invoke.DirectMethodHandle$Holder.invokeStatic(java.lang.Object)'> (0x000000008be001d0) 
thrown [s\src\hotspot\share\interpreter\linkResolver.cpp, line 773]
Event: 89.030 Thread 0x000001ac730adaa0 Exception <a 'java/lang/NoSuchMethodError'{0x000000008be03530}: 'long java.lang.invoke.DirectMethodHandle$Holder.invokeStaticInit(java.lang.Object)'> (0x000000008be03530) 
thrown [s\src\hotspot\share\interpreter\linkResolver.cpp, line 773]
Event: 89.199 Thread 0x000001ac730adaa0 Exception <a 'java/lang/NoSuchMethodError'{0x000000008bdff6b0}: static Lorg/jetbrains/kotlin/daemon/common/LoopbackNetworkInterface$AbstractClientLoopbackSocketFactory;.<clinit>()V> (0x000000008bdff6b0) 
thrown [s\src\hotspot\share\prims\jni.cpp, line 1111]
Event: 89.202 Thread 0x000001ac730adaa0 Exception <a 'java/lang/NoSuchMethodError'{0x000000008bc0c8b0}: static Lorg/jetbrains/kotlin/daemon/common/LoopbackNetworkInterface$ClientLoopbackSocketFactory;.<clinit>()V> (0x000000008bc0c8b0) 
thrown [s\src\hotspot\share\prims\jni.cpp, line 1111]
Event: 89.269 Thread 0x000001ac730adaa0 Exception <a 'java/lang/NoSuchMethodError'{0x000000008bc84b08}: static [Ljava/rmi/server/ObjID;.<clinit>()V> (0x000000008bc84b08) 
thrown [s\src\hotspot\share\prims\jni.cpp, line 1111]
Event: 89.276 Thread 0x000001ac730adaa0 Exception <a 'java/lang/NoSuchMethodError'{0x000000008bcaa518}: static [B.<clinit>()V> (0x000000008bcaa518) 
thrown [s\src\hotspot\share\prims\jni.cpp, line 1111]
Event: 89.281 Thread 0x000001ac75099090 Exception <a 'java/lang/NoSuchMethodError'{0x000000008bc67290}: 'java.lang.Object java.lang.invoke.DirectMethodHandle$Holder.invokeSpecial(java.lang.Object, java.lang.Object, int, java.lang.Object, long)'> (0x000000008bc67290) 
thrown [s\src\hotspot\share\interpreter\linkResolver.cpp, line 773]
Event: 89.281 Thread 0x000001ac75099090 Exception <a 'java/lang/NoSuchMethodError'{0x000000008bc6dca8}: 'java.lang.Object java.lang.invoke.DirectMethodHandle$Holder.newInvokeSpecial(java.lang.Object, java.lang.Object, int, java.lang.Object, long)'> (0x000000008bc6dca8) 
thrown [s\src\hotspot\share\interpreter\linkResolver.cpp, line 773]
Event: 89.302 Thread 0x000001ac730adaa0 Exception <a 'java/lang/NoSuchMethodError'{0x000000008bcf05e8}: static Lorg/jetbrains/kotlin/daemon/common/CompileService$CallResult;.<clinit>()V> (0x000000008bcf05e8) 
thrown [s\src\hotspot\share\prims\jni.cpp, line 1111]
Event: 89.303 Thread 0x000001ac730adaa0 Exception <a 'java/lang/NoSuchMethodError'{0x000000008bcfcfd0}: static Lorg/jetbrains/kotlin/daemon/common/CompileService$CallResult$Good;.<clinit>()V> (0x000000008bcfcfd0) 
thrown [s\src\hotspot\share\prims\jni.cpp, line 1111]
Event: 89.308 Thread 0x000001ac730adaa0 Exception <a 'java/lang/NoSuchMethodError'{0x000000008bb0a7a8}: static Lorg/jetbrains/kotlin/daemon/common/DaemonJVMOptions;.<clinit>()V> (0x000000008bb0a7a8) 
thrown [s\src\hotspot\share\prims\jni.cpp, line 1111]
Event: 89.316 Thread 0x000001ac730adaa0 Exception <a 'java/lang/NoSuchMethodError'{0x000000008bb51cf0}: static Lorg/jetbrains/kotlin/daemon/common/CompileService$CallResult$Ok;.<clinit>()V> (0x000000008bb51cf0) 
thrown [s\src\hotspot\share\prims\jni.cpp, line 1111]
Event: 89.376 Thread 0x000001ac730adaa0 Exception <a 'java/lang/NoSuchMethodError'{0x000000008baebc08}: static [Ljava/lang/Integer;.<clinit>()V> (0x000000008baebc08) 
thrown [s\src\hotspot\share\prims\jni.cpp, line 1111]

ZGC Phase Switch (0 events):
No events

VM Operations (20 events):
Event: 85.712 Executing VM operation: HandshakeAllThreads (Deoptimize)
Event: 85.712 Executing VM operation: HandshakeAllThreads (Deoptimize) done
Event: 86.064 Executing VM operation: ICBufferFull
Event: 86.064 Executing VM operation: ICBufferFull done
Event: 86.317 Executing VM operation: G1CollectForAllocation (G1 Evacuation Pause)
Event: 86.331 Executing VM operation: G1CollectForAllocation (G1 Evacuation Pause) done
Event: 87.344 Executing VM operation: Cleanup
Event: 87.355 Executing VM operation: Cleanup done
Event: 88.310 Executing VM operation: HandshakeAllThreads (Deoptimize)
Event: 88.311 Executing VM operation: HandshakeAllThreads (Deoptimize) done
Event: 88.398 Executing VM operation: ICBufferFull
Event: 88.399 Executing VM operation: ICBufferFull done
Event: 88.875 Executing VM operation: G1CollectForAllocation (G1 Evacuation Pause)
Event: 88.898 Executing VM operation: G1CollectForAllocation (G1 Evacuation Pause) done
Event: 89.168 Executing VM operation: HandshakeAllThreads (Deoptimize)
Event: 89.169 Executing VM operation: HandshakeAllThreads (Deoptimize) done
Event: 89.294 Executing VM operation: HandshakeAllThreads (Deoptimize)
Event: 89.294 Executing VM operation: HandshakeAllThreads (Deoptimize) done
Event: 90.293 Executing VM operation: Cleanup
Event: 90.293 Executing VM operation: Cleanup done

Memory protections (0 events):
No events

Nmethod flushes (20 events):
Event: 78.592 Thread 0x000001ac6b9c9990 flushing  nmethod 0x000001ac5887bd90
Event: 78.592 Thread 0x000001ac6b9c9990 flushing  nmethod 0x000001ac58885a10
Event: 78.592 Thread 0x000001ac6b9c9990 flushing  nmethod 0x000001ac588fa790
Event: 78.592 Thread 0x000001ac6b9c9990 flushing  nmethod 0x000001ac588fb310
Event: 78.592 Thread 0x000001ac6b9c9990 flushing  nmethod 0x000001ac588fdc10
Event: 78.592 Thread 0x000001ac6b9c9990 flushing  nmethod 0x000001ac588fed90
Event: 78.592 Thread 0x000001ac6b9c9990 flushing  nmethod 0x000001ac58929890
Event: 78.593 Thread 0x000001ac6b9c9990 flushing  nmethod 0x000001ac5892a490
Event: 78.593 Thread 0x000001ac6b9c9990 flushing  nmethod 0x000001ac5892b090
Event: 78.593 Thread 0x000001ac6b9c9990 flushing  nmethod 0x000001ac5894b310
Event: 78.593 Thread 0x000001ac6b9c9990 flushing  nmethod 0x000001ac58955d10
Event: 78.593 Thread 0x000001ac6b9c9990 flushing  nmethod 0x000001ac5896f610
Event: 78.593 Thread 0x000001ac6b9c9990 flushing  nmethod 0x000001ac58971190
Event: 78.593 Thread 0x000001ac6b9c9990 flushing  nmethod 0x000001ac5898c890
Event: 78.593 Thread 0x000001ac6b9c9990 flushing  nmethod 0x000001ac589d5590
Event: 78.593 Thread 0x000001ac6b9c9990 flushing  nmethod 0x000001ac58a4ae10
Event: 78.593 Thread 0x000001ac6b9c9990 flushing  nmethod 0x000001ac58a9b590
Event: 78.593 Thread 0x000001ac6b9c9990 flushing  nmethod 0x000001ac58ab9910
Event: 78.593 Thread 0x000001ac6b9c9990 flushing  nmethod 0x000001ac58b96f10
Event: 78.593 Thread 0x000001ac6b9c9990 flushing  nmethod 0x000001ac58d22310

Events (20 events):
Event: 75.566 Thread 0x000001ac760d7330 Thread added: 0x000001ac74309290
Event: 76.813 Thread 0x000001ac760cfd10 Thread added: 0x000001ac74307850
Event: 76.931 Thread 0x000001ac760cfd10 Thread added: 0x000001ac74309920
Event: 76.932 Thread 0x000001ac760cfd10 Thread added: 0x000001ac7430acd0
Event: 76.933 Thread 0x000001ac760cfd10 Thread added: 0x000001ac7430c710
Event: 77.667 Thread 0x000001ac760cfd10 Thread added: 0x000001ac7430a640
Event: 77.677 Thread 0x000001ac760cfd10 Thread added: 0x000001ac7430b9f0
Event: 79.211 Thread 0x000001ac760cfd10 Thread added: 0x000001ac730adaa0
Event: 79.417 Thread 0x000001ac75098370 Thread added: 0x000001ac730ae130
Event: 79.468 Thread 0x000001ac75098370 Thread added: 0x000001ac730aacb0
Event: 79.468 Thread 0x000001ac75098370 Thread added: 0x000001ac730ab340
Event: 85.266 Thread 0x000001ac6ba00720 Thread added: 0x000001ac719b4840
Event: 88.390 Thread 0x000001ac719b4840 Thread exited: 0x000001ac719b4840
Event: 88.860 Thread 0x000001ac760cfd10 Thread added: 0x000001ac7509d230
Event: 89.207 Thread 0x000001ac730adaa0 Thread added: 0x000001ac75098a00
Event: 89.250 Thread 0x000001ac730adaa0 Thread added: 0x000001ac75099090
Event: 89.263 Thread 0x000001ac730adaa0 Thread added: 0x000001ac7509df50
Event: 89.361 Thread 0x000001ac730adaa0 Thread added: 0x000001ac7509f300
Event: 89.362 Thread 0x000001ac730adaa0 Thread added: 0x000001ac7509e5e0
Event: 89.424 Thread 0x000001ac7509f300 Thread added: 0x000001ac75099db0


Dynamic libraries:
0x00007ff78ae10000 - 0x00007ff78ae1e000 	D:\SEMESTER 6\AI\Project code\OpenJDK21U-jdk_x64_windows_hotspot_21.0.7_6\jdk-21.0.7+6\bin\java.exe
0x00007ffff0f70000 - 0x00007ffff1168000 	C:\Windows\SYSTEM32\ntdll.dll
0x00007fffefd60000 - 0x00007fffefe22000 	C:\Windows\System32\KERNEL32.DLL
0x00007fffee8e0000 - 0x00007fffeebd6000 	C:\Windows\System32\KERNELBASE.dll
0x00007fffeebe0000 - 0x00007fffeece0000 	C:\Windows\System32\ucrtbase.dll
0x00007fffe74c0000 - 0x00007fffe74d8000 	D:\SEMESTER 6\AI\Project code\OpenJDK21U-jdk_x64_windows_hotspot_21.0.7_6\jdk-21.0.7+6\bin\jli.dll
0x00007fffe7140000 - 0x00007fffe715e000 	D:\SEMESTER 6\AI\Project code\OpenJDK21U-jdk_x64_windows_hotspot_21.0.7_6\jdk-21.0.7+6\bin\VCRUNTIME140.dll
0x00007ffff00a0000 - 0x00007ffff0241000 	C:\Windows\System32\USER32.dll
0x00007fffee8b0000 - 0x00007fffee8d2000 	C:\Windows\System32\win32u.dll
0x00007ffff0f00000 - 0x00007ffff0f2b000 	C:\Windows\System32\GDI32.dll
0x00007fffeed10000 - 0x00007fffeee29000 	C:\Windows\System32\gdi32full.dll
0x00007fffee780000 - 0x00007fffee81d000 	C:\Windows\System32\msvcp_win.dll
0x00007fffde5b0000 - 0x00007fffde84b000 	C:\Windows\WinSxS\amd64_microsoft.windows.common-controls_6595b64144ccf1df_6.0.19041.6456_none_60b8a6cb71f64256\COMCTL32.dll
0x00007fffefc10000 - 0x00007fffefcae000 	C:\Windows\System32\msvcrt.dll
0x00007fffef3f0000 - 0x00007fffef41f000 	C:\Windows\System32\IMM32.DLL
0x00007fffe74b0000 - 0x00007fffe74bc000 	D:\SEMESTER 6\AI\Project code\OpenJDK21U-jdk_x64_windows_hotspot_21.0.7_6\jdk-21.0.7+6\bin\vcruntime140_1.dll
0x00007fffe5e20000 - 0x00007fffe5ead000 	D:\SEMESTER 6\AI\Project code\OpenJDK21U-jdk_x64_windows_hotspot_21.0.7_6\jdk-21.0.7+6\bin\msvcp140.dll
0x00007fffbdbf0000 - 0x00007fffbe980000 	D:\SEMESTER 6\AI\Project code\OpenJDK21U-jdk_x64_windows_hotspot_21.0.7_6\jdk-21.0.7+6\bin\server\jvm.dll
0x00007fffeffe0000 - 0x00007ffff0091000 	C:\Windows\System32\ADVAPI32.dll
0x00007fffefcb0000 - 0x00007fffefd4f000 	C:\Windows\System32\sechost.dll
0x00007fffef680000 - 0x00007fffef7a0000 	C:\Windows\System32\RPCRT4.dll
0x00007fffeece0000 - 0x00007fffeed07000 	C:\Windows\System32\bcrypt.dll
0x00007fffef130000 - 0x00007fffef19b000 	C:\Windows\System32\WS2_32.dll
0x00007fffee460000 - 0x00007fffee4ab000 	C:\Windows\SYSTEM32\POWRPROF.dll
0x00007fffe1220000 - 0x00007fffe122a000 	C:\Windows\SYSTEM32\VERSION.dll
0x00007fffde870000 - 0x00007fffde897000 	C:\Windows\SYSTEM32\WINMM.dll
0x00007fffee440000 - 0x00007fffee452000 	C:\Windows\SYSTEM32\UMPDC.dll
0x00007fffecdd0000 - 0x00007fffecde2000 	C:\Windows\SYSTEM32\kernel.appcore.dll
0x00007fffe7130000 - 0x00007fffe713a000 	D:\SEMESTER 6\AI\Project code\OpenJDK21U-jdk_x64_windows_hotspot_21.0.7_6\jdk-21.0.7+6\bin\jimage.dll
0x00007fffe82e0000 - 0x00007fffe84e1000 	C:\Windows\SYSTEM32\DBGHELP.DLL
0x00007fffe4720000 - 0x00007fffe4754000 	C:\Windows\SYSTEM32\dbgcore.DLL
0x00007fffee820000 - 0x00007fffee8a2000 	C:\Windows\System32\bcryptPrimitives.dll
0x00007fffe4ff0000 - 0x00007fffe4fff000 	D:\SEMESTER 6\AI\Project code\OpenJDK21U-jdk_x64_windows_hotspot_21.0.7_6\jdk-21.0.7+6\bin\instrument.dll
0x00007fffe7110000 - 0x00007fffe712f000 	D:\SEMESTER 6\AI\Project code\OpenJDK21U-jdk_x64_windows_hotspot_21.0.7_6\jdk-21.0.7+6\bin\java.dll
0x00007ffff0250000 - 0x00007ffff09c0000 	C:\Windows\System32\SHELL32.dll
0x00007fffec080000 - 0x00007fffec825000 	C:\Windows\SYSTEM32\windows.storage.dll
0x00007ffff0a20000 - 0x00007ffff0d74000 	C:\Windows\System32\combase.dll
0x00007fffede70000 - 0x00007fffede9b000 	C:\Windows\SYSTEM32\Wldp.dll
0x00007fffef250000 - 0x00007fffef31d000 	C:\Windows\System32\OLEAUT32.dll
0x00007fffef320000 - 0x00007fffef3cd000 	C:\Windows\System32\SHCORE.dll
0x00007fffef540000 - 0x00007fffef59b000 	C:\Windows\System32\shlwapi.dll
0x00007fffee530000 - 0x00007fffee554000 	C:\Windows\SYSTEM32\profapi.dll
0x00007fffe5c40000 - 0x00007fffe5d17000 	D:\SEMESTER 6\AI\Project code\OpenJDK21U-jdk_x64_windows_hotspot_21.0.7_6\jdk-21.0.7+6\bin\jsvml.dll
0x00007fffe6d30000 - 0x00007fffe6d48000 	D:\SEMESTER 6\AI\Project code\OpenJDK21U-jdk_x64_windows_hotspot_21.0.7_6\jdk-21.0.7+6\bin\zip.dll
0x00007fffe7100000 - 0x00007fffe7110000 	D:\SEMESTER 6\AI\Project code\OpenJDK21U-jdk_x64_windows_hotspot_21.0.7_6\jdk-21.0.7+6\bin\net.dll
0x00007fffe1700000 - 0x00007fffe180a000 	C:\Windows\SYSTEM32\WINHTTP.dll
0x00007fffedc50000 - 0x00007fffedcba000 	C:\Windows\system32\mswsock.dll
0x00007fffe6d50000 - 0x00007fffe6d66000 	D:\SEMESTER 6\AI\Project code\OpenJDK21U-jdk_x64_windows_hotspot_21.0.7_6\jdk-21.0.7+6\bin\nio.dll
0x00007fffe70f0000 - 0x00007fffe7100000 	D:\SEMESTER 6\AI\Project code\OpenJDK21U-jdk_x64_windows_hotspot_21.0.7_6\jdk-21.0.7+6\bin\verify.dll
0x00007fffce1c0000 - 0x00007fffce1e7000 	D:\Gradle\native\1def1411415f61bf3af743bc5b6707747c0891f09f0c88961ee8f79bc544acac\windows-amd64\native-platform.dll
0x00007fffe5bc0000 - 0x00007fffe5c38000 	D:\Gradle\native\0.2.7\x86_64-windows-gnu\gradle-fileevents.dll
0x00007fffe6d20000 - 0x00007fffe6d2a000 	D:\SEMESTER 6\AI\Project code\OpenJDK21U-jdk_x64_windows_hotspot_21.0.7_6\jdk-21.0.7+6\bin\management.dll
0x00007fffe6d10000 - 0x00007fffe6d1b000 	D:\SEMESTER 6\AI\Project code\OpenJDK21U-jdk_x64_windows_hotspot_21.0.7_6\jdk-21.0.7+6\bin\management_ext.dll
0x00007ffff0e60000 - 0x00007ffff0e68000 	C:\Windows\System32\PSAPI.DLL
0x00007fffed950000 - 0x00007fffed98b000 	C:\Windows\SYSTEM32\IPHLPAPI.DLL
0x00007fffeef90000 - 0x00007fffeef98000 	C:\Windows\System32\NSI.dll
0x00007fffe6d00000 - 0x00007fffe6d09000 	D:\SEMESTER 6\AI\Project code\OpenJDK21U-jdk_x64_windows_hotspot_21.0.7_6\jdk-21.0.7+6\bin\extnet.dll
0x00007fffedeb0000 - 0x00007fffedec8000 	C:\Windows\SYSTEM32\CRYPTSP.dll
0x00007fffed590000 - 0x00007fffed5c8000 	C:\Windows\system32\rsaenh.dll
0x00007fffee4f0000 - 0x00007fffee51e000 	C:\Windows\SYSTEM32\USERENV.dll
0x00007fffedde0000 - 0x00007fffeddec000 	C:\Windows\SYSTEM32\CRYPTBASE.dll
0x00007fffe47f0000 - 0x00007fffe47fe000 	D:\SEMESTER 6\AI\Project code\OpenJDK21U-jdk_x64_windows_hotspot_21.0.7_6\jdk-21.0.7+6\bin\sunmscapi.dll
0x00007fffeee30000 - 0x00007fffeef8d000 	C:\Windows\System32\CRYPT32.dll
0x00007fffedfc0000 - 0x00007fffedfe7000 	C:\Windows\SYSTEM32\ncrypt.dll
0x00007fffedf80000 - 0x00007fffedfbb000 	C:\Windows\SYSTEM32\NTASN1.dll
0x00007fffe2540000 - 0x00007fffe2547000 	C:\Windows\system32\wshunix.dll
0x00007fffe5110000 - 0x00007fffe5127000 	C:\Windows\system32\napinsp.dll
0x00007fffe50f0000 - 0x00007fffe510b000 	C:\Windows\system32\pnrpnsp.dll
0x00007fffc4220000 - 0x00007fffc423d000 	C:\Windows\system32\wshbth.dll
0x00007fffe4aa0000 - 0x00007fffe4abd000 	C:\Windows\system32\NLAapi.dll
0x00007fffed990000 - 0x00007fffeda5a000 	C:\Windows\SYSTEM32\DNSAPI.dll
0x00007fffe5000000 - 0x00007fffe5012000 	C:\Windows\System32\winrnr.dll
0x000000006be00000 - 0x000000006be26000 	C:\Program Files\Bonjour\mdnsNSP.dll
0x00007fffe0ce0000 - 0x00007fffe0cea000 	C:\Windows\System32\rasadhlp.dll
0x00007fffe0db0000 - 0x00007fffe0e30000 	C:\Windows\System32\fwpuclnt.dll
0x00007fffe5de0000 - 0x00007fffe5de7000 	D:\SEMESTER 6\AI\Project code\OpenJDK21U-jdk_x64_windows_hotspot_21.0.7_6\jdk-21.0.7+6\bin\rmi.dll

dbghelp: loaded successfully - version: 4.0.5 - missing functions: none
symbol engine: initialized successfully - sym options: 0x614 - pdb path: .;D:\SEMESTER 6\AI\Project code\OpenJDK21U-jdk_x64_windows_hotspot_21.0.7_6\jdk-21.0.7+6\bin;C:\Windows\SYSTEM32;C:\Windows\WinSxS\amd64_microsoft.windows.common-controls_6595b64144ccf1df_6.0.19041.6456_none_60b8a6cb71f64256;D:\SEMESTER 6\AI\Project code\OpenJDK21U-jdk_x64_windows_hotspot_21.0.7_6\jdk-21.0.7+6\bin\server;D:\Gradle\native\1def1411415f61bf3af743bc5b6707747c0891f09f0c88961ee8f79bc544acac\windows-amd64;D:\Gradle\native\0.2.7\x86_64-windows-gnu;C:\Program Files\Bonjour

VM Arguments:
jvm_args: --add-opens=java.base/java.lang=ALL-UNNAMED --add-opens=java.base/java.lang.invoke=ALL-UNNAMED --add-opens=java.base/java.util=ALL-UNNAMED --add-opens=java.prefs/java.util.prefs=ALL-UNNAMED --add-exports=jdk.compiler/com.sun.tools.javac.api=ALL-UNNAMED --add-exports=jdk.compiler/com.sun.tools.javac.util=ALL-UNNAMED --add-opens=java.base/java.util=ALL-UNNAMED --add-opens=java.prefs/java.util.prefs=ALL-UNNAMED --add-opens=java.base/java.nio.charset=ALL-UNNAMED --add-opens=java.base/java.net=ALL-UNNAMED --add-opens=java.base/java.util.concurrent.atomic=ALL-UNNAMED --add-opens=java.xml/javax.xml.namespace=ALL-UNNAMED -Xmx2048m -Dfile.encoding=UTF-8 -Duser.country=US -Duser.language=en -Duser.variant -javaagent:D:\Gradle\wrapper\dists\gradle-8.13-bin\5xuhj0ry160q40clulazy9h7d\gradle-8.13\lib\agents\gradle-instrumentation-agent-8.13.jar 
java_command: org.gradle.launcher.daemon.bootstrap.GradleDaemon 8.13
java_class_path (initial): D:\Gradle\wrapper\dists\gradle-8.13-bin\5xuhj0ry160q40clulazy9h7d\gradle-8.13\lib\gradle-daemon-main-8.13.jar
Launcher Type: SUN_STANDARD

[Global flags]
     intx CICompilerCount                          = 3                                         {product} {ergonomic}
     uint ConcGCThreads                            = 1                                         {product} {ergonomic}
     uint G1ConcRefinementThreads                  = 4                                         {product} {ergonomic}
   size_t G1HeapRegionSize                         = 1048576                                   {product} {ergonomic}
    uintx GCDrainStackTargetSize                   = 64                                        {product} {ergonomic}
   size_t InitialHeapSize                          = 134217728                                 {product} {ergonomic}
   size_t MarkStackSize                            = 4194304                                   {product} {ergonomic}
   size_t MaxHeapSize                              = 2147483648                                {product} {command line}
   size_t MaxNewSize                               = 1287651328                                {product} {ergonomic}
   size_t MinHeapDeltaBytes                        = 1048576                                   {product} {ergonomic}
   size_t MinHeapSize                              = 8388608                                   {product} {ergonomic}
    uintx NonNMethodCodeHeapSize                   = 5832780                                {pd product} {ergonomic}
    uintx NonProfiledCodeHeapSize                  = 122912730                              {pd product} {ergonomic}
    uintx ProfiledCodeHeapSize                     = 122912730                              {pd product} {ergonomic}
    uintx ReservedCodeCacheSize                    = 251658240                              {pd product} {ergonomic}
     bool SegmentedCodeCache                       = true                                      {product} {ergonomic}
   size_t SoftMaxHeapSize                          = 2147483648                             {manageable} {ergonomic}
     bool UseCompressedOops                        = true                           {product lp64_product} {ergonomic}
     bool UseG1GC                                  = true                                      {product} {ergonomic}
     bool UseLargePagesIndividualAllocation        = false                                  {pd product} {ergonomic}

Logging:
Log output configuration:
 #0: stdout all=warning uptime,level,tags foldmultilines=false
 #1: stderr all=off uptime,level,tags foldmultilines=false

Environment Variables:
CLASSPATH=D:\SEMESTER 7\SMD_Assignment\Assignment_2\\gradle\wrapper\gradle-wrapper.jar
PATH=D:\Python\Scripts\;D:\Python\;"D:\opencv\build\x64\vc16\bin;C:\Program Files (x86)\Common Files\Oracle\Java\javapath";C:\Windows\system32;C:\Windows;C:\Windows\System32\Wbem;C:\Windows\System32\WindowsPowerShell\v1.0\;C:\Windows\System32\OpenSSH\;C:\Program Files (x86)\Microsoft SQL Server\160\Tools\Binn\;C:\Program Files\Microsoft SQL Server\160\Tools\Binn\;C:\Program Files\Microsoft SQL Server\Client SDK\ODBC\170\Tools\Binn\;C:\Program Files\Microsoft SQL Server\160\DTS\Binn\;C:\Program Files\Microsoft SQL Server\150\Tools\Binn\;D:\SEMESTER 6\GC\bin\;D:\Node js\;D:\SEMESTER 6\PDC\w_opencl_runtime_p_2025.1.0.972\bin;D:\SEMESTER 6\AI\Project code\OpenJDK21U-jdk_x64_windows_hotspot_21.0.7_6\jdk-21.0.7+6\bin;D:\Cursor\cursor\resources\app\bin;D:\SEMESTER 5\SDA\SDA FINAL PROJECT\Gitbash\Git\cmd;C:\Users\HP\AppData\Local\Programs\Python\Python310\Scripts\;C:\Users\HP\AppData\Local\Programs\Python\Python310\;C:\Users\HP\AppData\Local\Microsoft\WindowsApps;D:\Microsoft VS Code\bin;C:\Users\HP\AppData\Roaming\npm;D:\Cursor\cursor\resources\app\bin;D:\Windsurf\bin
USERNAME=HP
LANG=en_US.UTF-8
OS=Windows_NT
PROCESSOR_IDENTIFIER=Intel64 Family 6 Model 78 Stepping 3, GenuineIntel
TMP=C:\Users\HP\AppData\Local\Temp
TEMP=C:\Users\HP\AppData\Local\Temp




Periodic native trim disabled

---------------  S Y S T E M  ---------------

OS:
 Windows 10 , 64 bit Build 19041 (10.0.19041.5915)
OS uptime: 0 days 1:38 hours
Hyper-V role detected

CPU: total 4 (initial active 4) (2 cores per cpu, 2 threads per core) family 6 model 78 stepping 3 microcode 0xea, cx8, cmov, fxsr, ht, mmx, 3dnowpref, sse, sse2, sse3, ssse3, sse4.1, sse4.2, popcnt, lzcnt, tsc, tscinvbit, avx, avx2, aes, erms, clmul, bmi1, bmi2, rtm, adx, fma, vzeroupper, clflush, clflushopt, hv, rdtscp, f16c
Processor Information for the first 4 processors :
  Max Mhz: 2496, Current Mhz: 2396, Mhz Limit: 2396

Memory: 4k page, system-wide physical 8072M (436M free)
TotalPageFile size 12168M (AvailPageFile size 2M)
current process WorkingSet (physical memory assigned to process): 471M, peak: 502M
current process commit charge ("private bytes"): 514M, peak: 539M

vm_info: OpenJDK 64-Bit Server VM (21.0.7+6-LTS) for windows-amd64 JRE (21.0.7+6-LTS), built on 2025-04-15T00:00:00Z by "admin" with MS VC++ 17.7 (VS2022)

END.
